Command line invocation:
    /Applications/Xcode.app/Contents/Developer/usr/bin/xcodebuild -project Flameworker.xcodeproj -scheme Flameworker -configuration Debug build

--- xcodebuild: WARNING: Using the first of multiple matching destinations:
{ platform:macOS, arch:arm64, id:00006030-000C50612188001C, name:My Mac }
{ platform:macOS, arch:x86_64, id:00006030-000C50612188001C, name:My Mac }
{ platform:iOS, id:dvtdevice-DVTiPhonePlaceholder-iphoneos:placeholder, name:Any iOS Device }
{ platform:iOS Simulator, id:dvtdevice-DVTiOSDeviceSimulatorPlaceholder-iphonesimulator:placeholder, name:Any iOS Simulator Device }
{ platform:macOS, name:Any Mac }
{ platform:iOS Simulator, arch:arm64, id:09998C4A-EE68-484E-8165-41B8DF9EE8CD, OS:26.0, name:iPad (A16) }
{ platform:iOS Simulator, arch:arm64, id:D49D2A4A-6047-4DC6-8F30-ED745CD5D475, OS:26.0, name:iPad Air 11-inch (M3) }
{ platform:iOS Simulator, arch:arm64, id:C44B4305-0655-41FD-91FF-083C620A3D53, OS:26.0, name:iPad Air 13-inch (M3) }
{ platform:iOS Simulator, arch:arm64, id:C17F2077-AA7B-46DA-A41A-846F777D8201, OS:26.0, name:iPad Pro 11-inch (M4) }
{ platform:iOS Simulator, arch:arm64, id:BCCC82DB-A249-4D71-96DA-3118F140ED95, OS:26.0, name:iPad Pro 13-inch (M4) }
{ platform:iOS Simulator, arch:arm64, id:30CA788E-90C1-4AF8-A332-1D5535FF8AB7, OS:26.0, name:iPad mini (A17 Pro) }
{ platform:iOS Simulator, arch:arm64, id:B9FBBCC4-5A2D-47C9-AB45-0FF0F468BF2D, OS:26.0, name:iPhone 16e }
{ platform:iOS Simulator, arch:arm64, id:6793FD87-D8BB-4BFA-AFA9-1606DBB02B70, OS:26.0, name:iPhone 17 }
{ platform:iOS Simulator, arch:arm64, id:F529A233-4FAF-4FEC-8FB9-BD512B905F1A, OS:26.0, name:iPhone 17 Pro }
{ platform:iOS Simulator, arch:arm64, id:426C1691-6A9E-49EA-92C9-536766CA1749, OS:26.0, name:iPhone 17 Pro Max }
{ platform:iOS Simulator, arch:arm64, id:E5FD4E14-568A-4E73-A167-29CC74DC755F, OS:26.0, name:iPhone Air }
{ platform:iOS, arch:arm64, id:00008150-001479A43CF8401C, name:Outside the Asylum }
ComputePackagePrebuildTargetDependencyGraph

Prepare packages

CreateBuildRequest

SendProjectDescription

CreateBuildOperation

ComputeTargetDependencyGraph
note: Building targets in dependency order
note: Target dependency graph (1 target)
    Target 'Flameworker' in project 'Flameworker' (no dependencies)

GatherProvisioningInputs

CreateBuildDescription

ExecuteExternalTool /Applications/Xcode.app/Contents/Developer/Toolchains/XcodeDefault.xctoolchain/usr/bin/clang -v -E -dM -isysroot /Applications/Xcode.app/Contents/Developer/Platforms/MacOSX.platform/Developer/SDKs/MacOSX26.0.sdk -x c -c /dev/null

ExecuteExternalTool /Applications/Xcode.app/Contents/Developer/usr/bin/momc --dry-run --action generate --swift-version 5.0 --sdkroot /Applications/Xcode.app/Contents/Developer/Platforms/MacOSX.platform/Developer/SDKs/MacOSX26.0.sdk --macosx-deployment-target 26.0 --module Flameworker /Users/binde/Library/Mobile Documents/com~apple~CloudDocs/Flameworker/Flameworker/Flameworker.xcdatamodeld /Users/binde/Library/Developer/Xcode/DerivedData/Flameworker-ceyhfmivhguynagohidrsoqdxgqb/Build/Intermediates.noindex/Flameworker.build/Debug/Flameworker.build/DerivedSources/CoreDataGenerated/Flameworker

ExecuteExternalTool /Applications/Xcode.app/Contents/Developer/usr/bin/actool --version --output-format xml1

ExecuteExternalTool /Applications/Xcode.app/Contents/Developer/Toolchains/XcodeDefault.xctoolchain/usr/bin/swiftc --version

ExecuteExternalTool /Applications/Xcode.app/Contents/Developer/Toolchains/XcodeDefault.xctoolchain/usr/bin/ld -version_details

Build description signature: 7691bd76e368e180cfd924564a576459
Build description path: /Users/binde/Library/Developer/Xcode/DerivedData/Flameworker-ceyhfmivhguynagohidrsoqdxgqb/Build/Intermediates.noindex/XCBuildData/7691bd76e368e180cfd924564a576459.xcbuilddata
ClangStatCache /Applications/Xcode.app/Contents/Developer/Toolchains/XcodeDefault.xctoolchain/usr/bin/clang-stat-cache /Applications/Xcode.app/Contents/Developer/Platforms/MacOSX.platform/Developer/SDKs/MacOSX26.0.sdk /Users/binde/Library/Developer/Xcode/DerivedData/SDKStatCaches.noindex/macosx26.0-25A352-28806144b0707e398aac92880fa50324.sdkstatcache
    cd /Users/binde/Library/Mobile\ Documents/com\~apple\~CloudDocs/Flameworker/Flameworker.xcodeproj
    /Applications/Xcode.app/Contents/Developer/Toolchains/XcodeDefault.xctoolchain/usr/bin/clang-stat-cache /Applications/Xcode.app/Contents/Developer/Platforms/MacOSX.platform/Developer/SDKs/MacOSX26.0.sdk -o /Users/binde/Library/Developer/Xcode/DerivedData/SDKStatCaches.noindex/macosx26.0-25A352-28806144b0707e398aac92880fa50324.sdkstatcache

SwiftDriver Flameworker normal arm64 com.apple.xcode.tools.swift.compiler (in target 'Flameworker' from project 'Flameworker')
    cd /Users/binde/Library/Mobile\ Documents/com\~apple\~CloudDocs/Flameworker
    builtin-SwiftDriver -- /Applications/Xcode.app/Contents/Developer/Toolchains/XcodeDefault.xctoolchain/usr/bin/swiftc -module-name Flameworker -Onone -enforce-exclusivity\=checked @/Users/binde/Library/Developer/Xcode/DerivedData/Flameworker-ceyhfmivhguynagohidrsoqdxgqb/Build/Intermediates.noindex/Flameworker.build/Debug/Flameworker.build/Objects-normal/arm64/Flameworker.SwiftFileList -DDEBUG -default-isolation\=MainActor -enable-bare-slash-regex -enable-upcoming-feature DisableOutwardActorInference -enable-upcoming-feature InferSendableFromCaptures -enable-upcoming-feature GlobalActorIsolatedTypesUsability -enable-upcoming-feature MemberImportVisibility -enable-upcoming-feature InferIsolatedConformances -enable-upcoming-feature NonisolatedNonsendingByDefault -enable-experimental-feature DebugDescriptionMacro -sdk /Applications/Xcode.app/Contents/Developer/Platforms/MacOSX.platform/Developer/SDKs/MacOSX26.0.sdk -target arm64-apple-macos26.0 -g -module-cache-path /Users/binde/Library/Developer/Xcode/DerivedData/ModuleCache.noindex -Xfrontend -serialize-debugging-options -profile-coverage-mapping -profile-generate -enable-testing -index-store-path /Users/binde/Library/Developer/Xcode/DerivedData/Flameworker-ceyhfmivhguynagohidrsoqdxgqb/Index.noindex/DataStore -Xcc -D_LIBCPP_HARDENING_MODE\=_LIBCPP_HARDENING_MODE_DEBUG -swift-version 5 -I /Users/binde/Library/Developer/Xcode/DerivedData/Flameworker-ceyhfmivhguynagohidrsoqdxgqb/Build/Products/Debug -F /Users/binde/Library/Developer/Xcode/DerivedData/Flameworker-ceyhfmivhguynagohidrsoqdxgqb/Build/Products/Debug -emit-localized-strings -emit-localized-strings-path /Users/binde/Library/Developer/Xcode/DerivedData/Flameworker-ceyhfmivhguynagohidrsoqdxgqb/Build/Intermediates.noindex/Flameworker.build/Debug/Flameworker.build/Objects-normal/arm64 -c -j11 -enable-batch-mode -incremental -Xcc -ivfsstatcache -Xcc /Users/binde/Library/Developer/Xcode/DerivedData/SDKStatCaches.noindex/macosx26.0-25A352-28806144b0707e398aac92880fa50324.sdkstatcache -output-file-map /Users/binde/Library/Developer/Xcode/DerivedData/Flameworker-ceyhfmivhguynagohidrsoqdxgqb/Build/Intermediates.noindex/Flameworker.build/Debug/Flameworker.build/Objects-normal/arm64/Flameworker-OutputFileMap.json -use-frontend-parseable-output -save-temps -no-color-diagnostics -explicit-module-build -module-cache-path /Users/binde/Library/Developer/Xcode/DerivedData/Flameworker-ceyhfmivhguynagohidrsoqdxgqb/Build/Intermediates.noindex/SwiftExplicitPrecompiledModules -clang-scanner-module-cache-path /Users/binde/Library/Developer/Xcode/DerivedData/ModuleCache.noindex -sdk-module-cache-path /Users/binde/Library/Developer/Xcode/DerivedData/ModuleCache.noindex -serialize-diagnostics -emit-dependencies -emit-module -emit-module-path /Users/binde/Library/Developer/Xcode/DerivedData/Flameworker-ceyhfmivhguynagohidrsoqdxgqb/Build/Intermediates.noindex/Flameworker.build/Debug/Flameworker.build/Objects-normal/arm64/Flameworker.swiftmodule -validate-clang-modules-once -clang-build-session-file /Users/binde/Library/Developer/Xcode/DerivedData/ModuleCache.noindex/Session.modulevalidation -Xcc -I/Users/binde/Library/Developer/Xcode/DerivedData/Flameworker-ceyhfmivhguynagohidrsoqdxgqb/Build/Intermediates.noindex/Flameworker.build/Debug/Flameworker.build/swift-overrides.hmap -emit-const-values -Xfrontend -const-gather-protocols-file -Xfrontend /Users/binde/Library/Developer/Xcode/DerivedData/Flameworker-ceyhfmivhguynagohidrsoqdxgqb/Build/Intermediates.noindex/Flameworker.build/Debug/Flameworker.build/Objects-normal/arm64/Flameworker_const_extract_protocols.json -Xcc -iquote -Xcc /Users/binde/Library/Developer/Xcode/DerivedData/Flameworker-ceyhfmivhguynagohidrsoqdxgqb/Build/Intermediates.noindex/Flameworker.build/Debug/Flameworker.build/Flameworker-generated-files.hmap -Xcc -I/Users/binde/Library/Developer/Xcode/DerivedData/Flameworker-ceyhfmivhguynagohidrsoqdxgqb/Build/Intermediates.noindex/Flameworker.build/Debug/Flameworker.build/Flameworker-own-target-headers.hmap -Xcc -I/Users/binde/Library/Developer/Xcode/DerivedData/Flameworker-ceyhfmivhguynagohidrsoqdxgqb/Build/Intermediates.noindex/Flameworker.build/Debug/Flameworker.build/Flameworker-all-target-headers.hmap -Xcc -iquote -Xcc /Users/binde/Library/Developer/Xcode/DerivedData/Flameworker-ceyhfmivhguynagohidrsoqdxgqb/Build/Intermediates.noindex/Flameworker.build/Debug/Flameworker.build/Flameworker-project-headers.hmap -Xcc -I/Users/binde/Library/Developer/Xcode/DerivedData/Flameworker-ceyhfmivhguynagohidrsoqdxgqb/Build/Products/Debug/include -Xcc -I/Users/binde/Library/Developer/Xcode/DerivedData/Flameworker-ceyhfmivhguynagohidrsoqdxgqb/Build/Intermediates.noindex/Flameworker.build/Debug/Flameworker.build/DerivedSources-normal/arm64 -Xcc -I/Users/binde/Library/Developer/Xcode/DerivedData/Flameworker-ceyhfmivhguynagohidrsoqdxgqb/Build/Intermediates.noindex/Flameworker.build/Debug/Flameworker.build/DerivedSources/arm64 -Xcc -I/Users/binde/Library/Developer/Xcode/DerivedData/Flameworker-ceyhfmivhguynagohidrsoqdxgqb/Build/Intermediates.noindex/Flameworker.build/Debug/Flameworker.build/DerivedSources -Xcc -DDEBUG\=1 -emit-objc-header -emit-objc-header-path /Users/binde/Library/Developer/Xcode/DerivedData/Flameworker-ceyhfmivhguynagohidrsoqdxgqb/Build/Intermediates.noindex/Flameworker.build/Debug/Flameworker.build/Objects-normal/arm64/Flameworker-Swift.h -working-directory /Users/binde/Library/Mobile\ Documents/com\~apple\~CloudDocs/Flameworker -experimental-emit-module-separately -disable-cmo

ProcessInfoPlistFile /Users/binde/Library/Developer/Xcode/DerivedData/Flameworker-ceyhfmivhguynagohidrsoqdxgqb/Build/Products/Debug/Flameworker.app/Contents/Info.plist /Users/binde/Library/Mobile\ Documents/com~apple~CloudDocs/Flameworker/Flameworker/Info.plist (in target 'Flameworker' from project 'Flameworker')
    cd /Users/binde/Library/Mobile\ Documents/com\~apple\~CloudDocs/Flameworker
    builtin-infoPlistUtility /Users/binde/Library/Mobile\ Documents/com\~apple\~CloudDocs/Flameworker/Flameworker/Info.plist -producttype com.apple.product-type.application -genpkginfo /Users/binde/Library/Developer/Xcode/DerivedData/Flameworker-ceyhfmivhguynagohidrsoqdxgqb/Build/Products/Debug/Flameworker.app/Contents/PkgInfo -expandbuildsettings -platform macosx -additionalcontentfile /Users/binde/Library/Developer/Xcode/DerivedData/Flameworker-ceyhfmivhguynagohidrsoqdxgqb/Build/Intermediates.noindex/Flameworker.build/Debug/Flameworker.build/assetcatalog_generated_info.plist -o /Users/binde/Library/Developer/Xcode/DerivedData/Flameworker-ceyhfmivhguynagohidrsoqdxgqb/Build/Products/Debug/Flameworker.app/Contents/Info.plist
removing value "remote-notification" for "UIBackgroundModes" - not supported on macOS

SwiftCompile normal arm64 Compiling\ FileSystemUserImageRepository.swift,\ MockCatalogRepository.swift,\ MockGlassItemRepository.swift,\ MockInventoryRepository.swift,\ MockItemMinimumRepository.swift,\ MockItemTagsRepository.swift,\ EntityCoordinator.swift /Users/binde/Library/Mobile\ Documents/com~apple~CloudDocs/Flameworker/Flameworker/Sources/Repositories/FileSystem/FileSystemUserImageRepository.swift /Users/binde/Library/Mobile\ Documents/com~apple~CloudDocs/Flameworker/Flameworker/Sources/Repositories/Mock/MockCatalogRepository.swift /Users/binde/Library/Mobile\ Documents/com~apple~CloudDocs/Flameworker/Flameworker/Sources/Repositories/Mock/MockGlassItemRepository.swift /Users/binde/Library/Mobile\ Documents/com~apple~CloudDocs/Flameworker/Flameworker/Sources/Repositories/Mock/MockInventoryRepository.swift /Users/binde/Library/Mobile\ Documents/com~apple~CloudDocs/Flameworker/Flameworker/Sources/Repositories/Mock/MockItemMinimumRepository.swift /Users/binde/Library/Mobile\ Documents/com~apple~CloudDocs/Flameworker/Flameworker/Sources/Repositories/Mock/MockItemTagsRepository.swift /Users/binde/Library/Mobile\ Documents/com~apple~CloudDocs/Flameworker/Flameworker/Sources/Services/Coordination/EntityCoordinator.swift (in target 'Flameworker' from project 'Flameworker')

SwiftCompile normal arm64 /Users/binde/Library/Mobile\ Documents/com~apple~CloudDocs/Flameworker/Flameworker/Sources/Repositories/FileSystem/FileSystemUserImageRepository.swift (in target 'Flameworker' from project 'Flameworker')
    cd /Users/binde/Library/Mobile\ Documents/com\~apple\~CloudDocs/Flameworker
    

SwiftCompile normal arm64 /Users/binde/Library/Mobile\ Documents/com~apple~CloudDocs/Flameworker/Flameworker/Sources/Repositories/Mock/MockCatalogRepository.swift (in target 'Flameworker' from project 'Flameworker')
    cd /Users/binde/Library/Mobile\ Documents/com\~apple\~CloudDocs/Flameworker
    
/Users/binde/Library/Mobile Documents/com~apple~CloudDocs/Flameworker/Flameworker/Sources/Repositories/Mock/MockCatalogRepository.swift:16:10: warning: non-Sendable parameter type 'NSPredicate?' cannot be sent from caller of protocol requirement 'fetchItems(matching:)' into main actor-isolated implementation; this is an error in the Swift 6 language mode
    func fetchItems(matching predicate: NSPredicate?) async throws -> [CatalogItemModel] {
         ^
Swift.Optional:1:21: note: generic enum 'Optional' does not conform to the 'Sendable' protocol
@frozen public enum Optional<Wrapped> : ~Copyable, ~Escapable where Wrapped : ~Copyable, Wrapped : ~Escapable {
                    ^
/Users/binde/Library/Mobile Documents/com~apple~CloudDocs/Flameworker/Flameworker/Sources/Repositories/Mock/MockCatalogRepository.swift:189:13: warning: initialization of immutable value 'newId2' was never used; consider replacing with assignment to '_' or removing it
        let newId2 = existingItem.id2
        ~~~~^~~~~~
        _
/Users/binde/Library/Mobile Documents/com~apple~CloudDocs/Flameworker/Flameworker/Sources/Repositories/Mock/MockCatalogRepository.swift:190:13: warning: initialization of immutable value 'newParentId' was never used; consider replacing with assignment to '_' or removing it
        let newParentId = existingItem.parent_id
        ~~~~^~~~~~~~~~~
        _

SwiftCompile normal arm64 /Users/binde/Library/Mobile\ Documents/com~apple~CloudDocs/Flameworker/Flameworker/Sources/Repositories/Mock/MockGlassItemRepository.swift (in target 'Flameworker' from project 'Flameworker')
    cd /Users/binde/Library/Mobile\ Documents/com\~apple\~CloudDocs/Flameworker
    
/Users/binde/Library/Mobile Documents/com~apple~CloudDocs/Flameworker/Flameworker/Sources/Repositories/Mock/MockGlassItemRepository.swift:60:10: warning: non-Sendable parameter type 'NSPredicate?' cannot be sent from caller of protocol requirement 'fetchItems(matching:)' into main actor-isolated implementation; this is an error in the Swift 6 language mode
    func fetchItems(matching predicate: NSPredicate?) async throws -> [GlassItemModel] {
         ^
Swift.Optional:1:21: note: generic enum 'Optional' does not conform to the 'Sendable' protocol
@frozen public enum Optional<Wrapped> : ~Copyable, ~Escapable where Wrapped : ~Copyable, Wrapped : ~Escapable {
                    ^

SwiftCompile normal arm64 /Users/binde/Library/Mobile\ Documents/com~apple~CloudDocs/Flameworker/Flameworker/Sources/Repositories/Mock/MockInventoryRepository.swift (in target 'Flameworker' from project 'Flameworker')
    cd /Users/binde/Library/Mobile\ Documents/com\~apple\~CloudDocs/Flameworker
    
/Users/binde/Library/Mobile Documents/com~apple~CloudDocs/Flameworker/Flameworker/Sources/Repositories/Mock/MockInventoryRepository.swift:64:10: warning: non-Sendable parameter type 'NSPredicate?' cannot be sent from caller of protocol requirement 'fetchInventory(matching:)' into main actor-isolated implementation; this is an error in the Swift 6 language mode
    func fetchInventory(matching predicate: NSPredicate?) async throws -> [InventoryModel] {
         ^
Swift.Optional:1:21: note: generic enum 'Optional' does not conform to the 'Sendable' protocol
@frozen public enum Optional<Wrapped> : ~Copyable, ~Escapable where Wrapped : ~Copyable, Wrapped : ~Escapable {
                    ^

SwiftCompile normal arm64 /Users/binde/Library/Mobile\ Documents/com~apple~CloudDocs/Flameworker/Flameworker/Sources/Repositories/Mock/MockItemMinimumRepository.swift (in target 'Flameworker' from project 'Flameworker')
    cd /Users/binde/Library/Mobile\ Documents/com\~apple\~CloudDocs/Flameworker
    
/Users/binde/Library/Mobile Documents/com~apple~CloudDocs/Flameworker/Flameworker/Sources/Repositories/Mock/MockItemMinimumRepository.swift:68:10: warning: non-Sendable parameter type 'NSPredicate?' cannot be sent from caller of protocol requirement 'fetchMinimums(matching:)' into main actor-isolated implementation; this is an error in the Swift 6 language mode
    func fetchMinimums(matching predicate: NSPredicate?) async throws -> [ItemMinimumModel] {
         ^
Swift.Optional:1:21: note: generic enum 'Optional' does not conform to the 'Sendable' protocol
@frozen public enum Optional<Wrapped> : ~Copyable, ~Escapable where Wrapped : ~Copyable, Wrapped : ~Escapable {
                    ^

SwiftCompile normal arm64 /Users/binde/Library/Mobile\ Documents/com~apple~CloudDocs/Flameworker/Flameworker/Sources/Repositories/Mock/MockItemTagsRepository.swift (in target 'Flameworker' from project 'Flameworker')
    cd /Users/binde/Library/Mobile\ Documents/com\~apple\~CloudDocs/Flameworker
    

SwiftCompile normal arm64 /Users/binde/Library/Mobile\ Documents/com~apple~CloudDocs/Flameworker/Flameworker/Sources/Services/Coordination/EntityCoordinator.swift (in target 'Flameworker' from project 'Flameworker')
    cd /Users/binde/Library/Mobile\ Documents/com\~apple\~CloudDocs/Flameworker
    
/Users/binde/Library/Mobile Documents/com~apple~CloudDocs/Flameworker/Flameworker/Sources/Services/Coordination/EntityCoordinator.swift:28:19: warning: immutable value 'catalogService' was never used; consider replacing with '_' or removing it
        guard let catalogService = catalogService,
              ~~~~^~~~~~~~~~~~~~
              _

SwiftCompile normal arm64 Compiling\ CoreDataPurchaseRecordRepository.swift,\ CoreDataRecoveryUtility.swift,\ CoreDataShoppingListRepository.swift,\ CoreDataUserImageRepository.swift,\ CoreDataUserNotesRepository.swift,\ CoreDataUserTagsRepository.swift,\ CoreDataVersionInfo.swift,\ Persistence.swift /Users/binde/Library/Mobile\ Documents/com~apple~CloudDocs/Flameworker/Flameworker/Sources/Repositories/CoreData/CoreDataPurchaseRecordRepository.swift /Users/binde/Library/Mobile\ Documents/com~apple~CloudDocs/Flameworker/Flameworker/Sources/Repositories/CoreData/CoreDataRecoveryUtility.swift /Users/binde/Library/Mobile\ Documents/com~apple~CloudDocs/Flameworker/Flameworker/Sources/Repositories/CoreData/CoreDataShoppingListRepository.swift /Users/binde/Library/Mobile\ Documents/com~apple~CloudDocs/Flameworker/Flameworker/Sources/Repositories/CoreData/CoreDataUserImageRepository.swift /Users/binde/Library/Mobile\ Documents/com~apple~CloudDocs/Flameworker/Flameworker/Sources/Repositories/CoreData/CoreDataUserNotesRepository.swift /Users/binde/Library/Mobile\ Documents/com~apple~CloudDocs/Flameworker/Flameworker/Sources/Repositories/CoreData/CoreDataUserTagsRepository.swift /Users/binde/Library/Mobile\ Documents/com~apple~CloudDocs/Flameworker/Flameworker/Sources/Repositories/CoreData/CoreDataVersionInfo.swift /Users/binde/Library/Mobile\ Documents/com~apple~CloudDocs/Flameworker/Flameworker/Sources/Repositories/CoreData/Persistence.swift (in target 'Flameworker' from project 'Flameworker')
SwiftCompile normal arm64 /Users/binde/Library/Mobile\ Documents/com~apple~CloudDocs/Flameworker/Flameworker/Sources/Repositories/CoreData/CoreDataPurchaseRecordRepository.swift (in target 'Flameworker' from project 'Flameworker')
    cd /Users/binde/Library/Mobile\ Documents/com\~apple\~CloudDocs/Flameworker
    
/Users/binde/Library/Mobile Documents/com~apple~CloudDocs/Flameworker/Flameworker/Sources/Repositories/CoreData/CoreDataPurchaseRecordRepository.swift:17:58: warning: main actor-isolated static property 'shared' can not be referenced from a nonisolated context
    init(persistenceController: PersistenceController = .shared) {
                                                         ^
/Users/binde/Library/Mobile Documents/com~apple~CloudDocs/Flameworker/Flameworker/Sources/Repositories/CoreData/Persistence.swift:12:16: note: static property declared here
    static let shared = PersistenceController()
               ^
/Users/binde/Library/Mobile Documents/com~apple~CloudDocs/Flameworker/Flameworker/Sources/Repositories/CoreData/CoreDataPurchaseRecordRepository.swift:32:47: warning: call to actor-isolated instance method 'mapToModel' in a synchronous nonisolated context
            return entities.compactMap { self.mapToModel($0) }
                                              ^
/Users/binde/Library/Mobile Documents/com~apple~CloudDocs/Flameworker/Flameworker/Sources/Repositories/CoreData/CoreDataPurchaseRecordRepository.swift:221:18: note: calls to instance method 'mapToModel' from outside of its actor context are implicitly asynchronous
    private func mapToModel(_ entity: PurchaseRecord) -> PurchaseRecordModel? {
                 ^
/Users/binde/Library/Mobile Documents/com~apple~CloudDocs/Flameworker/Flameworker/Sources/Repositories/CoreData/CoreDataPurchaseRecordRepository.swift:50:47: warning: call to actor-isolated instance method 'mapToModel' in a synchronous nonisolated context
            return entities.compactMap { self.mapToModel($0) }
                                              ^
/Users/binde/Library/Mobile Documents/com~apple~CloudDocs/Flameworker/Flameworker/Sources/Repositories/CoreData/CoreDataPurchaseRecordRepository.swift:221:18: note: calls to instance method 'mapToModel' from outside of its actor context are implicitly asynchronous
    private func mapToModel(_ entity: PurchaseRecord) -> PurchaseRecordModel? {
                 ^
/Users/binde/Library/Mobile Documents/com~apple~CloudDocs/Flameworker/Flameworker/Sources/Repositories/CoreData/CoreDataPurchaseRecordRepository.swift:67:25: warning: call to actor-isolated instance method 'mapToModel' in a synchronous nonisolated context
            return self.mapToModel(entity)
                        ^
/Users/binde/Library/Mobile Documents/com~apple~CloudDocs/Flameworker/Flameworker/Sources/Repositories/CoreData/CoreDataPurchaseRecordRepository.swift:221:18: note: calls to instance method 'mapToModel' from outside of its actor context are implicitly asynchronous
    private func mapToModel(_ entity: PurchaseRecord) -> PurchaseRecordModel? {
                 ^
/Users/binde/Library/Mobile Documents/com~apple~CloudDocs/Flameworker/Flameworker/Sources/Repositories/CoreData/CoreDataPurchaseRecordRepository.swift:76:18: warning: call to actor-isolated instance method 'updateEntity(_:from:)' in a synchronous nonisolated context
            self.updateEntity(entity, from: record)
                 ^
/Users/binde/Library/Mobile Documents/com~apple~CloudDocs/Flameworker/Flameworker/Sources/Repositories/CoreData/CoreDataPurchaseRecordRepository.swift:267:18: note: calls to instance method 'updateEntity(_:from:)' from outside of its actor context are implicitly asynchronous
    private func updateEntity(_ entity: PurchaseRecord, from model: PurchaseRecordModel) {
                 ^
/Users/binde/Library/Mobile Documents/com~apple~CloudDocs/Flameworker/Flameworker/Sources/Repositories/CoreData/CoreDataPurchaseRecordRepository.swift:96:18: warning: call to actor-isolated instance method 'updateEntity(_:from:)' in a synchronous nonisolated context
            self.updateEntity(entity, from: record)
                 ^
/Users/binde/Library/Mobile Documents/com~apple~CloudDocs/Flameworker/Flameworker/Sources/Repositories/CoreData/CoreDataPurchaseRecordRepository.swift:267:18: note: calls to instance method 'updateEntity(_:from:)' from outside of its actor context are implicitly asynchronous
    private func updateEntity(_ entity: PurchaseRecord, from model: PurchaseRecordModel) {
                 ^
/Users/binde/Library/Mobile Documents/com~apple~CloudDocs/Flameworker/Flameworker/Sources/Repositories/CoreData/CoreDataPurchaseRecordRepository.swift:136:47: warning: call to actor-isolated instance method 'mapToModel' in a synchronous nonisolated context
            return entities.compactMap { self.mapToModel($0) }
                                              ^
/Users/binde/Library/Mobile Documents/com~apple~CloudDocs/Flameworker/Flameworker/Sources/Repositories/CoreData/CoreDataPurchaseRecordRepository.swift:221:18: note: calls to instance method 'mapToModel' from outside of its actor context are implicitly asynchronous
    private func mapToModel(_ entity: PurchaseRecord) -> PurchaseRecordModel? {
                 ^
/Users/binde/Library/Mobile Documents/com~apple~CloudDocs/Flameworker/Flameworker/Sources/Repositories/CoreData/CoreDataPurchaseRecordRepository.swift:150:47: warning: call to actor-isolated instance method 'mapToModel' in a synchronous nonisolated context
            return entities.compactMap { self.mapToModel($0) }
                                              ^
/Users/binde/Library/Mobile Documents/com~apple~CloudDocs/Flameworker/Flameworker/Sources/Repositories/CoreData/CoreDataPurchaseRecordRepository.swift:221:18: note: calls to instance method 'mapToModel' from outside of its actor context are implicitly asynchronous
    private func mapToModel(_ entity: PurchaseRecord) -> PurchaseRecordModel? {
                 ^
/Users/binde/Library/Mobile Documents/com~apple~CloudDocs/Flameworker/Flameworker/Sources/Repositories/CoreData/CoreDataPurchaseRecordRepository.swift:173:40: warning: main actor-isolated property 'totalPrice' can not be referenced from a nonisolated context
        return records.compactMap { $0.totalPrice }.reduce(Decimal(0), +)
                                       ^
/Users/binde/Library/Mobile Documents/com~apple~CloudDocs/Flameworker/Flameworker/Sources/Models/Domain/PurchaseRecordModel.swift:52:9: note: property declared here
    var totalPrice: Decimal? {
        ^
/Users/binde/Library/Mobile Documents/com~apple~CloudDocs/Flameworker/Flameworker/Sources/Repositories/CoreData/CoreDataPurchaseRecordRepository.swift:181:35: warning: main actor-isolated property 'totalPrice' cannot be accessed from outside of the actor; this is an error in the Swift 6 language mode
            if let total = record.totalPrice {
                           ~~~~~~~^~~~~~~~~~
                           await 
/Users/binde/Library/Mobile Documents/com~apple~CloudDocs/Flameworker/Flameworker/Sources/Repositories/CoreData/CoreDataPurchaseRecordRepository.swift:200:47: warning: call to actor-isolated instance method 'mapItemToModel' in a synchronous nonisolated context
            return entities.compactMap { self.mapItemToModel($0) }
                                              ^
/Users/binde/Library/Mobile Documents/com~apple~CloudDocs/Flameworker/Flameworker/Sources/Repositories/CoreData/CoreDataPurchaseRecordRepository.swift:248:18: note: calls to instance method 'mapItemToModel' from outside of its actor context are implicitly asynchronous
    private func mapItemToModel(_ entity: PurchaseRecordItem) -> PurchaseRecordItemModel? {
                 ^
/Users/binde/Library/Mobile Documents/com~apple~CloudDocs/Flameworker/Flameworker/Sources/Repositories/CoreData/CoreDataPurchaseRecordRepository.swift:222:31: warning: main actor-isolated property 'id' can not be referenced on a nonisolated actor instance
        guard let id = entity.id,
                              ^
/Users/binde/Library/Developer/Xcode/DerivedData/Flameworker-ceyhfmivhguynagohidrsoqdxgqb/Build/Intermediates.noindex/Flameworker.build/Debug/Flameworker.build/DerivedSources/CoreDataGenerated/Flameworker/PurchaseRecord+CoreDataProperties.swift:25:27: note: property declared here
    @NSManaged public var id: UUID?
                          ^
/Users/binde/Library/Mobile Documents/com~apple~CloudDocs/Flameworker/Flameworker/Sources/Repositories/CoreData/CoreDataPurchaseRecordRepository.swift:223:37: warning: main actor-isolated property 'supplier' can not be referenced on a nonisolated actor instance
              let supplier = entity.supplier,
                                    ^
/Users/binde/Library/Developer/Xcode/DerivedData/Flameworker-ceyhfmivhguynagohidrsoqdxgqb/Build/Intermediates.noindex/Flameworker.build/Debug/Flameworker.build/DerivedSources/CoreDataGenerated/Flameworker/PurchaseRecord+CoreDataProperties.swift:29:27: note: property declared here
    @NSManaged public var supplier: String?
                          ^
/Users/binde/Library/Mobile Documents/com~apple~CloudDocs/Flameworker/Flameworker/Sources/Repositories/CoreData/CoreDataPurchaseRecordRepository.swift:224:42: warning: main actor-isolated property 'date_purchased' can not be referenced on a nonisolated actor instance
              let datePurchased = entity.date_purchased,
                                         ^
/Users/binde/Library/Developer/Xcode/DerivedData/Flameworker-ceyhfmivhguynagohidrsoqdxgqb/Build/Intermediates.noindex/Flameworker.build/Debug/Flameworker.build/DerivedSources/CoreDataGenerated/Flameworker/PurchaseRecord+CoreDataProperties.swift:24:27: note: property declared here
    @NSManaged public var date_purchased: Date?
                          ^
/Users/binde/Library/Mobile Documents/com~apple~CloudDocs/Flameworker/Flameworker/Sources/Repositories/CoreData/CoreDataPurchaseRecordRepository.swift:225:38: warning: main actor-isolated property 'date_added' can not be referenced on a nonisolated actor instance
              let dateAdded = entity.date_added,
                                     ^
/Users/binde/Library/Developer/Xcode/DerivedData/Flameworker-ceyhfmivhguynagohidrsoqdxgqb/Build/Intermediates.noindex/Flameworker.build/Debug/Flameworker.build/DerivedSources/CoreDataGenerated/Flameworker/PurchaseRecord+CoreDataProperties.swift:23:27: note: property declared here
    @NSManaged public var date_added: Date?
                          ^
/Users/binde/Library/Mobile Documents/com~apple~CloudDocs/Flameworker/Flameworker/Sources/Repositories/CoreData/CoreDataPurchaseRecordRepository.swift:226:37: warning: main actor-isolated property 'currency' can not be referenced on a nonisolated actor instance
              let currency = entity.currency else {
                                    ^
/Users/binde/Library/Developer/Xcode/DerivedData/Flameworker-ceyhfmivhguynagohidrsoqdxgqb/Build/Intermediates.noindex/Flameworker.build/Debug/Flameworker.build/DerivedSources/CoreDataGenerated/Flameworker/PurchaseRecord+CoreDataProperties.swift:22:27: note: property declared here
    @NSManaged public var currency: String?
                          ^
/Users/binde/Library/Mobile Documents/com~apple~CloudDocs/Flameworker/Flameworker/Sources/Repositories/CoreData/CoreDataPurchaseRecordRepository.swift:230:29: warning: main actor-isolated property 'purchaserecorditem' can not be referenced on a nonisolated actor instance
        let items = (entity.purchaserecorditem?.allObjects as? [PurchaseRecordItem] ?? [])
                            ^
/Users/binde/Library/Developer/Xcode/DerivedData/Flameworker-ceyhfmivhguynagohidrsoqdxgqb/Build/Intermediates.noindex/Flameworker.build/Debug/Flameworker.build/DerivedSources/CoreDataGenerated/Flameworker/PurchaseRecord+CoreDataProperties.swift:31:27: note: property declared here
    @NSManaged public var purchaserecorditem: NSSet?
                          ^
/Users/binde/Library/Mobile Documents/com~apple~CloudDocs/Flameworker/Flameworker/Sources/Repositories/CoreData/CoreDataPurchaseRecordRepository.swift:234:16: warning: call to main actor-isolated initializer 'init(id:supplier:datePurchased:dateAdded:subtotal:tax:shipping:currency:notes:items:)' in a synchronous actor-isolated context
        return PurchaseRecordModel(
               ^
/Users/binde/Library/Mobile Documents/com~apple~CloudDocs/Flameworker/Flameworker/Sources/Models/Domain/PurchaseRecordModel.swift:25:5: note: calls to initializer 'init(id:supplier:datePurchased:dateAdded:subtotal:tax:shipping:currency:notes:items:)' from outside of its actor context are implicitly asynchronous
    init(
    ^
/Users/binde/Library/Mobile Documents/com~apple~CloudDocs/Flameworker/Flameworker/Sources/Repositories/CoreData/CoreDataPurchaseRecordRepository.swift:239:30: warning: main actor-isolated property 'subtotal' can not be referenced on a nonisolated actor instance
            subtotal: entity.subtotal as Decimal?,
                             ^
/Users/binde/Library/Developer/Xcode/DerivedData/Flameworker-ceyhfmivhguynagohidrsoqdxgqb/Build/Intermediates.noindex/Flameworker.build/Debug/Flameworker.build/DerivedSources/CoreDataGenerated/Flameworker/PurchaseRecord+CoreDataProperties.swift:28:27: note: property declared here
    @NSManaged public var subtotal: NSDecimalNumber?
                          ^
/Users/binde/Library/Mobile Documents/com~apple~CloudDocs/Flameworker/Flameworker/Sources/Repositories/CoreData/CoreDataPurchaseRecordRepository.swift:240:25: warning: main actor-isolated property 'tax' can not be referenced on a nonisolated actor instance
            tax: entity.tax as Decimal?,
                        ^
/Users/binde/Library/Developer/Xcode/DerivedData/Flameworker-ceyhfmivhguynagohidrsoqdxgqb/Build/Intermediates.noindex/Flameworker.build/Debug/Flameworker.build/DerivedSources/CoreDataGenerated/Flameworker/PurchaseRecord+CoreDataProperties.swift:30:27: note: property declared here
    @NSManaged public var tax: NSDecimalNumber?
                          ^
/Users/binde/Library/Mobile Documents/com~apple~CloudDocs/Flameworker/Flameworker/Sources/Repositories/CoreData/CoreDataPurchaseRecordRepository.swift:241:30: warning: main actor-isolated property 'shipping' can not be referenced on a nonisolated actor instance
            shipping: entity.shipping as Decimal?,
                             ^
/Users/binde/Library/Developer/Xcode/DerivedData/Flameworker-ceyhfmivhguynagohidrsoqdxgqb/Build/Intermediates.noindex/Flameworker.build/Debug/Flameworker.build/DerivedSources/CoreDataGenerated/Flameworker/PurchaseRecord+CoreDataProperties.swift:27:27: note: property declared here
    @NSManaged public var shipping: NSDecimalNumber?
                          ^
/Users/binde/Library/Mobile Documents/com~apple~CloudDocs/Flameworker/Flameworker/Sources/Repositories/CoreData/CoreDataPurchaseRecordRepository.swift:243:27: warning: main actor-isolated property 'notes' can not be referenced on a nonisolated actor instance
            notes: entity.notes,
                          ^
/Users/binde/Library/Developer/Xcode/DerivedData/Flameworker-ceyhfmivhguynagohidrsoqdxgqb/Build/Intermediates.noindex/Flameworker.build/Debug/Flameworker.build/DerivedSources/CoreDataGenerated/Flameworker/PurchaseRecord+CoreDataProperties.swift:26:27: note: property declared here
    @NSManaged public var notes: String?
                          ^
/Users/binde/Library/Mobile Documents/com~apple~CloudDocs/Flameworker/Flameworker/Sources/Repositories/CoreData/CoreDataPurchaseRecordRepository.swift:249:31: warning: main actor-isolated property 'id' can not be referenced on a nonisolated actor instance
        guard let id = entity.id,
                              ^
/Users/binde/Library/Developer/Xcode/DerivedData/Flameworker-ceyhfmivhguynagohidrsoqdxgqb/Build/Intermediates.noindex/Flameworker.build/Debug/Flameworker.build/DerivedSources/CoreDataGenerated/Flameworker/PurchaseRecordItem+CoreDataProperties.swift:22:27: note: property declared here
    @NSManaged public var id: UUID?
                          ^
/Users/binde/Library/Mobile Documents/com~apple~CloudDocs/Flameworker/Flameworker/Sources/Repositories/CoreData/CoreDataPurchaseRecordRepository.swift:250:43: warning: main actor-isolated property 'item_natural_key' can not be referenced on a nonisolated actor instance
              let itemNaturalKey = entity.item_natural_key,
                                          ^
/Users/binde/Library/Developer/Xcode/DerivedData/Flameworker-ceyhfmivhguynagohidrsoqdxgqb/Build/Intermediates.noindex/Flameworker.build/Debug/Flameworker.build/DerivedSources/CoreDataGenerated/Flameworker/PurchaseRecordItem+CoreDataProperties.swift:23:27: note: property declared here
    @NSManaged public var item_natural_key: String?
                          ^
/Users/binde/Library/Mobile Documents/com~apple~CloudDocs/Flameworker/Flameworker/Sources/Repositories/CoreData/CoreDataPurchaseRecordRepository.swift:251:33: warning: main actor-isolated property 'type' can not be referenced on a nonisolated actor instance
              let type = entity.type else {
                                ^
/Users/binde/Library/Developer/Xcode/DerivedData/Flameworker-ceyhfmivhguynagohidrsoqdxgqb/Build/Intermediates.noindex/Flameworker.build/Debug/Flameworker.build/DerivedSources/CoreDataGenerated/Flameworker/PurchaseRecordItem+CoreDataProperties.swift:29:27: note: property declared here
    @NSManaged public var type: String?
                          ^
/Users/binde/Library/Mobile Documents/com~apple~CloudDocs/Flameworker/Flameworker/Sources/Repositories/CoreData/CoreDataPurchaseRecordRepository.swift:255:16: warning: call to main actor-isolated initializer 'init(id:itemNaturalKey:type:subtype:subsubtype:quantity:totalPrice:orderIndex:)' in a synchronous actor-isolated context
        return PurchaseRecordItemModel(
               ^
/Users/binde/Library/Mobile Documents/com~apple~CloudDocs/Flameworker/Flameworker/Sources/Models/Domain/PurchaseRecordModel.swift:150:5: note: calls to initializer 'init(id:itemNaturalKey:type:subtype:subsubtype:quantity:totalPrice:orderIndex:)' from outside of its actor context are implicitly asynchronous
    init(
    ^
/Users/binde/Library/Mobile Documents/com~apple~CloudDocs/Flameworker/Flameworker/Sources/Repositories/CoreData/CoreDataPurchaseRecordRepository.swift:259:29: warning: main actor-isolated property 'subtype' can not be referenced on a nonisolated actor instance
            subtype: entity.subtype,
                            ^
/Users/binde/Library/Developer/Xcode/DerivedData/Flameworker-ceyhfmivhguynagohidrsoqdxgqb/Build/Intermediates.noindex/Flameworker.build/Debug/Flameworker.build/DerivedSources/CoreDataGenerated/Flameworker/PurchaseRecordItem+CoreDataProperties.swift:27:27: note: property declared here
    @NSManaged public var subtype: String?
                          ^
/Users/binde/Library/Mobile Documents/com~apple~CloudDocs/Flameworker/Flameworker/Sources/Repositories/CoreData/CoreDataPurchaseRecordRepository.swift:260:32: warning: main actor-isolated property 'subsubtype' can not be referenced on a nonisolated actor instance
            subsubtype: entity.subsubtype,
                               ^
/Users/binde/Library/Developer/Xcode/DerivedData/Flameworker-ceyhfmivhguynagohidrsoqdxgqb/Build/Intermediates.noindex/Flameworker.build/Debug/Flameworker.build/DerivedSources/CoreDataGenerated/Flameworker/PurchaseRecordItem+CoreDataProperties.swift:26:27: note: property declared here
    @NSManaged public var subsubtype: String?
                          ^
/Users/binde/Library/Mobile Documents/com~apple~CloudDocs/Flameworker/Flameworker/Sources/Repositories/CoreData/CoreDataPurchaseRecordRepository.swift:261:30: warning: main actor-isolated property 'quantity' can not be referenced on a nonisolated actor instance
            quantity: entity.quantity,
                             ^
/Users/binde/Library/Developer/Xcode/DerivedData/Flameworker-ceyhfmivhguynagohidrsoqdxgqb/Build/Intermediates.noindex/Flameworker.build/Debug/Flameworker.build/DerivedSources/CoreDataGenerated/Flameworker/PurchaseRecordItem+CoreDataProperties.swift:25:27: note: property declared here
    @NSManaged public var quantity: Double
                          ^
/Users/binde/Library/Mobile Documents/com~apple~CloudDocs/Flameworker/Flameworker/Sources/Repositories/CoreData/CoreDataPurchaseRecordRepository.swift:262:32: warning: main actor-isolated property 'total_price' can not be referenced on a nonisolated actor instance
            totalPrice: entity.total_price as Decimal?,
                               ^
/Users/binde/Library/Developer/Xcode/DerivedData/Flameworker-ceyhfmivhguynagohidrsoqdxgqb/Build/Intermediates.noindex/Flameworker.build/Debug/Flameworker.build/DerivedSources/CoreDataGenerated/Flameworker/PurchaseRecordItem+CoreDataProperties.swift:28:27: note: property declared here
    @NSManaged public var total_price: NSDecimalNumber?
                          ^
/Users/binde/Library/Mobile Documents/com~apple~CloudDocs/Flameworker/Flameworker/Sources/Repositories/CoreData/CoreDataPurchaseRecordRepository.swift:263:32: warning: main actor-isolated property 'order_index' can not be referenced on a nonisolated actor instance
            orderIndex: entity.order_index
                               ^
/Users/binde/Library/Developer/Xcode/DerivedData/Flameworker-ceyhfmivhguynagohidrsoqdxgqb/Build/Intermediates.noindex/Flameworker.build/Debug/Flameworker.build/DerivedSources/CoreDataGenerated/Flameworker/PurchaseRecordItem+CoreDataProperties.swift:24:27: note: property declared here
    @NSManaged public var order_index: Int32
                          ^
/Users/binde/Library/Mobile Documents/com~apple~CloudDocs/Flameworker/Flameworker/Sources/Repositories/CoreData/CoreDataPurchaseRecordRepository.swift:268:16: warning: main actor-isolated property 'id' can not be mutated on a nonisolated actor instance
        entity.id = model.id
               ^
/Users/binde/Library/Developer/Xcode/DerivedData/Flameworker-ceyhfmivhguynagohidrsoqdxgqb/Build/Intermediates.noindex/Flameworker.build/Debug/Flameworker.build/DerivedSources/CoreDataGenerated/Flameworker/PurchaseRecord+CoreDataProperties.swift:25:27: note: mutation of this property is only permitted within the actor
    @NSManaged public var id: UUID?
                          ^
/Users/binde/Library/Mobile Documents/com~apple~CloudDocs/Flameworker/Flameworker/Sources/Repositories/CoreData/CoreDataPurchaseRecordRepository.swift:269:16: warning: main actor-isolated property 'supplier' can not be mutated on a nonisolated actor instance
        entity.supplier = model.supplier
               ^
/Users/binde/Library/Developer/Xcode/DerivedData/Flameworker-ceyhfmivhguynagohidrsoqdxgqb/Build/Intermediates.noindex/Flameworker.build/Debug/Flameworker.build/DerivedSources/CoreDataGenerated/Flameworker/PurchaseRecord+CoreDataProperties.swift:29:27: note: mutation of this property is only permitted within the actor
    @NSManaged public var supplier: String?
                          ^
/Users/binde/Library/Mobile Documents/com~apple~CloudDocs/Flameworker/Flameworker/Sources/Repositories/CoreData/CoreDataPurchaseRecordRepository.swift:270:16: warning: main actor-isolated property 'date_purchased' can not be mutated on a nonisolated actor instance
        entity.date_purchased = model.datePurchased
               ^
/Users/binde/Library/Developer/Xcode/DerivedData/Flameworker-ceyhfmivhguynagohidrsoqdxgqb/Build/Intermediates.noindex/Flameworker.build/Debug/Flameworker.build/DerivedSources/CoreDataGenerated/Flameworker/PurchaseRecord+CoreDataProperties.swift:24:27: note: mutation of this property is only permitted within the actor
    @NSManaged public var date_purchased: Date?
                          ^
/Users/binde/Library/Mobile Documents/com~apple~CloudDocs/Flameworker/Flameworker/Sources/Repositories/CoreData/CoreDataPurchaseRecordRepository.swift:271:16: warning: main actor-isolated property 'date_added' can not be mutated on a nonisolated actor instance
        entity.date_added = model.dateAdded
               ^
/Users/binde/Library/Developer/Xcode/DerivedData/Flameworker-ceyhfmivhguynagohidrsoqdxgqb/Build/Intermediates.noindex/Flameworker.build/Debug/Flameworker.build/DerivedSources/CoreDataGenerated/Flameworker/PurchaseRecord+CoreDataProperties.swift:23:27: note: mutation of this property is only permitted within the actor
    @NSManaged public var date_added: Date?
                          ^
/Users/binde/Library/Mobile Documents/com~apple~CloudDocs/Flameworker/Flameworker/Sources/Repositories/CoreData/CoreDataPurchaseRecordRepository.swift:272:16: warning: main actor-isolated property 'subtotal' can not be mutated on a nonisolated actor instance
        entity.subtotal = model.subtotal as NSDecimalNumber?
               ^
/Users/binde/Library/Developer/Xcode/DerivedData/Flameworker-ceyhfmivhguynagohidrsoqdxgqb/Build/Intermediates.noindex/Flameworker.build/Debug/Flameworker.build/DerivedSources/CoreDataGenerated/Flameworker/PurchaseRecord+CoreDataProperties.swift:28:27: note: mutation of this property is only permitted within the actor
    @NSManaged public var subtotal: NSDecimalNumber?
                          ^
/Users/binde/Library/Mobile Documents/com~apple~CloudDocs/Flameworker/Flameworker/Sources/Repositories/CoreData/CoreDataPurchaseRecordRepository.swift:273:16: warning: main actor-isolated property 'tax' can not be mutated on a nonisolated actor instance
        entity.tax = model.tax as NSDecimalNumber?
               ^
/Users/binde/Library/Developer/Xcode/DerivedData/Flameworker-ceyhfmivhguynagohidrsoqdxgqb/Build/Intermediates.noindex/Flameworker.build/Debug/Flameworker.build/DerivedSources/CoreDataGenerated/Flameworker/PurchaseRecord+CoreDataProperties.swift:30:27: note: mutation of this property is only permitted within the actor
    @NSManaged public var tax: NSDecimalNumber?
                          ^
/Users/binde/Library/Mobile Documents/com~apple~CloudDocs/Flameworker/Flameworker/Sources/Repositories/CoreData/CoreDataPurchaseRecordRepository.swift:274:16: warning: main actor-isolated property 'shipping' can not be mutated on a nonisolated actor instance
        entity.shipping = model.shipping as NSDecimalNumber?
               ^
/Users/binde/Library/Developer/Xcode/DerivedData/Flameworker-ceyhfmivhguynagohidrsoqdxgqb/Build/Intermediates.noindex/Flameworker.build/Debug/Flameworker.build/DerivedSources/CoreDataGenerated/Flameworker/PurchaseRecord+CoreDataProperties.swift:27:27: note: mutation of this property is only permitted within the actor
    @NSManaged public var shipping: NSDecimalNumber?
                          ^
/Users/binde/Library/Mobile Documents/com~apple~CloudDocs/Flameworker/Flameworker/Sources/Repositories/CoreData/CoreDataPurchaseRecordRepository.swift:275:16: warning: main actor-isolated property 'currency' can not be mutated on a nonisolated actor instance
        entity.currency = model.currency
               ^
/Users/binde/Library/Developer/Xcode/DerivedData/Flameworker-ceyhfmivhguynagohidrsoqdxgqb/Build/Intermediates.noindex/Flameworker.build/Debug/Flameworker.build/DerivedSources/CoreDataGenerated/Flameworker/PurchaseRecord+CoreDataProperties.swift:22:27: note: mutation of this property is only permitted within the actor
    @NSManaged public var currency: String?
                          ^
/Users/binde/Library/Mobile Documents/com~apple~CloudDocs/Flameworker/Flameworker/Sources/Repositories/CoreData/CoreDataPurchaseRecordRepository.swift:276:16: warning: main actor-isolated property 'notes' can not be mutated on a nonisolated actor instance
        entity.notes = model.notes
               ^
/Users/binde/Library/Developer/Xcode/DerivedData/Flameworker-ceyhfmivhguynagohidrsoqdxgqb/Build/Intermediates.noindex/Flameworker.build/Debug/Flameworker.build/DerivedSources/CoreDataGenerated/Flameworker/PurchaseRecord+CoreDataProperties.swift:26:27: note: mutation of this property is only permitted within the actor
    @NSManaged public var notes: String?
                          ^
/Users/binde/Library/Mobile Documents/com~apple~CloudDocs/Flameworker/Flameworker/Sources/Repositories/CoreData/CoreDataPurchaseRecordRepository.swift:279:39: warning: main actor-isolated property 'purchaserecorditem' can not be referenced on a nonisolated actor instance
        if let existingItems = entity.purchaserecorditem {
                                      ^
/Users/binde/Library/Developer/Xcode/DerivedData/Flameworker-ceyhfmivhguynagohidrsoqdxgqb/Build/Intermediates.noindex/Flameworker.build/Debug/Flameworker.build/DerivedSources/CoreDataGenerated/Flameworker/PurchaseRecord+CoreDataProperties.swift:31:27: note: property declared here
    @NSManaged public var purchaserecorditem: NSSet?
                          ^
/Users/binde/Library/Mobile Documents/com~apple~CloudDocs/Flameworker/Flameworker/Sources/Repositories/CoreData/CoreDataPurchaseRecordRepository.swift:290:24: warning: main actor-isolated property 'id' can not be mutated on a nonisolated actor instance
            itemEntity.id = itemModel.id
                       ^
/Users/binde/Library/Developer/Xcode/DerivedData/Flameworker-ceyhfmivhguynagohidrsoqdxgqb/Build/Intermediates.noindex/Flameworker.build/Debug/Flameworker.build/DerivedSources/CoreDataGenerated/Flameworker/PurchaseRecordItem+CoreDataProperties.swift:22:27: note: mutation of this property is only permitted within the actor
    @NSManaged public var id: UUID?
                          ^
/Users/binde/Library/Mobile Documents/com~apple~CloudDocs/Flameworker/Flameworker/Sources/Repositories/CoreData/CoreDataPurchaseRecordRepository.swift:291:24: warning: main actor-isolated property 'item_natural_key' can not be mutated on a nonisolated actor instance
            itemEntity.item_natural_key = itemModel.itemNaturalKey
                       ^
/Users/binde/Library/Developer/Xcode/DerivedData/Flameworker-ceyhfmivhguynagohidrsoqdxgqb/Build/Intermediates.noindex/Flameworker.build/Debug/Flameworker.build/DerivedSources/CoreDataGenerated/Flameworker/PurchaseRecordItem+CoreDataProperties.swift:23:27: note: mutation of this property is only permitted within the actor
    @NSManaged public var item_natural_key: String?
                          ^
/Users/binde/Library/Mobile Documents/com~apple~CloudDocs/Flameworker/Flameworker/Sources/Repositories/CoreData/CoreDataPurchaseRecordRepository.swift:292:24: warning: main actor-isolated property 'type' can not be mutated on a nonisolated actor instance
            itemEntity.type = itemModel.type
                       ^
/Users/binde/Library/Developer/Xcode/DerivedData/Flameworker-ceyhfmivhguynagohidrsoqdxgqb/Build/Intermediates.noindex/Flameworker.build/Debug/Flameworker.build/DerivedSources/CoreDataGenerated/Flameworker/PurchaseRecordItem+CoreDataProperties.swift:29:27: note: mutation of this property is only permitted within the actor
    @NSManaged public var type: String?
                          ^
/Users/binde/Library/Mobile Documents/com~apple~CloudDocs/Flameworker/Flameworker/Sources/Repositories/CoreData/CoreDataPurchaseRecordRepository.swift:293:24: warning: main actor-isolated property 'subtype' can not be mutated on a nonisolated actor instance
            itemEntity.subtype = itemModel.subtype
                       ^
/Users/binde/Library/Developer/Xcode/DerivedData/Flameworker-ceyhfmivhguynagohidrsoqdxgqb/Build/Intermediates.noindex/Flameworker.build/Debug/Flameworker.build/DerivedSources/CoreDataGenerated/Flameworker/PurchaseRecordItem+CoreDataProperties.swift:27:27: note: mutation of this property is only permitted within the actor
    @NSManaged public var subtype: String?
                          ^
/Users/binde/Library/Mobile Documents/com~apple~CloudDocs/Flameworker/Flameworker/Sources/Repositories/CoreData/CoreDataPurchaseRecordRepository.swift:294:24: warning: main actor-isolated property 'subsubtype' can not be mutated on a nonisolated actor instance
            itemEntity.subsubtype = itemModel.subsubtype
                       ^
/Users/binde/Library/Developer/Xcode/DerivedData/Flameworker-ceyhfmivhguynagohidrsoqdxgqb/Build/Intermediates.noindex/Flameworker.build/Debug/Flameworker.build/DerivedSources/CoreDataGenerated/Flameworker/PurchaseRecordItem+CoreDataProperties.swift:26:27: note: mutation of this property is only permitted within the actor
    @NSManaged public var subsubtype: String?
                          ^
/Users/binde/Library/Mobile Documents/com~apple~CloudDocs/Flameworker/Flameworker/Sources/Repositories/CoreData/CoreDataPurchaseRecordRepository.swift:295:24: warning: main actor-isolated property 'quantity' can not be mutated on a nonisolated actor instance
            itemEntity.quantity = itemModel.quantity
                       ^
/Users/binde/Library/Developer/Xcode/DerivedData/Flameworker-ceyhfmivhguynagohidrsoqdxgqb/Build/Intermediates.noindex/Flameworker.build/Debug/Flameworker.build/DerivedSources/CoreDataGenerated/Flameworker/PurchaseRecordItem+CoreDataProperties.swift:25:27: note: mutation of this property is only permitted within the actor
    @NSManaged public var quantity: Double
                          ^
/Users/binde/Library/Mobile Documents/com~apple~CloudDocs/Flameworker/Flameworker/Sources/Repositories/CoreData/CoreDataPurchaseRecordRepository.swift:296:24: warning: main actor-isolated property 'total_price' can not be mutated on a nonisolated actor instance
            itemEntity.total_price = itemModel.totalPrice as NSDecimalNumber?
                       ^
/Users/binde/Library/Developer/Xcode/DerivedData/Flameworker-ceyhfmivhguynagohidrsoqdxgqb/Build/Intermediates.noindex/Flameworker.build/Debug/Flameworker.build/DerivedSources/CoreDataGenerated/Flameworker/PurchaseRecordItem+CoreDataProperties.swift:28:27: note: mutation of this property is only permitted within the actor
    @NSManaged public var total_price: NSDecimalNumber?
                          ^
/Users/binde/Library/Mobile Documents/com~apple~CloudDocs/Flameworker/Flameworker/Sources/Repositories/CoreData/CoreDataPurchaseRecordRepository.swift:297:24: warning: main actor-isolated property 'order_index' can not be mutated on a nonisolated actor instance
            itemEntity.order_index = itemModel.orderIndex
                       ^
/Users/binde/Library/Developer/Xcode/DerivedData/Flameworker-ceyhfmivhguynagohidrsoqdxgqb/Build/Intermediates.noindex/Flameworker.build/Debug/Flameworker.build/DerivedSources/CoreDataGenerated/Flameworker/PurchaseRecordItem+CoreDataProperties.swift:24:27: note: mutation of this property is only permitted within the actor
    @NSManaged public var order_index: Int32
                          ^
/Users/binde/Library/Mobile Documents/com~apple~CloudDocs/Flameworker/Flameworker/Sources/Repositories/CoreData/CoreDataPurchaseRecordRepository.swift:298:24: warning: main actor-isolated property 'purchaserecord' can not be mutated on a nonisolated actor instance
            itemEntity.purchaserecord = entity
                       ^
/Users/binde/Library/Developer/Xcode/DerivedData/Flameworker-ceyhfmivhguynagohidrsoqdxgqb/Build/Intermediates.noindex/Flameworker.build/Debug/Flameworker.build/DerivedSources/CoreDataGenerated/Flameworker/PurchaseRecordItem+CoreDataProperties.swift:30:27: note: mutation of this property is only permitted within the actor
    @NSManaged public var purchaserecord: PurchaseRecord?
                          ^

SwiftCompile normal arm64 /Users/binde/Library/Mobile\ Documents/com~apple~CloudDocs/Flameworker/Flameworker/Sources/Repositories/CoreData/CoreDataRecoveryUtility.swift (in target 'Flameworker' from project 'Flameworker')
    cd /Users/binde/Library/Mobile\ Documents/com\~apple\~CloudDocs/Flameworker
    

SwiftCompile normal arm64 /Users/binde/Library/Mobile\ Documents/com~apple~CloudDocs/Flameworker/Flameworker/Sources/Repositories/CoreData/CoreDataShoppingListRepository.swift (in target 'Flameworker' from project 'Flameworker')
    cd /Users/binde/Library/Mobile\ Documents/com\~apple\~CloudDocs/Flameworker
    
/Users/binde/Library/Mobile Documents/com~apple~CloudDocs/Flameworker/Flameworker/Sources/Repositories/CoreData/CoreDataShoppingListRepository.swift:57:10: warning: non-Sendable parameter type 'NSPredicate?' cannot be sent from caller of protocol requirement 'fetchItems(matching:)' into main actor-isolated implementation; this is an error in the Swift 6 language mode
    func fetchItems(matching predicate: NSPredicate?) async throws -> [ItemShoppingModel] {
         ^
Swift.Optional:1:21: note: generic enum 'Optional' does not conform to the 'Sendable' protocol
@frozen public enum Optional<Wrapped> : ~Copyable, ~Escapable where Wrapped : ~Copyable, Wrapped : ~Escapable {
                    ^
/Users/binde/Library/Mobile Documents/com~apple~CloudDocs/Flameworker/Flameworker/Sources/Repositories/CoreData/CoreDataShoppingListRepository.swift:62:46: warning: capture of 'predicate' with non-Sendable type 'NSPredicate?' in a '@Sendable' closure
                    fetchRequest.predicate = predicate
                                             ^
Swift.Optional:1:21: note: generic enum 'Optional' does not conform to the 'Sendable' protocol
@frozen public enum Optional<Wrapped> : ~Copyable, ~Escapable where Wrapped : ~Copyable, Wrapped : ~Escapable {
                    ^
/Users/binde/Library/Mobile Documents/com~apple~CloudDocs/Flameworker/Flameworker/Sources/Repositories/CoreData/CoreDataShoppingListRepository.swift:124:28: warning: value 'existing' was defined but never used; consider replacing with boolean test
                    if let existing = try self.fetchCoreDataItemSync(forItem: item.item_natural_key) {
                       ~~~~^~~~~~~~~~~
                       (                                                                            ) != nil

SwiftCompile normal arm64 /Users/binde/Library/Mobile\ Documents/com~apple~CloudDocs/Flameworker/Flameworker/Sources/Repositories/CoreData/CoreDataUserImageRepository.swift (in target 'Flameworker' from project 'Flameworker')
    cd /Users/binde/Library/Mobile\ Documents/com\~apple\~CloudDocs/Flameworker
    

SwiftCompile normal arm64 /Users/binde/Library/Mobile\ Documents/com~apple~CloudDocs/Flameworker/Flameworker/Sources/Repositories/CoreData/CoreDataUserNotesRepository.swift (in target 'Flameworker' from project 'Flameworker')
    cd /Users/binde/Library/Mobile\ Documents/com\~apple\~CloudDocs/Flameworker
    
/Users/binde/Library/Mobile Documents/com~apple~CloudDocs/Flameworker/Flameworker/Sources/Repositories/CoreData/CoreDataUserNotesRepository.swift:46:28: warning: value 'existing' was defined but never used; consider replacing with boolean test
                    if let existing = try self.fetchNotesSync(forItem: notes.item_natural_key) {
                       ~~~~^~~~~~~~~~~
                       (                                                                      ) != nil

SwiftCompile normal arm64 /Users/binde/Library/Mobile\ Documents/com~apple~CloudDocs/Flameworker/Flameworker/Sources/Repositories/CoreData/CoreDataUserTagsRepository.swift (in target 'Flameworker' from project 'Flameworker')
    cd /Users/binde/Library/Mobile\ Documents/com\~apple\~CloudDocs/Flameworker
    

SwiftCompile normal arm64 /Users/binde/Library/Mobile\ Documents/com~apple~CloudDocs/Flameworker/Flameworker/Sources/Repositories/CoreData/CoreDataVersionInfo.swift (in target 'Flameworker' from project 'Flameworker')
    cd /Users/binde/Library/Mobile\ Documents/com\~apple\~CloudDocs/Flameworker
    

SwiftCompile normal arm64 /Users/binde/Library/Mobile\ Documents/com~apple~CloudDocs/Flameworker/Flameworker/Sources/Repositories/CoreData/Persistence.swift (in target 'Flameworker' from project 'Flameworker')
    cd /Users/binde/Library/Mobile\ Documents/com\~apple\~CloudDocs/Flameworker
    
/Users/binde/Library/Mobile Documents/com~apple~CloudDocs/Flameworker/Flameworker/Sources/Repositories/CoreData/Persistence.swift:480:15: warning: 'catch' block is unreachable because no errors are thrown in 'do' block
            } catch {
              ^

SwiftCompile normal arm64 Compiling\ CoreDataEntityHelpers.swift,\ CoreDataHelpers.swift,\ CoreDataInventoryRepository.swift,\ CoreDataItemTagsRepository.swift,\ CoreDataLocationRepository.swift,\ CoreDataMigrationService.swift,\ CoreDataProjectLogRepository.swift,\ CoreDataProjectPlanRepository.swift /Users/binde/Library/Mobile\ Documents/com~apple~CloudDocs/Flameworker/Flameworker/Sources/Repositories/CoreData/CoreDataEntityHelpers.swift /Users/binde/Library/Mobile\ Documents/com~apple~CloudDocs/Flameworker/Flameworker/Sources/Repositories/CoreData/CoreDataHelpers.swift /Users/binde/Library/Mobile\ Documents/com~apple~CloudDocs/Flameworker/Flameworker/Sources/Repositories/CoreData/CoreDataInventoryRepository.swift /Users/binde/Library/Mobile\ Documents/com~apple~CloudDocs/Flameworker/Flameworker/Sources/Repositories/CoreData/CoreDataItemTagsRepository.swift /Users/binde/Library/Mobile\ Documents/com~apple~CloudDocs/Flameworker/Flameworker/Sources/Repositories/CoreData/CoreDataLocationRepository.swift /Users/binde/Library/Mobile\ Documents/com~apple~CloudDocs/Flameworker/Flameworker/Sources/Repositories/CoreData/CoreDataMigrationService.swift /Users/binde/Library/Mobile\ Documents/com~apple~CloudDocs/Flameworker/Flameworker/Sources/Repositories/CoreData/CoreDataProjectLogRepository.swift /Users/binde/Library/Mobile\ Documents/com~apple~CloudDocs/Flameworker/Flameworker/Sources/Repositories/CoreData/CoreDataProjectPlanRepository.swift (in target 'Flameworker' from project 'Flameworker')

SwiftCompile normal arm64 /Users/binde/Library/Mobile\ Documents/com~apple~CloudDocs/Flameworker/Flameworker/Sources/Repositories/CoreData/CoreDataEntityHelpers.swift (in target 'Flameworker' from project 'Flameworker')
    cd /Users/binde/Library/Mobile\ Documents/com\~apple\~CloudDocs/Flameworker
    

SwiftCompile normal arm64 /Users/binde/Library/Mobile\ Documents/com~apple~CloudDocs/Flameworker/Flameworker/Sources/Repositories/CoreData/CoreDataHelpers.swift (in target 'Flameworker' from project 'Flameworker')
    cd /Users/binde/Library/Mobile\ Documents/com\~apple\~CloudDocs/Flameworker
    

SwiftCompile normal arm64 /Users/binde/Library/Mobile\ Documents/com~apple~CloudDocs/Flameworker/Flameworker/Sources/Repositories/CoreData/CoreDataInventoryRepository.swift (in target 'Flameworker' from project 'Flameworker')
    cd /Users/binde/Library/Mobile\ Documents/com\~apple\~CloudDocs/Flameworker
    
/Users/binde/Library/Mobile Documents/com~apple~CloudDocs/Flameworker/Flameworker/Sources/Repositories/CoreData/CoreDataInventoryRepository.swift:36:10: warning: non-Sendable parameter type 'NSPredicate?' cannot be sent from caller of protocol requirement 'fetchInventory(matching:)' into main actor-isolated implementation; this is an error in the Swift 6 language mode
    func fetchInventory(matching predicate: NSPredicate?) async throws -> [InventoryModel] {
         ^
Swift.Optional:1:21: note: generic enum 'Optional' does not conform to the 'Sendable' protocol
@frozen public enum Optional<Wrapped> : ~Copyable, ~Escapable where Wrapped : ~Copyable, Wrapped : ~Escapable {
                    ^
/Users/binde/Library/Mobile Documents/com~apple~CloudDocs/Flameworker/Flameworker/Sources/Repositories/CoreData/CoreDataInventoryRepository.swift:41:46: warning: capture of 'predicate' with non-Sendable type 'NSPredicate?' in a '@Sendable' closure
                    fetchRequest.predicate = predicate
                                             ^
Swift.Optional:1:21: note: generic enum 'Optional' does not conform to the 'Sendable' protocol
@frozen public enum Optional<Wrapped> : ~Copyable, ~Escapable where Wrapped : ~Copyable, Wrapped : ~Escapable {
                    ^
/Users/binde/Library/Mobile Documents/com~apple~CloudDocs/Flameworker/Flameworker/Sources/Repositories/CoreData/CoreDataInventoryRepository.swift:71:28: warning: value 'item' was defined but never used; consider replacing with boolean test
                    if let item = inventoryItem {
                       ~~~~^~~~~~~
                                                != nil

SwiftCompile normal arm64 /Users/binde/Library/Mobile\ Documents/com~apple~CloudDocs/Flameworker/Flameworker/Sources/Repositories/CoreData/CoreDataItemTagsRepository.swift (in target 'Flameworker' from project 'Flameworker')
    cd /Users/binde/Library/Mobile\ Documents/com\~apple\~CloudDocs/Flameworker
    

SwiftCompile normal arm64 /Users/binde/Library/Mobile\ Documents/com~apple~CloudDocs/Flameworker/Flameworker/Sources/Repositories/CoreData/CoreDataLocationRepository.swift (in target 'Flameworker' from project 'Flameworker')
    cd /Users/binde/Library/Mobile\ Documents/com\~apple\~CloudDocs/Flameworker
    
/Users/binde/Library/Mobile Documents/com~apple~CloudDocs/Flameworker/Flameworker/Sources/Repositories/CoreData/CoreDataLocationRepository.swift:42:10: warning: non-Sendable parameter type 'NSPredicate?' cannot be sent from caller of protocol requirement 'fetchLocations(matching:)' into main actor-isolated implementation; this is an error in the Swift 6 language mode
    func fetchLocations(matching predicate: NSPredicate?) async throws -> [LocationModel] {
         ^
Swift.Optional:1:21: note: generic enum 'Optional' does not conform to the 'Sendable' protocol
@frozen public enum Optional<Wrapped> : ~Copyable, ~Escapable where Wrapped : ~Copyable, Wrapped : ~Escapable {
                    ^
/Users/binde/Library/Mobile Documents/com~apple~CloudDocs/Flameworker/Flameworker/Sources/Repositories/CoreData/CoreDataLocationRepository.swift:47:46: warning: capture of 'predicate' with non-Sendable type 'NSPredicate?' in a '@Sendable' closure
                    fetchRequest.predicate = predicate
                                             ^
Swift.Optional:1:21: note: generic enum 'Optional' does not conform to the 'Sendable' protocol
@frozen public enum Optional<Wrapped> : ~Copyable, ~Escapable where Wrapped : ~Copyable, Wrapped : ~Escapable {
                    ^

SwiftCompile normal arm64 /Users/binde/Library/Mobile\ Documents/com~apple~CloudDocs/Flameworker/Flameworker/Sources/Repositories/CoreData/CoreDataMigrationService.swift (in target 'Flameworker' from project 'Flameworker')
    cd /Users/binde/Library/Mobile\ Documents/com\~apple\~CloudDocs/Flameworker
    

SwiftCompile normal arm64 /Users/binde/Library/Mobile\ Documents/com~apple~CloudDocs/Flameworker/Flameworker/Sources/Repositories/CoreData/CoreDataProjectLogRepository.swift (in target 'Flameworker' from project 'Flameworker')
    cd /Users/binde/Library/Mobile\ Documents/com\~apple\~CloudDocs/Flameworker
    
/Users/binde/Library/Mobile Documents/com~apple~CloudDocs/Flameworker/Flameworker/Sources/Repositories/CoreData/CoreDataProjectLogRepository.swift:24:18: warning: call to actor-isolated instance method 'mapModelToEntity(_:entity:)' in a synchronous nonisolated context
            self.mapModelToEntity(log, entity: entity)
                 ^
/Users/binde/Library/Mobile Documents/com~apple~CloudDocs/Flameworker/Flameworker/Sources/Repositories/CoreData/CoreDataProjectLogRepository.swift:137:18: note: calls to instance method 'mapModelToEntity(_:entity:)' from outside of its actor context are implicitly asynchronous
    private func mapModelToEntity(_ model: ProjectLogModel, entity: ProjectLog) {
                 ^
/Users/binde/Library/Mobile Documents/com~apple~CloudDocs/Flameworker/Flameworker/Sources/Repositories/CoreData/CoreDataProjectLogRepository.swift:40:29: warning: call to actor-isolated instance method 'mapEntityToModel' in a synchronous nonisolated context
            return try self.mapEntityToModel(entity)
                            ^
/Users/binde/Library/Mobile Documents/com~apple~CloudDocs/Flameworker/Flameworker/Sources/Repositories/CoreData/CoreDataProjectLogRepository.swift:160:18: note: calls to instance method 'mapEntityToModel' from outside of its actor context are implicitly asynchronous
    private func mapEntityToModel(_ entity: ProjectLog) throws -> ProjectLogModel {
                 ^
/Users/binde/Library/Mobile Documents/com~apple~CloudDocs/Flameworker/Flameworker/Sources/Repositories/CoreData/CoreDataProjectLogRepository.swift:50:55: warning: call to actor-isolated instance method 'mapEntityToModel' in a synchronous nonisolated context
            return try entities.compactMap { try self.mapEntityToModel($0) }
                                                      ^
/Users/binde/Library/Mobile Documents/com~apple~CloudDocs/Flameworker/Flameworker/Sources/Repositories/CoreData/CoreDataProjectLogRepository.swift:160:18: note: calls to instance method 'mapEntityToModel' from outside of its actor context are implicitly asynchronous
    private func mapEntityToModel(_ entity: ProjectLog) throws -> ProjectLogModel {
                 ^
/Users/binde/Library/Mobile Documents/com~apple~CloudDocs/Flameworker/Flameworker/Sources/Repositories/CoreData/CoreDataProjectLogRepository.swift:65:55: warning: call to actor-isolated instance method 'mapEntityToModel' in a synchronous nonisolated context
            return try entities.compactMap { try self.mapEntityToModel($0) }
                                                      ^
/Users/binde/Library/Mobile Documents/com~apple~CloudDocs/Flameworker/Flameworker/Sources/Repositories/CoreData/CoreDataProjectLogRepository.swift:160:18: note: calls to instance method 'mapEntityToModel' from outside of its actor context are implicitly asynchronous
    private func mapEntityToModel(_ entity: ProjectLog) throws -> ProjectLogModel {
                 ^
/Users/binde/Library/Mobile Documents/com~apple~CloudDocs/Flameworker/Flameworker/Sources/Repositories/CoreData/CoreDataProjectLogRepository.swift:78:18: warning: call to actor-isolated instance method 'mapModelToEntity(_:entity:)' in a synchronous nonisolated context
            self.mapModelToEntity(log, entity: entity)
                 ^
/Users/binde/Library/Mobile Documents/com~apple~CloudDocs/Flameworker/Flameworker/Sources/Repositories/CoreData/CoreDataProjectLogRepository.swift:137:18: note: calls to instance method 'mapModelToEntity(_:entity:)' from outside of its actor context are implicitly asynchronous
    private func mapModelToEntity(_ model: ProjectLogModel, entity: ProjectLog) {
                 ^
/Users/binde/Library/Mobile Documents/com~apple~CloudDocs/Flameworker/Flameworker/Sources/Repositories/CoreData/CoreDataProjectLogRepository.swift:110:55: warning: call to actor-isolated instance method 'mapEntityToModel' in a synchronous nonisolated context
            return try entities.compactMap { try self.mapEntityToModel($0) }
                                                      ^
/Users/binde/Library/Mobile Documents/com~apple~CloudDocs/Flameworker/Flameworker/Sources/Repositories/CoreData/CoreDataProjectLogRepository.swift:160:18: note: calls to instance method 'mapEntityToModel' from outside of its actor context are implicitly asynchronous
    private func mapEntityToModel(_ entity: ProjectLog) throws -> ProjectLogModel {
                 ^
/Users/binde/Library/Mobile Documents/com~apple~CloudDocs/Flameworker/Flameworker/Sources/Repositories/CoreData/CoreDataProjectLogRepository.swift:124:55: warning: call to actor-isolated instance method 'mapEntityToModel' in a synchronous nonisolated context
            return try entities.compactMap { try self.mapEntityToModel($0) }
                                                      ^
/Users/binde/Library/Mobile Documents/com~apple~CloudDocs/Flameworker/Flameworker/Sources/Repositories/CoreData/CoreDataProjectLogRepository.swift:160:18: note: calls to instance method 'mapEntityToModel' from outside of its actor context are implicitly asynchronous
    private func mapEntityToModel(_ entity: ProjectLog) throws -> ProjectLogModel {
                 ^
/Users/binde/Library/Mobile Documents/com~apple~CloudDocs/Flameworker/Flameworker/Sources/Repositories/CoreData/CoreDataProjectLogRepository.swift:138:16: warning: main actor-isolated property 'id' can not be mutated on a nonisolated actor instance
        entity.id = model.id
               ^
/Users/binde/Library/Developer/Xcode/DerivedData/Flameworker-ceyhfmivhguynagohidrsoqdxgqb/Build/Intermediates.noindex/Flameworker.build/Debug/Flameworker.build/DerivedSources/CoreDataGenerated/Flameworker/ProjectLog+CoreDataProperties.swift:30:27: note: mutation of this property is only permitted within the actor
    @NSManaged public var id: UUID?
                          ^
/Users/binde/Library/Mobile Documents/com~apple~CloudDocs/Flameworker/Flameworker/Sources/Repositories/CoreData/CoreDataProjectLogRepository.swift:139:16: warning: main actor-isolated property 'title' can not be mutated on a nonisolated actor instance
        entity.title = model.title
               ^
/Users/binde/Library/Developer/Xcode/DerivedData/Flameworker-ceyhfmivhguynagohidrsoqdxgqb/Build/Intermediates.noindex/Flameworker.build/Debug/Flameworker.build/DerivedSources/CoreDataGenerated/Flameworker/ProjectLog+CoreDataProperties.swift:39:27: note: mutation of this property is only permitted within the actor
    @NSManaged public var title: String?
                          ^
/Users/binde/Library/Mobile Documents/com~apple~CloudDocs/Flameworker/Flameworker/Sources/Repositories/CoreData/CoreDataProjectLogRepository.swift:140:16: warning: main actor-isolated property 'date_created' can not be mutated on a nonisolated actor instance
        entity.date_created = model.dateCreated
               ^
/Users/binde/Library/Developer/Xcode/DerivedData/Flameworker-ceyhfmivhguynagohidrsoqdxgqb/Build/Intermediates.noindex/Flameworker.build/Debug/Flameworker.build/DerivedSources/CoreDataGenerated/Flameworker/ProjectLog+CoreDataProperties.swift:25:27: note: mutation of this property is only permitted within the actor
    @NSManaged public var date_created: Date?
                          ^
/Users/binde/Library/Mobile Documents/com~apple~CloudDocs/Flameworker/Flameworker/Sources/Repositories/CoreData/CoreDataProjectLogRepository.swift:141:16: warning: main actor-isolated property 'date_modified' can not be mutated on a nonisolated actor instance
        entity.date_modified = model.dateModified
               ^
/Users/binde/Library/Developer/Xcode/DerivedData/Flameworker-ceyhfmivhguynagohidrsoqdxgqb/Build/Intermediates.noindex/Flameworker.build/Debug/Flameworker.build/DerivedSources/CoreDataGenerated/Flameworker/ProjectLog+CoreDataProperties.swift:26:27: note: mutation of this property is only permitted within the actor
    @NSManaged public var date_modified: Date?
                          ^
/Users/binde/Library/Mobile Documents/com~apple~CloudDocs/Flameworker/Flameworker/Sources/Repositories/CoreData/CoreDataProjectLogRepository.swift:142:16: warning: main actor-isolated property 'project_date' can not be mutated on a nonisolated actor instance
        entity.project_date = model.projectDate
               ^
/Users/binde/Library/Developer/Xcode/DerivedData/Flameworker-ceyhfmivhguynagohidrsoqdxgqb/Build/Intermediates.noindex/Flameworker.build/Debug/Flameworker.build/DerivedSources/CoreDataGenerated/Flameworker/ProjectLog+CoreDataProperties.swift:34:27: note: mutation of this property is only permitted within the actor
    @NSManaged public var project_date: Date?
                          ^
/Users/binde/Library/Mobile Documents/com~apple~CloudDocs/Flameworker/Flameworker/Sources/Repositories/CoreData/CoreDataProjectLogRepository.swift:143:16: warning: main actor-isolated property 'based_on_plan_id' can not be mutated on a nonisolated actor instance
        entity.based_on_plan_id = model.basedOnPlanId
               ^
/Users/binde/Library/Developer/Xcode/DerivedData/Flameworker-ceyhfmivhguynagohidrsoqdxgqb/Build/Intermediates.noindex/Flameworker.build/Debug/Flameworker.build/DerivedSources/CoreDataGenerated/Flameworker/ProjectLog+CoreDataProperties.swift:22:27: note: mutation of this property is only permitted within the actor
    @NSManaged public var based_on_plan_id: UUID?
                          ^
/Users/binde/Library/Mobile Documents/com~apple~CloudDocs/Flameworker/Flameworker/Sources/Repositories/CoreData/CoreDataProjectLogRepository.swift:144:16: warning: main actor-isolated property 'coe' can not be mutated on a nonisolated actor instance
        entity.coe = model.coe
               ^
/Users/binde/Library/Developer/Xcode/DerivedData/Flameworker-ceyhfmivhguynagohidrsoqdxgqb/Build/Intermediates.noindex/Flameworker.build/Debug/Flameworker.build/DerivedSources/CoreDataGenerated/Flameworker/ProjectLog+CoreDataProperties.swift:24:27: note: mutation of this property is only permitted within the actor
    @NSManaged public var coe: String?
                          ^
/Users/binde/Library/Mobile Documents/com~apple~CloudDocs/Flameworker/Flameworker/Sources/Repositories/CoreData/CoreDataProjectLogRepository.swift:145:16: warning: main actor-isolated property 'notes' can not be mutated on a nonisolated actor instance
        entity.notes = model.notes
               ^
/Users/binde/Library/Developer/Xcode/DerivedData/Flameworker-ceyhfmivhguynagohidrsoqdxgqb/Build/Intermediates.noindex/Flameworker.build/Debug/Flameworker.build/DerivedSources/CoreDataGenerated/Flameworker/ProjectLog+CoreDataProperties.swift:32:27: note: mutation of this property is only permitted within the actor
    @NSManaged public var notes: String?
                          ^
/Users/binde/Library/Mobile Documents/com~apple~CloudDocs/Flameworker/Flameworker/Sources/Repositories/CoreData/CoreDataProjectLogRepository.swift:146:16: warning: main actor-isolated property 'hero_image_id' can not be mutated on a nonisolated actor instance
        entity.hero_image_id = model.heroImageId
               ^
/Users/binde/Library/Developer/Xcode/DerivedData/Flameworker-ceyhfmivhguynagohidrsoqdxgqb/Build/Intermediates.noindex/Flameworker.build/Debug/Flameworker.build/DerivedSources/CoreDataGenerated/Flameworker/ProjectLog+CoreDataProperties.swift:28:27: note: mutation of this property is only permitted within the actor
    @NSManaged public var hero_image_id: UUID?
                          ^
/Users/binde/Library/Mobile Documents/com~apple~CloudDocs/Flameworker/Flameworker/Sources/Repositories/CoreData/CoreDataProjectLogRepository.swift:147:16: warning: main actor-isolated property 'status' can not be mutated on a nonisolated actor instance
        entity.status = model.status.rawValue
               ^
/Users/binde/Library/Developer/Xcode/DerivedData/Flameworker-ceyhfmivhguynagohidrsoqdxgqb/Build/Intermediates.noindex/Flameworker.build/Debug/Flameworker.build/DerivedSources/CoreDataGenerated/Flameworker/ProjectLog+CoreDataProperties.swift:36:27: note: mutation of this property is only permitted within the actor
    @NSManaged public var status: String?
                          ^
/Users/binde/Library/Mobile Documents/com~apple~CloudDocs/Flameworker/Flameworker/Sources/Repositories/CoreData/CoreDataProjectLogRepository.swift:148:16: warning: main actor-isolated property 'price_point' can not be mutated on a nonisolated actor instance
        entity.price_point = model.pricePoint as NSDecimalNumber?
               ^
/Users/binde/Library/Developer/Xcode/DerivedData/Flameworker-ceyhfmivhguynagohidrsoqdxgqb/Build/Intermediates.noindex/Flameworker.build/Debug/Flameworker.build/DerivedSources/CoreDataGenerated/Flameworker/ProjectLog+CoreDataProperties.swift:33:27: note: mutation of this property is only permitted within the actor
    @NSManaged public var price_point: NSDecimalNumber?
                          ^
/Users/binde/Library/Mobile Documents/com~apple~CloudDocs/Flameworker/Flameworker/Sources/Repositories/CoreData/CoreDataProjectLogRepository.swift:149:16: warning: main actor-isolated property 'sale_date' can not be mutated on a nonisolated actor instance
        entity.sale_date = model.saleDate
               ^
/Users/binde/Library/Developer/Xcode/DerivedData/Flameworker-ceyhfmivhguynagohidrsoqdxgqb/Build/Intermediates.noindex/Flameworker.build/Debug/Flameworker.build/DerivedSources/CoreDataGenerated/Flameworker/ProjectLog+CoreDataProperties.swift:35:27: note: mutation of this property is only permitted within the actor
    @NSManaged public var sale_date: Date?
                          ^
/Users/binde/Library/Mobile Documents/com~apple~CloudDocs/Flameworker/Flameworker/Sources/Repositories/CoreData/CoreDataProjectLogRepository.swift:150:16: warning: main actor-isolated property 'buyer_info' can not be mutated on a nonisolated actor instance
        entity.buyer_info = model.buyerInfo
               ^
/Users/binde/Library/Developer/Xcode/DerivedData/Flameworker-ceyhfmivhguynagohidrsoqdxgqb/Build/Intermediates.noindex/Flameworker.build/Debug/Flameworker.build/DerivedSources/CoreDataGenerated/Flameworker/ProjectLog+CoreDataProperties.swift:23:27: note: mutation of this property is only permitted within the actor
    @NSManaged public var buyer_info: String?
                          ^
/Users/binde/Library/Mobile Documents/com~apple~CloudDocs/Flameworker/Flameworker/Sources/Repositories/CoreData/CoreDataProjectLogRepository.swift:151:16: warning: main actor-isolated property 'hours_spent' can not be mutated on a nonisolated actor instance
        entity.hours_spent = model.hoursSpent as NSDecimalNumber?
               ^
/Users/binde/Library/Developer/Xcode/DerivedData/Flameworker-ceyhfmivhguynagohidrsoqdxgqb/Build/Intermediates.noindex/Flameworker.build/Debug/Flameworker.build/DerivedSources/CoreDataGenerated/Flameworker/ProjectLog+CoreDataProperties.swift:29:27: note: mutation of this property is only permitted within the actor
    @NSManaged public var hours_spent: NSDecimalNumber?
                          ^
/Users/binde/Library/Mobile Documents/com~apple~CloudDocs/Flameworker/Flameworker/Sources/Repositories/CoreData/CoreDataProjectLogRepository.swift:152:16: warning: main actor-isolated property 'inventory_deduction_recorded' can not be mutated on a nonisolated actor instance
        entity.inventory_deduction_recorded = model.inventoryDeductionRecorded
               ^
/Users/binde/Library/Developer/Xcode/DerivedData/Flameworker-ceyhfmivhguynagohidrsoqdxgqb/Build/Intermediates.noindex/Flameworker.build/Debug/Flameworker.build/DerivedSources/CoreDataGenerated/Flameworker/ProjectLog+CoreDataProperties.swift:31:27: note: mutation of this property is only permitted within the actor
    @NSManaged public var inventory_deduction_recorded: Bool
                          ^
/Users/binde/Library/Mobile Documents/com~apple~CloudDocs/Flameworker/Flameworker/Sources/Repositories/CoreData/CoreDataProjectLogRepository.swift:155:16: warning: main actor-isolated property 'tags' can not be mutated on a nonisolated actor instance
        entity.tags = (try? JSONEncoder().encode(model.tags)) as NSObject?
               ^
/Users/binde/Library/Developer/Xcode/DerivedData/Flameworker-ceyhfmivhguynagohidrsoqdxgqb/Build/Intermediates.noindex/Flameworker.build/Debug/Flameworker.build/DerivedSources/CoreDataGenerated/Flameworker/ProjectLog+CoreDataProperties.swift:37:27: note: mutation of this property is only permitted within the actor
    @NSManaged public var tags: NSObject?
                          ^
/Users/binde/Library/Mobile Documents/com~apple~CloudDocs/Flameworker/Flameworker/Sources/Repositories/CoreData/CoreDataProjectLogRepository.swift:156:16: warning: main actor-isolated property 'techniques_used' can not be mutated on a nonisolated actor instance
        entity.techniques_used = (try? JSONEncoder().encode(model.techniquesUsed)) as NSObject?
               ^
/Users/binde/Library/Developer/Xcode/DerivedData/Flameworker-ceyhfmivhguynagohidrsoqdxgqb/Build/Intermediates.noindex/Flameworker.build/Debug/Flameworker.build/DerivedSources/CoreDataGenerated/Flameworker/ProjectLog+CoreDataProperties.swift:38:27: note: mutation of this property is only permitted within the actor
    @NSManaged public var techniques_used: NSObject?
                          ^
/Users/binde/Library/Mobile Documents/com~apple~CloudDocs/Flameworker/Flameworker/Sources/Repositories/CoreData/CoreDataProjectLogRepository.swift:157:16: warning: main actor-isolated property 'glass_items_data' can not be mutated on a nonisolated actor instance
        entity.glass_items_data = (try? JSONEncoder().encode(model.glassItems)) as NSObject?
               ^
/Users/binde/Library/Developer/Xcode/DerivedData/Flameworker-ceyhfmivhguynagohidrsoqdxgqb/Build/Intermediates.noindex/Flameworker.build/Debug/Flameworker.build/DerivedSources/CoreDataGenerated/Flameworker/ProjectLog+CoreDataProperties.swift:27:27: note: mutation of this property is only permitted within the actor
    @NSManaged public var glass_items_data: NSObject?
                          ^
/Users/binde/Library/Mobile Documents/com~apple~CloudDocs/Flameworker/Flameworker/Sources/Repositories/CoreData/CoreDataProjectLogRepository.swift:161:31: warning: main actor-isolated property 'id' can not be referenced on a nonisolated actor instance
        guard let id = entity.id,
                              ^
/Users/binde/Library/Developer/Xcode/DerivedData/Flameworker-ceyhfmivhguynagohidrsoqdxgqb/Build/Intermediates.noindex/Flameworker.build/Debug/Flameworker.build/DerivedSources/CoreDataGenerated/Flameworker/ProjectLog+CoreDataProperties.swift:30:27: note: property declared here
    @NSManaged public var id: UUID?
                          ^
/Users/binde/Library/Mobile Documents/com~apple~CloudDocs/Flameworker/Flameworker/Sources/Repositories/CoreData/CoreDataProjectLogRepository.swift:162:34: warning: main actor-isolated property 'title' can not be referenced on a nonisolated actor instance
              let title = entity.title,
                                 ^
/Users/binde/Library/Developer/Xcode/DerivedData/Flameworker-ceyhfmivhguynagohidrsoqdxgqb/Build/Intermediates.noindex/Flameworker.build/Debug/Flameworker.build/DerivedSources/CoreDataGenerated/Flameworker/ProjectLog+CoreDataProperties.swift:39:27: note: property declared here
    @NSManaged public var title: String?
                          ^
/Users/binde/Library/Mobile Documents/com~apple~CloudDocs/Flameworker/Flameworker/Sources/Repositories/CoreData/CoreDataProjectLogRepository.swift:163:40: warning: main actor-isolated property 'date_created' can not be referenced on a nonisolated actor instance
              let dateCreated = entity.date_created,
                                       ^
/Users/binde/Library/Developer/Xcode/DerivedData/Flameworker-ceyhfmivhguynagohidrsoqdxgqb/Build/Intermediates.noindex/Flameworker.build/Debug/Flameworker.build/DerivedSources/CoreDataGenerated/Flameworker/ProjectLog+CoreDataProperties.swift:25:27: note: property declared here
    @NSManaged public var date_created: Date?
                          ^
/Users/binde/Library/Mobile Documents/com~apple~CloudDocs/Flameworker/Flameworker/Sources/Repositories/CoreData/CoreDataProjectLogRepository.swift:164:41: warning: main actor-isolated property 'date_modified' can not be referenced on a nonisolated actor instance
              let dateModified = entity.date_modified,
                                        ^
/Users/binde/Library/Developer/Xcode/DerivedData/Flameworker-ceyhfmivhguynagohidrsoqdxgqb/Build/Intermediates.noindex/Flameworker.build/Debug/Flameworker.build/DerivedSources/CoreDataGenerated/Flameworker/ProjectLog+CoreDataProperties.swift:26:27: note: property declared here
    @NSManaged public var date_modified: Date?
                          ^
/Users/binde/Library/Mobile Documents/com~apple~CloudDocs/Flameworker/Flameworker/Sources/Repositories/CoreData/CoreDataProjectLogRepository.swift:165:41: warning: main actor-isolated property 'status' can not be referenced on a nonisolated actor instance
              let statusString = entity.status,
                                        ^
/Users/binde/Library/Developer/Xcode/DerivedData/Flameworker-ceyhfmivhguynagohidrsoqdxgqb/Build/Intermediates.noindex/Flameworker.build/Debug/Flameworker.build/DerivedSources/CoreDataGenerated/Flameworker/ProjectLog+CoreDataProperties.swift:36:27: note: property declared here
    @NSManaged public var status: String?
                          ^
/Users/binde/Library/Mobile Documents/com~apple~CloudDocs/Flameworker/Flameworker/Sources/Repositories/CoreData/CoreDataProjectLogRepository.swift:172:34: warning: main actor-isolated property 'tags' can not be referenced on a nonisolated actor instance
        if let tagsData = entity.tags as? Data {
                                 ^
/Users/binde/Library/Developer/Xcode/DerivedData/Flameworker-ceyhfmivhguynagohidrsoqdxgqb/Build/Intermediates.noindex/Flameworker.build/Debug/Flameworker.build/DerivedSources/CoreDataGenerated/Flameworker/ProjectLog+CoreDataProperties.swift:37:27: note: property declared here
    @NSManaged public var tags: NSObject?
                          ^
/Users/binde/Library/Mobile Documents/com~apple~CloudDocs/Flameworker/Flameworker/Sources/Repositories/CoreData/CoreDataProjectLogRepository.swift:177:40: warning: main actor-isolated property 'techniques_used' can not be referenced on a nonisolated actor instance
        if let techniquesData = entity.techniques_used as? Data {
                                       ^
/Users/binde/Library/Developer/Xcode/DerivedData/Flameworker-ceyhfmivhguynagohidrsoqdxgqb/Build/Intermediates.noindex/Flameworker.build/Debug/Flameworker.build/DerivedSources/CoreDataGenerated/Flameworker/ProjectLog+CoreDataProperties.swift:38:27: note: property declared here
    @NSManaged public var techniques_used: NSObject?
                          ^
/Users/binde/Library/Mobile Documents/com~apple~CloudDocs/Flameworker/Flameworker/Sources/Repositories/CoreData/CoreDataProjectLogRepository.swift:182:40: warning: main actor-isolated property 'glass_items_data' can not be referenced on a nonisolated actor instance
        if let glassItemsData = entity.glass_items_data as? Data {
                                       ^
/Users/binde/Library/Developer/Xcode/DerivedData/Flameworker-ceyhfmivhguynagohidrsoqdxgqb/Build/Intermediates.noindex/Flameworker.build/Debug/Flameworker.build/DerivedSources/CoreDataGenerated/Flameworker/ProjectLog+CoreDataProperties.swift:27:27: note: property declared here
    @NSManaged public var glass_items_data: NSObject?
                          ^
/Users/binde/Library/Mobile Documents/com~apple~CloudDocs/Flameworker/Flameworker/Sources/Repositories/CoreData/CoreDataProjectLogRepository.swift:186:16: warning: call to main actor-isolated initializer 'init(id:title:dateCreated:dateModified:projectDate:basedOnPlanId:tags:coe:notes:techniquesUsed:hoursSpent:images:heroImageId:glassItems:pricePoint:saleDate:buyerInfo:status:inventoryDeductionRecorded:)' in a synchronous actor-isolated context
        return ProjectLogModel(
               ^
/Users/binde/Library/Mobile Documents/com~apple~CloudDocs/Flameworker/Flameworker/Sources/Models/Domain/ProjectModels.swift:285:5: note: calls to initializer 'init(id:title:dateCreated:dateModified:projectDate:basedOnPlanId:tags:coe:notes:techniquesUsed:hoursSpent:images:heroImageId:glassItems:pricePoint:saleDate:buyerInfo:status:inventoryDeductionRecorded:)' from outside of its actor context are implicitly asynchronous
    init(
    ^
/Users/binde/Library/Mobile Documents/com~apple~CloudDocs/Flameworker/Flameworker/Sources/Repositories/CoreData/CoreDataProjectLogRepository.swift:191:33: warning: main actor-isolated property 'project_date' can not be referenced on a nonisolated actor instance
            projectDate: entity.project_date,
                                ^
/Users/binde/Library/Developer/Xcode/DerivedData/Flameworker-ceyhfmivhguynagohidrsoqdxgqb/Build/Intermediates.noindex/Flameworker.build/Debug/Flameworker.build/DerivedSources/CoreDataGenerated/Flameworker/ProjectLog+CoreDataProperties.swift:34:27: note: property declared here
    @NSManaged public var project_date: Date?
                          ^
/Users/binde/Library/Mobile Documents/com~apple~CloudDocs/Flameworker/Flameworker/Sources/Repositories/CoreData/CoreDataProjectLogRepository.swift:192:35: warning: main actor-isolated property 'based_on_plan_id' can not be referenced on a nonisolated actor instance
            basedOnPlanId: entity.based_on_plan_id,
                                  ^
/Users/binde/Library/Developer/Xcode/DerivedData/Flameworker-ceyhfmivhguynagohidrsoqdxgqb/Build/Intermediates.noindex/Flameworker.build/Debug/Flameworker.build/DerivedSources/CoreDataGenerated/Flameworker/ProjectLog+CoreDataProperties.swift:22:27: note: property declared here
    @NSManaged public var based_on_plan_id: UUID?
                          ^
/Users/binde/Library/Mobile Documents/com~apple~CloudDocs/Flameworker/Flameworker/Sources/Repositories/CoreData/CoreDataProjectLogRepository.swift:194:25: warning: main actor-isolated property 'coe' can not be referenced on a nonisolated actor instance
            coe: entity.coe ?? "any",
                        ^
/Users/binde/Library/Developer/Xcode/DerivedData/Flameworker-ceyhfmivhguynagohidrsoqdxgqb/Build/Intermediates.noindex/Flameworker.build/Debug/Flameworker.build/DerivedSources/CoreDataGenerated/Flameworker/ProjectLog+CoreDataProperties.swift:24:27: note: property declared here
    @NSManaged public var coe: String?
                          ^
/Users/binde/Library/Mobile Documents/com~apple~CloudDocs/Flameworker/Flameworker/Sources/Repositories/CoreData/CoreDataProjectLogRepository.swift:195:27: warning: main actor-isolated property 'notes' can not be referenced on a nonisolated actor instance
            notes: entity.notes,
                          ^
/Users/binde/Library/Developer/Xcode/DerivedData/Flameworker-ceyhfmivhguynagohidrsoqdxgqb/Build/Intermediates.noindex/Flameworker.build/Debug/Flameworker.build/DerivedSources/CoreDataGenerated/Flameworker/ProjectLog+CoreDataProperties.swift:32:27: note: property declared here
    @NSManaged public var notes: String?
                          ^
/Users/binde/Library/Mobile Documents/com~apple~CloudDocs/Flameworker/Flameworker/Sources/Repositories/CoreData/CoreDataProjectLogRepository.swift:197:32: warning: main actor-isolated property 'hours_spent' can not be referenced on a nonisolated actor instance
            hoursSpent: entity.hours_spent as Decimal?,
                               ^
/Users/binde/Library/Developer/Xcode/DerivedData/Flameworker-ceyhfmivhguynagohidrsoqdxgqb/Build/Intermediates.noindex/Flameworker.build/Debug/Flameworker.build/DerivedSources/CoreDataGenerated/Flameworker/ProjectLog+CoreDataProperties.swift:29:27: note: property declared here
    @NSManaged public var hours_spent: NSDecimalNumber?
                          ^
/Users/binde/Library/Mobile Documents/com~apple~CloudDocs/Flameworker/Flameworker/Sources/Repositories/CoreData/CoreDataProjectLogRepository.swift:199:33: warning: main actor-isolated property 'hero_image_id' can not be referenced on a nonisolated actor instance
            heroImageId: entity.hero_image_id,
                                ^
/Users/binde/Library/Developer/Xcode/DerivedData/Flameworker-ceyhfmivhguynagohidrsoqdxgqb/Build/Intermediates.noindex/Flameworker.build/Debug/Flameworker.build/DerivedSources/CoreDataGenerated/Flameworker/ProjectLog+CoreDataProperties.swift:28:27: note: property declared here
    @NSManaged public var hero_image_id: UUID?
                          ^
/Users/binde/Library/Mobile Documents/com~apple~CloudDocs/Flameworker/Flameworker/Sources/Repositories/CoreData/CoreDataProjectLogRepository.swift:201:32: warning: main actor-isolated property 'price_point' can not be referenced on a nonisolated actor instance
            pricePoint: entity.price_point as Decimal?,
                               ^
/Users/binde/Library/Developer/Xcode/DerivedData/Flameworker-ceyhfmivhguynagohidrsoqdxgqb/Build/Intermediates.noindex/Flameworker.build/Debug/Flameworker.build/DerivedSources/CoreDataGenerated/Flameworker/ProjectLog+CoreDataProperties.swift:33:27: note: property declared here
    @NSManaged public var price_point: NSDecimalNumber?
                          ^
/Users/binde/Library/Mobile Documents/com~apple~CloudDocs/Flameworker/Flameworker/Sources/Repositories/CoreData/CoreDataProjectLogRepository.swift:202:30: warning: main actor-isolated property 'sale_date' can not be referenced on a nonisolated actor instance
            saleDate: entity.sale_date,
                             ^
/Users/binde/Library/Developer/Xcode/DerivedData/Flameworker-ceyhfmivhguynagohidrsoqdxgqb/Build/Intermediates.noindex/Flameworker.build/Debug/Flameworker.build/DerivedSources/CoreDataGenerated/Flameworker/ProjectLog+CoreDataProperties.swift:35:27: note: property declared here
    @NSManaged public var sale_date: Date?
                          ^
/Users/binde/Library/Mobile Documents/com~apple~CloudDocs/Flameworker/Flameworker/Sources/Repositories/CoreData/CoreDataProjectLogRepository.swift:203:31: warning: main actor-isolated property 'buyer_info' can not be referenced on a nonisolated actor instance
            buyerInfo: entity.buyer_info,
                              ^
/Users/binde/Library/Developer/Xcode/DerivedData/Flameworker-ceyhfmivhguynagohidrsoqdxgqb/Build/Intermediates.noindex/Flameworker.build/Debug/Flameworker.build/DerivedSources/CoreDataGenerated/Flameworker/ProjectLog+CoreDataProperties.swift:23:27: note: property declared here
    @NSManaged public var buyer_info: String?
                          ^
/Users/binde/Library/Mobile Documents/com~apple~CloudDocs/Flameworker/Flameworker/Sources/Repositories/CoreData/CoreDataProjectLogRepository.swift:205:48: warning: main actor-isolated property 'inventory_deduction_recorded' can not be referenced on a nonisolated actor instance
            inventoryDeductionRecorded: entity.inventory_deduction_recorded
                                               ^
/Users/binde/Library/Developer/Xcode/DerivedData/Flameworker-ceyhfmivhguynagohidrsoqdxgqb/Build/Intermediates.noindex/Flameworker.build/Debug/Flameworker.build/DerivedSources/CoreDataGenerated/Flameworker/ProjectLog+CoreDataProperties.swift:31:27: note: property declared here
    @NSManaged public var inventory_deduction_recorded: Bool
                          ^

SwiftCompile normal arm64 /Users/binde/Library/Mobile\ Documents/com~apple~CloudDocs/Flameworker/Flameworker/Sources/Repositories/CoreData/CoreDataProjectPlanRepository.swift (in target 'Flameworker' from project 'Flameworker')
    cd /Users/binde/Library/Mobile\ Documents/com\~apple\~CloudDocs/Flameworker
    

SwiftEmitModule normal arm64 Emitting\ module\ for\ Flameworker (in target 'Flameworker' from project 'Flameworker')

EmitSwiftModule normal arm64 (in target 'Flameworker' from project 'Flameworker')
    cd /Users/binde/Library/Mobile\ Documents/com\~apple\~CloudDocs/Flameworker
    
/Users/binde/Library/Mobile Documents/com~apple~CloudDocs/Flameworker/Flameworker/Sources/Views/Shared/Components/LocationAutoCompleteField.swift:140:5: warning: '@State' used inline will not work unless tagged with '@Previewable' (from macro 'Preview')
    @State var location = ""
    ^
/Users/binde/Library/Mobile Documents/com~apple~CloudDocs/Flameworker/Flameworker/Sources/Views/Shared/Components/LocationAutoCompleteField.swift:140:5: note: Add '@Previewable'
    @State var location = ""
    ^~~~~~
    @Previewable @State
/Users/binde/Library/Mobile Documents/com~apple~CloudDocs/Flameworker/Flameworker/Sources/Views/Shared/Components/StoreAutoCompleteField.swift:143:5: warning: '@State' used inline will not work unless tagged with '@Previewable' (from macro 'Preview')
    @State var store = ""
    ^
/Users/binde/Library/Mobile Documents/com~apple~CloudDocs/Flameworker/Flameworker/Sources/Views/Shared/Components/StoreAutoCompleteField.swift:143:5: note: Add '@Previewable'
    @State var store = ""
    ^~~~~~
    @Previewable @State
/Users/binde/Library/Mobile Documents/com~apple~CloudDocs/Flameworker/Flameworker/Sources/Repositories/CoreData/CoreDataCatalogRepository.swift:21:10: warning: non-Sendable parameter type 'NSPredicate?' cannot be sent from caller of protocol requirement 'fetchItems(matching:)' into main actor-isolated implementation; this is an error in the Swift 6 language mode
    func fetchItems(matching predicate: NSPredicate?) async throws -> [CatalogItemModel] {
         ^
Swift.Optional:1:21: note: generic enum 'Optional' does not conform to the 'Sendable' protocol
@frozen public enum Optional<Wrapped> : ~Copyable, ~Escapable where Wrapped : ~Copyable, Wrapped : ~Escapable {
                    ^
/Users/binde/Library/Mobile Documents/com~apple~CloudDocs/Flameworker/Flameworker/Sources/Repositories/CoreData/CoreDataInventoryRepository.swift:36:10: warning: non-Sendable parameter type 'NSPredicate?' cannot be sent from caller of protocol requirement 'fetchInventory(matching:)' into main actor-isolated implementation; this is an error in the Swift 6 language mode
    func fetchInventory(matching predicate: NSPredicate?) async throws -> [InventoryModel] {
         ^
Swift.Optional:1:21: note: generic enum 'Optional' does not conform to the 'Sendable' protocol
@frozen public enum Optional<Wrapped> : ~Copyable, ~Escapable where Wrapped : ~Copyable, Wrapped : ~Escapable {
                    ^
/Users/binde/Library/Mobile Documents/com~apple~CloudDocs/Flameworker/Flameworker/Sources/Repositories/CoreData/CoreDataLocationRepository.swift:42:10: warning: non-Sendable parameter type 'NSPredicate?' cannot be sent from caller of protocol requirement 'fetchLocations(matching:)' into main actor-isolated implementation; this is an error in the Swift 6 language mode
    func fetchLocations(matching predicate: NSPredicate?) async throws -> [LocationModel] {
         ^
Swift.Optional:1:21: note: generic enum 'Optional' does not conform to the 'Sendable' protocol
@frozen public enum Optional<Wrapped> : ~Copyable, ~Escapable where Wrapped : ~Copyable, Wrapped : ~Escapable {
                    ^
/Users/binde/Library/Mobile Documents/com~apple~CloudDocs/Flameworker/Flameworker/Sources/Repositories/CoreData/CoreDataPurchaseRecordRepository.swift:17:58: warning: main actor-isolated static property 'shared' can not be referenced from a nonisolated context
    init(persistenceController: PersistenceController = .shared) {
                                                         ^
/Users/binde/Library/Mobile Documents/com~apple~CloudDocs/Flameworker/Flameworker/Sources/Repositories/CoreData/Persistence.swift:12:16: note: static property declared here
    static let shared = PersistenceController()
               ^
/Users/binde/Library/Mobile Documents/com~apple~CloudDocs/Flameworker/Flameworker/Sources/Repositories/CoreData/CoreDataShoppingListRepository.swift:57:10: warning: non-Sendable parameter type 'NSPredicate?' cannot be sent from caller of protocol requirement 'fetchItems(matching:)' into main actor-isolated implementation; this is an error in the Swift 6 language mode
    func fetchItems(matching predicate: NSPredicate?) async throws -> [ItemShoppingModel] {
         ^
Swift.Optional:1:21: note: generic enum 'Optional' does not conform to the 'Sendable' protocol
@frozen public enum Optional<Wrapped> : ~Copyable, ~Escapable where Wrapped : ~Copyable, Wrapped : ~Escapable {
                    ^
/Users/binde/Library/Mobile Documents/com~apple~CloudDocs/Flameworker/Flameworker/Sources/Repositories/Mock/MockCatalogRepository.swift:16:10: warning: non-Sendable parameter type 'NSPredicate?' cannot be sent from caller of protocol requirement 'fetchItems(matching:)' into main actor-isolated implementation; this is an error in the Swift 6 language mode
    func fetchItems(matching predicate: NSPredicate?) async throws -> [CatalogItemModel] {
         ^
Swift.Optional:1:21: note: generic enum 'Optional' does not conform to the 'Sendable' protocol
@frozen public enum Optional<Wrapped> : ~Copyable, ~Escapable where Wrapped : ~Copyable, Wrapped : ~Escapable {
                    ^
/Users/binde/Library/Mobile Documents/com~apple~CloudDocs/Flameworker/Flameworker/Sources/Repositories/Mock/MockGlassItemRepository.swift:60:10: warning: non-Sendable parameter type 'NSPredicate?' cannot be sent from caller of protocol requirement 'fetchItems(matching:)' into main actor-isolated implementation; this is an error in the Swift 6 language mode
    func fetchItems(matching predicate: NSPredicate?) async throws -> [GlassItemModel] {
         ^
Swift.Optional:1:21: note: generic enum 'Optional' does not conform to the 'Sendable' protocol
@frozen public enum Optional<Wrapped> : ~Copyable, ~Escapable where Wrapped : ~Copyable, Wrapped : ~Escapable {
                    ^
/Users/binde/Library/Mobile Documents/com~apple~CloudDocs/Flameworker/Flameworker/Sources/Repositories/Mock/MockInventoryRepository.swift:64:10: warning: non-Sendable parameter type 'NSPredicate?' cannot be sent from caller of protocol requirement 'fetchInventory(matching:)' into main actor-isolated implementation; this is an error in the Swift 6 language mode
    func fetchInventory(matching predicate: NSPredicate?) async throws -> [InventoryModel] {
         ^
Swift.Optional:1:21: note: generic enum 'Optional' does not conform to the 'Sendable' protocol
@frozen public enum Optional<Wrapped> : ~Copyable, ~Escapable where Wrapped : ~Copyable, Wrapped : ~Escapable {
                    ^
/Users/binde/Library/Mobile Documents/com~apple~CloudDocs/Flameworker/Flameworker/Sources/Repositories/Mock/MockItemMinimumRepository.swift:68:10: warning: non-Sendable parameter type 'NSPredicate?' cannot be sent from caller of protocol requirement 'fetchMinimums(matching:)' into main actor-isolated implementation; this is an error in the Swift 6 language mode
    func fetchMinimums(matching predicate: NSPredicate?) async throws -> [ItemMinimumModel] {
         ^
Swift.Optional:1:21: note: generic enum 'Optional' does not conform to the 'Sendable' protocol
@frozen public enum Optional<Wrapped> : ~Copyable, ~Escapable where Wrapped : ~Copyable, Wrapped : ~Escapable {
                    ^
/Users/binde/Library/Mobile Documents/com~apple~CloudDocs/Flameworker/Flameworker/Sources/Repositories/Mock/MockLocationRepository.swift:66:10: warning: non-Sendable parameter type 'NSPredicate?' cannot be sent from caller of protocol requirement 'fetchLocations(matching:)' into main actor-isolated implementation; this is an error in the Swift 6 language mode
    func fetchLocations(matching predicate: NSPredicate?) async throws -> [LocationModel] {
         ^
Swift.Optional:1:21: note: generic enum 'Optional' does not conform to the 'Sendable' protocol
@frozen public enum Optional<Wrapped> : ~Copyable, ~Escapable where Wrapped : ~Copyable, Wrapped : ~Escapable {
                    ^
/Users/binde/Library/Mobile Documents/com~apple~CloudDocs/Flameworker/Flameworker/Sources/Repositories/Mock/MockShoppingListRepository.swift:77:10: warning: non-Sendable parameter type 'NSPredicate?' cannot be sent from caller of protocol requirement 'fetchItems(matching:)' into main actor-isolated implementation; this is an error in the Swift 6 language mode
    func fetchItems(matching predicate: NSPredicate?) async throws -> [ItemShoppingModel] {
         ^
Swift.Optional:1:21: note: generic enum 'Optional' does not conform to the 'Sendable' protocol
@frozen public enum Optional<Wrapped> : ~Copyable, ~Escapable where Wrapped : ~Copyable, Wrapped : ~Escapable {
                    ^
/Users/binde/Library/Mobile Documents/com~apple~CloudDocs/Flameworker/Flameworker/Sources/Repositories/Protocols/CoreDataGlassItemRepository.swift:26:10: warning: non-Sendable parameter type 'NSPredicate?' cannot be sent from caller of protocol requirement 'fetchItems(matching:)' into main actor-isolated implementation; this is an error in the Swift 6 language mode
    func fetchItems(matching predicate: NSPredicate?) async throws -> [GlassItemModel] {
         ^
Swift.Optional:1:21: note: generic enum 'Optional' does not conform to the 'Sendable' protocol
@frozen public enum Optional<Wrapped> : ~Copyable, ~Escapable where Wrapped : ~Copyable, Wrapped : ~Escapable {
                    ^
/Users/binde/Library/Mobile Documents/com~apple~CloudDocs/Flameworker/Flameworker/Sources/Services/Core/GlassItemDataLoadingService.swift:172:60: warning: main actor-isolated static property 'default' can not be referenced from a nonisolated context
    func loadGlassItemsFromJSON(options: LoadingOptions = .default) async throws -> GlassItemLoadingResult {
                                                           ^
/Users/binde/Library/Mobile Documents/com~apple~CloudDocs/Flameworker/Flameworker/Sources/Services/Core/GlassItemDataLoadingService.swift:114:20: note: static property declared here
        static let `default` = LoadingOptions(
                   ^
/Users/binde/Library/Mobile Documents/com~apple~CloudDocs/Flameworker/Flameworker/Sources/Services/Core/GlassItemDataLoadingService.swift:253:69: warning: main actor-isolated static property 'default' can not be referenced from a nonisolated context
    func loadGlassItemsAndUpdateExisting(options: LoadingOptions = .default) async throws -> GlassItemLoadingResult {
                                                                    ^
/Users/binde/Library/Mobile Documents/com~apple~CloudDocs/Flameworker/Flameworker/Sources/Services/Core/GlassItemDataLoadingService.swift:114:20: note: static property declared here
        static let `default` = LoadingOptions(
                   ^
/Users/binde/Library/Mobile Documents/com~apple~CloudDocs/Flameworker/Flameworker/Sources/Services/Core/GlassItemDataLoadingService.swift:275:67: warning: main actor-isolated static property 'default' can not be referenced from a nonisolated context
    func loadGlassItemsFromJSONIfEmpty(options: LoadingOptions = .default) async throws -> GlassItemLoadingResult? {
                                                                  ^
/Users/binde/Library/Mobile Documents/com~apple~CloudDocs/Flameworker/Flameworker/Sources/Services/Core/GlassItemDataLoadingService.swift:114:20: note: static property declared here
        static let `default` = LoadingOptions(
                   ^

SwiftCompile normal arm64 Compiling\ ReportingService.swift,\ CatalogService.swift,\ GlassItemDataLoadingService.swift,\ InventoryModels.swift,\ DataLoadingService.swift,\ CatalogViewIntegration.swift,\ CatalogItemDetailView.swift /Users/binde/Library/Mobile\ Documents/com~apple~CloudDocs/Flameworker/Flameworker/Sources/Services/Coordination/ReportingService.swift /Users/binde/Library/Mobile\ Documents/com~apple~CloudDocs/Flameworker/Flameworker/Sources/Services/Core/CatalogService.swift /Users/binde/Library/Mobile\ Documents/com~apple~CloudDocs/Flameworker/Flameworker/Sources/Services/Core/GlassItemDataLoadingService.swift /Users/binde/Library/Mobile\ Documents/com~apple~CloudDocs/Flameworker/Flameworker/Sources/Services/Core/InventoryModels.swift /Users/binde/Library/Mobile\ Documents/com~apple~CloudDocs/Flameworker/Flameworker/Sources/Services/DataLoading/DataLoadingService.swift /Users/binde/Library/Mobile\ Documents/com~apple~CloudDocs/Flameworker/Flameworker/Sources/Views/Catalog/Helpers/CatalogViewIntegration.swift /Users/binde/Library/Mobile\ Documents/com~apple~CloudDocs/Flameworker/Flameworker/Sources/Views/Catalog/CatalogItemDetailView.swift (in target 'Flameworker' from project 'Flameworker')
SwiftCompile normal arm64 /Users/binde/Library/Mobile\ Documents/com~apple~CloudDocs/Flameworker/Flameworker/Sources/Services/Coordination/ReportingService.swift (in target 'Flameworker' from project 'Flameworker')
    cd /Users/binde/Library/Mobile\ Documents/com\~apple\~CloudDocs/Flameworker
    

SwiftCompile normal arm64 /Users/binde/Library/Mobile\ Documents/com~apple~CloudDocs/Flameworker/Flameworker/Sources/Services/Core/CatalogService.swift (in target 'Flameworker' from project 'Flameworker')
    cd /Users/binde/Library/Mobile\ Documents/com\~apple\~CloudDocs/Flameworker
    
/Users/binde/Library/Mobile Documents/com~apple~CloudDocs/Flameworker/Flameworker/Sources/Services/Core/CatalogService.swift:343:13: warning: initialization of immutable value 'trackingService' was never used; consider replacing with assignment to '_' or removing it
        let trackingService = inventoryTrackingService
        ~~~~^~~~~~~~~~~~~~~
        _

SwiftCompile normal arm64 /Users/binde/Library/Mobile\ Documents/com~apple~CloudDocs/Flameworker/Flameworker/Sources/Services/Core/GlassItemDataLoadingService.swift (in target 'Flameworker' from project 'Flameworker')
    cd /Users/binde/Library/Mobile\ Documents/com\~apple\~CloudDocs/Flameworker
    
/Users/binde/Library/Mobile Documents/com~apple~CloudDocs/Flameworker/Flameworker/Sources/Services/Core/GlassItemDataLoadingService.swift:172:60: warning: main actor-isolated static property 'default' can not be referenced from a nonisolated context
    func loadGlassItemsFromJSON(options: LoadingOptions = .default) async throws -> GlassItemLoadingResult {
                                                           ^
/Users/binde/Library/Mobile Documents/com~apple~CloudDocs/Flameworker/Flameworker/Sources/Services/Core/GlassItemDataLoadingService.swift:114:20: note: static property declared here
        static let `default` = LoadingOptions(
                   ^
/Users/binde/Library/Mobile Documents/com~apple~CloudDocs/Flameworker/Flameworker/Sources/Services/Core/GlassItemDataLoadingService.swift:253:69: warning: main actor-isolated static property 'default' can not be referenced from a nonisolated context
    func loadGlassItemsAndUpdateExisting(options: LoadingOptions = .default) async throws -> GlassItemLoadingResult {
                                                                    ^
/Users/binde/Library/Mobile Documents/com~apple~CloudDocs/Flameworker/Flameworker/Sources/Services/Core/GlassItemDataLoadingService.swift:114:20: note: static property declared here
        static let `default` = LoadingOptions(
                   ^
/Users/binde/Library/Mobile Documents/com~apple~CloudDocs/Flameworker/Flameworker/Sources/Services/Core/GlassItemDataLoadingService.swift:275:67: warning: main actor-isolated static property 'default' can not be referenced from a nonisolated context
    func loadGlassItemsFromJSONIfEmpty(options: LoadingOptions = .default) async throws -> GlassItemLoadingResult? {
                                                                  ^
/Users/binde/Library/Mobile Documents/com~apple~CloudDocs/Flameworker/Flameworker/Sources/Services/Core/GlassItemDataLoadingService.swift:114:20: note: static property declared here
        static let `default` = LoadingOptions(
                   ^
/Users/binde/Library/Mobile Documents/com~apple~CloudDocs/Flameworker/Flameworker/Sources/Services/Core/GlassItemDataLoadingService.swift:38:13: warning: initialization of immutable value 'data' was never used; consider replacing with assignment to '_' or removing it
        let data = try jsonLoader.findCatalogJSONData()
        ~~~~^~~~
        _
/Users/binde/Library/Mobile Documents/com~apple~CloudDocs/Flameworker/Flameworker/Sources/Services/Core/GlassItemDataLoadingService.swift:481:34: warning: result of call to 'updateGlassItem(naturalKey:updatedGlassItem:updatedTags:)' is unused
        try await catalogService.updateGlassItem(
                                 ^              ~
/Users/binde/Library/Mobile Documents/com~apple~CloudDocs/Flameworker/Flameworker/Sources/Services/Core/GlassItemDataLoadingService.swift:971:46: warning: result of call to 'updateGlassItem(naturalKey:updatedGlassItem:updatedTags:)' is unused
                    try await catalogService.updateGlassItem(
                                             ^              ~
/Users/binde/Library/Mobile Documents/com~apple~CloudDocs/Flameworker/Flameworker/Sources/Services/Core/GlassItemDataLoadingService.swift:1049:50: warning: result of call to 'updateGlassItem(naturalKey:updatedGlassItem:updatedTags:)' is unused
                        try await catalogService.updateGlassItem(
                                                 ^              ~

SwiftCompile normal arm64 /Users/binde/Library/Mobile\ Documents/com~apple~CloudDocs/Flameworker/Flameworker/Sources/Services/Core/InventoryModels.swift (in target 'Flameworker' from project 'Flameworker')
    cd /Users/binde/Library/Mobile\ Documents/com\~apple\~CloudDocs/Flameworker
    

SwiftCompile normal arm64 /Users/binde/Library/Mobile\ Documents/com~apple~CloudDocs/Flameworker/Flameworker/Sources/Services/DataLoading/DataLoadingService.swift (in target 'Flameworker' from project 'Flameworker')
    cd /Users/binde/Library/Mobile\ Documents/com\~apple\~CloudDocs/Flameworker
    

SwiftCompile normal arm64 /Users/binde/Library/Mobile\ Documents/com~apple~CloudDocs/Flameworker/Flameworker/Sources/Views/Catalog/Helpers/CatalogViewIntegration.swift (in target 'Flameworker' from project 'Flameworker')
    cd /Users/binde/Library/Mobile\ Documents/com\~apple\~CloudDocs/Flameworker
    

SwiftCompile normal arm64 /Users/binde/Library/Mobile\ Documents/com~apple~CloudDocs/Flameworker/Flameworker/Sources/Views/Catalog/CatalogItemDetailView.swift (in target 'Flameworker' from project 'Flameworker')
    cd /Users/binde/Library/Mobile\ Documents/com\~apple\~CloudDocs/Flameworker
    

SwiftCompile normal arm64 Compiling\ PurchasesView.swift,\ CoreDataDiagnosticView.swift,\ COEGlassSettingsHelpers.swift,\ SettingsViewHelpers.swift,\ AboutView.swift,\ SettingsView.swift,\ ConfirmationDialog.swift /Users/binde/Library/Mobile\ Documents/com~apple~CloudDocs/Flameworker/Flameworker/Sources/Views/Purchases/PurchasesView.swift /Users/binde/Library/Mobile\ Documents/com~apple~CloudDocs/Flameworker/Flameworker/Sources/Views/Settings/Debug/CoreDataDiagnosticView.swift /Users/binde/Library/Mobile\ Documents/com~apple~CloudDocs/Flameworker/Flameworker/Sources/Views/Settings/Helpers/COEGlassSettingsHelpers.swift /Users/binde/Library/Mobile\ Documents/com~apple~CloudDocs/Flameworker/Flameworker/Sources/Views/Settings/Helpers/SettingsViewHelpers.swift /Users/binde/Library/Mobile\ Documents/com~apple~CloudDocs/Flameworker/Flameworker/Sources/Views/Settings/AboutView.swift /Users/binde/Library/Mobile\ Documents/com~apple~CloudDocs/Flameworker/Flameworker/Sources/Views/Settings/SettingsView.swift /Users/binde/Library/Mobile\ Documents/com~apple~CloudDocs/Flameworker/Flameworker/Sources/Views/Shared/Components/ConfirmationDialog.swift (in target 'Flameworker' from project 'Flameworker')
SwiftCompile normal arm64 /Users/binde/Library/Mobile\ Documents/com~apple~CloudDocs/Flameworker/Flameworker/Sources/Views/Purchases/PurchasesView.swift (in target 'Flameworker' from project 'Flameworker')
    cd /Users/binde/Library/Mobile\ Documents/com\~apple\~CloudDocs/Flameworker
    
/Users/binde/Library/Mobile Documents/com~apple~CloudDocs/Flameworker/Flameworker/Sources/Views/Shared/Components/LocationAutoCompleteField.swift:140:5: warning: '@State' used inline will not work unless tagged with '@Previewable' (from macro 'Preview')
    @State var location = ""
    ^
/Users/binde/Library/Mobile Documents/com~apple~CloudDocs/Flameworker/Flameworker/Sources/Views/Shared/Components/LocationAutoCompleteField.swift:140:5: note: Add '@Previewable'
    @State var location = ""
    ^~~~~~
    @Previewable @State
/Users/binde/Library/Mobile Documents/com~apple~CloudDocs/Flameworker/Flameworker/Sources/Views/Shared/Components/StoreAutoCompleteField.swift:143:5: warning: '@State' used inline will not work unless tagged with '@Previewable' (from macro 'Preview')
    @State var store = ""
    ^
/Users/binde/Library/Mobile Documents/com~apple~CloudDocs/Flameworker/Flameworker/Sources/Views/Shared/Components/StoreAutoCompleteField.swift:143:5: note: Add '@Previewable'
    @State var store = ""
    ^~~~~~
    @Previewable @State

SwiftCompile normal arm64 /Users/binde/Library/Mobile\ Documents/com~apple~CloudDocs/Flameworker/Flameworker/Sources/Views/Settings/Debug/CoreDataDiagnosticView.swift (in target 'Flameworker' from project 'Flameworker')
    cd /Users/binde/Library/Mobile\ Documents/com\~apple\~CloudDocs/Flameworker
    
/Users/binde/Library/Mobile Documents/com~apple~CloudDocs/Flameworker/Flameworker/Sources/Views/Settings/Debug/CoreDataDiagnosticView.swift:106:37: warning: string interpolation produces a debug description for an optional value; did you mean to make this explicit?
            results += "   Class: \(entity.managedObjectClassName)\n"
                                    ^~~~~~~~~~~~~~~~~~~~~~~~~~~~~
/Users/binde/Library/Mobile Documents/com~apple~CloudDocs/Flameworker/Flameworker/Sources/Views/Settings/Debug/CoreDataDiagnosticView.swift:106:44: note: provide a default value to avoid this warning
            results += "   Class: \(entity.managedObjectClassName)\n"
                                    ~~~~~~~^~~~~~~~~~~~~~~~~~~~~~
                                                                  ?? <#default value#>
/Users/binde/Library/Mobile Documents/com~apple~CloudDocs/Flameworker/Flameworker/Sources/Views/Settings/Debug/CoreDataDiagnosticView.swift:106:44: note: use 'String(describing:)' to silence this warning
            results += "   Class: \(entity.managedObjectClassName)\n"
                                    ~~~~~~~^~~~~~~~~~~~~~~~~~~~~~
                                    String(describing:           )
/Users/binde/Library/Mobile Documents/com~apple~CloudDocs/Flameworker/Flameworker/Sources/Views/Settings/Debug/CoreDataDiagnosticView.swift:144:61: warning: string interpolation produces a debug description for an optional value; did you mean to make this explicit?
            results += "   - \(entity.name ?? "Unknown") (\(entity.managedObjectClassName))\n"
                                                            ^~~~~~~~~~~~~~~~~~~~~~~~~~~~~
/Users/binde/Library/Mobile Documents/com~apple~CloudDocs/Flameworker/Flameworker/Sources/Views/Settings/Debug/CoreDataDiagnosticView.swift:144:68: note: provide a default value to avoid this warning
            results += "   - \(entity.name ?? "Unknown") (\(entity.managedObjectClassName))\n"
                                                            ~~~~~~~^~~~~~~~~~~~~~~~~~~~~~
                                                                                          ?? <#default value#>
/Users/binde/Library/Mobile Documents/com~apple~CloudDocs/Flameworker/Flameworker/Sources/Views/Settings/Debug/CoreDataDiagnosticView.swift:144:68: note: use 'String(describing:)' to silence this warning
            results += "   - \(entity.name ?? "Unknown") (\(entity.managedObjectClassName))\n"
                                                            ~~~~~~~^~~~~~~~~~~~~~~~~~~~~~
                                                            String(describing:           )
/Users/binde/Library/Mobile Documents/com~apple~CloudDocs/Flameworker/Flameworker/Sources/Views/Settings/Debug/CoreDataDiagnosticView.swift:137:11: warning: 'catch' block is unreachable because no errors are thrown in 'do' block
        } catch {
          ^

SwiftCompile normal arm64 /Users/binde/Library/Mobile\ Documents/com~apple~CloudDocs/Flameworker/Flameworker/Sources/Views/Settings/Helpers/COEGlassSettingsHelpers.swift (in target 'Flameworker' from project 'Flameworker')
    cd /Users/binde/Library/Mobile\ Documents/com\~apple\~CloudDocs/Flameworker
    

SwiftCompile normal arm64 /Users/binde/Library/Mobile\ Documents/com~apple~CloudDocs/Flameworker/Flameworker/Sources/Views/Settings/Helpers/SettingsViewHelpers.swift (in target 'Flameworker' from project 'Flameworker')
    cd /Users/binde/Library/Mobile\ Documents/com\~apple\~CloudDocs/Flameworker
    

SwiftCompile normal arm64 /Users/binde/Library/Mobile\ Documents/com~apple~CloudDocs/Flameworker/Flameworker/Sources/Views/Settings/AboutView.swift (in target 'Flameworker' from project 'Flameworker')
    cd /Users/binde/Library/Mobile\ Documents/com\~apple\~CloudDocs/Flameworker
    
/Users/binde/Library/Mobile Documents/com~apple~CloudDocs/Flameworker/Flameworker/Sources/Views/Settings/AboutView.swift:58:107: warning: '+' was deprecated in macOS 26.0: Use string interpolation on `Text` instead: `Text("Hello \(name)")`
                    Text("If there are other features you would find useful, please reach out to me at ") +
                                                                                                          ^
/Users/binde/Library/Mobile Documents/com~apple~CloudDocs/Flameworker/Flameworker/Sources/Views/Settings/AboutView.swift:87:242: warning: '+' was deprecated in macOS 26.0: Use string interpolation on `Text` instead: `Text("Hello \(name)")`
                    Text("We are actively seeking high-quality product images for Creation is Messy glass. Additionally, glass manufacturers interested in having their products included in this application are encouraged to contact us at ") +
                                                                                                                                                                                                                                                 ^

SwiftCompile normal arm64 /Users/binde/Library/Mobile\ Documents/com~apple~CloudDocs/Flameworker/Flameworker/Sources/Views/Settings/SettingsView.swift (in target 'Flameworker' from project 'Flameworker')
    cd /Users/binde/Library/Mobile\ Documents/com\~apple\~CloudDocs/Flameworker
    
/Users/binde/Library/Mobile Documents/com~apple~CloudDocs/Flameworker/Flameworker/Sources/Services/Core/GlassItemDataLoadingService.swift:172:60: warning: main actor-isolated static property 'default' can not be referenced from a nonisolated context
    func loadGlassItemsFromJSON(options: LoadingOptions = .default) async throws -> GlassItemLoadingResult {
                                                           ^
/Users/binde/Library/Mobile Documents/com~apple~CloudDocs/Flameworker/Flameworker/Sources/Services/Core/GlassItemDataLoadingService.swift:114:20: note: static property declared here
        static let `default` = LoadingOptions(
                   ^
/Users/binde/Library/Mobile Documents/com~apple~CloudDocs/Flameworker/Flameworker/Sources/Services/Core/GlassItemDataLoadingService.swift:253:69: warning: main actor-isolated static property 'default' can not be referenced from a nonisolated context
    func loadGlassItemsAndUpdateExisting(options: LoadingOptions = .default) async throws -> GlassItemLoadingResult {
                                                                    ^
/Users/binde/Library/Mobile Documents/com~apple~CloudDocs/Flameworker/Flameworker/Sources/Services/Core/GlassItemDataLoadingService.swift:114:20: note: static property declared here
        static let `default` = LoadingOptions(
                   ^
/Users/binde/Library/Mobile Documents/com~apple~CloudDocs/Flameworker/Flameworker/Sources/Services/Core/GlassItemDataLoadingService.swift:275:67: warning: main actor-isolated static property 'default' can not be referenced from a nonisolated context
    func loadGlassItemsFromJSONIfEmpty(options: LoadingOptions = .default) async throws -> GlassItemLoadingResult? {
                                                                  ^
/Users/binde/Library/Mobile Documents/com~apple~CloudDocs/Flameworker/Flameworker/Sources/Services/Core/GlassItemDataLoadingService.swift:114:20: note: static property declared here
        static let `default` = LoadingOptions(
                   ^

SwiftCompile normal arm64 /Users/binde/Library/Mobile\ Documents/com~apple~CloudDocs/Flameworker/Flameworker/Sources/Views/Shared/Components/ConfirmationDialog.swift (in target 'Flameworker' from project 'Flameworker')
    cd /Users/binde/Library/Mobile\ Documents/com\~apple\~CloudDocs/Flameworker
    

SwiftCompile normal arm64 Compiling\ ShoppingListView.swift,\ PerformanceTests\ 2.swift,\ GlassItemDataLoadingExample.swift,\ Item+CoreDataClass.swift,\ Item+CoreDataProperties.swift,\ ItemDimensions+CoreDataProperties.swift,\ ItemMinimum+CoreDataProperties.swift /Users/binde/Library/Mobile\ Documents/com~apple~CloudDocs/Flameworker/Flameworker/Sources/Views/Shopping/ShoppingListView.swift /Users/binde/Library/Mobile\ Documents/com~apple~CloudDocs/Flameworker/Flameworker/Tests/PerformanceTests/PerformanceTests\ 2.swift /Users/binde/Library/Mobile\ Documents/com~apple~CloudDocs/Flameworker/Flameworker/Tools/Examples/GlassItemDataLoadingExample.swift /Users/binde/Library/Developer/Xcode/DerivedData/Flameworker-ceyhfmivhguynagohidrsoqdxgqb/Build/Intermediates.noindex/Flameworker.build/Debug/Flameworker.build/DerivedSources/CoreDataGenerated/Flameworker/Item+CoreDataClass.swift /Users/binde/Library/Developer/Xcode/DerivedData/Flameworker-ceyhfmivhguynagohidrsoqdxgqb/Build/Intermediates.noindex/Flameworker.build/Debug/Flameworker.build/DerivedSources/CoreDataGenerated/Flameworker/Item+CoreDataProperties.swift /Users/binde/Library/Developer/Xcode/DerivedData/Flameworker-ceyhfmivhguynagohidrsoqdxgqb/Build/Intermediates.noindex/Flameworker.build/Debug/Flameworker.build/DerivedSources/CoreDataGenerated/Flameworker/ItemDimensions+CoreDataProperties.swift /Users/binde/Library/Developer/Xcode/DerivedData/Flameworker-ceyhfmivhguynagohidrsoqdxgqb/Build/Intermediates.noindex/Flameworker.build/Debug/Flameworker.build/DerivedSources/CoreDataGenerated/Flameworker/ItemMinimum+CoreDataProperties.swift (in target 'Flameworker' from project 'Flameworker')
SwiftCompile normal arm64 /Users/binde/Library/Mobile\ Documents/com~apple~CloudDocs/Flameworker/Flameworker/Sources/Views/Shopping/ShoppingListView.swift (in target 'Flameworker' from project 'Flameworker')
    cd /Users/binde/Library/Mobile\ Documents/com\~apple\~CloudDocs/Flameworker
    

SwiftCompile normal arm64 /Users/binde/Library/Mobile\ Documents/com~apple~CloudDocs/Flameworker/Flameworker/Tests/PerformanceTests/PerformanceTests\ 2.swift (in target 'Flameworker' from project 'Flameworker')
    cd /Users/binde/Library/Mobile\ Documents/com\~apple\~CloudDocs/Flameworker
    

SwiftCompile normal arm64 /Users/binde/Library/Mobile\ Documents/com~apple~CloudDocs/Flameworker/Flameworker/Tools/Examples/GlassItemDataLoadingExample.swift (in target 'Flameworker' from project 'Flameworker')
    cd /Users/binde/Library/Mobile\ Documents/com\~apple\~CloudDocs/Flameworker
    

SwiftCompile normal arm64 /Users/binde/Library/Developer/Xcode/DerivedData/Flameworker-ceyhfmivhguynagohidrsoqdxgqb/Build/Intermediates.noindex/Flameworker.build/Debug/Flameworker.build/DerivedSources/CoreDataGenerated/Flameworker/Item+CoreDataClass.swift (in target 'Flameworker' from project 'Flameworker')
    cd /Users/binde/Library/Mobile\ Documents/com\~apple\~CloudDocs/Flameworker
    

SwiftCompile normal arm64 /Users/binde/Library/Developer/Xcode/DerivedData/Flameworker-ceyhfmivhguynagohidrsoqdxgqb/Build/Intermediates.noindex/Flameworker.build/Debug/Flameworker.build/DerivedSources/CoreDataGenerated/Flameworker/Item+CoreDataProperties.swift (in target 'Flameworker' from project 'Flameworker')
    cd /Users/binde/Library/Mobile\ Documents/com\~apple\~CloudDocs/Flameworker
    

SwiftCompile normal arm64 /Users/binde/Library/Developer/Xcode/DerivedData/Flameworker-ceyhfmivhguynagohidrsoqdxgqb/Build/Intermediates.noindex/Flameworker.build/Debug/Flameworker.build/DerivedSources/CoreDataGenerated/Flameworker/ItemDimensions+CoreDataProperties.swift (in target 'Flameworker' from project 'Flameworker')
    cd /Users/binde/Library/Mobile\ Documents/com\~apple\~CloudDocs/Flameworker
    

SwiftCompile normal arm64 /Users/binde/Library/Developer/Xcode/DerivedData/Flameworker-ceyhfmivhguynagohidrsoqdxgqb/Build/Intermediates.noindex/Flameworker.build/Debug/Flameworker.build/DerivedSources/CoreDataGenerated/Flameworker/ItemMinimum+CoreDataProperties.swift (in target 'Flameworker' from project 'Flameworker')
    cd /Users/binde/Library/Mobile\ Documents/com\~apple\~CloudDocs/Flameworker
    

SwiftCompile normal arm64 Compiling\ SearchAndFilterHeader.swift,\ StoreAutoCompleteField.swift,\ SuccessToast.swift,\ UnifiedButtonComponents.swift,\ UnifiedFormFields.swift,\ ViewUtilities.swift,\ AddShoppingListItemView.swift /Users/binde/Library/Mobile\ Documents/com~apple~CloudDocs/Flameworker/Flameworker/Sources/Views/Shared/Components/SearchAndFilterHeader.swift /Users/binde/Library/Mobile\ Documents/com~apple~CloudDocs/Flameworker/Flameworker/Sources/Views/Shared/Components/StoreAutoCompleteField.swift /Users/binde/Library/Mobile\ Documents/com~apple~CloudDocs/Flameworker/Flameworker/Sources/Views/Shared/Components/SuccessToast.swift /Users/binde/Library/Mobile\ Documents/com~apple~CloudDocs/Flameworker/Flameworker/Sources/Views/Shared/Components/UnifiedButtonComponents.swift /Users/binde/Library/Mobile\ Documents/com~apple~CloudDocs/Flameworker/Flameworker/Sources/Views/Shared/Components/UnifiedFormFields.swift /Users/binde/Library/Mobile\ Documents/com~apple~CloudDocs/Flameworker/Flameworker/Sources/Views/Shared/Helpers/ViewUtilities.swift /Users/binde/Library/Mobile\ Documents/com~apple~CloudDocs/Flameworker/Flameworker/Sources/Views/Shopping/AddShoppingListItemView.swift (in target 'Flameworker' from project 'Flameworker')

SwiftCompile normal arm64 /Users/binde/Library/Mobile\ Documents/com~apple~CloudDocs/Flameworker/Flameworker/Sources/Views/Shared/Components/SearchAndFilterHeader.swift (in target 'Flameworker' from project 'Flameworker')
    cd /Users/binde/Library/Mobile\ Documents/com\~apple\~CloudDocs/Flameworker
    
/Users/binde/Library/Mobile Documents/com~apple~CloudDocs/Flameworker/Flameworker/Sources/Views/Shared/Components/LocationAutoCompleteField.swift:140:5: warning: '@State' used inline will not work unless tagged with '@Previewable' (from macro 'Preview')
    @State var location = ""
    ^
/Users/binde/Library/Mobile Documents/com~apple~CloudDocs/Flameworker/Flameworker/Sources/Views/Shared/Components/LocationAutoCompleteField.swift:140:5: note: Add '@Previewable'
    @State var location = ""
    ^~~~~~
    @Previewable @State

SwiftCompile normal arm64 /Users/binde/Library/Mobile\ Documents/com~apple~CloudDocs/Flameworker/Flameworker/Sources/Views/Shared/Components/StoreAutoCompleteField.swift (in target 'Flameworker' from project 'Flameworker')
    cd /Users/binde/Library/Mobile\ Documents/com\~apple\~CloudDocs/Flameworker
    
/Users/binde/Library/Mobile Documents/com~apple~CloudDocs/Flameworker/Flameworker/Sources/Views/Shared/Components/StoreAutoCompleteField.swift:143:5: warning: '@State' used inline will not work unless tagged with '@Previewable' (from macro 'Preview')
    @State var store = ""
    ^
/Users/binde/Library/Mobile Documents/com~apple~CloudDocs/Flameworker/Flameworker/Sources/Views/Shared/Components/StoreAutoCompleteField.swift:143:5: note: Add '@Previewable'
    @State var store = ""
    ^~~~~~
    @Previewable @State

SwiftCompile normal arm64 /Users/binde/Library/Mobile\ Documents/com~apple~CloudDocs/Flameworker/Flameworker/Sources/Views/Shared/Components/SuccessToast.swift (in target 'Flameworker' from project 'Flameworker')
    cd /Users/binde/Library/Mobile\ Documents/com\~apple\~CloudDocs/Flameworker
    

SwiftCompile normal arm64 /Users/binde/Library/Mobile\ Documents/com~apple~CloudDocs/Flameworker/Flameworker/Sources/Views/Shared/Components/UnifiedButtonComponents.swift (in target 'Flameworker' from project 'Flameworker')
    cd /Users/binde/Library/Mobile\ Documents/com\~apple\~CloudDocs/Flameworker
    

SwiftCompile normal arm64 /Users/binde/Library/Mobile\ Documents/com~apple~CloudDocs/Flameworker/Flameworker/Sources/Views/Shared/Components/UnifiedFormFields.swift (in target 'Flameworker' from project 'Flameworker')
    cd /Users/binde/Library/Mobile\ Documents/com\~apple\~CloudDocs/Flameworker
    

SwiftCompile normal arm64 /Users/binde/Library/Mobile\ Documents/com~apple~CloudDocs/Flameworker/Flameworker/Sources/Views/Shared/Helpers/ViewUtilities.swift (in target 'Flameworker' from project 'Flameworker')
    cd /Users/binde/Library/Mobile\ Documents/com\~apple\~CloudDocs/Flameworker
    

SwiftCompile normal arm64 /Users/binde/Library/Mobile\ Documents/com~apple~CloudDocs/Flameworker/Flameworker/Sources/Views/Shopping/AddShoppingListItemView.swift (in target 'Flameworker' from project 'Flameworker')
    cd /Users/binde/Library/Mobile\ Documents/com\~apple\~CloudDocs/Flameworker
    
/Users/binde/Library/Mobile Documents/com~apple~CloudDocs/Flameworker/Flameworker/Sources/Views/Shopping/AddShoppingListItemView.swift:243:17: warning: no 'async' operations occur within 'await' expression
                await showError(error.localizedDescription)
                ^
/Users/binde/Library/Mobile Documents/com~apple~CloudDocs/Flameworker/Flameworker/Sources/Views/Shopping/AddShoppingListItemView.swift:250:13: warning: no 'async' operations occur within 'await' expression
            await showError("Please fill in all required fields")
            ^
/Users/binde/Library/Mobile Documents/com~apple~CloudDocs/Flameworker/Flameworker/Sources/Views/Shopping/AddShoppingListItemView.swift:255:13: warning: no 'async' operations occur within 'await' expression
            await showError("Invalid quantity format")
            ^
/Users/binde/Library/Mobile Documents/com~apple~CloudDocs/Flameworker/Flameworker/Sources/Views/Shopping/AddShoppingListItemView.swift:261:13: warning: no 'async' operations occur within 'await' expression
            await showError("Please select a glass item")
            ^

SwiftCompile normal arm64 Compiling\ FirstRunTerminologyView.swift,\ FormComponents.swift,\ GlassItemCard.swift,\ GlassItemSearchSelector.swift,\ ImagePickerView.swift,\ LocationAutoCompleteField.swift,\ QuantityInputField.swift /Users/binde/Library/Mobile\ Documents/com~apple~CloudDocs/Flameworker/Flameworker/Sources/Views/Shared/Components/FirstRunTerminologyView.swift /Users/binde/Library/Mobile\ Documents/com~apple~CloudDocs/Flameworker/Flameworker/Sources/Views/Shared/Components/FormComponents.swift /Users/binde/Library/Mobile\ Documents/com~apple~CloudDocs/Flameworker/Flameworker/Sources/Views/Shared/Components/GlassItemCard.swift /Users/binde/Library/Mobile\ Documents/com~apple~CloudDocs/Flameworker/Flameworker/Sources/Views/Shared/Components/GlassItemSearchSelector.swift /Users/binde/Library/Mobile\ Documents/com~apple~CloudDocs/Flameworker/Flameworker/Sources/Views/Shared/Components/ImagePickerView.swift /Users/binde/Library/Mobile\ Documents/com~apple~CloudDocs/Flameworker/Flameworker/Sources/Views/Shared/Components/LocationAutoCompleteField.swift /Users/binde/Library/Mobile\ Documents/com~apple~CloudDocs/Flameworker/Flameworker/Sources/Views/Shared/Components/QuantityInputField.swift (in target 'Flameworker' from project 'Flameworker')

SwiftCompile normal arm64 /Users/binde/Library/Mobile\ Documents/com~apple~CloudDocs/Flameworker/Flameworker/Sources/Views/Shared/Components/FirstRunTerminologyView.swift (in target 'Flameworker' from project 'Flameworker')
    cd /Users/binde/Library/Mobile\ Documents/com\~apple\~CloudDocs/Flameworker
    
/Users/binde/Library/Mobile Documents/com~apple~CloudDocs/Flameworker/Flameworker/Sources/Views/Shared/Components/StoreAutoCompleteField.swift:143:5: warning: '@State' used inline will not work unless tagged with '@Previewable' (from macro 'Preview')
    @State var store = ""
    ^
/Users/binde/Library/Mobile Documents/com~apple~CloudDocs/Flameworker/Flameworker/Sources/Views/Shared/Components/StoreAutoCompleteField.swift:143:5: note: Add '@Previewable'
    @State var store = ""
    ^~~~~~
    @Previewable @State

SwiftCompile normal arm64 /Users/binde/Library/Mobile\ Documents/com~apple~CloudDocs/Flameworker/Flameworker/Sources/Views/Shared/Components/FormComponents.swift (in target 'Flameworker' from project 'Flameworker')
    cd /Users/binde/Library/Mobile\ Documents/com\~apple\~CloudDocs/Flameworker
    

SwiftCompile normal arm64 /Users/binde/Library/Mobile\ Documents/com~apple~CloudDocs/Flameworker/Flameworker/Sources/Views/Shared/Components/GlassItemCard.swift (in target 'Flameworker' from project 'Flameworker')
    cd /Users/binde/Library/Mobile\ Documents/com\~apple\~CloudDocs/Flameworker
    

SwiftCompile normal arm64 /Users/binde/Library/Mobile\ Documents/com~apple~CloudDocs/Flameworker/Flameworker/Sources/Views/Shared/Components/GlassItemSearchSelector.swift (in target 'Flameworker' from project 'Flameworker')
    cd /Users/binde/Library/Mobile\ Documents/com\~apple\~CloudDocs/Flameworker
    

SwiftCompile normal arm64 /Users/binde/Library/Mobile\ Documents/com~apple~CloudDocs/Flameworker/Flameworker/Sources/Views/Shared/Components/ImagePickerView.swift (in target 'Flameworker' from project 'Flameworker')
    cd /Users/binde/Library/Mobile\ Documents/com\~apple\~CloudDocs/Flameworker
    

SwiftCompile normal arm64 /Users/binde/Library/Mobile\ Documents/com~apple~CloudDocs/Flameworker/Flameworker/Sources/Views/Shared/Components/LocationAutoCompleteField.swift (in target 'Flameworker' from project 'Flameworker')
    cd /Users/binde/Library/Mobile\ Documents/com\~apple\~CloudDocs/Flameworker
    
/Users/binde/Library/Mobile Documents/com~apple~CloudDocs/Flameworker/Flameworker/Sources/Views/Shared/Components/LocationAutoCompleteField.swift:140:5: warning: '@State' used inline will not work unless tagged with '@Previewable' (from macro 'Preview')
    @State var location = ""
    ^
/Users/binde/Library/Mobile Documents/com~apple~CloudDocs/Flameworker/Flameworker/Sources/Views/Shared/Components/LocationAutoCompleteField.swift:140:5: note: Add '@Previewable'
    @State var location = ""
    ^~~~~~
    @Previewable @State

SwiftCompile normal arm64 /Users/binde/Library/Mobile\ Documents/com~apple~CloudDocs/Flameworker/Flameworker/Sources/Views/Shared/Components/QuantityInputField.swift (in target 'Flameworker' from project 'Flameworker')
    cd /Users/binde/Library/Mobile\ Documents/com\~apple\~CloudDocs/Flameworker
    
/Users/binde/Library/Mobile Documents/com~apple~CloudDocs/Flameworker/Flameworker/Sources/Views/Shared/Components/QuantityInputField.swift:18:19: warning: value 'catalogItem' was defined but never used; consider replacing with boolean test
        guard let catalogItem = catalogItem else {
              ~~~~^~~~~~~~~~~~~~
                                            != nil

SwiftCompile normal arm64 Compiling\ InventoryDetailView.swift,\ InventoryView.swift,\ ProjectLogView.swift,\ ProjectPlansView.swift,\ AddPurchaseRecordView.swift,\ PurchaseRecordDetailView.swift,\ PurchaseRowView.swift /Users/binde/Library/Mobile\ Documents/com~apple~CloudDocs/Flameworker/Flameworker/Sources/Views/Inventory/InventoryDetailView.swift /Users/binde/Library/Mobile\ Documents/com~apple~CloudDocs/Flameworker/Flameworker/Sources/Views/Inventory/InventoryView.swift /Users/binde/Library/Mobile\ Documents/com~apple~CloudDocs/Flameworker/Flameworker/Sources/Views/ProjectLog/ProjectLogView.swift /Users/binde/Library/Mobile\ Documents/com~apple~CloudDocs/Flameworker/Flameworker/Sources/Views/ProjectLog/ProjectPlansView.swift /Users/binde/Library/Mobile\ Documents/com~apple~CloudDocs/Flameworker/Flameworker/Sources/Views/Purchases/AddPurchaseRecordView.swift /Users/binde/Library/Mobile\ Documents/com~apple~CloudDocs/Flameworker/Flameworker/Sources/Views/Purchases/PurchaseRecordDetailView.swift /Users/binde/Library/Mobile\ Documents/com~apple~CloudDocs/Flameworker/Flameworker/Sources/Views/Purchases/PurchaseRowView.swift (in target 'Flameworker' from project 'Flameworker')
Failed frontend command:
/Applications/Xcode.app/Contents/Developer/Toolchains/XcodeDefault.xctoolchain/usr/bin/swift-frontend -frontend -c -filelist /Users/binde/Library/Developer/Xcode/DerivedData/Flameworker-ceyhfmivhguynagohidrsoqdxgqb/Build/Intermediates.noindex/Flameworker.build/Debug/Flameworker.build/Objects-normal/arm64/sources-1 -primary-file /Users/binde/Library/Mobile\ Documents/com\~apple\~CloudDocs/Flameworker/Flameworker/Sources/Views/Inventory/InventoryDetailView.swift -primary-file /Users/binde/Library/Mobile\ Documents/com\~apple\~CloudDocs/Flameworker/Flameworker/Sources/Views/Inventory/InventoryView.swift -primary-file /Users/binde/Library/Mobile\ Documents/com\~apple\~CloudDocs/Flameworker/Flameworker/Sources/Views/ProjectLog/ProjectLogView.swift -primary-file /Users/binde/Library/Mobile\ Documents/com\~apple\~CloudDocs/Flameworker/Flameworker/Sources/Views/ProjectLog/ProjectPlansView.swift -primary-file /Users/binde/Library/Mobile\ Documents/com\~apple\~CloudDocs/Flameworker/Flameworker/Sources/Views/Purchases/AddPurchaseRecordView.swift -primary-file /Users/binde/Library/Mobile\ Documents/com\~apple\~CloudDocs/Flameworker/Flameworker/Sources/Views/Purchases/PurchaseRecordDetailView.swift -primary-file /Users/binde/Library/Mobile\ Documents/com\~apple\~CloudDocs/Flameworker/Flameworker/Sources/Views/Purchases/PurchaseRowView.swift -supplementary-output-file-map /Users/binde/Library/Developer/Xcode/DerivedData/Flameworker-ceyhfmivhguynagohidrsoqdxgqb/Build/Intermediates.noindex/Flameworker.build/Debug/Flameworker.build/Objects-normal/arm64/supplementaryOutputs-7 -emit-localized-strings -emit-localized-strings-path /Users/binde/Library/Developer/Xcode/DerivedData/Flameworker-ceyhfmivhguynagohidrsoqdxgqb/Build/Intermediates.noindex/Flameworker.build/Debug/Flameworker.build/Objects-normal/arm64 -target arm64-apple-macos26.0 -module-can-import-version AppKit 2685.10.108 2685.10.108 -module-can-import-version CoreData 1518 1518.0.0 -module-can-import-version DeveloperToolsSupport 23.0.4 23.0.4 -module-can-import-version SwiftUI 7.0.84.1 7.0.84 -load-resolved-plugin /Applications/Xcode.app/Contents/Developer/Platforms/MacOSX.platform/Developer/usr/lib/swift/host/plugins/libFoundationMacros.dylib\#/Applications/Xcode.app/Contents/Developer/Platforms/MacOSX.platform/Developer/usr/bin/swift-plugin-server\#FoundationMacros -load-resolved-plugin /Applications/Xcode.app/Contents/Developer/Platforms/MacOSX.platform/Developer/usr/lib/swift/host/plugins/libObservationMacros.dylib\#/Applications/Xcode.app/Contents/Developer/Platforms/MacOSX.platform/Developer/usr/bin/swift-plugin-server\#ObservationMacros -load-resolved-plugin /Applications/Xcode.app/Contents/Developer/Platforms/MacOSX.platform/Developer/usr/lib/swift/host/plugins/libPreviewsMacros.dylib\#/Applications/Xcode.app/Contents/Developer/Platforms/MacOSX.platform/Developer/usr/bin/swift-plugin-server\#PreviewsMacros -load-resolved-plugin /Applications/Xcode.app/Contents/Developer/Platforms/MacOSX.platform/Developer/usr/lib/swift/host/plugins/libSwiftMacros.dylib\#/Applications/Xcode.app/Contents/Developer/Platforms/MacOSX.platform/Developer/usr/bin/swift-plugin-server\#SwiftMacros -load-resolved-plugin /Applications/Xcode.app/Contents/Developer/Platforms/MacOSX.platform/Developer/usr/lib/swift/host/plugins/libSwiftUIMacros.dylib\#/Applications/Xcode.app/Contents/Developer/Platforms/MacOSX.platform/Developer/usr/bin/swift-plugin-server\#SwiftUIMacros -disable-implicit-swift-modules -Xcc -fno-implicit-modules -Xcc -fno-implicit-module-maps -explicit-swift-module-map-file /Users/binde/Library/Developer/Xcode/DerivedData/Flameworker-ceyhfmivhguynagohidrsoqdxgqb/Build/Intermediates.noindex/Flameworker.build/Debug/Flameworker.build/Objects-normal/arm64/Flameworker-dependencies-1.json -Xllvm -aarch64-use-tbi -enable-objc-interop -stack-check -sdk /Applications/Xcode.app/Contents/Developer/Platforms/MacOSX.platform/Developer/SDKs/MacOSX26.0.sdk -I /Users/binde/Library/Developer/Xcode/DerivedData/Flameworker-ceyhfmivhguynagohidrsoqdxgqb/Build/Products/Debug -F /Users/binde/Library/Developer/Xcode/DerivedData/Flameworker-ceyhfmivhguynagohidrsoqdxgqb/Build/Products/Debug -no-color-diagnostics -Xcc -fno-color-diagnostics -enable-testing -g -debug-info-format\=dwarf -dwarf-version\=5 -module-cache-path /Users/binde/Library/Developer/Xcode/DerivedData/Flameworker-ceyhfmivhguynagohidrsoqdxgqb/Build/Intermediates.noindex/SwiftExplicitPrecompiledModules -profile-generate -profile-coverage-mapping -swift-version 5 -enforce-exclusivity\=checked -Onone -D DEBUG -serialize-debugging-options -const-gather-protocols-file /Users/binde/Library/Developer/Xcode/DerivedData/Flameworker-ceyhfmivhguynagohidrsoqdxgqb/Build/Intermediates.noindex/Flameworker.build/Debug/Flameworker.build/Objects-normal/arm64/Flameworker_const_extract_protocols.json -enable-upcoming-feature DisableOutwardActorInference -enable-upcoming-feature InferSendableFromCaptures -enable-upcoming-feature GlobalActorIsolatedTypesUsability -enable-upcoming-feature MemberImportVisibility -enable-upcoming-feature InferIsolatedConformances -enable-upcoming-feature NonisolatedNonsendingByDefault -enable-experimental-feature DebugDescriptionMacro -enable-bare-slash-regex -default-isolation\=MainActor -empty-abi-descriptor -validate-clang-modules-once -clang-build-session-file /Users/binde/Library/Developer/Xcode/DerivedData/ModuleCache.noindex/Session.modulevalidation -Xcc -working-directory -Xcc /Users/binde/Library/Mobile\ Documents/com\~apple\~CloudDocs/Flameworker -enable-anonymous-context-mangled-names -file-compilation-dir /Users/binde/Library/Mobile\ Documents/com\~apple\~CloudDocs/Flameworker -Xcc -D_LIBCPP_HARDENING_MODE\=_LIBCPP_HARDENING_MODE_DEBUG -Xcc -ivfsstatcache -Xcc /Users/binde/Library/Developer/Xcode/DerivedData/SDKStatCaches.noindex/macosx26.0-25A352-28806144b0707e398aac92880fa50324.sdkstatcache -Xcc -I/Users/binde/Library/Developer/Xcode/DerivedData/Flameworker-ceyhfmivhguynagohidrsoqdxgqb/Build/Intermediates.noindex/Flameworker.build/Debug/Flameworker.build/swift-overrides.hmap -Xcc -iquote -Xcc /Users/binde/Library/Developer/Xcode/DerivedData/Flameworker-ceyhfmivhguynagohidrsoqdxgqb/Build/Intermediates.noindex/Flameworker.build/Debug/Flameworker.build/Flameworker-generated-files.hmap -Xcc -I/Users/binde/Library/Developer/Xcode/DerivedData/Flameworker-ceyhfmivhguynagohidrsoqdxgqb/Build/Intermediates.noindex/Flameworker.build/Debug/Flameworker.build/Flameworker-own-target-headers.hmap -Xcc -I/Users/binde/Library/Developer/Xcode/DerivedData/Flameworker-ceyhfmivhguynagohidrsoqdxgqb/Build/Intermediates.noindex/Flameworker.build/Debug/Flameworker.build/Flameworker-all-target-headers.hmap -Xcc -iquote -Xcc /Users/binde/Library/Developer/Xcode/DerivedData/Flameworker-ceyhfmivhguynagohidrsoqdxgqb/Build/Intermediates.noindex/Flameworker.build/Debug/Flameworker.build/Flameworker-project-headers.hmap -Xcc -I/Users/binde/Library/Developer/Xcode/DerivedData/Flameworker-ceyhfmivhguynagohidrsoqdxgqb/Build/Products/Debug/include -Xcc -I/Users/binde/Library/Developer/Xcode/DerivedData/Flameworker-ceyhfmivhguynagohidrsoqdxgqb/Build/Intermediates.noindex/Flameworker.build/Debug/Flameworker.build/DerivedSources-normal/arm64 -Xcc -I/Users/binde/Library/Developer/Xcode/DerivedData/Flameworker-ceyhfmivhguynagohidrsoqdxgqb/Build/Intermediates.noindex/Flameworker.build/Debug/Flameworker.build/DerivedSources/arm64 -Xcc -I/Users/binde/Library/Developer/Xcode/DerivedData/Flameworker-ceyhfmivhguynagohidrsoqdxgqb/Build/Intermediates.noindex/Flameworker.build/Debug/Flameworker.build/DerivedSources -Xcc -DDEBUG\=1 -no-auto-bridging-header-chaining -module-name Flameworker -frontend-parseable-output -disable-clang-spi -target-sdk-version 26.0 -target-sdk-name macosx26.0 -clang-target arm64-apple-macos26.0 -in-process-plugin-server-path /Applications/Xcode.app/Contents/Developer/Toolchains/XcodeDefault.xctoolchain/usr/lib/swift/host/libSwiftInProcPluginServer.dylib -o /Users/binde/Library/Developer/Xcode/DerivedData/Flameworker-ceyhfmivhguynagohidrsoqdxgqb/Build/Intermediates.noindex/Flameworker.build/Debug/Flameworker.build/Objects-normal/arm64/InventoryDetailView.o -o /Users/binde/Library/Developer/Xcode/DerivedData/Flameworker-ceyhfmivhguynagohidrsoqdxgqb/Build/Intermediates.noindex/Flameworker.build/Debug/Flameworker.build/Objects-normal/arm64/InventoryView.o -o /Users/binde/Library/Developer/Xcode/DerivedData/Flameworker-ceyhfmivhguynagohidrsoqdxgqb/Build/Intermediates.noindex/Flameworker.build/Debug/Flameworker.build/Objects-normal/arm64/ProjectLogView.o -o /Users/binde/Library/Developer/Xcode/DerivedData/Flameworker-ceyhfmivhguynagohidrsoqdxgqb/Build/Intermediates.noindex/Flameworker.build/Debug/Flameworker.build/Objects-normal/arm64/ProjectPlansView.o -o /Users/binde/Library/Developer/Xcode/DerivedData/Flameworker-ceyhfmivhguynagohidrsoqdxgqb/Build/Intermediates.noindex/Flameworker.build/Debug/Flameworker.build/Objects-normal/arm64/AddPurchaseRecordView.o -o /Users/binde/Library/Developer/Xcode/DerivedData/Flameworker-ceyhfmivhguynagohidrsoqdxgqb/Build/Intermediates.noindex/Flameworker.build/Debug/Flameworker.build/Objects-normal/arm64/PurchaseRecordDetailView.o -o /Users/binde/Library/Developer/Xcode/DerivedData/Flameworker-ceyhfmivhguynagohidrsoqdxgqb/Build/Intermediates.noindex/Flameworker.build/Debug/Flameworker.build/Objects-normal/arm64/PurchaseRowView.o -index-unit-output-path /Flameworker.build/Debug/Flameworker.build/Objects-normal/arm64/InventoryDetailView.o -index-unit-output-path /Flameworker.build/Debug/Flameworker.build/Objects-normal/arm64/InventoryView.o -index-unit-output-path /Flameworker.build/Debug/Flameworker.build/Objects-normal/arm64/ProjectLogView.o -index-unit-output-path /Flameworker.build/Debug/Flameworker.build/Objects-normal/arm64/ProjectPlansView.o -index-unit-output-path /Flameworker.build/Debug/Flameworker.build/Objects-normal/arm64/AddPurchaseRecordView.o -index-unit-output-path /Flameworker.build/Debug/Flameworker.build/Objects-normal/arm64/PurchaseRecordDetailView.o -index-unit-output-path /Flameworker.build/Debug/Flameworker.build/Objects-normal/arm64/PurchaseRowView.o -index-store-path /Users/binde/Library/Developer/Xcode/DerivedData/Flameworker-ceyhfmivhguynagohidrsoqdxgqb/Index.noindex/DataStore -index-system-modules

SwiftCompile normal arm64 /Users/binde/Library/Mobile\ Documents/com~apple~CloudDocs/Flameworker/Flameworker/Sources/Views/Inventory/InventoryDetailView.swift (in target 'Flameworker' from project 'Flameworker')
    cd /Users/binde/Library/Mobile\ Documents/com\~apple\~CloudDocs/Flameworker
    
/Users/binde/Library/Mobile Documents/com~apple~CloudDocs/Flameworker/Flameworker/Sources/Views/Shared/Components/LocationAutoCompleteField.swift:140:5: warning: '@State' used inline will not work unless tagged with '@Previewable' (from macro 'Preview')
    @State var location = ""
    ^
/Users/binde/Library/Mobile Documents/com~apple~CloudDocs/Flameworker/Flameworker/Sources/Views/Shared/Components/LocationAutoCompleteField.swift:140:5: note: Add '@Previewable'
    @State var location = ""
    ^~~~~~
    @Previewable @State
/Users/binde/Library/Mobile Documents/com~apple~CloudDocs/Flameworker/Flameworker/Sources/Views/Shared/Components/StoreAutoCompleteField.swift:143:5: warning: '@State' used inline will not work unless tagged with '@Previewable' (from macro 'Preview')
    @State var store = ""
    ^
/Users/binde/Library/Mobile Documents/com~apple~CloudDocs/Flameworker/Flameworker/Sources/Views/Shared/Components/StoreAutoCompleteField.swift:143:5: note: Add '@Previewable'
    @State var store = ""
    ^~~~~~
    @Previewable @State

SwiftCompile normal arm64 /Users/binde/Library/Mobile\ Documents/com~apple~CloudDocs/Flameworker/Flameworker/Sources/Views/Inventory/InventoryView.swift (in target 'Flameworker' from project 'Flameworker')
    cd /Users/binde/Library/Mobile\ Documents/com\~apple\~CloudDocs/Flameworker
    
/Users/binde/Library/Mobile Documents/com~apple~CloudDocs/Flameworker/Flameworker/Sources/Views/Inventory/InventoryView.swift:449:33: error: 'navigationBarLeading' is unavailable in macOS
        ToolbarItem(placement: .navigationBarLeading) {
                                ^~~~~~~~~~~~~~~~~~~~
SwiftUI.ToolbarItemPlacement.navigationBarLeading:7:21: note: 'navigationBarLeading' has been explicitly marked unavailable here
  public static let navigationBarLeading: ToolbarItemPlacement}
                    ^

SwiftCompile normal arm64 /Users/binde/Library/Mobile\ Documents/com~apple~CloudDocs/Flameworker/Flameworker/Sources/Views/ProjectLog/ProjectLogView.swift (in target 'Flameworker' from project 'Flameworker')
    cd /Users/binde/Library/Mobile\ Documents/com\~apple\~CloudDocs/Flameworker
    

SwiftCompile normal arm64 /Users/binde/Library/Mobile\ Documents/com~apple~CloudDocs/Flameworker/Flameworker/Sources/Views/ProjectLog/ProjectPlansView.swift (in target 'Flameworker' from project 'Flameworker')
    cd /Users/binde/Library/Mobile\ Documents/com\~apple\~CloudDocs/Flameworker
    
/Users/binde/Library/Mobile Documents/com~apple~CloudDocs/Flameworker/Flameworker/Sources/Views/ProjectLog/ProjectPlansView.swift:277:34: error: value of type 'TextField<Text>' has no member 'keyboardType'
                                .keyboardType(.decimalPad)
                                 ^~~~~~~~~~~~
/Users/binde/Library/Mobile Documents/com~apple~CloudDocs/Flameworker/Flameworker/Sources/Views/ProjectLog/ProjectPlansView.swift:277:48: error: cannot infer contextual base in reference to member 'decimalPad'
                                .keyboardType(.decimalPad)
                                              ~^~~~~~~~~~
/Users/binde/Library/Mobile Documents/com~apple~CloudDocs/Flameworker/Flameworker/Sources/Views/ProjectLog/ProjectPlansView.swift:278:58: error: cannot infer contextual base in reference to member 'trailing'
                                .multilineTextAlignment(.trailing)
                                                        ~^~~~~~~~
/Users/binde/Library/Mobile Documents/com~apple~CloudDocs/Flameworker/Flameworker/Sources/Views/ProjectLog/ProjectPlansView.swift:384:30: error: value of type 'TextField<Text>' has no member 'textInputAutocapitalization'
                            .textInputAutocapitalization(.never)
                             ^~~~~~~~~~~~~~~~~~~~~~~~~~~
/Users/binde/Library/Mobile Documents/com~apple~CloudDocs/Flameworker/Flameworker/Sources/Views/ProjectLog/ProjectPlansView.swift:384:59: error: cannot infer contextual base in reference to member 'never'
                            .textInputAutocapitalization(.never)
                                                         ~^~~~~
/Users/binde/Library/Mobile Documents/com~apple~CloudDocs/Flameworker/Flameworker/Sources/Views/ProjectLog/ProjectPlansView.swift:501:36: warning: 'appendInterpolation' is deprecated: Localized string interpolation produces an unlocalized, debug description for this type of value. Use a type supported by LocalizedStringKey.StringInterpolation or initialize a LocalizedStringResource instead with an interpolated value that conforms to CustomLocalizedStringResourceConvertible.
                            Text("\(item.quantity) \(item.unit)")
                                   ^
/Users/binde/Library/Mobile Documents/com~apple~CloudDocs/Flameworker/Flameworker/Sources/Views/ProjectLog/ProjectPlansView.swift:652:10: error: 'navigationBarTitleDisplayMode' is unavailable in macOS
        .navigationBarTitleDisplayMode(.inline)
         ^~~~~~~~~~~~~~~~~~~~~~~~~~~~~
SwiftUI.View.navigationBarTitleDisplayMode:2:25: note: 'navigationBarTitleDisplayMode' has been explicitly marked unavailable here
nonisolated public func navigationBarTitleDisplayMode(_ displayMode: NavigationBarItem.TitleDisplayMode) -> some View
                        ^

SwiftCompile normal arm64 /Users/binde/Library/Mobile\ Documents/com~apple~CloudDocs/Flameworker/Flameworker/Sources/Views/Purchases/AddPurchaseRecordView.swift (in target 'Flameworker' from project 'Flameworker')
    cd /Users/binde/Library/Mobile\ Documents/com\~apple\~CloudDocs/Flameworker
    

SwiftCompile normal arm64 /Users/binde/Library/Mobile\ Documents/com~apple~CloudDocs/Flameworker/Flameworker/Sources/Views/Purchases/PurchaseRecordDetailView.swift (in target 'Flameworker' from project 'Flameworker')
    cd /Users/binde/Library/Mobile\ Documents/com\~apple\~CloudDocs/Flameworker
    

SwiftCompile normal arm64 /Users/binde/Library/Mobile\ Documents/com~apple~CloudDocs/Flameworker/Flameworker/Sources/Views/Purchases/PurchaseRowView.swift (in target 'Flameworker' from project 'Flameworker')
    cd /Users/binde/Library/Mobile\ Documents/com\~apple\~CloudDocs/Flameworker
    

SwiftCompile normal arm64 Compiling\ CatalogViewFactory.swift,\ RepositoryFactory.swift,\ AppLaunchView.swift,\ CatalogDataCache.swift,\ FlameworkerApp.swift,\ MainTabView.swift,\ CatalogCodeLookup.swift,\ CatalogItemHelpers.swift /Users/binde/Library/Mobile\ Documents/com~apple~CloudDocs/Flameworker/Flameworker/Sources/App/Factories/CatalogViewFactory.swift /Users/binde/Library/Mobile\ Documents/com~apple~CloudDocs/Flameworker/Flameworker/Sources/App/Factories/RepositoryFactory.swift /Users/binde/Library/Mobile\ Documents/com~apple~CloudDocs/Flameworker/Flameworker/Sources/App/AppLaunchView.swift /Users/binde/Library/Mobile\ Documents/com~apple~CloudDocs/Flameworker/Flameworker/Sources/App/CatalogDataCache.swift /Users/binde/Library/Mobile\ Documents/com~apple~CloudDocs/Flameworker/Flameworker/Sources/App/FlameworkerApp.swift /Users/binde/Library/Mobile\ Documents/com~apple~CloudDocs/Flameworker/Flameworker/Sources/App/MainTabView.swift /Users/binde/Library/Mobile\ Documents/com~apple~CloudDocs/Flameworker/Flameworker/Sources/Models/Helpers/CatalogCodeLookup.swift /Users/binde/Library/Mobile\ Documents/com~apple~CloudDocs/Flameworker/Flameworker/Sources/Models/Helpers/CatalogItemHelpers.swift (in target 'Flameworker' from project 'Flameworker')

SwiftCompile normal arm64 /Users/binde/Library/Mobile\ Documents/com~apple~CloudDocs/Flameworker/Flameworker/Sources/App/Factories/CatalogViewFactory.swift (in target 'Flameworker' from project 'Flameworker')
    cd /Users/binde/Library/Mobile\ Documents/com\~apple\~CloudDocs/Flameworker
    
/Users/binde/Library/Mobile Documents/com~apple~CloudDocs/Flameworker/Flameworker/Sources/Views/Shared/Components/LocationAutoCompleteField.swift:140:5: warning: '@State' used inline will not work unless tagged with '@Previewable' (from macro 'Preview')
    @State var location = ""
    ^
/Users/binde/Library/Mobile Documents/com~apple~CloudDocs/Flameworker/Flameworker/Sources/Views/Shared/Components/LocationAutoCompleteField.swift:140:5: note: Add '@Previewable'
    @State var location = ""
    ^~~~~~
    @Previewable @State
/Users/binde/Library/Mobile Documents/com~apple~CloudDocs/Flameworker/Flameworker/Sources/Views/Shared/Components/StoreAutoCompleteField.swift:143:5: warning: '@State' used inline will not work unless tagged with '@Previewable' (from macro 'Preview')
    @State var store = ""
    ^
/Users/binde/Library/Mobile Documents/com~apple~CloudDocs/Flameworker/Flameworker/Sources/Views/Shared/Components/StoreAutoCompleteField.swift:143:5: note: Add '@Previewable'
    @State var store = ""
    ^~~~~~
    @Previewable @State

SwiftCompile normal arm64 /Users/binde/Library/Mobile\ Documents/com~apple~CloudDocs/Flameworker/Flameworker/Sources/App/Factories/RepositoryFactory.swift (in target 'Flameworker' from project 'Flameworker')
    cd /Users/binde/Library/Mobile\ Documents/com\~apple\~CloudDocs/Flameworker
    

SwiftCompile normal arm64 /Users/binde/Library/Mobile\ Documents/com~apple~CloudDocs/Flameworker/Flameworker/Sources/App/AppLaunchView.swift (in target 'Flameworker' from project 'Flameworker')
    cd /Users/binde/Library/Mobile\ Documents/com\~apple\~CloudDocs/Flameworker
    

SwiftCompile normal arm64 /Users/binde/Library/Mobile\ Documents/com~apple~CloudDocs/Flameworker/Flameworker/Sources/App/CatalogDataCache.swift (in target 'Flameworker' from project 'Flameworker')
    cd /Users/binde/Library/Mobile\ Documents/com\~apple\~CloudDocs/Flameworker
    

SwiftCompile normal arm64 /Users/binde/Library/Mobile\ Documents/com~apple~CloudDocs/Flameworker/Flameworker/Sources/App/FlameworkerApp.swift (in target 'Flameworker' from project 'Flameworker')
    cd /Users/binde/Library/Mobile\ Documents/com\~apple\~CloudDocs/Flameworker
    
/Users/binde/Library/Mobile Documents/com~apple~CloudDocs/Flameworker/Flameworker/Sources/Services/Core/GlassItemDataLoadingService.swift:275:67: warning: main actor-isolated static property 'default' can not be referenced from a nonisolated context
    func loadGlassItemsFromJSONIfEmpty(options: LoadingOptions = .default) async throws -> GlassItemLoadingResult? {
                                                                  ^
/Users/binde/Library/Mobile Documents/com~apple~CloudDocs/Flameworker/Flameworker/Sources/Services/Core/GlassItemDataLoadingService.swift:114:20: note: static property declared here
        static let `default` = LoadingOptions(
                   ^
/Users/binde/Library/Mobile Documents/com~apple~CloudDocs/Flameworker/Flameworker/Sources/Services/Core/GlassItemDataLoadingService.swift:253:69: warning: main actor-isolated static property 'default' can not be referenced from a nonisolated context
    func loadGlassItemsAndUpdateExisting(options: LoadingOptions = .default) async throws -> GlassItemLoadingResult {
                                                                    ^
/Users/binde/Library/Mobile Documents/com~apple~CloudDocs/Flameworker/Flameworker/Sources/Services/Core/GlassItemDataLoadingService.swift:114:20: note: static property declared here
        static let `default` = LoadingOptions(
                   ^
/Users/binde/Library/Mobile Documents/com~apple~CloudDocs/Flameworker/Flameworker/Sources/App/FlameworkerApp.swift:176:11: warning: 'catch' block is unreachable because no errors are thrown in 'do' block
        } catch {
          ^

SwiftCompile normal arm64 /Users/binde/Library/Mobile\ Documents/com~apple~CloudDocs/Flameworker/Flameworker/Sources/App/MainTabView.swift (in target 'Flameworker' from project 'Flameworker')
    cd /Users/binde/Library/Mobile\ Documents/com\~apple\~CloudDocs/Flameworker
    

SwiftCompile normal arm64 /Users/binde/Library/Mobile\ Documents/com~apple~CloudDocs/Flameworker/Flameworker/Sources/Models/Helpers/CatalogCodeLookup.swift (in target 'Flameworker' from project 'Flameworker')
    cd /Users/binde/Library/Mobile\ Documents/com\~apple\~CloudDocs/Flameworker
    

SwiftCompile normal arm64 /Users/binde/Library/Mobile\ Documents/com~apple~CloudDocs/Flameworker/Flameworker/Sources/Models/Helpers/CatalogItemHelpers.swift (in target 'Flameworker' from project 'Flameworker')
    cd /Users/binde/Library/Mobile\ Documents/com\~apple\~CloudDocs/Flameworker
    

SwiftCompile normal arm64 Compiling\ CatalogView.swift,\ InventoryItemRowView.swift,\ UserNotesEditor.swift,\ UserTagsEditor.swift,\ InventoryViewModel.swift,\ AddInventoryItemView.swift,\ ConsolidatedInventoryDetailView.swift /Users/binde/Library/Mobile\ Documents/com~apple~CloudDocs/Flameworker/Flameworker/Sources/Views/Catalog/CatalogView.swift /Users/binde/Library/Mobile\ Documents/com~apple~CloudDocs/Flameworker/Flameworker/Sources/Views/Inventory/Components/InventoryItemRowView.swift /Users/binde/Library/Mobile\ Documents/com~apple~CloudDocs/Flameworker/Flameworker/Sources/Views/Inventory/Components/UserNotesEditor.swift /Users/binde/Library/Mobile\ Documents/com~apple~CloudDocs/Flameworker/Flameworker/Sources/Views/Inventory/Components/UserTagsEditor.swift /Users/binde/Library/Mobile\ Documents/com~apple~CloudDocs/Flameworker/Flameworker/Sources/Views/Inventory/ViewModel/InventoryViewModel.swift /Users/binde/Library/Mobile\ Documents/com~apple~CloudDocs/Flameworker/Flameworker/Sources/Views/Inventory/AddInventoryItemView.swift /Users/binde/Library/Mobile\ Documents/com~apple~CloudDocs/Flameworker/Flameworker/Sources/Views/Inventory/ConsolidatedInventoryDetailView.swift (in target 'Flameworker' from project 'Flameworker')

SwiftCompile normal arm64 /Users/binde/Library/Mobile\ Documents/com~apple~CloudDocs/Flameworker/Flameworker/Sources/Views/Catalog/CatalogView.swift (in target 'Flameworker' from project 'Flameworker')
    cd /Users/binde/Library/Mobile\ Documents/com\~apple\~CloudDocs/Flameworker
    
/Users/binde/Library/Mobile Documents/com~apple~CloudDocs/Flameworker/Flameworker/Sources/Views/Shared/Components/LocationAutoCompleteField.swift:140:5: warning: '@State' used inline will not work unless tagged with '@Previewable' (from macro 'Preview')
    @State var location = ""
    ^
/Users/binde/Library/Mobile Documents/com~apple~CloudDocs/Flameworker/Flameworker/Sources/Views/Shared/Components/LocationAutoCompleteField.swift:140:5: note: Add '@Previewable'
    @State var location = ""
    ^~~~~~
    @Previewable @State
/Users/binde/Library/Mobile Documents/com~apple~CloudDocs/Flameworker/Flameworker/Sources/Views/Shared/Components/StoreAutoCompleteField.swift:143:5: warning: '@State' used inline will not work unless tagged with '@Previewable' (from macro 'Preview')
    @State var store = ""
    ^
/Users/binde/Library/Mobile Documents/com~apple~CloudDocs/Flameworker/Flameworker/Sources/Views/Shared/Components/StoreAutoCompleteField.swift:143:5: note: Add '@Previewable'
    @State var store = ""
    ^~~~~~
    @Previewable @State

SwiftCompile normal arm64 /Users/binde/Library/Mobile\ Documents/com~apple~CloudDocs/Flameworker/Flameworker/Sources/Views/Inventory/Components/InventoryItemRowView.swift (in target 'Flameworker' from project 'Flameworker')
    cd /Users/binde/Library/Mobile\ Documents/com\~apple\~CloudDocs/Flameworker
    

SwiftCompile normal arm64 /Users/binde/Library/Mobile\ Documents/com~apple~CloudDocs/Flameworker/Flameworker/Sources/Views/Inventory/Components/UserNotesEditor.swift (in target 'Flameworker' from project 'Flameworker')
    cd /Users/binde/Library/Mobile\ Documents/com\~apple\~CloudDocs/Flameworker
    

SwiftCompile normal arm64 /Users/binde/Library/Mobile\ Documents/com~apple~CloudDocs/Flameworker/Flameworker/Sources/Views/Inventory/Components/UserTagsEditor.swift (in target 'Flameworker' from project 'Flameworker')
    cd /Users/binde/Library/Mobile\ Documents/com\~apple\~CloudDocs/Flameworker
    

SwiftCompile normal arm64 /Users/binde/Library/Mobile\ Documents/com~apple~CloudDocs/Flameworker/Flameworker/Sources/Views/Inventory/ViewModel/InventoryViewModel.swift (in target 'Flameworker' from project 'Flameworker')
    cd /Users/binde/Library/Mobile\ Documents/com\~apple\~CloudDocs/Flameworker
    

SwiftCompile normal arm64 /Users/binde/Library/Mobile\ Documents/com~apple~CloudDocs/Flameworker/Flameworker/Sources/Views/Inventory/AddInventoryItemView.swift (in target 'Flameworker' from project 'Flameworker')
    cd /Users/binde/Library/Mobile\ Documents/com\~apple\~CloudDocs/Flameworker
    
/Users/binde/Library/Mobile Documents/com~apple~CloudDocs/Flameworker/Flameworker/Sources/Views/Inventory/AddInventoryItemView.swift:309:17: warning: no 'async' operations occur within 'await' expression
                await showError(error.localizedDescription)
                ^
/Users/binde/Library/Mobile Documents/com~apple~CloudDocs/Flameworker/Flameworker/Sources/Views/Inventory/AddInventoryItemView.swift:346:13: warning: initialization of immutable value 'newInventory' was never used; consider replacing with assignment to '_' or removing it
        let newInventory = InventoryModel(
        ~~~~^~~~~~~~~~~~
        _
/Users/binde/Library/Mobile Documents/com~apple~CloudDocs/Flameworker/Flameworker/Sources/Views/Inventory/AddInventoryItemView.swift:316:13: warning: no 'async' operations occur within 'await' expression
            await showError("Please fill in all required fields")
            ^
/Users/binde/Library/Mobile Documents/com~apple~CloudDocs/Flameworker/Flameworker/Sources/Views/Inventory/AddInventoryItemView.swift:321:13: warning: no 'async' operations occur within 'await' expression
            await showError("Invalid quantity format")
            ^
/Users/binde/Library/Mobile Documents/com~apple~CloudDocs/Flameworker/Flameworker/Sources/Views/Inventory/AddInventoryItemView.swift:327:13: warning: no 'async' operations occur within 'await' expression
            await showError("Please select a glass item")
            ^

SwiftCompile normal arm64 /Users/binde/Library/Mobile\ Documents/com~apple~CloudDocs/Flameworker/Flameworker/Sources/Views/Inventory/ConsolidatedInventoryDetailView.swift (in target 'Flameworker' from project 'Flameworker')
    cd /Users/binde/Library/Mobile\ Documents/com\~apple\~CloudDocs/Flameworker
    
/Users/binde/Library/Mobile Documents/com~apple~CloudDocs/Flameworker/Flameworker/Sources/Views/Inventory/ConsolidatedInventoryDetailView.swift:142:13: warning: no 'async' operations occur within 'await' expression
            await loadInventorySummary()
            ^

SwiftDriverJobDiscovery normal arm64 Compiling FileSystemUserImageRepository.swift, MockCatalogRepository.swift, MockGlassItemRepository.swift, MockInventoryRepository.swift, MockItemMinimumRepository.swift, MockItemTagsRepository.swift, EntityCoordinator.swift (in target 'Flameworker' from project 'Flameworker')

SwiftCompile normal arm64 Compiling\ GlassItemTypeSystem.swift,\ ItemShoppingModel.swift,\ PurchaseRecordModel.swift,\ UserNotesModel.swift,\ WeightUnit.swift /Users/binde/Library/Mobile\ Documents/com~apple~CloudDocs/Flameworker/Flameworker/Sources/Models/Domain/GlassItemTypeSystem.swift /Users/binde/Library/Mobile\ Documents/com~apple~CloudDocs/Flameworker/Flameworker/Sources/Models/Domain/ItemShoppingModel.swift /Users/binde/Library/Mobile\ Documents/com~apple~CloudDocs/Flameworker/Flameworker/Sources/Models/Domain/PurchaseRecordModel.swift /Users/binde/Library/Mobile\ Documents/com~apple~CloudDocs/Flameworker/Flameworker/Sources/Models/Domain/UserNotesModel.swift /Users/binde/Library/Mobile\ Documents/com~apple~CloudDocs/Flameworker/Flameworker/Sources/Models/Domain/WeightUnit.swift (in target 'Flameworker' from project 'Flameworker')

SwiftCompile normal arm64 /Users/binde/Library/Mobile\ Documents/com~apple~CloudDocs/Flameworker/Flameworker/Sources/Models/Domain/GlassItemTypeSystem.swift (in target 'Flameworker' from project 'Flameworker')
    cd /Users/binde/Library/Mobile\ Documents/com\~apple\~CloudDocs/Flameworker
    

SwiftCompile normal arm64 /Users/binde/Library/Mobile\ Documents/com~apple~CloudDocs/Flameworker/Flameworker/Sources/Models/Domain/ItemShoppingModel.swift (in target 'Flameworker' from project 'Flameworker')
    cd /Users/binde/Library/Mobile\ Documents/com\~apple\~CloudDocs/Flameworker
    

SwiftCompile normal arm64 /Users/binde/Library/Mobile\ Documents/com~apple~CloudDocs/Flameworker/Flameworker/Sources/Models/Domain/PurchaseRecordModel.swift (in target 'Flameworker' from project 'Flameworker')
    cd /Users/binde/Library/Mobile\ Documents/com\~apple\~CloudDocs/Flameworker
    

SwiftCompile normal arm64 /Users/binde/Library/Mobile\ Documents/com~apple~CloudDocs/Flameworker/Flameworker/Sources/Models/Domain/UserNotesModel.swift (in target 'Flameworker' from project 'Flameworker')
    cd /Users/binde/Library/Mobile\ Documents/com\~apple\~CloudDocs/Flameworker
    

SwiftCompile normal arm64 /Users/binde/Library/Mobile\ Documents/com~apple~CloudDocs/Flameworker/Flameworker/Sources/Models/Domain/WeightUnit.swift (in target 'Flameworker' from project 'Flameworker')
    cd /Users/binde/Library/Mobile\ Documents/com\~apple\~CloudDocs/Flameworker
    
/Users/binde/Library/Mobile Documents/com~apple~CloudDocs/Flameworker/Flameworker/Sources/Models/Domain/WeightUnit.swift:72:24: warning: main actor-isolated static property 'userDefaults' can not be referenced from a nonisolated context
        let defaults = userDefaults
                       ^
/Users/binde/Library/Mobile Documents/com~apple~CloudDocs/Flameworker/Flameworker/Sources/Models/Domain/WeightUnit.swift:53:24: note: static property declared here
    private static var userDefaults: UserDefaults {
                       ^
/Users/binde/Library/Mobile Documents/com~apple~CloudDocs/Flameworker/Flameworker/Sources/Models/Domain/WeightUnit.swift:94:9: warning: main actor-isolated static property 'lock' can not be referenced from a nonisolated context
        lock.lock()
        ^
/Users/binde/Library/Mobile Documents/com~apple~CloudDocs/Flameworker/Flameworker/Sources/Models/Domain/WeightUnit.swift:51:24: note: static property declared here
    private static let lock = NSLock()
                       ^
/Users/binde/Library/Mobile Documents/com~apple~CloudDocs/Flameworker/Flameworker/Sources/Models/Domain/WeightUnit.swift:95:17: warning: main actor-isolated static property 'lock' can not be referenced from a nonisolated context
        defer { lock.unlock() }
                ^
/Users/binde/Library/Mobile Documents/com~apple~CloudDocs/Flameworker/Flameworker/Sources/Models/Domain/WeightUnit.swift:51:24: note: static property declared here
    private static let lock = NSLock()
                       ^
/Users/binde/Library/Mobile Documents/com~apple~CloudDocs/Flameworker/Flameworker/Sources/Models/Domain/WeightUnit.swift:96:9: warning: main actor-isolated static property '_userDefaults' can not be mutated from a nonisolated context
        _userDefaults = userDefaults
        ^
/Users/binde/Library/Mobile Documents/com~apple~CloudDocs/Flameworker/Flameworker/Sources/Models/Domain/WeightUnit.swift:50:24: note: mutation of this static property is only permitted within the actor
    private static var _userDefaults: UserDefaults? = nil
                       ^
/Users/binde/Library/Mobile Documents/com~apple~CloudDocs/Flameworker/Flameworker/Sources/Models/Domain/WeightUnit.swift:101:9: warning: main actor-isolated static property 'lock' can not be referenced from a nonisolated context
        lock.lock()
        ^
/Users/binde/Library/Mobile Documents/com~apple~CloudDocs/Flameworker/Flameworker/Sources/Models/Domain/WeightUnit.swift:51:24: note: static property declared here
    private static let lock = NSLock()
                       ^
/Users/binde/Library/Mobile Documents/com~apple~CloudDocs/Flameworker/Flameworker/Sources/Models/Domain/WeightUnit.swift:102:17: warning: main actor-isolated static property 'lock' can not be referenced from a nonisolated context
        defer { lock.unlock() }
                ^
/Users/binde/Library/Mobile Documents/com~apple~CloudDocs/Flameworker/Flameworker/Sources/Models/Domain/WeightUnit.swift:51:24: note: static property declared here
    private static let lock = NSLock()
                       ^
/Users/binde/Library/Mobile Documents/com~apple~CloudDocs/Flameworker/Flameworker/Sources/Models/Domain/WeightUnit.swift:103:9: warning: main actor-isolated static property '_userDefaults' can not be mutated from a nonisolated context
        _userDefaults = nil  // Reset to nil so userDefaults computed property determines the appropriate defaults
        ^
/Users/binde/Library/Mobile Documents/com~apple~CloudDocs/Flameworker/Flameworker/Sources/Models/Domain/WeightUnit.swift:50:24: note: mutation of this static property is only permitted within the actor
    private static var _userDefaults: UserDefaults? = nil
                       ^

SwiftDriverJobDiscovery normal arm64 Compiling CatalogViewFactory.swift, RepositoryFactory.swift, AppLaunchView.swift, CatalogDataCache.swift, FlameworkerApp.swift, MainTabView.swift, CatalogCodeLookup.swift, CatalogItemHelpers.swift (in target 'Flameworker' from project 'Flameworker')

SwiftCompile normal arm64 Compiling\ DebugConfig.swift,\ GlassTerminologySettings.swift,\ ShoppingModeState.swift,\ CatalogDataModels.swift,\ CatalogItemModel.swift /Users/binde/Library/Mobile\ Documents/com~apple~CloudDocs/Flameworker/Flameworker/Sources/App/Configuration/DebugConfig.swift /Users/binde/Library/Mobile\ Documents/com~apple~CloudDocs/Flameworker/Flameworker/Sources/App/Configuration/GlassTerminologySettings.swift /Users/binde/Library/Mobile\ Documents/com~apple~CloudDocs/Flameworker/Flameworker/Sources/App/ShoppingModeState.swift /Users/binde/Library/Mobile\ Documents/com~apple~CloudDocs/Flameworker/Flameworker/Sources/Models/Domain/CatalogDataModels.swift /Users/binde/Library/Mobile\ Documents/com~apple~CloudDocs/Flameworker/Flameworker/Sources/Models/Domain/CatalogItemModel.swift (in target 'Flameworker' from project 'Flameworker')

SwiftCompile normal arm64 /Users/binde/Library/Mobile\ Documents/com~apple~CloudDocs/Flameworker/Flameworker/Sources/App/Configuration/DebugConfig.swift (in target 'Flameworker' from project 'Flameworker')
    cd /Users/binde/Library/Mobile\ Documents/com\~apple\~CloudDocs/Flameworker
    

SwiftCompile normal arm64 /Users/binde/Library/Mobile\ Documents/com~apple~CloudDocs/Flameworker/Flameworker/Sources/App/Configuration/GlassTerminologySettings.swift (in target 'Flameworker' from project 'Flameworker')
    cd /Users/binde/Library/Mobile\ Documents/com\~apple\~CloudDocs/Flameworker
    

SwiftCompile normal arm64 /Users/binde/Library/Mobile\ Documents/com~apple~CloudDocs/Flameworker/Flameworker/Sources/App/ShoppingModeState.swift (in target 'Flameworker' from project 'Flameworker')
    cd /Users/binde/Library/Mobile\ Documents/com\~apple\~CloudDocs/Flameworker
    

SwiftCompile normal arm64 /Users/binde/Library/Mobile\ Documents/com~apple~CloudDocs/Flameworker/Flameworker/Sources/Models/Domain/CatalogDataModels.swift (in target 'Flameworker' from project 'Flameworker')
    cd /Users/binde/Library/Mobile\ Documents/com\~apple\~CloudDocs/Flameworker
    

SwiftCompile normal arm64 /Users/binde/Library/Mobile\ Documents/com~apple~CloudDocs/Flameworker/Flameworker/Sources/Models/Domain/CatalogItemModel.swift (in target 'Flameworker' from project 'Flameworker')
    cd /Users/binde/Library/Mobile\ Documents/com\~apple\~CloudDocs/Flameworker
    
/Users/binde/Library/Mobile Documents/com~apple~CloudDocs/Flameworker/Flameworker/Sources/Models/Domain/CatalogItemModel.swift:256:17: warning: initialization of immutable value 'allowedSubtypes' was never used; consider replacing with assignment to '_' or removing it
            let allowedSubtypes = ["coarse", "fine", "medium", "10x10", "20x20", "5x5"]
            ~~~~^~~~~~~~~~~~~~~
            _

SwiftDriverJobDiscovery normal arm64 Emitting module for Flameworker (in target 'Flameworker' from project 'Flameworker')

SwiftDriverJobDiscovery normal arm64 Compiling CoreDataEntityHelpers.swift, CoreDataHelpers.swift, CoreDataInventoryRepository.swift, CoreDataItemTagsRepository.swift, CoreDataLocationRepository.swift, CoreDataMigrationService.swift, CoreDataProjectLogRepository.swift, CoreDataProjectPlanRepository.swift (in target 'Flameworker' from project 'Flameworker')

SwiftDriver\ Compilation\ Requirements Flameworker normal arm64 com.apple.xcode.tools.swift.compiler (in target 'Flameworker' from project 'Flameworker')
    cd /Users/binde/Library/Mobile\ Documents/com\~apple\~CloudDocs/Flameworker
    builtin-Swift-Compilation-Requirements -- /Applications/Xcode.app/Contents/Developer/Toolchains/XcodeDefault.xctoolchain/usr/bin/swiftc -module-name Flameworker -Onone -enforce-exclusivity\=checked @/Users/binde/Library/Developer/Xcode/DerivedData/Flameworker-ceyhfmivhguynagohidrsoqdxgqb/Build/Intermediates.noindex/Flameworker.build/Debug/Flameworker.build/Objects-normal/arm64/Flameworker.SwiftFileList -DDEBUG -default-isolation\=MainActor -enable-bare-slash-regex -enable-upcoming-feature DisableOutwardActorInference -enable-upcoming-feature InferSendableFromCaptures -enable-upcoming-feature GlobalActorIsolatedTypesUsability -enable-upcoming-feature MemberImportVisibility -enable-upcoming-feature InferIsolatedConformances -enable-upcoming-feature NonisolatedNonsendingByDefault -enable-experimental-feature DebugDescriptionMacro -sdk /Applications/Xcode.app/Contents/Developer/Platforms/MacOSX.platform/Developer/SDKs/MacOSX26.0.sdk -target arm64-apple-macos26.0 -g -module-cache-path /Users/binde/Library/Developer/Xcode/DerivedData/ModuleCache.noindex -Xfrontend -serialize-debugging-options -profile-coverage-mapping -profile-generate -enable-testing -index-store-path /Users/binde/Library/Developer/Xcode/DerivedData/Flameworker-ceyhfmivhguynagohidrsoqdxgqb/Index.noindex/DataStore -Xcc -D_LIBCPP_HARDENING_MODE\=_LIBCPP_HARDENING_MODE_DEBUG -swift-version 5 -I /Users/binde/Library/Developer/Xcode/DerivedData/Flameworker-ceyhfmivhguynagohidrsoqdxgqb/Build/Products/Debug -F /Users/binde/Library/Developer/Xcode/DerivedData/Flameworker-ceyhfmivhguynagohidrsoqdxgqb/Build/Products/Debug -emit-localized-strings -emit-localized-strings-path /Users/binde/Library/Developer/Xcode/DerivedData/Flameworker-ceyhfmivhguynagohidrsoqdxgqb/Build/Intermediates.noindex/Flameworker.build/Debug/Flameworker.build/Objects-normal/arm64 -c -j11 -enable-batch-mode -incremental -Xcc -ivfsstatcache -Xcc /Users/binde/Library/Developer/Xcode/DerivedData/SDKStatCaches.noindex/macosx26.0-25A352-28806144b0707e398aac92880fa50324.sdkstatcache -output-file-map /Users/binde/Library/Developer/Xcode/DerivedData/Flameworker-ceyhfmivhguynagohidrsoqdxgqb/Build/Intermediates.noindex/Flameworker.build/Debug/Flameworker.build/Objects-normal/arm64/Flameworker-OutputFileMap.json -use-frontend-parseable-output -save-temps -no-color-diagnostics -explicit-module-build -module-cache-path /Users/binde/Library/Developer/Xcode/DerivedData/Flameworker-ceyhfmivhguynagohidrsoqdxgqb/Build/Intermediates.noindex/SwiftExplicitPrecompiledModules -clang-scanner-module-cache-path /Users/binde/Library/Developer/Xcode/DerivedData/ModuleCache.noindex -sdk-module-cache-path /Users/binde/Library/Developer/Xcode/DerivedData/ModuleCache.noindex -serialize-diagnostics -emit-dependencies -emit-module -emit-module-path /Users/binde/Library/Developer/Xcode/DerivedData/Flameworker-ceyhfmivhguynagohidrsoqdxgqb/Build/Intermediates.noindex/Flameworker.build/Debug/Flameworker.build/Objects-normal/arm64/Flameworker.swiftmodule -validate-clang-modules-once -clang-build-session-file /Users/binde/Library/Developer/Xcode/DerivedData/ModuleCache.noindex/Session.modulevalidation -Xcc -I/Users/binde/Library/Developer/Xcode/DerivedData/Flameworker-ceyhfmivhguynagohidrsoqdxgqb/Build/Intermediates.noindex/Flameworker.build/Debug/Flameworker.build/swift-overrides.hmap -emit-const-values -Xfrontend -const-gather-protocols-file -Xfrontend /Users/binde/Library/Developer/Xcode/DerivedData/Flameworker-ceyhfmivhguynagohidrsoqdxgqb/Build/Intermediates.noindex/Flameworker.build/Debug/Flameworker.build/Objects-normal/arm64/Flameworker_const_extract_protocols.json -Xcc -iquote -Xcc /Users/binde/Library/Developer/Xcode/DerivedData/Flameworker-ceyhfmivhguynagohidrsoqdxgqb/Build/Intermediates.noindex/Flameworker.build/Debug/Flameworker.build/Flameworker-generated-files.hmap -Xcc -I/Users/binde/Library/Developer/Xcode/DerivedData/Flameworker-ceyhfmivhguynagohidrsoqdxgqb/Build/Intermediates.noindex/Flameworker.build/Debug/Flameworker.build/Flameworker-own-target-headers.hmap -Xcc -I/Users/binde/Library/Developer/Xcode/DerivedData/Flameworker-ceyhfmivhguynagohidrsoqdxgqb/Build/Intermediates.noindex/Flameworker.build/Debug/Flameworker.build/Flameworker-all-target-headers.hmap -Xcc -iquote -Xcc /Users/binde/Library/Developer/Xcode/DerivedData/Flameworker-ceyhfmivhguynagohidrsoqdxgqb/Build/Intermediates.noindex/Flameworker.build/Debug/Flameworker.build/Flameworker-project-headers.hmap -Xcc -I/Users/binde/Library/Developer/Xcode/DerivedData/Flameworker-ceyhfmivhguynagohidrsoqdxgqb/Build/Products/Debug/include -Xcc -I/Users/binde/Library/Developer/Xcode/DerivedData/Flameworker-ceyhfmivhguynagohidrsoqdxgqb/Build/Intermediates.noindex/Flameworker.build/Debug/Flameworker.build/DerivedSources-normal/arm64 -Xcc -I/Users/binde/Library/Developer/Xcode/DerivedData/Flameworker-ceyhfmivhguynagohidrsoqdxgqb/Build/Intermediates.noindex/Flameworker.build/Debug/Flameworker.build/DerivedSources/arm64 -Xcc -I/Users/binde/Library/Developer/Xcode/DerivedData/Flameworker-ceyhfmivhguynagohidrsoqdxgqb/Build/Intermediates.noindex/Flameworker.build/Debug/Flameworker.build/DerivedSources -Xcc -DDEBUG\=1 -emit-objc-header -emit-objc-header-path /Users/binde/Library/Developer/Xcode/DerivedData/Flameworker-ceyhfmivhguynagohidrsoqdxgqb/Build/Intermediates.noindex/Flameworker.build/Debug/Flameworker.build/Objects-normal/arm64/Flameworker-Swift.h -working-directory /Users/binde/Library/Mobile\ Documents/com\~apple\~CloudDocs/Flameworker -experimental-emit-module-separately -disable-cmo

SwiftCompile normal arm64 Compiling\ CatalogItemParentModel.swift,\ CatalogSortOption.swift,\ CatalogUnits.swift,\ COEGlassType.swift,\ DefaultUnits.swift /Users/binde/Library/Mobile\ Documents/com~apple~CloudDocs/Flameworker/Flameworker/Sources/Models/Domain/CatalogItemParentModel.swift /Users/binde/Library/Mobile\ Documents/com~apple~CloudDocs/Flameworker/Flameworker/Sources/Models/Domain/CatalogSortOption.swift /Users/binde/Library/Mobile\ Documents/com~apple~CloudDocs/Flameworker/Flameworker/Sources/Models/Domain/CatalogUnits.swift /Users/binde/Library/Mobile\ Documents/com~apple~CloudDocs/Flameworker/Flameworker/Sources/Models/Domain/COEGlassType.swift /Users/binde/Library/Mobile\ Documents/com~apple~CloudDocs/Flameworker/Flameworker/Sources/Models/Domain/DefaultUnits.swift (in target 'Flameworker' from project 'Flameworker')

SwiftCompile normal arm64 /Users/binde/Library/Mobile\ Documents/com~apple~CloudDocs/Flameworker/Flameworker/Sources/Models/Domain/CatalogItemParentModel.swift (in target 'Flameworker' from project 'Flameworker')
    cd /Users/binde/Library/Mobile\ Documents/com\~apple\~CloudDocs/Flameworker
    

SwiftCompile normal arm64 /Users/binde/Library/Mobile\ Documents/com~apple~CloudDocs/Flameworker/Flameworker/Sources/Models/Domain/CatalogSortOption.swift (in target 'Flameworker' from project 'Flameworker')
    cd /Users/binde/Library/Mobile\ Documents/com\~apple\~CloudDocs/Flameworker
    

SwiftCompile normal arm64 /Users/binde/Library/Mobile\ Documents/com~apple~CloudDocs/Flameworker/Flameworker/Sources/Models/Domain/CatalogUnits.swift (in target 'Flameworker' from project 'Flameworker')
    cd /Users/binde/Library/Mobile\ Documents/com\~apple\~CloudDocs/Flameworker
    

SwiftCompile normal arm64 /Users/binde/Library/Mobile\ Documents/com~apple~CloudDocs/Flameworker/Flameworker/Sources/Models/Domain/COEGlassType.swift (in target 'Flameworker' from project 'Flameworker')
    cd /Users/binde/Library/Mobile\ Documents/com\~apple\~CloudDocs/Flameworker
    

SwiftCompile normal arm64 /Users/binde/Library/Mobile\ Documents/com~apple~CloudDocs/Flameworker/Flameworker/Sources/Models/Domain/DefaultUnits.swift (in target 'Flameworker' from project 'Flameworker')
    cd /Users/binde/Library/Mobile\ Documents/com\~apple\~CloudDocs/Flameworker
    

Copy /Users/binde/Library/Developer/Xcode/DerivedData/Flameworker-ceyhfmivhguynagohidrsoqdxgqb/Build/Products/Debug/Flameworker.swiftmodule/arm64-apple-macos.swiftmodule /Users/binde/Library/Developer/Xcode/DerivedData/Flameworker-ceyhfmivhguynagohidrsoqdxgqb/Build/Intermediates.noindex/Flameworker.build/Debug/Flameworker.build/Objects-normal/arm64/Flameworker.swiftmodule (in target 'Flameworker' from project 'Flameworker')
    cd /Users/binde/Library/Mobile\ Documents/com\~apple\~CloudDocs/Flameworker
    builtin-copy -exclude .DS_Store -exclude CVS -exclude .svn -exclude .git -exclude .hg -resolve-src-symlinks -rename /Users/binde/Library/Developer/Xcode/DerivedData/Flameworker-ceyhfmivhguynagohidrsoqdxgqb/Build/Intermediates.noindex/Flameworker.build/Debug/Flameworker.build/Objects-normal/arm64/Flameworker.swiftmodule /Users/binde/Library/Developer/Xcode/DerivedData/Flameworker-ceyhfmivhguynagohidrsoqdxgqb/Build/Products/Debug/Flameworker.swiftmodule/arm64-apple-macos.swiftmodule

SwiftDriverJobDiscovery normal arm64 Compiling CoreDataPurchaseRecordRepository.swift, CoreDataRecoveryUtility.swift, CoreDataShoppingListRepository.swift, CoreDataUserImageRepository.swift, CoreDataUserNotesRepository.swift, CoreDataUserTagsRepository.swift, CoreDataVersionInfo.swift, Persistence.swift (in target 'Flameworker' from project 'Flameworker')

Copy /Users/binde/Library/Developer/Xcode/DerivedData/Flameworker-ceyhfmivhguynagohidrsoqdxgqb/Build/Products/Debug/Flameworker.swiftmodule/arm64-apple-macos.abi.json /Users/binde/Library/Developer/Xcode/DerivedData/Flameworker-ceyhfmivhguynagohidrsoqdxgqb/Build/Intermediates.noindex/Flameworker.build/Debug/Flameworker.build/Objects-normal/arm64/Flameworker.abi.json (in target 'Flameworker' from project 'Flameworker')
    cd /Users/binde/Library/Mobile\ Documents/com\~apple\~CloudDocs/Flameworker
    builtin-copy -exclude .DS_Store -exclude CVS -exclude .svn -exclude .git -exclude .hg -resolve-src-symlinks -rename /Users/binde/Library/Developer/Xcode/DerivedData/Flameworker-ceyhfmivhguynagohidrsoqdxgqb/Build/Intermediates.noindex/Flameworker.build/Debug/Flameworker.build/Objects-normal/arm64/Flameworker.abi.json /Users/binde/Library/Developer/Xcode/DerivedData/Flameworker-ceyhfmivhguynagohidrsoqdxgqb/Build/Products/Debug/Flameworker.swiftmodule/arm64-apple-macos.abi.json

Copy /Users/binde/Library/Developer/Xcode/DerivedData/Flameworker-ceyhfmivhguynagohidrsoqdxgqb/Build/Products/Debug/Flameworker.swiftmodule/Project/arm64-apple-macos.swiftsourceinfo /Users/binde/Library/Developer/Xcode/DerivedData/Flameworker-ceyhfmivhguynagohidrsoqdxgqb/Build/Intermediates.noindex/Flameworker.build/Debug/Flameworker.build/Objects-normal/arm64/Flameworker.swiftsourceinfo (in target 'Flameworker' from project 'Flameworker')
    cd /Users/binde/Library/Mobile\ Documents/com\~apple\~CloudDocs/Flameworker
    builtin-copy -exclude .DS_Store -exclude CVS -exclude .svn -exclude .git -exclude .hg -resolve-src-symlinks -rename /Users/binde/Library/Developer/Xcode/DerivedData/Flameworker-ceyhfmivhguynagohidrsoqdxgqb/Build/Intermediates.noindex/Flameworker.build/Debug/Flameworker.build/Objects-normal/arm64/Flameworker.swiftsourceinfo /Users/binde/Library/Developer/Xcode/DerivedData/Flameworker-ceyhfmivhguynagohidrsoqdxgqb/Build/Products/Debug/Flameworker.swiftmodule/Project/arm64-apple-macos.swiftsourceinfo

SwiftCompile normal arm64 Compiling\ ColorListView.swift,\ TagFilterView.swift,\ CatalogBundleDebugView.swift,\ GeneratedAssetSymbols.swift /Users/binde/Library/Mobile\ Documents/com~apple~CloudDocs/Flameworker/Flameworker/Sources/Views/Catalog/Components/ColorListView.swift /Users/binde/Library/Mobile\ Documents/com~apple~CloudDocs/Flameworker/Flameworker/Sources/Views/Catalog/Components/TagFilterView.swift /Users/binde/Library/Mobile\ Documents/com~apple~CloudDocs/Flameworker/Flameworker/Sources/Views/Catalog/Debug/CatalogBundleDebugView.swift /Users/binde/Library/Developer/Xcode/DerivedData/Flameworker-ceyhfmivhguynagohidrsoqdxgqb/Build/Intermediates.noindex/Flameworker.build/Debug/Flameworker.build/DerivedSources/GeneratedAssetSymbols.swift (in target 'Flameworker' from project 'Flameworker')

SwiftCompile normal arm64 /Users/binde/Library/Mobile\ Documents/com~apple~CloudDocs/Flameworker/Flameworker/Sources/Views/Catalog/Components/ColorListView.swift (in target 'Flameworker' from project 'Flameworker')
    cd /Users/binde/Library/Mobile\ Documents/com\~apple\~CloudDocs/Flameworker
    
/Users/binde/Library/Mobile Documents/com~apple~CloudDocs/Flameworker/Flameworker/Sources/Views/Shared/Components/LocationAutoCompleteField.swift:140:5: warning: '@State' used inline will not work unless tagged with '@Previewable' (from macro 'Preview')
    @State var location = ""
    ^
/Users/binde/Library/Mobile Documents/com~apple~CloudDocs/Flameworker/Flameworker/Sources/Views/Shared/Components/LocationAutoCompleteField.swift:140:5: note: Add '@Previewable'
    @State var location = ""
    ^~~~~~
    @Previewable @State
/Users/binde/Library/Mobile Documents/com~apple~CloudDocs/Flameworker/Flameworker/Sources/Views/Shared/Components/StoreAutoCompleteField.swift:143:5: warning: '@State' used inline will not work unless tagged with '@Previewable' (from macro 'Preview')
    @State var store = ""
    ^
/Users/binde/Library/Mobile Documents/com~apple~CloudDocs/Flameworker/Flameworker/Sources/Views/Shared/Components/StoreAutoCompleteField.swift:143:5: note: Add '@Previewable'
    @State var store = ""
    ^~~~~~
    @Previewable @State

SwiftCompile normal arm64 /Users/binde/Library/Mobile\ Documents/com~apple~CloudDocs/Flameworker/Flameworker/Sources/Views/Catalog/Components/TagFilterView.swift (in target 'Flameworker' from project 'Flameworker')
    cd /Users/binde/Library/Mobile\ Documents/com\~apple\~CloudDocs/Flameworker
    

SwiftCompile normal arm64 /Users/binde/Library/Mobile\ Documents/com~apple~CloudDocs/Flameworker/Flameworker/Sources/Views/Catalog/Debug/CatalogBundleDebugView.swift (in target 'Flameworker' from project 'Flameworker')
    cd /Users/binde/Library/Mobile\ Documents/com\~apple\~CloudDocs/Flameworker
    

SwiftCompile normal arm64 /Users/binde/Library/Developer/Xcode/DerivedData/Flameworker-ceyhfmivhguynagohidrsoqdxgqb/Build/Intermediates.noindex/Flameworker.build/Debug/Flameworker.build/DerivedSources/GeneratedAssetSymbols.swift (in target 'Flameworker' from project 'Flameworker')
    cd /Users/binde/Library/Mobile\ Documents/com\~apple\~CloudDocs/Flameworker
    

SwiftCompile normal arm64 Compiling\ UserTagsRepository.swift,\ GlassManufacturers.swift,\ InventoryTrackingService.swift,\ ProjectService.swift,\ SharedModels.swift /Users/binde/Library/Mobile\ Documents/com~apple~CloudDocs/Flameworker/Flameworker/Sources/Repositories/Protocols/UserTagsRepository.swift /Users/binde/Library/Mobile\ Documents/com~apple~CloudDocs/Flameworker/Flameworker/Sources/Resources/GlassManufacturers.swift /Users/binde/Library/Mobile\ Documents/com~apple~CloudDocs/Flameworker/Flameworker/Sources/Services/Core/InventoryTrackingService.swift /Users/binde/Library/Mobile\ Documents/com~apple~CloudDocs/Flameworker/Flameworker/Sources/Services/Core/ProjectService.swift /Users/binde/Library/Mobile\ Documents/com~apple~CloudDocs/Flameworker/Flameworker/Sources/Services/Core/SharedModels.swift (in target 'Flameworker' from project 'Flameworker')

SwiftCompile normal arm64 /Users/binde/Library/Mobile\ Documents/com~apple~CloudDocs/Flameworker/Flameworker/Sources/Repositories/Protocols/UserTagsRepository.swift (in target 'Flameworker' from project 'Flameworker')
    cd /Users/binde/Library/Mobile\ Documents/com\~apple\~CloudDocs/Flameworker
    

SwiftCompile normal arm64 /Users/binde/Library/Mobile\ Documents/com~apple~CloudDocs/Flameworker/Flameworker/Sources/Resources/GlassManufacturers.swift (in target 'Flameworker' from project 'Flameworker')
    cd /Users/binde/Library/Mobile\ Documents/com\~apple\~CloudDocs/Flameworker
    

SwiftCompile normal arm64 /Users/binde/Library/Mobile\ Documents/com~apple~CloudDocs/Flameworker/Flameworker/Sources/Services/Core/InventoryTrackingService.swift (in target 'Flameworker' from project 'Flameworker')
    cd /Users/binde/Library/Mobile\ Documents/com\~apple\~CloudDocs/Flameworker
    
/Users/binde/Library/Mobile Documents/com~apple~CloudDocs/Flameworker/Flameworker/Sources/Services/Core/InventoryTrackingService.swift:144:13: warning: initialization of immutable value 'updatedItem' was never used; consider replacing with assignment to '_' or removing it
        let updatedItem = try await glassItemRepository.updateItem(updatedGlassItem)
        ~~~~^~~~~~~~~~~
        _
/Users/binde/Library/Mobile Documents/com~apple~CloudDocs/Flameworker/Flameworker/Sources/Services/Core/InventoryTrackingService.swift:360:19: warning: value 'glassItem' was defined but never used; consider replacing with boolean test
        guard let glassItem = try await glassItemRepository.fetchItem(byNaturalKey: naturalKey) else {
              ~~~~^~~~~~~~~~~~
              (                                                                                ) != nil

SwiftCompile normal arm64 /Users/binde/Library/Mobile\ Documents/com~apple~CloudDocs/Flameworker/Flameworker/Sources/Services/Core/ProjectService.swift (in target 'Flameworker' from project 'Flameworker')
    cd /Users/binde/Library/Mobile\ Documents/com\~apple\~CloudDocs/Flameworker
    

SwiftCompile normal arm64 /Users/binde/Library/Mobile\ Documents/com~apple~CloudDocs/Flameworker/Flameworker/Sources/Services/Core/SharedModels.swift (in target 'Flameworker' from project 'Flameworker')
    cd /Users/binde/Library/Mobile\ Documents/com\~apple\~CloudDocs/Flameworker
    

SwiftDriverJobDiscovery normal arm64 Compiling GlassItemTypeSystem.swift, ItemShoppingModel.swift, PurchaseRecordModel.swift, UserNotesModel.swift, WeightUnit.swift (in target 'Flameworker' from project 'Flameworker')

SwiftCompile normal arm64 Compiling\ ShoppingListService.swift,\ JSONDataLoader.swift,\ Array+Extensions.swift,\ BundleFileUtilities.swift,\ InventorySearchSuggestions.swift /Users/binde/Library/Mobile\ Documents/com~apple~CloudDocs/Flameworker/Flameworker/Sources/Services/Core/ShoppingListService.swift /Users/binde/Library/Mobile\ Documents/com~apple~CloudDocs/Flameworker/Flameworker/Sources/Services/DataLoading/JSONDataLoader.swift /Users/binde/Library/Mobile\ Documents/com~apple~CloudDocs/Flameworker/Flameworker/Sources/Utilities/Array+Extensions.swift /Users/binde/Library/Mobile\ Documents/com~apple~CloudDocs/Flameworker/Flameworker/Sources/Utilities/BundleFileUtilities.swift /Users/binde/Library/Mobile\ Documents/com~apple~CloudDocs/Flameworker/Flameworker/Sources/Utilities/InventorySearchSuggestions.swift (in target 'Flameworker' from project 'Flameworker')

SwiftCompile normal arm64 /Users/binde/Library/Mobile\ Documents/com~apple~CloudDocs/Flameworker/Flameworker/Sources/Services/Core/ShoppingListService.swift (in target 'Flameworker' from project 'Flameworker')
    cd /Users/binde/Library/Mobile\ Documents/com\~apple\~CloudDocs/Flameworker
    

SwiftCompile normal arm64 /Users/binde/Library/Mobile\ Documents/com~apple~CloudDocs/Flameworker/Flameworker/Sources/Services/DataLoading/JSONDataLoader.swift (in target 'Flameworker' from project 'Flameworker')
    cd /Users/binde/Library/Mobile\ Documents/com\~apple\~CloudDocs/Flameworker
    

SwiftCompile normal arm64 /Users/binde/Library/Mobile\ Documents/com~apple~CloudDocs/Flameworker/Flameworker/Sources/Utilities/Array+Extensions.swift (in target 'Flameworker' from project 'Flameworker')
    cd /Users/binde/Library/Mobile\ Documents/com\~apple\~CloudDocs/Flameworker
    

SwiftCompile normal arm64 /Users/binde/Library/Mobile\ Documents/com~apple~CloudDocs/Flameworker/Flameworker/Sources/Utilities/BundleFileUtilities.swift (in target 'Flameworker' from project 'Flameworker')
    cd /Users/binde/Library/Mobile\ Documents/com\~apple\~CloudDocs/Flameworker
    

SwiftCompile normal arm64 /Users/binde/Library/Mobile\ Documents/com~apple~CloudDocs/Flameworker/Flameworker/Sources/Utilities/InventorySearchSuggestions.swift (in target 'Flameworker' from project 'Flameworker')
    cd /Users/binde/Library/Mobile\ Documents/com\~apple\~CloudDocs/Flameworker
    

SwiftDriverJobDiscovery normal arm64 Compiling CatalogItemParentModel.swift, CatalogSortOption.swift, CatalogUnits.swift, COEGlassType.swift, DefaultUnits.swift (in target 'Flameworker' from project 'Flameworker')

SwiftCompile normal arm64 Compiling\ ServiceValidation.swift,\ CoreDataCatalogRepository.swift,\ MockJSONDataLoader.swift,\ MockLocationRepository.swift,\ MockProjectLogRepository.swift /Users/binde/Library/Mobile\ Documents/com~apple~CloudDocs/Flameworker/Flameworker/Sources/Models/Helpers/ServiceValidation.swift /Users/binde/Library/Mobile\ Documents/com~apple~CloudDocs/Flameworker/Flameworker/Sources/Repositories/CoreData/CoreDataCatalogRepository.swift /Users/binde/Library/Mobile\ Documents/com~apple~CloudDocs/Flameworker/Flameworker/Sources/Repositories/Mock/MockJSONDataLoader.swift /Users/binde/Library/Mobile\ Documents/com~apple~CloudDocs/Flameworker/Flameworker/Sources/Repositories/Mock/MockLocationRepository.swift /Users/binde/Library/Mobile\ Documents/com~apple~CloudDocs/Flameworker/Flameworker/Sources/Repositories/Mock/MockProjectLogRepository.swift (in target 'Flameworker' from project 'Flameworker')

SwiftCompile normal arm64 /Users/binde/Library/Mobile\ Documents/com~apple~CloudDocs/Flameworker/Flameworker/Sources/Models/Helpers/ServiceValidation.swift (in target 'Flameworker' from project 'Flameworker')
    cd /Users/binde/Library/Mobile\ Documents/com\~apple\~CloudDocs/Flameworker
    

SwiftCompile normal arm64 /Users/binde/Library/Mobile\ Documents/com~apple~CloudDocs/Flameworker/Flameworker/Sources/Repositories/CoreData/CoreDataCatalogRepository.swift (in target 'Flameworker' from project 'Flameworker')
    cd /Users/binde/Library/Mobile\ Documents/com\~apple\~CloudDocs/Flameworker
    
/Users/binde/Library/Mobile Documents/com~apple~CloudDocs/Flameworker/Flameworker/Sources/Repositories/CoreData/CoreDataCatalogRepository.swift:21:10: warning: non-Sendable parameter type 'NSPredicate?' cannot be sent from caller of protocol requirement 'fetchItems(matching:)' into main actor-isolated implementation; this is an error in the Swift 6 language mode
    func fetchItems(matching predicate: NSPredicate?) async throws -> [CatalogItemModel] {
         ^
Swift.Optional:1:21: note: generic enum 'Optional' does not conform to the 'Sendable' protocol
@frozen public enum Optional<Wrapped> : ~Copyable, ~Escapable where Wrapped : ~Copyable, Wrapped : ~Escapable {
                    ^
/Users/binde/Library/Mobile Documents/com~apple~CloudDocs/Flameworker/Flameworker/Sources/Repositories/CoreData/CoreDataCatalogRepository.swift:24:33: warning: capture of 'predicate' with non-Sendable type 'NSPredicate?' in a '@Sendable' closure
            request.predicate = predicate
                                ^
Swift.Optional:1:21: note: generic enum 'Optional' does not conform to the 'Sendable' protocol
@frozen public enum Optional<Wrapped> : ~Copyable, ~Escapable where Wrapped : ~Copyable, Wrapped : ~Escapable {
                    ^

SwiftCompile normal arm64 /Users/binde/Library/Mobile\ Documents/com~apple~CloudDocs/Flameworker/Flameworker/Sources/Repositories/Mock/MockJSONDataLoader.swift (in target 'Flameworker' from project 'Flameworker')
    cd /Users/binde/Library/Mobile\ Documents/com\~apple\~CloudDocs/Flameworker
    

SwiftCompile normal arm64 /Users/binde/Library/Mobile\ Documents/com~apple~CloudDocs/Flameworker/Flameworker/Sources/Repositories/Mock/MockLocationRepository.swift (in target 'Flameworker' from project 'Flameworker')
    cd /Users/binde/Library/Mobile\ Documents/com\~apple\~CloudDocs/Flameworker
    
/Users/binde/Library/Mobile Documents/com~apple~CloudDocs/Flameworker/Flameworker/Sources/Repositories/Mock/MockLocationRepository.swift:66:10: warning: non-Sendable parameter type 'NSPredicate?' cannot be sent from caller of protocol requirement 'fetchLocations(matching:)' into main actor-isolated implementation; this is an error in the Swift 6 language mode
    func fetchLocations(matching predicate: NSPredicate?) async throws -> [LocationModel] {
         ^
Swift.Optional:1:21: note: generic enum 'Optional' does not conform to the 'Sendable' protocol
@frozen public enum Optional<Wrapped> : ~Copyable, ~Escapable where Wrapped : ~Copyable, Wrapped : ~Escapable {
                    ^
/Users/binde/Library/Mobile Documents/com~apple~CloudDocs/Flameworker/Flameworker/Sources/Repositories/Mock/MockLocationRepository.swift:35:18: warning: main actor-isolated conformance of 'LocationModel' to 'Hashable' cannot be used in nonisolated context; this is an error in the Swift 6 language mode
            self.locations.removeAll()
                 ^
/Users/binde/Library/Mobile Documents/com~apple~CloudDocs/Flameworker/Flameworker/Sources/Repositories/Mock/MockLocationRepository.swift:35:28: warning: main actor-isolated conformance of 'LocationModel' to 'Hashable' cannot be used in nonisolated context; this is an error in the Swift 6 language mode
            self.locations.removeAll()
                           ^
/Users/binde/Library/Mobile Documents/com~apple~CloudDocs/Flameworker/Flameworker/Sources/Repositories/Mock/MockLocationRepository.swift:43:63: warning: main actor-isolated conformance of 'LocationModel' to 'Hashable' cannot be used in nonisolated context; this is an error in the Swift 6 language mode
                continuation.resume(returning: self.locations.count)
                                                              ^
/Users/binde/Library/Mobile Documents/com~apple~CloudDocs/Flameworker/Flameworker/Sources/Repositories/Mock/MockLocationRepository.swift:43:53: warning: main actor-isolated conformance of 'LocationModel' to 'Hashable' cannot be used in nonisolated context; this is an error in the Swift 6 language mode
                continuation.resume(returning: self.locations.count)
                                                    ^
/Users/binde/Library/Mobile Documents/com~apple~CloudDocs/Flameworker/Flameworker/Sources/Repositories/Mock/MockLocationRepository.swift:70:40: warning: main actor-isolated conformance of 'LocationModel' to 'Hashable' cannot be used in nonisolated context; this is an error in the Swift 6 language mode
                    let allLocations = Array(self.locations)
                                       ^
/Users/binde/Library/Mobile Documents/com~apple~CloudDocs/Flameworker/Flameworker/Sources/Repositories/Mock/MockLocationRepository.swift:70:51: warning: main actor-isolated conformance of 'LocationModel' to 'Hashable' cannot be used in nonisolated context; this is an error in the Swift 6 language mode
                    let allLocations = Array(self.locations)
                                                  ^
/Users/binde/Library/Mobile Documents/com~apple~CloudDocs/Flameworker/Flameworker/Sources/Repositories/Mock/MockLocationRepository.swift:92:51: warning: main actor-isolated conformance of 'LocationModel' to 'Hashable' cannot be used in nonisolated context; this is an error in the Swift 6 language mode
                    let inventoryLocations = self.locations
                                                  ^
/Users/binde/Library/Mobile Documents/com~apple~CloudDocs/Flameworker/Flameworker/Sources/Repositories/Mock/MockLocationRepository.swift:93:26: warning: main actor-isolated conformance of 'LocationModel' to 'Hashable' cannot be used in nonisolated context; this is an error in the Swift 6 language mode
                        .filter { $0.inventory_id == inventory_id }
                         ^
/Users/binde/Library/Mobile Documents/com~apple~CloudDocs/Flameworker/Flameworker/Sources/Repositories/Mock/MockLocationRepository.swift:94:26: warning: main actor-isolated conformance of 'LocationModel' to 'Hashable' cannot be used in nonisolated context; this is an error in the Swift 6 language mode
                        .sorted { $0.location < $1.location }
                         ^
/Users/binde/Library/Mobile Documents/com~apple~CloudDocs/Flameworker/Flameworker/Sources/Repositories/Mock/MockLocationRepository.swift:107:47: warning: main actor-isolated conformance of 'LocationModel' to 'Hashable' cannot be used in nonisolated context; this is an error in the Swift 6 language mode
                    let namedLocations = self.locations
                                              ^
/Users/binde/Library/Mobile Documents/com~apple~CloudDocs/Flameworker/Flameworker/Sources/Repositories/Mock/MockLocationRepository.swift:108:26: warning: main actor-isolated conformance of 'LocationModel' to 'Hashable' cannot be used in nonisolated context; this is an error in the Swift 6 language mode
                        .filter { $0.location == cleanLocation }
                         ^
/Users/binde/Library/Mobile Documents/com~apple~CloudDocs/Flameworker/Flameworker/Sources/Repositories/Mock/MockLocationRepository.swift:109:26: warning: main actor-isolated conformance of 'LocationModel' to 'Hashable' cannot be used in nonisolated context; this is an error in the Swift 6 language mode
                        .sorted { $0.inventory_id.uuidString < $1.inventory_id.uuidString }
                         ^
/Users/binde/Library/Mobile Documents/com~apple~CloudDocs/Flameworker/Flameworker/Sources/Repositories/Mock/MockLocationRepository.swift:120:26: warning: main actor-isolated conformance of 'LocationModel' to 'Hashable' cannot be used in nonisolated context; this is an error in the Swift 6 language mode
                    self.locations.insert(location)
                         ^
/Users/binde/Library/Mobile Documents/com~apple~CloudDocs/Flameworker/Flameworker/Sources/Repositories/Mock/MockLocationRepository.swift:120:36: warning: main actor-isolated conformance of 'LocationModel' to 'Hashable' cannot be used in nonisolated context; this is an error in the Swift 6 language mode
                    self.locations.insert(location)
                                   ^
/Users/binde/Library/Mobile Documents/com~apple~CloudDocs/Flameworker/Flameworker/Sources/Repositories/Mock/MockLocationRepository.swift:132:30: warning: main actor-isolated conformance of 'LocationModel' to 'Hashable' cannot be used in nonisolated context; this is an error in the Swift 6 language mode
                        self.locations.insert(location)
                             ^
/Users/binde/Library/Mobile Documents/com~apple~CloudDocs/Flameworker/Flameworker/Sources/Repositories/Mock/MockLocationRepository.swift:132:40: warning: main actor-isolated conformance of 'LocationModel' to 'Hashable' cannot be used in nonisolated context; this is an error in the Swift 6 language mode
                        self.locations.insert(location)
                                       ^
/Users/binde/Library/Mobile Documents/com~apple~CloudDocs/Flameworker/Flameworker/Sources/Repositories/Mock/MockLocationRepository.swift:145:26: warning: main actor-isolated conformance of 'LocationModel' to 'Hashable' cannot be used in nonisolated context; this is an error in the Swift 6 language mode
                    self.locations.remove(location)
                         ^
/Users/binde/Library/Mobile Documents/com~apple~CloudDocs/Flameworker/Flameworker/Sources/Repositories/Mock/MockLocationRepository.swift:145:36: warning: main actor-isolated conformance of 'LocationModel' to 'Hashable' cannot be used in nonisolated context; this is an error in the Swift 6 language mode
                    self.locations.remove(location)
                                   ^
/Users/binde/Library/Mobile Documents/com~apple~CloudDocs/Flameworker/Flameworker/Sources/Repositories/Mock/MockLocationRepository.swift:146:26: warning: main actor-isolated conformance of 'LocationModel' to 'Hashable' cannot be used in nonisolated context; this is an error in the Swift 6 language mode
                    self.locations.insert(location)
                         ^
/Users/binde/Library/Mobile Documents/com~apple~CloudDocs/Flameworker/Flameworker/Sources/Repositories/Mock/MockLocationRepository.swift:146:36: warning: main actor-isolated conformance of 'LocationModel' to 'Hashable' cannot be used in nonisolated context; this is an error in the Swift 6 language mode
                    self.locations.insert(location)
                                   ^
/Users/binde/Library/Mobile Documents/com~apple~CloudDocs/Flameworker/Flameworker/Sources/Repositories/Mock/MockLocationRepository.swift:157:26: warning: main actor-isolated conformance of 'LocationModel' to 'Hashable' cannot be used in nonisolated context; this is an error in the Swift 6 language mode
                    self.locations.remove(location)
                         ^
/Users/binde/Library/Mobile Documents/com~apple~CloudDocs/Flameworker/Flameworker/Sources/Repositories/Mock/MockLocationRepository.swift:157:36: warning: main actor-isolated conformance of 'LocationModel' to 'Hashable' cannot be used in nonisolated context; this is an error in the Swift 6 language mode
                    self.locations.remove(location)
                                   ^
/Users/binde/Library/Mobile Documents/com~apple~CloudDocs/Flameworker/Flameworker/Sources/Repositories/Mock/MockLocationRepository.swift:168:26: warning: main actor-isolated conformance of 'LocationModel' to 'Hashable' cannot be used in nonisolated context; this is an error in the Swift 6 language mode
                    self.locations = self.locations.filter { $0.inventory_id != inventory_id }
                         ^
/Users/binde/Library/Mobile Documents/com~apple~CloudDocs/Flameworker/Flameworker/Sources/Repositories/Mock/MockLocationRepository.swift:168:43: warning: main actor-isolated conformance of 'LocationModel' to 'Hashable' cannot be used in nonisolated context; this is an error in the Swift 6 language mode
                    self.locations = self.locations.filter { $0.inventory_id != inventory_id }
                                          ^
/Users/binde/Library/Mobile Documents/com~apple~CloudDocs/Flameworker/Flameworker/Sources/Repositories/Mock/MockLocationRepository.swift:168:53: warning: main actor-isolated conformance of 'LocationModel' to 'Hashable' cannot be used in nonisolated context; this is an error in the Swift 6 language mode
                    self.locations = self.locations.filter { $0.inventory_id != inventory_id }
                                                    ^
/Users/binde/Library/Mobile Documents/com~apple~CloudDocs/Flameworker/Flameworker/Sources/Repositories/Mock/MockLocationRepository.swift:181:26: warning: main actor-isolated conformance of 'LocationModel' to 'Hashable' cannot be used in nonisolated context; this is an error in the Swift 6 language mode
                    self.locations = self.locations.filter { $0.location != cleanLocation }
                         ^
/Users/binde/Library/Mobile Documents/com~apple~CloudDocs/Flameworker/Flameworker/Sources/Repositories/Mock/MockLocationRepository.swift:181:43: warning: main actor-isolated conformance of 'LocationModel' to 'Hashable' cannot be used in nonisolated context; this is an error in the Swift 6 language mode
                    self.locations = self.locations.filter { $0.location != cleanLocation }
                                          ^
/Users/binde/Library/Mobile Documents/com~apple~CloudDocs/Flameworker/Flameworker/Sources/Repositories/Mock/MockLocationRepository.swift:181:53: warning: main actor-isolated conformance of 'LocationModel' to 'Hashable' cannot be used in nonisolated context; this is an error in the Swift 6 language mode
                    self.locations = self.locations.filter { $0.location != cleanLocation }
                                                    ^
/Users/binde/Library/Mobile Documents/com~apple~CloudDocs/Flameworker/Flameworker/Sources/Repositories/Mock/MockLocationRepository.swift:195:26: warning: main actor-isolated conformance of 'LocationModel' to 'Hashable' cannot be used in nonisolated context; this is an error in the Swift 6 language mode
                    self.locations = self.locations.filter { $0.inventory_id != inventory_id }
                         ^
/Users/binde/Library/Mobile Documents/com~apple~CloudDocs/Flameworker/Flameworker/Sources/Repositories/Mock/MockLocationRepository.swift:195:43: warning: main actor-isolated conformance of 'LocationModel' to 'Hashable' cannot be used in nonisolated context; this is an error in the Swift 6 language mode
                    self.locations = self.locations.filter { $0.inventory_id != inventory_id }
                                          ^
/Users/binde/Library/Mobile Documents/com~apple~CloudDocs/Flameworker/Flameworker/Sources/Repositories/Mock/MockLocationRepository.swift:195:53: warning: main actor-isolated conformance of 'LocationModel' to 'Hashable' cannot be used in nonisolated context; this is an error in the Swift 6 language mode
                    self.locations = self.locations.filter { $0.inventory_id != inventory_id }
                                                    ^
/Users/binde/Library/Mobile Documents/com~apple~CloudDocs/Flameworker/Flameworker/Sources/Repositories/Mock/MockLocationRepository.swift:204:30: warning: main actor-isolated conformance of 'LocationModel' to 'Hashable' cannot be used in nonisolated context; this is an error in the Swift 6 language mode
                        self.locations.insert(locationModel)
                             ^
/Users/binde/Library/Mobile Documents/com~apple~CloudDocs/Flameworker/Flameworker/Sources/Repositories/Mock/MockLocationRepository.swift:204:40: warning: main actor-isolated conformance of 'LocationModel' to 'Hashable' cannot be used in nonisolated context; this is an error in the Swift 6 language mode
                        self.locations.insert(locationModel)
                                       ^
/Users/binde/Library/Mobile Documents/com~apple~CloudDocs/Flameworker/Flameworker/Sources/Repositories/Mock/MockLocationRepository.swift:220:49: warning: main actor-isolated conformance of 'LocationModel' to 'Hashable' cannot be used in nonisolated context; this is an error in the Swift 6 language mode
                    let existingLocation = self.locations.first {
                                                ^
/Users/binde/Library/Mobile Documents/com~apple~CloudDocs/Flameworker/Flameworker/Sources/Repositories/Mock/MockLocationRepository.swift:220:59: warning: main actor-isolated conformance of 'LocationModel' to 'Hashable' cannot be used in nonisolated context; this is an error in the Swift 6 language mode
                    let existingLocation = self.locations.first {
                                                          ^
/Users/binde/Library/Mobile Documents/com~apple~CloudDocs/Flameworker/Flameworker/Sources/Repositories/Mock/MockLocationRepository.swift:227:30: warning: main actor-isolated conformance of 'LocationModel' to 'Hashable' cannot be used in nonisolated context; this is an error in the Swift 6 language mode
                        self.locations.remove(existing)
                             ^
/Users/binde/Library/Mobile Documents/com~apple~CloudDocs/Flameworker/Flameworker/Sources/Repositories/Mock/MockLocationRepository.swift:227:40: warning: main actor-isolated conformance of 'LocationModel' to 'Hashable' cannot be used in nonisolated context; this is an error in the Swift 6 language mode
                        self.locations.remove(existing)
                                       ^
/Users/binde/Library/Mobile Documents/com~apple~CloudDocs/Flameworker/Flameworker/Sources/Repositories/Mock/MockLocationRepository.swift:243:26: warning: main actor-isolated conformance of 'LocationModel' to 'Hashable' cannot be used in nonisolated context; this is an error in the Swift 6 language mode
                    self.locations.insert(updatedLocation)
                         ^
/Users/binde/Library/Mobile Documents/com~apple~CloudDocs/Flameworker/Flameworker/Sources/Repositories/Mock/MockLocationRepository.swift:243:36: warning: main actor-isolated conformance of 'LocationModel' to 'Hashable' cannot be used in nonisolated context; this is an error in the Swift 6 language mode
                    self.locations.insert(updatedLocation)
                                   ^
/Users/binde/Library/Mobile Documents/com~apple~CloudDocs/Flameworker/Flameworker/Sources/Repositories/Mock/MockLocationRepository.swift:256:55: warning: main actor-isolated conformance of 'LocationModel' to 'Hashable' cannot be used in nonisolated context; this is an error in the Swift 6 language mode
                    guard let existingLocation = self.locations.first(where: {
                                                      ^
/Users/binde/Library/Mobile Documents/com~apple~CloudDocs/Flameworker/Flameworker/Sources/Repositories/Mock/MockLocationRepository.swift:256:65: warning: main actor-isolated conformance of 'LocationModel' to 'Hashable' cannot be used in nonisolated context; this is an error in the Swift 6 language mode
                    guard let existingLocation = self.locations.first(where: {
                                                                ^
/Users/binde/Library/Mobile Documents/com~apple~CloudDocs/Flameworker/Flameworker/Sources/Repositories/Mock/MockLocationRepository.swift:264:26: warning: main actor-isolated conformance of 'LocationModel' to 'Hashable' cannot be used in nonisolated context; this is an error in the Swift 6 language mode
                    self.locations.remove(existingLocation)
                         ^
/Users/binde/Library/Mobile Documents/com~apple~CloudDocs/Flameworker/Flameworker/Sources/Repositories/Mock/MockLocationRepository.swift:264:36: warning: main actor-isolated conformance of 'LocationModel' to 'Hashable' cannot be used in nonisolated context; this is an error in the Swift 6 language mode
                    self.locations.remove(existingLocation)
                                   ^
/Users/binde/Library/Mobile Documents/com~apple~CloudDocs/Flameworker/Flameworker/Sources/Repositories/Mock/MockLocationRepository.swift:277:30: warning: main actor-isolated conformance of 'LocationModel' to 'Hashable' cannot be used in nonisolated context; this is an error in the Swift 6 language mode
                        self.locations.insert(updatedLocation)
                             ^
/Users/binde/Library/Mobile Documents/com~apple~CloudDocs/Flameworker/Flameworker/Sources/Repositories/Mock/MockLocationRepository.swift:277:40: warning: main actor-isolated conformance of 'LocationModel' to 'Hashable' cannot be used in nonisolated context; this is an error in the Swift 6 language mode
                        self.locations.insert(updatedLocation)
                                       ^
/Users/binde/Library/Mobile Documents/com~apple~CloudDocs/Flameworker/Flameworker/Sources/Repositories/Mock/MockLocationRepository.swift:298:50: warning: main actor-isolated conformance of 'LocationModel' to 'Hashable' cannot be used in nonisolated context; this is an error in the Swift 6 language mode
                    let distinctNames = Set(self.locations.map { $0.location })
                                                 ^
/Users/binde/Library/Mobile Documents/com~apple~CloudDocs/Flameworker/Flameworker/Sources/Repositories/Mock/MockLocationRepository.swift:298:60: warning: main actor-isolated conformance of 'LocationModel' to 'Hashable' cannot be used in nonisolated context; this is an error in the Swift 6 language mode
                    let distinctNames = Set(self.locations.map { $0.location })
                                                           ^
/Users/binde/Library/Mobile Documents/com~apple~CloudDocs/Flameworker/Flameworker/Sources/Repositories/Mock/MockLocationRepository.swift:311:45: warning: main actor-isolated conformance of 'LocationModel' to 'Hashable' cannot be used in nonisolated context; this is an error in the Swift 6 language mode
                    let allNames = Set(self.locations.map { $0.location })
                                            ^
/Users/binde/Library/Mobile Documents/com~apple~CloudDocs/Flameworker/Flameworker/Sources/Repositories/Mock/MockLocationRepository.swift:311:55: warning: main actor-isolated conformance of 'LocationModel' to 'Hashable' cannot be used in nonisolated context; this is an error in the Swift 6 language mode
                    let allNames = Set(self.locations.map { $0.location })
                                                      ^
/Users/binde/Library/Mobile Documents/com~apple~CloudDocs/Flameworker/Flameworker/Sources/Repositories/Mock/MockLocationRepository.swift:325:58: warning: main actor-isolated conformance of 'LocationModel' to 'Hashable' cannot be used in nonisolated context; this is an error in the Swift 6 language mode
                    let inventoriesInLocation = Set(self.locations
                                                         ^
/Users/binde/Library/Mobile Documents/com~apple~CloudDocs/Flameworker/Flameworker/Sources/Repositories/Mock/MockLocationRepository.swift:326:26: warning: main actor-isolated conformance of 'LocationModel' to 'Hashable' cannot be used in nonisolated context; this is an error in the Swift 6 language mode
                        .filter { $0.location == cleanLocation }
                         ^
/Users/binde/Library/Mobile Documents/com~apple~CloudDocs/Flameworker/Flameworker/Sources/Repositories/Mock/MockLocationRepository.swift:327:26: warning: main actor-isolated conformance of 'LocationModel' to 'Hashable' cannot be used in nonisolated context; this is an error in the Swift 6 language mode
                        .map { $0.inventory_id })
                         ^
/Users/binde/Library/Mobile Documents/com~apple~CloudDocs/Flameworker/Flameworker/Sources/Repositories/Mock/MockLocationRepository.swift:338:39: warning: main actor-isolated conformance of 'LocationModel' to 'Hashable' cannot be used in nonisolated context; this is an error in the Swift 6 language mode
                    let utilization = Dictionary(grouping: self.locations, by: { $0.location })
                                      ^
/Users/binde/Library/Mobile Documents/com~apple~CloudDocs/Flameworker/Flameworker/Sources/Repositories/Mock/MockLocationRepository.swift:338:65: warning: main actor-isolated conformance of 'LocationModel' to 'Hashable' cannot be used in nonisolated context; this is an error in the Swift 6 language mode
                    let utilization = Dictionary(grouping: self.locations, by: { $0.location })
                                                                ^
/Users/binde/Library/Mobile Documents/com~apple~CloudDocs/Flameworker/Flameworker/Sources/Repositories/Mock/MockLocationRepository.swift:352:39: warning: main actor-isolated conformance of 'LocationModel' to 'Hashable' cannot be used in nonisolated context; this is an error in the Swift 6 language mode
                    let usageCounts = Dictionary(grouping: self.locations, by: { $0.location })
                                      ^
/Users/binde/Library/Mobile Documents/com~apple~CloudDocs/Flameworker/Flameworker/Sources/Repositories/Mock/MockLocationRepository.swift:352:65: warning: main actor-isolated conformance of 'LocationModel' to 'Hashable' cannot be used in nonisolated context; this is an error in the Swift 6 language mode
                    let usageCounts = Dictionary(grouping: self.locations, by: { $0.location })
                                                                ^
/Users/binde/Library/Mobile Documents/com~apple~CloudDocs/Flameworker/Flameworker/Sources/Repositories/Mock/MockLocationRepository.swift:368:44: warning: main actor-isolated conformance of 'LocationModel' to 'Hashable' cannot be used in nonisolated context; this is an error in the Swift 6 language mode
                    let actualTotal = self.locations
                                           ^
/Users/binde/Library/Mobile Documents/com~apple~CloudDocs/Flameworker/Flameworker/Sources/Repositories/Mock/MockLocationRepository.swift:369:26: warning: main actor-isolated conformance of 'LocationModel' to 'Hashable' cannot be used in nonisolated context; this is an error in the Swift 6 language mode
                        .filter { $0.inventory_id == inventory_id }
                         ^
/Users/binde/Library/Mobile Documents/com~apple~CloudDocs/Flameworker/Flameworker/Sources/Repositories/Mock/MockLocationRepository.swift:370:26: warning: main actor-isolated conformance of 'LocationModel' to 'Hashable' cannot be used in nonisolated context; this is an error in the Swift 6 language mode
                        .reduce(0.0) { $0 + $1.quantity }
                         ^
/Users/binde/Library/Mobile Documents/com~apple~CloudDocs/Flameworker/Flameworker/Sources/Repositories/Mock/MockLocationRepository.swift:384:44: warning: main actor-isolated conformance of 'LocationModel' to 'Hashable' cannot be used in nonisolated context; this is an error in the Swift 6 language mode
                    let actualTotal = self.locations
                                           ^
/Users/binde/Library/Mobile Documents/com~apple~CloudDocs/Flameworker/Flameworker/Sources/Repositories/Mock/MockLocationRepository.swift:385:26: warning: main actor-isolated conformance of 'LocationModel' to 'Hashable' cannot be used in nonisolated context; this is an error in the Swift 6 language mode
                        .filter { $0.inventory_id == inventory_id }
                         ^
/Users/binde/Library/Mobile Documents/com~apple~CloudDocs/Flameworker/Flameworker/Sources/Repositories/Mock/MockLocationRepository.swift:386:26: warning: main actor-isolated conformance of 'LocationModel' to 'Hashable' cannot be used in nonisolated context; this is an error in the Swift 6 language mode
                        .reduce(0.0) { $0 + $1.quantity }
                         ^

SwiftCompile normal arm64 /Users/binde/Library/Mobile\ Documents/com~apple~CloudDocs/Flameworker/Flameworker/Sources/Repositories/Mock/MockProjectLogRepository.swift (in target 'Flameworker' from project 'Flameworker')
    cd /Users/binde/Library/Mobile\ Documents/com\~apple\~CloudDocs/Flameworker
    

SwiftDriverJobDiscovery normal arm64 Compiling DebugConfig.swift, GlassTerminologySettings.swift, ShoppingModeState.swift, CatalogDataModels.swift, CatalogItemModel.swift (in target 'Flameworker' from project 'Flameworker')

SwiftCompile normal arm64 Compiling\ String+Extensions.swift,\ TagColorMapping.swift,\ ValidationUtilities.swift,\ LaunchScreenView.swift,\ CatalogTagFilterView.swift /Users/binde/Library/Mobile\ Documents/com~apple~CloudDocs/Flameworker/Flameworker/Sources/Utilities/String+Extensions.swift /Users/binde/Library/Mobile\ Documents/com~apple~CloudDocs/Flameworker/Flameworker/Sources/Utilities/TagColorMapping.swift /Users/binde/Library/Mobile\ Documents/com~apple~CloudDocs/Flameworker/Flameworker/Sources/Utilities/ValidationUtilities.swift /Users/binde/Library/Mobile\ Documents/com~apple~CloudDocs/Flameworker/Flameworker/Sources/Views/App/LaunchScreenView.swift /Users/binde/Library/Mobile\ Documents/com~apple~CloudDocs/Flameworker/Flameworker/Sources/Views/Catalog/Components/CatalogTagFilterView.swift (in target 'Flameworker' from project 'Flameworker')

SwiftCompile normal arm64 /Users/binde/Library/Mobile\ Documents/com~apple~CloudDocs/Flameworker/Flameworker/Sources/Utilities/String+Extensions.swift (in target 'Flameworker' from project 'Flameworker')
    cd /Users/binde/Library/Mobile\ Documents/com\~apple\~CloudDocs/Flameworker
    

SwiftCompile normal arm64 /Users/binde/Library/Mobile\ Documents/com~apple~CloudDocs/Flameworker/Flameworker/Sources/Utilities/TagColorMapping.swift (in target 'Flameworker' from project 'Flameworker')
    cd /Users/binde/Library/Mobile\ Documents/com\~apple\~CloudDocs/Flameworker
    

SwiftCompile normal arm64 /Users/binde/Library/Mobile\ Documents/com~apple~CloudDocs/Flameworker/Flameworker/Sources/Utilities/ValidationUtilities.swift (in target 'Flameworker' from project 'Flameworker')
    cd /Users/binde/Library/Mobile\ Documents/com\~apple\~CloudDocs/Flameworker
    

SwiftCompile normal arm64 /Users/binde/Library/Mobile\ Documents/com~apple~CloudDocs/Flameworker/Flameworker/Sources/Views/App/LaunchScreenView.swift (in target 'Flameworker' from project 'Flameworker')
    cd /Users/binde/Library/Mobile\ Documents/com\~apple\~CloudDocs/Flameworker
    
/Users/binde/Library/Mobile Documents/com~apple~CloudDocs/Flameworker/Flameworker/Sources/Views/Shared/Components/LocationAutoCompleteField.swift:140:5: warning: '@State' used inline will not work unless tagged with '@Previewable' (from macro 'Preview')
    @State var location = ""
    ^
/Users/binde/Library/Mobile Documents/com~apple~CloudDocs/Flameworker/Flameworker/Sources/Views/Shared/Components/LocationAutoCompleteField.swift:140:5: note: Add '@Previewable'
    @State var location = ""
    ^~~~~~
    @Previewable @State
/Users/binde/Library/Mobile Documents/com~apple~CloudDocs/Flameworker/Flameworker/Sources/Views/Shared/Components/StoreAutoCompleteField.swift:143:5: warning: '@State' used inline will not work unless tagged with '@Previewable' (from macro 'Preview')
    @State var store = ""
    ^
/Users/binde/Library/Mobile Documents/com~apple~CloudDocs/Flameworker/Flameworker/Sources/Views/Shared/Components/StoreAutoCompleteField.swift:143:5: note: Add '@Previewable'
    @State var store = ""
    ^~~~~~
    @Previewable @State

SwiftCompile normal arm64 /Users/binde/Library/Mobile\ Documents/com~apple~CloudDocs/Flameworker/Flameworker/Sources/Views/Catalog/Components/CatalogTagFilterView.swift (in target 'Flameworker' from project 'Flameworker')
    cd /Users/binde/Library/Mobile\ Documents/com\~apple\~CloudDocs/Flameworker
    

SwiftDriverJobDiscovery normal arm64 Compiling ReportingService.swift, CatalogService.swift, GlassItemDataLoadingService.swift, InventoryModels.swift, DataLoadingService.swift, CatalogViewIntegration.swift, CatalogItemDetailView.swift (in target 'Flameworker' from project 'Flameworker')

SwiftCompile normal arm64 Compiling\ DefaultTab.swift /Users/binde/Library/Mobile\ Documents/com~apple~CloudDocs/Flameworker/Flameworker/Sources/App/DefaultTab.swift (in target 'Flameworker' from project 'Flameworker')

SwiftCompile normal arm64 /Users/binde/Library/Mobile\ Documents/com~apple~CloudDocs/Flameworker/Flameworker/Sources/App/DefaultTab.swift (in target 'Flameworker' from project 'Flameworker')
    cd /Users/binde/Library/Mobile\ Documents/com\~apple\~CloudDocs/Flameworker
    

SwiftDriverJobDiscovery normal arm64 Compiling PurchasesView.swift, CoreDataDiagnosticView.swift, COEGlassSettingsHelpers.swift, SettingsViewHelpers.swift, AboutView.swift, SettingsView.swift, ConfirmationDialog.swift (in target 'Flameworker' from project 'Flameworker')

SwiftCompile normal arm64 Compiling\ CatalogViewHelpers.swift /Users/binde/Library/Mobile\ Documents/com~apple~CloudDocs/Flameworker/Flameworker/Sources/Views/Catalog/Helpers/CatalogViewHelpers.swift (in target 'Flameworker' from project 'Flameworker')

SwiftCompile normal arm64 /Users/binde/Library/Mobile\ Documents/com~apple~CloudDocs/Flameworker/Flameworker/Sources/Views/Catalog/Helpers/CatalogViewHelpers.swift (in target 'Flameworker' from project 'Flameworker')
    cd /Users/binde/Library/Mobile\ Documents/com\~apple\~CloudDocs/Flameworker
    
/Users/binde/Library/Mobile Documents/com~apple~CloudDocs/Flameworker/Flameworker/Sources/Views/Catalog/Helpers/CatalogViewHelpers.swift:49:16: warning: value 'debugConfigExists' was defined but never used; consider replacing with boolean test
        if let debugConfigExists = try? NSClassFromString("DebugConfig") {
           ~~~~^~~~~~~~~~~~~~~~~~~~
           (                                                            ) != nil
/Users/binde/Library/Mobile Documents/com~apple~CloudDocs/Flameworker/Flameworker/Sources/Views/Catalog/Helpers/CatalogViewHelpers.swift:49:36: warning: no calls to throwing functions occur within 'try' expression
        if let debugConfigExists = try? NSClassFromString("DebugConfig") {
                                   ^

SwiftDriverJobDiscovery normal arm64 Compiling DefaultTab.swift (in target 'Flameworker' from project 'Flameworker')

SwiftCompile normal arm64 Compiling\ ProjectModels.swift /Users/binde/Library/Mobile\ Documents/com~apple~CloudDocs/Flameworker/Flameworker/Sources/Models/Domain/ProjectModels.swift (in target 'Flameworker' from project 'Flameworker')

SwiftCompile normal arm64 /Users/binde/Library/Mobile\ Documents/com~apple~CloudDocs/Flameworker/Flameworker/Sources/Models/Domain/ProjectModels.swift (in target 'Flameworker' from project 'Flameworker')
    cd /Users/binde/Library/Mobile\ Documents/com\~apple\~CloudDocs/Flameworker
    

SwiftDriverJobDiscovery normal arm64 Compiling CatalogViewHelpers.swift (in target 'Flameworker' from project 'Flameworker')

SwiftCompile normal arm64 Compiling\ DesignSystem.swift /Users/binde/Library/Mobile\ Documents/com~apple~CloudDocs/Flameworker/Flameworker/Sources/Utilities/DesignSystem.swift (in target 'Flameworker' from project 'Flameworker')

SwiftCompile normal arm64 /Users/binde/Library/Mobile\ Documents/com~apple~CloudDocs/Flameworker/Flameworker/Sources/Utilities/DesignSystem.swift (in target 'Flameworker' from project 'Flameworker')
    cd /Users/binde/Library/Mobile\ Documents/com\~apple\~CloudDocs/Flameworker
    

SwiftDriverJobDiscovery normal arm64 Compiling ShoppingListService.swift, JSONDataLoader.swift, Array+Extensions.swift, BundleFileUtilities.swift, InventorySearchSuggestions.swift (in target 'Flameworker' from project 'Flameworker')

SwiftCompile normal arm64 Compiling\ UserImageRepository.swift /Users/binde/Library/Mobile\ Documents/com~apple~CloudDocs/Flameworker/Flameworker/Sources/Repositories/Protocols/UserImageRepository.swift (in target 'Flameworker' from project 'Flameworker')

SwiftCompile normal arm64 /Users/binde/Library/Mobile\ Documents/com~apple~CloudDocs/Flameworker/Flameworker/Sources/Repositories/Protocols/UserImageRepository.swift (in target 'Flameworker' from project 'Flameworker')
    cd /Users/binde/Library/Mobile\ Documents/com\~apple\~CloudDocs/Flameworker
    

SwiftDriverJobDiscovery normal arm64 Compiling ServiceValidation.swift, CoreDataCatalogRepository.swift, MockJSONDataLoader.swift, MockLocationRepository.swift, MockProjectLogRepository.swift (in target 'Flameworker' from project 'Flameworker')

SwiftCompile normal arm64 Compiling\ JSON5Parser.swift,\ SearchTextParser.swift,\ SearchUtilities.swift,\ SimpleErrorHandling.swift,\ SortUtilities.swift /Users/binde/Library/Mobile\ Documents/com~apple~CloudDocs/Flameworker/Flameworker/Sources/Utilities/JSON5Parser.swift /Users/binde/Library/Mobile\ Documents/com~apple~CloudDocs/Flameworker/Flameworker/Sources/Utilities/SearchTextParser.swift /Users/binde/Library/Mobile\ Documents/com~apple~CloudDocs/Flameworker/Flameworker/Sources/Utilities/SearchUtilities.swift /Users/binde/Library/Mobile\ Documents/com~apple~CloudDocs/Flameworker/Flameworker/Sources/Utilities/SimpleErrorHandling.swift /Users/binde/Library/Mobile\ Documents/com~apple~CloudDocs/Flameworker/Flameworker/Sources/Utilities/SortUtilities.swift (in target 'Flameworker' from project 'Flameworker')

SwiftCompile normal arm64 /Users/binde/Library/Mobile\ Documents/com~apple~CloudDocs/Flameworker/Flameworker/Sources/Utilities/JSON5Parser.swift (in target 'Flameworker' from project 'Flameworker')
    cd /Users/binde/Library/Mobile\ Documents/com\~apple\~CloudDocs/Flameworker
    

SwiftCompile normal arm64 /Users/binde/Library/Mobile\ Documents/com~apple~CloudDocs/Flameworker/Flameworker/Sources/Utilities/SearchTextParser.swift (in target 'Flameworker' from project 'Flameworker')
    cd /Users/binde/Library/Mobile\ Documents/com\~apple\~CloudDocs/Flameworker
    

SwiftCompile normal arm64 /Users/binde/Library/Mobile\ Documents/com~apple~CloudDocs/Flameworker/Flameworker/Sources/Utilities/SearchUtilities.swift (in target 'Flameworker' from project 'Flameworker')
    cd /Users/binde/Library/Mobile\ Documents/com\~apple\~CloudDocs/Flameworker
    

SwiftCompile normal arm64 /Users/binde/Library/Mobile\ Documents/com~apple~CloudDocs/Flameworker/Flameworker/Sources/Utilities/SimpleErrorHandling.swift (in target 'Flameworker' from project 'Flameworker')
    cd /Users/binde/Library/Mobile\ Documents/com\~apple\~CloudDocs/Flameworker
    

SwiftCompile normal arm64 /Users/binde/Library/Mobile\ Documents/com~apple~CloudDocs/Flameworker/Flameworker/Sources/Utilities/SortUtilities.swift (in target 'Flameworker' from project 'Flameworker')
    cd /Users/binde/Library/Mobile\ Documents/com\~apple\~CloudDocs/Flameworker
    

SwiftDriverJobDiscovery normal arm64 Compiling UserTagsRepository.swift, GlassManufacturers.swift, InventoryTrackingService.swift, ProjectService.swift, SharedModels.swift (in target 'Flameworker' from project 'Flameworker')

SwiftCompile normal arm64 Compiling\ CatalogToolbarContent.swift /Users/binde/Library/Mobile\ Documents/com~apple~CloudDocs/Flameworker/Flameworker/Sources/Views/Catalog/Components/CatalogToolbarContent.swift (in target 'Flameworker' from project 'Flameworker')

SwiftCompile normal arm64 /Users/binde/Library/Mobile\ Documents/com~apple~CloudDocs/Flameworker/Flameworker/Sources/Views/Catalog/Components/CatalogToolbarContent.swift (in target 'Flameworker' from project 'Flameworker')
    cd /Users/binde/Library/Mobile\ Documents/com\~apple\~CloudDocs/Flameworker
    

SwiftDriverJobDiscovery normal arm64 Compiling DesignSystem.swift (in target 'Flameworker' from project 'Flameworker')

SwiftCompile normal arm64 Compiling\ MockProjectPlanRepository.swift,\ MockPurchaseRecordRepository.swift,\ MockShoppingListRepository.swift,\ MockUserNotesRepository.swift,\ MockUserTagsRepository.swift /Users/binde/Library/Mobile\ Documents/com~apple~CloudDocs/Flameworker/Flameworker/Sources/Repositories/Mock/MockProjectPlanRepository.swift /Users/binde/Library/Mobile\ Documents/com~apple~CloudDocs/Flameworker/Flameworker/Sources/Repositories/Mock/MockPurchaseRecordRepository.swift /Users/binde/Library/Mobile\ Documents/com~apple~CloudDocs/Flameworker/Flameworker/Sources/Repositories/Mock/MockShoppingListRepository.swift /Users/binde/Library/Mobile\ Documents/com~apple~CloudDocs/Flameworker/Flameworker/Sources/Repositories/Mock/MockUserNotesRepository.swift /Users/binde/Library/Mobile\ Documents/com~apple~CloudDocs/Flameworker/Flameworker/Sources/Repositories/Mock/MockUserTagsRepository.swift (in target 'Flameworker' from project 'Flameworker')

SwiftCompile normal arm64 /Users/binde/Library/Mobile\ Documents/com~apple~CloudDocs/Flameworker/Flameworker/Sources/Repositories/Mock/MockProjectPlanRepository.swift (in target 'Flameworker' from project 'Flameworker')
    cd /Users/binde/Library/Mobile\ Documents/com\~apple\~CloudDocs/Flameworker
    
/Users/binde/Library/Mobile Documents/com~apple~CloudDocs/Flameworker/Flameworker/Sources/Repositories/Mock/MockProjectPlanRepository.swift:75:27: warning: main actor-isolated initializer 'init(id:title:planType:dateCreated:dateModified:isArchived:tags:coe:summary:steps:estimatedTime:difficultyLevel:proposedPriceRange:images:heroImageId:glassItems:referenceUrls:timesUsed:lastUsedDate:)' cannot be called from outside of the actor; this is an error in the Swift 6 language mode
        let updatedPlan = ProjectPlanModel(
                          ^~~~~~~~~~~~~~~~~
                          await 
/Users/binde/Library/Mobile Documents/com~apple~CloudDocs/Flameworker/Flameworker/Sources/Repositories/Mock/MockProjectPlanRepository.swift:137:27: warning: main actor-isolated initializer 'init(id:title:planType:dateCreated:dateModified:isArchived:tags:coe:summary:steps:estimatedTime:difficultyLevel:proposedPriceRange:images:heroImageId:glassItems:referenceUrls:timesUsed:lastUsedDate:)' cannot be called from outside of the actor; this is an error in the Swift 6 language mode
        let updatedPlan = ProjectPlanModel(
                          ^~~~~~~~~~~~~~~~~
                          await 
/Users/binde/Library/Mobile Documents/com~apple~CloudDocs/Flameworker/Flameworker/Sources/Repositories/Mock/MockProjectPlanRepository.swift:168:31: warning: main actor-isolated initializer 'init(id:title:planType:dateCreated:dateModified:isArchived:tags:coe:summary:steps:estimatedTime:difficultyLevel:proposedPriceRange:images:heroImageId:glassItems:referenceUrls:timesUsed:lastUsedDate:)' cannot be called from outside of the actor; this is an error in the Swift 6 language mode
            let updatedPlan = ProjectPlanModel(
                              ^~~~~~~~~~~~~~~~~
                              await 
/Users/binde/Library/Mobile Documents/com~apple~CloudDocs/Flameworker/Flameworker/Sources/Repositories/Mock/MockProjectPlanRepository.swift:199:27: warning: main actor-isolated initializer 'init(id:title:planType:dateCreated:dateModified:isArchived:tags:coe:summary:steps:estimatedTime:difficultyLevel:proposedPriceRange:images:heroImageId:glassItems:referenceUrls:timesUsed:lastUsedDate:)' cannot be called from outside of the actor; this is an error in the Swift 6 language mode
        let updatedPlan = ProjectPlanModel(
                          ^~~~~~~~~~~~~~~~~
                          await 

SwiftCompile normal arm64 /Users/binde/Library/Mobile\ Documents/com~apple~CloudDocs/Flameworker/Flameworker/Sources/Repositories/Mock/MockPurchaseRecordRepository.swift (in target 'Flameworker' from project 'Flameworker')
    cd /Users/binde/Library/Mobile\ Documents/com\~apple\~CloudDocs/Flameworker
    
/Users/binde/Library/Mobile Documents/com~apple~CloudDocs/Flameworker/Flameworker/Sources/Repositories/Mock/MockPurchaseRecordRepository.swift:29:26: warning: call to main actor-isolated instance method 'isWithinDateRange(from:to:)' in a synchronous nonisolated context
            .filter { $0.isWithinDateRange(from: startDate, to: endDate) }
                         ^
/Users/binde/Library/Mobile Documents/com~apple~CloudDocs/Flameworker/Flameworker/Sources/Models/Domain/PurchaseRecordModel.swift:98:10: note: calls to instance method 'isWithinDateRange(from:to:)' from outside of its actor context are implicitly asynchronous
    func isWithinDateRange(from startDate: Date, to endDate: Date) -> Bool {
         ^
/Users/binde/Library/Mobile Documents/com~apple~CloudDocs/Flameworker/Flameworker/Sources/Repositories/Mock/MockPurchaseRecordRepository.swift:61:26: warning: call to main actor-isolated instance method 'matchesSearchText' in a synchronous nonisolated context
            .filter { $0.matchesSearchText(text) }
                         ^
/Users/binde/Library/Mobile Documents/com~apple~CloudDocs/Flameworker/Flameworker/Sources/Models/Domain/PurchaseRecordModel.swift:70:10: note: calls to instance method 'matchesSearchText' from outside of its actor context are implicitly asynchronous
    func matchesSearchText(_ searchText: String) -> Bool {
         ^
/Users/binde/Library/Mobile Documents/com~apple~CloudDocs/Flameworker/Flameworker/Sources/Repositories/Mock/MockPurchaseRecordRepository.swift:79:58: warning: call to main actor-isolated instance method 'isWithinDateRange(from:to:)' in a synchronous nonisolated context
        let filteredRecords = records.values.filter { $0.isWithinDateRange(from: startDate, to: endDate) }
                                                         ^
/Users/binde/Library/Mobile Documents/com~apple~CloudDocs/Flameworker/Flameworker/Sources/Models/Domain/PurchaseRecordModel.swift:98:10: note: calls to instance method 'isWithinDateRange(from:to:)' from outside of its actor context are implicitly asynchronous
    func isWithinDateRange(from startDate: Date, to endDate: Date) -> Bool {
         ^
/Users/binde/Library/Mobile Documents/com~apple~CloudDocs/Flameworker/Flameworker/Sources/Repositories/Mock/MockPurchaseRecordRepository.swift:80:48: warning: main actor-isolated property 'totalPrice' can not be referenced from a nonisolated context
        return filteredRecords.compactMap { $0.totalPrice }.reduce(0, +)
                                               ^
/Users/binde/Library/Mobile Documents/com~apple~CloudDocs/Flameworker/Flameworker/Sources/Models/Domain/PurchaseRecordModel.swift:52:9: note: property declared here
    var totalPrice: Decimal? {
        ^
/Users/binde/Library/Mobile Documents/com~apple~CloudDocs/Flameworker/Flameworker/Sources/Repositories/Mock/MockPurchaseRecordRepository.swift:84:58: warning: call to main actor-isolated instance method 'isWithinDateRange(from:to:)' in a synchronous nonisolated context
        let filteredRecords = records.values.filter { $0.isWithinDateRange(from: startDate, to: endDate) }
                                                         ^
/Users/binde/Library/Mobile Documents/com~apple~CloudDocs/Flameworker/Flameworker/Sources/Models/Domain/PurchaseRecordModel.swift:98:10: note: calls to instance method 'isWithinDateRange(from:to:)' from outside of its actor context are implicitly asynchronous
    func isWithinDateRange(from startDate: Date, to endDate: Date) -> Bool {
         ^
/Users/binde/Library/Mobile Documents/com~apple~CloudDocs/Flameworker/Flameworker/Sources/Repositories/Mock/MockPurchaseRecordRepository.swift:88:35: warning: main actor-isolated property 'totalPrice' cannot be accessed from outside of the actor; this is an error in the Swift 6 language mode
            if let total = record.totalPrice {
                           ~~~~~~~^~~~~~~~~~
                           await 

SwiftCompile normal arm64 /Users/binde/Library/Mobile\ Documents/com~apple~CloudDocs/Flameworker/Flameworker/Sources/Repositories/Mock/MockShoppingListRepository.swift (in target 'Flameworker' from project 'Flameworker')
    cd /Users/binde/Library/Mobile\ Documents/com\~apple\~CloudDocs/Flameworker
    
/Users/binde/Library/Mobile Documents/com~apple~CloudDocs/Flameworker/Flameworker/Sources/Repositories/Mock/MockShoppingListRepository.swift:77:10: warning: non-Sendable parameter type 'NSPredicate?' cannot be sent from caller of protocol requirement 'fetchItems(matching:)' into main actor-isolated implementation; this is an error in the Swift 6 language mode
    func fetchItems(matching predicate: NSPredicate?) async throws -> [ItemShoppingModel] {
         ^
Swift.Optional:1:21: note: generic enum 'Optional' does not conform to the 'Sendable' protocol
@frozen public enum Optional<Wrapped> : ~Copyable, ~Escapable where Wrapped : ~Copyable, Wrapped : ~Escapable {
                    ^

SwiftCompile normal arm64 /Users/binde/Library/Mobile\ Documents/com~apple~CloudDocs/Flameworker/Flameworker/Sources/Repositories/Mock/MockUserNotesRepository.swift (in target 'Flameworker' from project 'Flameworker')
    cd /Users/binde/Library/Mobile\ Documents/com\~apple\~CloudDocs/Flameworker
    

SwiftCompile normal arm64 /Users/binde/Library/Mobile\ Documents/com~apple~CloudDocs/Flameworker/Flameworker/Sources/Repositories/Mock/MockUserTagsRepository.swift (in target 'Flameworker' from project 'Flameworker')
    cd /Users/binde/Library/Mobile\ Documents/com\~apple\~CloudDocs/Flameworker
    

SwiftDriverJobDiscovery normal arm64 Compiling UserImageRepository.swift (in target 'Flameworker' from project 'Flameworker')

SwiftCompile normal arm64 Compiling\ CatalogItemRepository.swift,\ CoreDataGlassItemRepository.swift,\ InventoryRepository.swift,\ ItemMinimumRepository.swift,\ ItemTagsRepository.swift /Users/binde/Library/Mobile\ Documents/com~apple~CloudDocs/Flameworker/Flameworker/Sources/Repositories/Protocols/CatalogItemRepository.swift /Users/binde/Library/Mobile\ Documents/com~apple~CloudDocs/Flameworker/Flameworker/Sources/Repositories/Protocols/CoreDataGlassItemRepository.swift /Users/binde/Library/Mobile\ Documents/com~apple~CloudDocs/Flameworker/Flameworker/Sources/Repositories/Protocols/InventoryRepository.swift /Users/binde/Library/Mobile\ Documents/com~apple~CloudDocs/Flameworker/Flameworker/Sources/Repositories/Protocols/ItemMinimumRepository.swift /Users/binde/Library/Mobile\ Documents/com~apple~CloudDocs/Flameworker/Flameworker/Sources/Repositories/Protocols/ItemTagsRepository.swift (in target 'Flameworker' from project 'Flameworker')

SwiftCompile normal arm64 /Users/binde/Library/Mobile\ Documents/com~apple~CloudDocs/Flameworker/Flameworker/Sources/Repositories/Protocols/CatalogItemRepository.swift (in target 'Flameworker' from project 'Flameworker')
    cd /Users/binde/Library/Mobile\ Documents/com\~apple\~CloudDocs/Flameworker
    

SwiftCompile normal arm64 /Users/binde/Library/Mobile\ Documents/com~apple~CloudDocs/Flameworker/Flameworker/Sources/Repositories/Protocols/CoreDataGlassItemRepository.swift (in target 'Flameworker' from project 'Flameworker')
    cd /Users/binde/Library/Mobile\ Documents/com\~apple\~CloudDocs/Flameworker
    
/Users/binde/Library/Mobile Documents/com~apple~CloudDocs/Flameworker/Flameworker/Sources/Repositories/Protocols/CoreDataGlassItemRepository.swift:26:10: warning: non-Sendable parameter type 'NSPredicate?' cannot be sent from caller of protocol requirement 'fetchItems(matching:)' into main actor-isolated implementation; this is an error in the Swift 6 language mode
    func fetchItems(matching predicate: NSPredicate?) async throws -> [GlassItemModel] {
         ^
Swift.Optional:1:21: note: generic enum 'Optional' does not conform to the 'Sendable' protocol
@frozen public enum Optional<Wrapped> : ~Copyable, ~Escapable where Wrapped : ~Copyable, Wrapped : ~Escapable {
                    ^
/Users/binde/Library/Mobile Documents/com~apple~CloudDocs/Flameworker/Flameworker/Sources/Repositories/Protocols/CoreDataGlassItemRepository.swift:29:33: warning: capture of 'predicate' with non-Sendable type 'NSPredicate?' in a '@Sendable' closure
            request.predicate = predicate
                                ^
Swift.Optional:1:21: note: generic enum 'Optional' does not conform to the 'Sendable' protocol
@frozen public enum Optional<Wrapped> : ~Copyable, ~Escapable where Wrapped : ~Copyable, Wrapped : ~Escapable {
                    ^
/Users/binde/Library/Mobile Documents/com~apple~CloudDocs/Flameworker/Flameworker/Sources/Repositories/Protocols/CoreDataGlassItemRepository.swift:305:17: warning: initialization of immutable value 'baseKey' was never used; consider replacing with assignment to '_' or removing it
            let baseKey = GlassItemModel.createNaturalKey(manufacturer: manufacturer, sku: sku, sequence: 0)
            ~~~~^~~~~~~
            _

SwiftCompile normal arm64 /Users/binde/Library/Mobile\ Documents/com~apple~CloudDocs/Flameworker/Flameworker/Sources/Repositories/Protocols/InventoryRepository.swift (in target 'Flameworker' from project 'Flameworker')
    cd /Users/binde/Library/Mobile\ Documents/com\~apple\~CloudDocs/Flameworker
    

SwiftCompile normal arm64 /Users/binde/Library/Mobile\ Documents/com~apple~CloudDocs/Flameworker/Flameworker/Sources/Repositories/Protocols/ItemMinimumRepository.swift (in target 'Flameworker' from project 'Flameworker')
    cd /Users/binde/Library/Mobile\ Documents/com\~apple\~CloudDocs/Flameworker
    

SwiftCompile normal arm64 /Users/binde/Library/Mobile\ Documents/com~apple~CloudDocs/Flameworker/Flameworker/Sources/Repositories/Protocols/ItemTagsRepository.swift (in target 'Flameworker' from project 'Flameworker')
    cd /Users/binde/Library/Mobile\ Documents/com\~apple\~CloudDocs/Flameworker
    

SwiftDriverJobDiscovery normal arm64 Compiling CatalogToolbarContent.swift (in target 'Flameworker' from project 'Flameworker')

SwiftCompile normal arm64 Compiling\ UserSettings.swift /Users/binde/Library/Mobile\ Documents/com~apple~CloudDocs/Flameworker/Flameworker/Sources/Models/Domain/UserSettings.swift (in target 'Flameworker' from project 'Flameworker')

SwiftCompile normal arm64 /Users/binde/Library/Mobile\ Documents/com~apple~CloudDocs/Flameworker/Flameworker/Sources/Models/Domain/UserSettings.swift (in target 'Flameworker' from project 'Flameworker')
    cd /Users/binde/Library/Mobile\ Documents/com\~apple\~CloudDocs/Flameworker
    

SwiftDriverJobDiscovery normal arm64 Compiling ProjectModels.swift (in target 'Flameworker' from project 'Flameworker')

SwiftCompile normal arm64 Compiling\ PurchaseRecordService.swift /Users/binde/Library/Mobile\ Documents/com~apple~CloudDocs/Flameworker/Flameworker/Sources/Services/Core/PurchaseRecordService.swift (in target 'Flameworker' from project 'Flameworker')

SwiftCompile normal arm64 /Users/binde/Library/Mobile\ Documents/com~apple~CloudDocs/Flameworker/Flameworker/Sources/Services/Core/PurchaseRecordService.swift (in target 'Flameworker' from project 'Flameworker')
    cd /Users/binde/Library/Mobile\ Documents/com\~apple\~CloudDocs/Flameworker
    

SwiftDriverJobDiscovery normal arm64 Compiling ColorListView.swift, TagFilterView.swift, CatalogBundleDebugView.swift, GeneratedAssetSymbols.swift (in target 'Flameworker' from project 'Flameworker')

SwiftDriverJobDiscovery normal arm64 Compiling PurchaseRecordService.swift (in target 'Flameworker' from project 'Flameworker')

SwiftDriverJobDiscovery normal arm64 Compiling String+Extensions.swift, TagColorMapping.swift, ValidationUtilities.swift, LaunchScreenView.swift, CatalogTagFilterView.swift (in target 'Flameworker' from project 'Flameworker')

SwiftDriverJobDiscovery normal arm64 Compiling UserSettings.swift (in target 'Flameworker' from project 'Flameworker')

SwiftDriverJobDiscovery normal arm64 Compiling FirstRunTerminologyView.swift, FormComponents.swift, GlassItemCard.swift, GlassItemSearchSelector.swift, ImagePickerView.swift, LocationAutoCompleteField.swift, QuantityInputField.swift (in target 'Flameworker' from project 'Flameworker')

SwiftDriverJobDiscovery normal arm64 Compiling CatalogItemRepository.swift, CoreDataGlassItemRepository.swift, InventoryRepository.swift, ItemMinimumRepository.swift, ItemTagsRepository.swift (in target 'Flameworker' from project 'Flameworker')

SwiftDriverJobDiscovery normal arm64 Compiling JSON5Parser.swift, SearchTextParser.swift, SearchUtilities.swift, SimpleErrorHandling.swift, SortUtilities.swift (in target 'Flameworker' from project 'Flameworker')

SwiftDriverJobDiscovery normal arm64 Compiling MockProjectPlanRepository.swift, MockPurchaseRecordRepository.swift, MockShoppingListRepository.swift, MockUserNotesRepository.swift, MockUserTagsRepository.swift (in target 'Flameworker' from project 'Flameworker')

SwiftDriverJobDiscovery normal arm64 Compiling SearchAndFilterHeader.swift, StoreAutoCompleteField.swift, SuccessToast.swift, UnifiedButtonComponents.swift, UnifiedFormFields.swift, ViewUtilities.swift, AddShoppingListItemView.swift (in target 'Flameworker' from project 'Flameworker')

SwiftDriverJobDiscovery normal arm64 Compiling CatalogView.swift, InventoryItemRowView.swift, UserNotesEditor.swift, UserTagsEditor.swift, InventoryViewModel.swift, AddInventoryItemView.swift, ConsolidatedInventoryDetailView.swift (in target 'Flameworker' from project 'Flameworker')

** BUILD FAILED **


The following build commands failed:
	SwiftCompile normal arm64 Compiling\ InventoryDetailView.swift,\ InventoryView.swift,\ ProjectLogView.swift,\ ProjectPlansView.swift,\ AddPurchaseRecordView.swift,\ PurchaseRecordDetailView.swift,\ PurchaseRowView.swift /Users/binde/Library/Mobile\ Documents/com~apple~CloudDocs/Flameworker/Flameworker/Sources/Views/Inventory/InventoryDetailView.swift /Users/binde/Library/Mobile\ Documents/com~apple~CloudDocs/Flameworker/Flameworker/Sources/Views/Inventory/InventoryView.swift /Users/binde/Library/Mobile\ Documents/com~apple~CloudDocs/Flameworker/Flameworker/Sources/Views/ProjectLog/ProjectLogView.swift /Users/binde/Library/Mobile\ Documents/com~apple~CloudDocs/Flameworker/Flameworker/Sources/Views/ProjectLog/ProjectPlansView.swift /Users/binde/Library/Mobile\ Documents/com~apple~CloudDocs/Flameworker/Flameworker/Sources/Views/Purchases/AddPurchaseRecordView.swift /Users/binde/Library/Mobile\ Documents/com~apple~CloudDocs/Flameworker/Flameworker/Sources/Views/Purchases/PurchaseRecordDetailView.swift /Users/binde/Library/Mobile\ Documents/com~apple~CloudDocs/Flameworker/Flameworker/Sources/Views/Purchases/PurchaseRowView.swift (in target 'Flameworker' from project 'Flameworker')
	SwiftCompile normal arm64 /Users/binde/Library/Mobile\ Documents/com~apple~CloudDocs/Flameworker/Flameworker/Sources/Views/Inventory/InventoryView.swift (in target 'Flameworker' from project 'Flameworker')
	SwiftCompile normal arm64 /Users/binde/Library/Mobile\ Documents/com~apple~CloudDocs/Flameworker/Flameworker/Sources/Views/ProjectLog/ProjectPlansView.swift (in target 'Flameworker' from project 'Flameworker')
	Building project Flameworker with scheme Flameworker and configuration Debug
(4 failures)
