Command line invocation:
    /Applications/Xcode.app/Contents/Developer/usr/bin/xcodebuild test -project Flameworker.xcodeproj -scheme Flameworker -destination "platform=iOS Simulator,name=iPhone 17" "-only-testing:FileSystemUserImageRepositoryTests"

2025-10-18 16:54:45.151 xcodebuild[19466:3924142] Writing error result bundle to /var/folders/pt/rpxlkk515fd8shpznhdgc03h0000gn/T/ResultBundle_2025-18-10_16-54-0045.xcresult
xcodebuild: error: Failed to build project Flameworker with scheme Flameworker.: Tests in the target “FileSystemUserImageRepositoryTests” can’t be run because “FileSystemUserImageRepositoryTests” isn’t a member of the specified test plan or scheme.
