Command line invocation:
    /Applications/Xcode.app/Contents/Developer/usr/bin/xcodebuild test -project Molten.xcodeproj -scheme Molten -destination "platform=iOS Simulator,name=iPhone 17" -parallel-testing-enabled NO

ComputePackagePrebuildTargetDependencyGraph

Prepare packages

CreateBuildRequest

SendProjectDescription

CreateBuildOperation

ComputeTargetDependencyGraph
note: Building targets in dependency order
note: Target dependency graph (8 targets)
    Target 'InventoryImport' in project 'Molten'
        ➜ Explicit dependency on target 'Molten' in project 'Molten'
    Target 'PerformanceTests' in project 'Molten'
        ➜ Explicit dependency on target 'Molten' in project 'Molten'
    Target 'ScreenshotAutomation' in project 'Molten'
        ➜ Explicit dependency on target 'Molten' in project 'Molten'
    Target 'RepositoryTests' in project 'Molten'
        ➜ Explicit dependency on target 'Molten' in project 'Molten'
    Target 'MoltenUITests' in project 'Molten'
        ➜ Explicit dependency on target 'Molten' in project 'Molten'
    Target 'MoltenTests' in project 'Molten'
        ➜ Explicit dependency on target 'Molten' in project 'Molten'
    Target 'Molten' in project 'Molten'
        ➜ Explicit dependency on target 'MoltenShareExtension' in project 'Molten'
    Target 'MoltenShareExtension' in project 'Molten' (no dependencies)

GatherProvisioningInputs

CreateBuildDescription

ExecuteExternalTool /Applications/Xcode.app/Contents/Developer/usr/bin/momc --dry-run --action generate --swift-version 5.0 --sdkroot /Applications/Xcode.app/Contents/Developer/Platforms/iPhoneSimulator.platform/Developer/SDKs/iPhoneSimulator26.0.sdk --iphonesimulator-deployment-target 26.0 --module MoltenShareExtension /Users/binde/projects/classes/Molten/Molten.xcdatamodeld /Users/binde/Library/Developer/Xcode/DerivedData/Molten-dwnouowhlxjhigdgjryrxxsdqnmu/Build/Intermediates.noindex/Molten.build/Debug-iphonesimulator/MoltenShareExtension.build/DerivedSources/CoreDataGenerated/Molten

ExecuteExternalTool /Applications/Xcode.app/Contents/Developer/usr/bin/ibtool --version --output-format xml1

ExecuteExternalTool /Applications/Xcode.app/Contents/Developer/Toolchains/XcodeDefault.xctoolchain/usr/bin/swiftc --version

ExecuteExternalTool /Applications/Xcode.app/Contents/Developer/Toolchains/XcodeDefault.xctoolchain/usr/bin/clang -v -E -dM -isysroot /Applications/Xcode.app/Contents/Developer/Platforms/iPhoneSimulator.platform/Developer/SDKs/iPhoneSimulator26.0.sdk -x c -c /dev/null

ExecuteExternalTool /Applications/Xcode.app/Contents/Developer/Toolchains/XcodeDefault.xctoolchain/usr/bin/ld -version_details

ExecuteExternalTool /Applications/Xcode.app/Contents/Developer/usr/bin/momc --dry-run --action generate --swift-version 6.0 --sdkroot /Applications/Xcode.app/Contents/Developer/Platforms/iPhoneSimulator.platform/Developer/SDKs/iPhoneSimulator26.0.sdk --iphonesimulator-deployment-target 26.0 --module Molten /Users/binde/projects/classes/Molten/Molten.xcdatamodeld /Users/binde/Library/Developer/Xcode/DerivedData/Molten-dwnouowhlxjhigdgjryrxxsdqnmu/Build/Intermediates.noindex/Molten.build/Debug-iphonesimulator/Molten.build/DerivedSources/CoreDataGenerated/Molten

ExecuteExternalTool /Applications/Xcode.app/Contents/Developer/usr/bin/actool --print-asset-tag-combinations --output-format xml1 /Users/binde/projects/classes/Molten/Assets.xcassets

ExecuteExternalTool /Applications/Xcode.app/Contents/Developer/usr/bin/actool --version --output-format xml1

Build description signature: 37bb495f3b73f0966e8ed376cdbdb077
Build description path: /Users/binde/Library/Developer/Xcode/DerivedData/Molten-dwnouowhlxjhigdgjryrxxsdqnmu/Build/Intermediates.noindex/XCBuildData/37bb495f3b73f0966e8ed376cdbdb077.xcbuilddata
ClangStatCache /Applications/Xcode.app/Contents/Developer/Toolchains/XcodeDefault.xctoolchain/usr/bin/clang-stat-cache /Applications/Xcode.app/Contents/Developer/Platforms/iPhoneSimulator.platform/Developer/SDKs/iPhoneSimulator26.0.sdk /Users/binde/Library/Developer/Xcode/DerivedData/SDKStatCaches.noindex/iphonesimulator26.0-23A339-26257891a6c027eb51374368541b8346.sdkstatcache
    cd /Users/binde/projects/classes/Molten.xcodeproj
    /Applications/Xcode.app/Contents/Developer/Toolchains/XcodeDefault.xctoolchain/usr/bin/clang-stat-cache /Applications/Xcode.app/Contents/Developer/Platforms/iPhoneSimulator.platform/Developer/SDKs/iPhoneSimulator26.0.sdk -o /Users/binde/Library/Developer/Xcode/DerivedData/SDKStatCaches.noindex/iphonesimulator26.0-23A339-26257891a6c027eb51374368541b8346.sdkstatcache

MkDir /Users/binde/Library/Developer/Xcode/DerivedData/Molten-dwnouowhlxjhigdgjryrxxsdqnmu/Build/Products/Debug-iphonesimulator/Molten.app/PlugIns/PerformanceTests.xctest (in target 'PerformanceTests' from project 'Molten')
    cd /Users/binde/projects/classes
    /bin/mkdir -p /Users/binde/Library/Developer/Xcode/DerivedData/Molten-dwnouowhlxjhigdgjryrxxsdqnmu/Build/Products/Debug-iphonesimulator/Molten.app/PlugIns/PerformanceTests.xctest

MkDir /Users/binde/Library/Developer/Xcode/DerivedData/Molten-dwnouowhlxjhigdgjryrxxsdqnmu/Build/Products/Debug-iphonesimulator/Molten.app/PlugIns/RepositoryTests.xctest (in target 'RepositoryTests' from project 'Molten')
    cd /Users/binde/projects/classes
    /bin/mkdir -p /Users/binde/Library/Developer/Xcode/DerivedData/Molten-dwnouowhlxjhigdgjryrxxsdqnmu/Build/Products/Debug-iphonesimulator/Molten.app/PlugIns/RepositoryTests.xctest

ProcessProductPackaging /Users/binde/projects/classes/MoltenShareExtension/MoltenShareExtension.entitlements /Users/binde/Library/Developer/Xcode/DerivedData/Molten-dwnouowhlxjhigdgjryrxxsdqnmu/Build/Intermediates.noindex/Molten.build/Debug-iphonesimulator/MoltenShareExtension.build/MoltenShareExtension.appex.xcent (in target 'MoltenShareExtension' from project 'Molten')
    cd /Users/binde/projects/classes
    
    Entitlements:
    
    {
}
    
    builtin-productPackagingUtility /Users/binde/projects/classes/MoltenShareExtension/MoltenShareExtension.entitlements -entitlements -format xml -o /Users/binde/Library/Developer/Xcode/DerivedData/Molten-dwnouowhlxjhigdgjryrxxsdqnmu/Build/Intermediates.noindex/Molten.build/Debug-iphonesimulator/MoltenShareExtension.build/MoltenShareExtension.appex.xcent

MkDir /Users/binde/Library/Developer/Xcode/DerivedData/Molten-dwnouowhlxjhigdgjryrxxsdqnmu/Build/Products/Debug-iphonesimulator/Molten.app/PlugIns/InventoryImport.xctest (in target 'InventoryImport' from project 'Molten')
    cd /Users/binde/projects/classes
    /bin/mkdir -p /Users/binde/Library/Developer/Xcode/DerivedData/Molten-dwnouowhlxjhigdgjryrxxsdqnmu/Build/Products/Debug-iphonesimulator/Molten.app/PlugIns/InventoryImport.xctest

ProcessProductPackaging /Users/binde/projects/classes/MoltenShareExtension/MoltenShareExtension.entitlements /Users/binde/Library/Developer/Xcode/DerivedData/Molten-dwnouowhlxjhigdgjryrxxsdqnmu/Build/Intermediates.noindex/Molten.build/Debug-iphonesimulator/MoltenShareExtension.build/MoltenShareExtension.appex-Simulated.xcent (in target 'MoltenShareExtension' from project 'Molten')
    cd /Users/binde/projects/classes
    
    Entitlements:
    
    {
    "application-identifier" = "755FYD4YJY.com.MotleyWoods.Molten.MoltenShareExtension";
    "com.apple.security.application-groups" =     (
        "group.com.melissabinde.molten"
    );
}
    
    builtin-productPackagingUtility /Users/binde/projects/classes/MoltenShareExtension/MoltenShareExtension.entitlements -entitlements -format xml -o /Users/binde/Library/Developer/Xcode/DerivedData/Molten-dwnouowhlxjhigdgjryrxxsdqnmu/Build/Intermediates.noindex/Molten.build/Debug-iphonesimulator/MoltenShareExtension.build/MoltenShareExtension.appex-Simulated.xcent

WriteAuxiliaryFile /Users/binde/Library/Developer/Xcode/DerivedData/Molten-dwnouowhlxjhigdgjryrxxsdqnmu/Build/Intermediates.noindex/Molten.build/Debug-iphonesimulator/MoltenTests.build/Objects-normal/arm64/MoltenTests.SwiftFileList (in target 'MoltenTests' from project 'Molten')
    cd /Users/binde/projects/classes
    write-file /Users/binde/Library/Developer/Xcode/DerivedData/Molten-dwnouowhlxjhigdgjryrxxsdqnmu/Build/Intermediates.noindex/Molten.build/Debug-iphonesimulator/MoltenTests.build/Objects-normal/arm64/MoltenTests.SwiftFileList

WriteAuxiliaryFile /Users/binde/Library/Developer/Xcode/DerivedData/Molten-dwnouowhlxjhigdgjryrxxsdqnmu/Build/Intermediates.noindex/Molten.build/Debug-iphonesimulator/MoltenTests.build/Objects-normal/arm64/MoltenTests.SwiftConstValuesFileList (in target 'MoltenTests' from project 'Molten')
    cd /Users/binde/projects/classes
    write-file /Users/binde/Library/Developer/Xcode/DerivedData/Molten-dwnouowhlxjhigdgjryrxxsdqnmu/Build/Intermediates.noindex/Molten.build/Debug-iphonesimulator/MoltenTests.build/Objects-normal/arm64/MoltenTests.SwiftConstValuesFileList

WriteAuxiliaryFile /Users/binde/Library/Developer/Xcode/DerivedData/Molten-dwnouowhlxjhigdgjryrxxsdqnmu/Build/Intermediates.noindex/Molten.build/Debug-iphonesimulator/MoltenTests.build/Objects-normal/arm64/MoltenTests.LinkFileList (in target 'MoltenTests' from project 'Molten')
    cd /Users/binde/projects/classes
    write-file /Users/binde/Library/Developer/Xcode/DerivedData/Molten-dwnouowhlxjhigdgjryrxxsdqnmu/Build/Intermediates.noindex/Molten.build/Debug-iphonesimulator/MoltenTests.build/Objects-normal/arm64/MoltenTests.LinkFileList

WriteAuxiliaryFile /Users/binde/Library/Developer/Xcode/DerivedData/Molten-dwnouowhlxjhigdgjryrxxsdqnmu/Build/Intermediates.noindex/Molten.build/Debug-iphonesimulator/MoltenTests.build/Objects-normal/arm64/MoltenTests-OutputFileMap.json (in target 'MoltenTests' from project 'Molten')
    cd /Users/binde/projects/classes
    write-file /Users/binde/Library/Developer/Xcode/DerivedData/Molten-dwnouowhlxjhigdgjryrxxsdqnmu/Build/Intermediates.noindex/Molten.build/Debug-iphonesimulator/MoltenTests.build/Objects-normal/arm64/MoltenTests-OutputFileMap.json

MkDir /Users/binde/Library/Developer/Xcode/DerivedData/Molten-dwnouowhlxjhigdgjryrxxsdqnmu/Build/Products/Debug-iphonesimulator/Molten.app/PlugIns/MoltenTests.xctest (in target 'MoltenTests' from project 'Molten')
    cd /Users/binde/projects/classes
    /bin/mkdir -p /Users/binde/Library/Developer/Xcode/DerivedData/Molten-dwnouowhlxjhigdgjryrxxsdqnmu/Build/Products/Debug-iphonesimulator/Molten.app/PlugIns/MoltenTests.xctest

MkDir /Users/binde/Library/Developer/Xcode/DerivedData/Molten-dwnouowhlxjhigdgjryrxxsdqnmu/Build/Products/Debug-iphonesimulator/Molten.app/PlugIns (in target 'Molten' from project 'Molten')
    cd /Users/binde/projects/classes
    /bin/mkdir -p /Users/binde/Library/Developer/Xcode/DerivedData/Molten-dwnouowhlxjhigdgjryrxxsdqnmu/Build/Products/Debug-iphonesimulator/Molten.app/PlugIns

MkDir /Users/binde/Library/Developer/Xcode/DerivedData/Molten-dwnouowhlxjhigdgjryrxxsdqnmu/Build/Products/Debug-iphonesimulator/Molten.app/Frameworks (in target 'Molten' from project 'Molten')
    cd /Users/binde/projects/classes
    /bin/mkdir -p /Users/binde/Library/Developer/Xcode/DerivedData/Molten-dwnouowhlxjhigdgjryrxxsdqnmu/Build/Products/Debug-iphonesimulator/Molten.app/Frameworks

ProcessProductPackagingDER /Users/binde/Library/Developer/Xcode/DerivedData/Molten-dwnouowhlxjhigdgjryrxxsdqnmu/Build/Intermediates.noindex/Molten.build/Debug-iphonesimulator/MoltenShareExtension.build/MoltenShareExtension.appex.xcent /Users/binde/Library/Developer/Xcode/DerivedData/Molten-dwnouowhlxjhigdgjryrxxsdqnmu/Build/Intermediates.noindex/Molten.build/Debug-iphonesimulator/MoltenShareExtension.build/MoltenShareExtension.appex.xcent.der (in target 'MoltenShareExtension' from project 'Molten')
    cd /Users/binde/projects/classes
    /usr/bin/derq query -f xml -i /Users/binde/Library/Developer/Xcode/DerivedData/Molten-dwnouowhlxjhigdgjryrxxsdqnmu/Build/Intermediates.noindex/Molten.build/Debug-iphonesimulator/MoltenShareExtension.build/MoltenShareExtension.appex.xcent -o /Users/binde/Library/Developer/Xcode/DerivedData/Molten-dwnouowhlxjhigdgjryrxxsdqnmu/Build/Intermediates.noindex/Molten.build/Debug-iphonesimulator/MoltenShareExtension.build/MoltenShareExtension.appex.xcent.der --raw

ProcessProductPackagingDER /Users/binde/Library/Developer/Xcode/DerivedData/Molten-dwnouowhlxjhigdgjryrxxsdqnmu/Build/Intermediates.noindex/Molten.build/Debug-iphonesimulator/MoltenShareExtension.build/MoltenShareExtension.appex-Simulated.xcent /Users/binde/Library/Developer/Xcode/DerivedData/Molten-dwnouowhlxjhigdgjryrxxsdqnmu/Build/Intermediates.noindex/Molten.build/Debug-iphonesimulator/MoltenShareExtension.build/MoltenShareExtension.appex-Simulated.xcent.der (in target 'MoltenShareExtension' from project 'Molten')
    cd /Users/binde/projects/classes
    /usr/bin/derq query -f xml -i /Users/binde/Library/Developer/Xcode/DerivedData/Molten-dwnouowhlxjhigdgjryrxxsdqnmu/Build/Intermediates.noindex/Molten.build/Debug-iphonesimulator/MoltenShareExtension.build/MoltenShareExtension.appex-Simulated.xcent -o /Users/binde/Library/Developer/Xcode/DerivedData/Molten-dwnouowhlxjhigdgjryrxxsdqnmu/Build/Intermediates.noindex/Molten.build/Debug-iphonesimulator/MoltenShareExtension.build/MoltenShareExtension.appex-Simulated.xcent.der --raw

Ld /Users/binde/Library/Developer/Xcode/DerivedData/Molten-dwnouowhlxjhigdgjryrxxsdqnmu/Build/Products/Debug-iphonesimulator/MoltenShareExtension.appex/MoltenShareExtension.debug.dylib normal (in target 'MoltenShareExtension' from project 'Molten')
    cd /Users/binde/projects/classes
    /Applications/Xcode.app/Contents/Developer/Toolchains/XcodeDefault.xctoolchain/usr/bin/clang -Xlinker -reproducible -target arm64-apple-ios26.0-simulator -dynamiclib -isysroot /Applications/Xcode.app/Contents/Developer/Platforms/iPhoneSimulator.platform/Developer/SDKs/iPhoneSimulator26.0.sdk -O0 -L/Users/binde/Library/Developer/Xcode/DerivedData/Molten-dwnouowhlxjhigdgjryrxxsdqnmu/Build/Intermediates.noindex/EagerLinkingTBDs/Debug-iphonesimulator -L/Users/binde/Library/Developer/Xcode/DerivedData/Molten-dwnouowhlxjhigdgjryrxxsdqnmu/Build/Products/Debug-iphonesimulator -F/Users/binde/Library/Developer/Xcode/DerivedData/Molten-dwnouowhlxjhigdgjryrxxsdqnmu/Build/Intermediates.noindex/EagerLinkingTBDs/Debug-iphonesimulator -F/Users/binde/Library/Developer/Xcode/DerivedData/Molten-dwnouowhlxjhigdgjryrxxsdqnmu/Build/Products/Debug-iphonesimulator -filelist /Users/binde/Library/Developer/Xcode/DerivedData/Molten-dwnouowhlxjhigdgjryrxxsdqnmu/Build/Intermediates.noindex/Molten.build/Debug-iphonesimulator/MoltenShareExtension.build/Objects-normal/arm64/MoltenShareExtension.LinkFileList -install_name @rpath/MoltenShareExtension.debug.dylib -Xlinker -rpath -Xlinker @executable_path/Frameworks -Xlinker -rpath -Xlinker @executable_path/../../Frameworks -dead_strip -Xlinker -object_path_lto -Xlinker /Users/binde/Library/Developer/Xcode/DerivedData/Molten-dwnouowhlxjhigdgjryrxxsdqnmu/Build/Intermediates.noindex/Molten.build/Debug-iphonesimulator/MoltenShareExtension.build/Objects-normal/arm64/MoltenShareExtension_lto.o -rdynamic -Xlinker -no_deduplicate -Xlinker -objc_abi_version -Xlinker 2 -Xlinker -debug_variant -Xlinker -dependency_info -Xlinker /Users/binde/Library/Developer/Xcode/DerivedData/Molten-dwnouowhlxjhigdgjryrxxsdqnmu/Build/Intermediates.noindex/Molten.build/Debug-iphonesimulator/MoltenShareExtension.build/Objects-normal/arm64/MoltenShareExtension_dependency_info.dat -fapplication-extension -fobjc-link-runtime -fprofile-instr-generate -L/Applications/Xcode.app/Contents/Developer/Toolchains/XcodeDefault.xctoolchain/usr/lib/swift/iphonesimulator -L/usr/lib/swift -Xlinker -add_ast_path -Xlinker /Users/binde/Library/Developer/Xcode/DerivedData/Molten-dwnouowhlxjhigdgjryrxxsdqnmu/Build/Intermediates.noindex/Molten.build/Debug-iphonesimulator/MoltenShareExtension.build/Objects-normal/arm64/MoltenShareExtension.swiftmodule @/Users/binde/Library/Developer/Xcode/DerivedData/Molten-dwnouowhlxjhigdgjryrxxsdqnmu/Build/Intermediates.noindex/Molten.build/Debug-iphonesimulator/MoltenShareExtension.build/Objects-normal/arm64/MoltenShareExtension-linker-args.resp -Xlinker -alias -Xlinker _NSExtensionMain -Xlinker ___debug_main_executable_dylib_entry_point -Xlinker -no_adhoc_codesign -o /Users/binde/Library/Developer/Xcode/DerivedData/Molten-dwnouowhlxjhigdgjryrxxsdqnmu/Build/Products/Debug-iphonesimulator/MoltenShareExtension.appex/MoltenShareExtension.debug.dylib

ProcessInfoPlistFile /Users/binde/Library/Developer/Xcode/DerivedData/Molten-dwnouowhlxjhigdgjryrxxsdqnmu/Build/Products/Debug-iphonesimulator/MoltenShareExtension.appex/Info.plist /Users/binde/projects/classes/MoltenShareExtension/Info.plist (in target 'MoltenShareExtension' from project 'Molten')
    cd /Users/binde/projects/classes
    builtin-infoPlistUtility /Users/binde/projects/classes/MoltenShareExtension/Info.plist -producttype com.apple.product-type.app-extension -expandbuildsettings -format binary -platform iphonesimulator -additionalcontentfile /Users/binde/Library/Developer/Xcode/DerivedData/Molten-dwnouowhlxjhigdgjryrxxsdqnmu/Build/Intermediates.noindex/Molten.build/Debug-iphonesimulator/MoltenShareExtension.build/Base.lproj/MainInterface-SBPartialInfo.plist -o /Users/binde/Library/Developer/Xcode/DerivedData/Molten-dwnouowhlxjhigdgjryrxxsdqnmu/Build/Products/Debug-iphonesimulator/MoltenShareExtension.appex/Info.plist

ProcessProductPackaging /Users/binde/projects/classes/Molten/Molten.entitlements /Users/binde/Library/Developer/Xcode/DerivedData/Molten-dwnouowhlxjhigdgjryrxxsdqnmu/Build/Intermediates.noindex/Molten.build/Debug-iphonesimulator/Molten.build/Molten.app.xcent (in target 'Molten' from project 'Molten')
    cd /Users/binde/projects/classes
    
    Entitlements:
    
    {
}
    
    builtin-productPackagingUtility /Users/binde/projects/classes/Molten/Molten.entitlements -entitlements -format xml -o /Users/binde/Library/Developer/Xcode/DerivedData/Molten-dwnouowhlxjhigdgjryrxxsdqnmu/Build/Intermediates.noindex/Molten.build/Debug-iphonesimulator/Molten.build/Molten.app.xcent

ProcessProductPackaging /Users/binde/projects/classes/Molten/Molten.entitlements /Users/binde/Library/Developer/Xcode/DerivedData/Molten-dwnouowhlxjhigdgjryrxxsdqnmu/Build/Intermediates.noindex/Molten.build/Debug-iphonesimulator/Molten.build/Molten.app-Simulated.xcent (in target 'Molten' from project 'Molten')
    cd /Users/binde/projects/classes
    
    Entitlements:
    
    {
    "application-identifier" = "755FYD4YJY.com.MotleyWoods.Molten";
    "aps-environment" = development;
    "com.apple.developer.aps-environment" = development;
    "com.apple.developer.icloud-container-identifiers" =     (
        "iCloud.com.motleywoods.molten"
    );
    "com.apple.developer.icloud-services" =     (
        CloudKit
    );
    "com.apple.security.application-groups" =     (
        "group.com.melissabinde.molten"
    );
}
    
    builtin-productPackagingUtility /Users/binde/projects/classes/Molten/Molten.entitlements -entitlements -format xml -o /Users/binde/Library/Developer/Xcode/DerivedData/Molten-dwnouowhlxjhigdgjryrxxsdqnmu/Build/Intermediates.noindex/Molten.build/Debug-iphonesimulator/Molten.build/Molten.app-Simulated.xcent

ProcessProductPackagingDER /Users/binde/Library/Developer/Xcode/DerivedData/Molten-dwnouowhlxjhigdgjryrxxsdqnmu/Build/Intermediates.noindex/Molten.build/Debug-iphonesimulator/Molten.build/Molten.app.xcent /Users/binde/Library/Developer/Xcode/DerivedData/Molten-dwnouowhlxjhigdgjryrxxsdqnmu/Build/Intermediates.noindex/Molten.build/Debug-iphonesimulator/Molten.build/Molten.app.xcent.der (in target 'Molten' from project 'Molten')
    cd /Users/binde/projects/classes
    /usr/bin/derq query -f xml -i /Users/binde/Library/Developer/Xcode/DerivedData/Molten-dwnouowhlxjhigdgjryrxxsdqnmu/Build/Intermediates.noindex/Molten.build/Debug-iphonesimulator/Molten.build/Molten.app.xcent -o /Users/binde/Library/Developer/Xcode/DerivedData/Molten-dwnouowhlxjhigdgjryrxxsdqnmu/Build/Intermediates.noindex/Molten.build/Debug-iphonesimulator/Molten.build/Molten.app.xcent.der --raw

ProcessProductPackagingDER /Users/binde/Library/Developer/Xcode/DerivedData/Molten-dwnouowhlxjhigdgjryrxxsdqnmu/Build/Intermediates.noindex/Molten.build/Debug-iphonesimulator/Molten.build/Molten.app-Simulated.xcent /Users/binde/Library/Developer/Xcode/DerivedData/Molten-dwnouowhlxjhigdgjryrxxsdqnmu/Build/Intermediates.noindex/Molten.build/Debug-iphonesimulator/Molten.build/Molten.app-Simulated.xcent.der (in target 'Molten' from project 'Molten')
    cd /Users/binde/projects/classes
    /usr/bin/derq query -f xml -i /Users/binde/Library/Developer/Xcode/DerivedData/Molten-dwnouowhlxjhigdgjryrxxsdqnmu/Build/Intermediates.noindex/Molten.build/Debug-iphonesimulator/Molten.build/Molten.app-Simulated.xcent -o /Users/binde/Library/Developer/Xcode/DerivedData/Molten-dwnouowhlxjhigdgjryrxxsdqnmu/Build/Intermediates.noindex/Molten.build/Debug-iphonesimulator/Molten.build/Molten.app-Simulated.xcent.der --raw

SwiftDriver RepositoryTests normal arm64 com.apple.xcode.tools.swift.compiler (in target 'RepositoryTests' from project 'Molten')
    cd /Users/binde/projects/classes
    builtin-SwiftDriver -- /Applications/Xcode.app/Contents/Developer/Toolchains/XcodeDefault.xctoolchain/usr/bin/swiftc -module-name RepositoryTests -Onone -enforce-exclusivity\=checked @/Users/binde/Library/Developer/Xcode/DerivedData/Molten-dwnouowhlxjhigdgjryrxxsdqnmu/Build/Intermediates.noindex/Molten.build/Debug-iphonesimulator/RepositoryTests.build/Objects-normal/arm64/RepositoryTests.SwiftFileList -DDEBUG -plugin-path /Applications/Xcode.app/Contents/Developer/Toolchains/XcodeDefault.xctoolchain/usr/lib/swift/host/plugins/testing -enable-upcoming-feature MemberImportVisibility -enable-upcoming-feature InferIsolatedConformances -enable-upcoming-feature NonisolatedNonsendingByDefault -enable-experimental-feature DebugDescriptionMacro -sdk /Applications/Xcode.app/Contents/Developer/Platforms/iPhoneSimulator.platform/Developer/SDKs/iPhoneSimulator26.0.sdk -target arm64-apple-ios26.0-simulator -g -module-cache-path /Users/binde/Library/Developer/Xcode/DerivedData/ModuleCache.noindex -Xfrontend -serialize-debugging-options -profile-coverage-mapping -profile-generate -enable-testing -index-store-path /Users/binde/Library/Developer/Xcode/DerivedData/Molten-dwnouowhlxjhigdgjryrxxsdqnmu/Index.noindex/DataStore -Xcc -D_LIBCPP_HARDENING_MODE\=_LIBCPP_HARDENING_MODE_DEBUG -swift-version 6 -I /Users/binde/Library/Developer/Xcode/DerivedData/Molten-dwnouowhlxjhigdgjryrxxsdqnmu/Build/Products/Debug-iphonesimulator -Isystem /Applications/Xcode.app/Contents/Developer/Platforms/iPhoneSimulator.platform/Developer/usr/lib -F /Users/binde/Library/Developer/Xcode/DerivedData/Molten-dwnouowhlxjhigdgjryrxxsdqnmu/Build/Products/Debug-iphonesimulator -F /Applications/Xcode.app/Contents/Developer/Platforms/iPhoneSimulator.platform/Developer/Library/Frameworks -F /Applications/Xcode.app/Contents/Developer/Platforms/iPhoneSimulator.platform/Developer/SDKs/iPhoneSimulator26.0.sdk/Developer/Library/Frameworks -c -j11 -enable-batch-mode -incremental -Xcc -ivfsstatcache -Xcc /Users/binde/Library/Developer/Xcode/DerivedData/SDKStatCaches.noindex/iphonesimulator26.0-23A339-26257891a6c027eb51374368541b8346.sdkstatcache -output-file-map /Users/binde/Library/Developer/Xcode/DerivedData/Molten-dwnouowhlxjhigdgjryrxxsdqnmu/Build/Intermediates.noindex/Molten.build/Debug-iphonesimulator/RepositoryTests.build/Objects-normal/arm64/RepositoryTests-OutputFileMap.json -use-frontend-parseable-output -save-temps -no-color-diagnostics -explicit-module-build -module-cache-path /Users/binde/Library/Developer/Xcode/DerivedData/Molten-dwnouowhlxjhigdgjryrxxsdqnmu/Build/Intermediates.noindex/SwiftExplicitPrecompiledModules -clang-scanner-module-cache-path /Users/binde/Library/Developer/Xcode/DerivedData/ModuleCache.noindex -sdk-module-cache-path /Users/binde/Library/Developer/Xcode/DerivedData/ModuleCache.noindex -serialize-diagnostics -emit-dependencies -emit-module -emit-module-path /Users/binde/Library/Developer/Xcode/DerivedData/Molten-dwnouowhlxjhigdgjryrxxsdqnmu/Build/Intermediates.noindex/Molten.build/Debug-iphonesimulator/RepositoryTests.build/Objects-normal/arm64/RepositoryTests.swiftmodule -validate-clang-modules-once -clang-build-session-file /Users/binde/Library/Developer/Xcode/DerivedData/ModuleCache.noindex/Session.modulevalidation -Xcc -I/Users/binde/Library/Developer/Xcode/DerivedData/Molten-dwnouowhlxjhigdgjryrxxsdqnmu/Build/Intermediates.noindex/Molten.build/Debug-iphonesimulator/RepositoryTests.build/swift-overrides.hmap -emit-const-values -Xfrontend -const-gather-protocols-file -Xfrontend /Users/binde/Library/Developer/Xcode/DerivedData/Molten-dwnouowhlxjhigdgjryrxxsdqnmu/Build/Intermediates.noindex/Molten.build/Debug-iphonesimulator/RepositoryTests.build/Objects-normal/arm64/RepositoryTests_const_extract_protocols.json -Xcc -iquote -Xcc /Users/binde/Library/Developer/Xcode/DerivedData/Molten-dwnouowhlxjhigdgjryrxxsdqnmu/Build/Intermediates.noindex/Molten.build/Debug-iphonesimulator/RepositoryTests.build/RepositoryTests-generated-files.hmap -Xcc -I/Users/binde/Library/Developer/Xcode/DerivedData/Molten-dwnouowhlxjhigdgjryrxxsdqnmu/Build/Intermediates.noindex/Molten.build/Debug-iphonesimulator/RepositoryTests.build/RepositoryTests-own-target-headers.hmap -Xcc -I/Users/binde/Library/Developer/Xcode/DerivedData/Molten-dwnouowhlxjhigdgjryrxxsdqnmu/Build/Intermediates.noindex/Molten.build/Debug-iphonesimulator/RepositoryTests.build/RepositoryTests-all-target-headers.hmap -Xcc -iquote -Xcc /Users/binde/Library/Developer/Xcode/DerivedData/Molten-dwnouowhlxjhigdgjryrxxsdqnmu/Build/Intermediates.noindex/Molten.build/Debug-iphonesimulator/RepositoryTests.build/RepositoryTests-project-headers.hmap -Xcc -I/Users/binde/Library/Developer/Xcode/DerivedData/Molten-dwnouowhlxjhigdgjryrxxsdqnmu/Build/Products/Debug-iphonesimulator/include -Xcc -I/Users/binde/Library/Developer/Xcode/DerivedData/Molten-dwnouowhlxjhigdgjryrxxsdqnmu/Build/Intermediates.noindex/Molten.build/Debug-iphonesimulator/RepositoryTests.build/DerivedSources-normal/arm64 -Xcc -I/Users/binde/Library/Developer/Xcode/DerivedData/Molten-dwnouowhlxjhigdgjryrxxsdqnmu/Build/Intermediates.noindex/Molten.build/Debug-iphonesimulator/RepositoryTests.build/DerivedSources/arm64 -Xcc -I/Users/binde/Library/Developer/Xcode/DerivedData/Molten-dwnouowhlxjhigdgjryrxxsdqnmu/Build/Intermediates.noindex/Molten.build/Debug-iphonesimulator/RepositoryTests.build/DerivedSources -Xcc -DDEBUG\=1 -emit-objc-header -emit-objc-header-path /Users/binde/Library/Developer/Xcode/DerivedData/Molten-dwnouowhlxjhigdgjryrxxsdqnmu/Build/Intermediates.noindex/Molten.build/Debug-iphonesimulator/RepositoryTests.build/Objects-normal/arm64/RepositoryTests-Swift.h -working-directory /Users/binde/projects/classes -experimental-emit-module-separately -disable-cmo

SwiftDriver PerformanceTests normal arm64 com.apple.xcode.tools.swift.compiler (in target 'PerformanceTests' from project 'Molten')
    cd /Users/binde/projects/classes
    builtin-SwiftDriver -- /Applications/Xcode.app/Contents/Developer/Toolchains/XcodeDefault.xctoolchain/usr/bin/swiftc -module-name PerformanceTests -Onone -enforce-exclusivity\=checked @/Users/binde/Library/Developer/Xcode/DerivedData/Molten-dwnouowhlxjhigdgjryrxxsdqnmu/Build/Intermediates.noindex/Molten.build/Debug-iphonesimulator/PerformanceTests.build/Objects-normal/arm64/PerformanceTests.SwiftFileList -DDEBUG -plugin-path /Applications/Xcode.app/Contents/Developer/Toolchains/XcodeDefault.xctoolchain/usr/lib/swift/host/plugins/testing -enable-upcoming-feature MemberImportVisibility -enable-upcoming-feature InferIsolatedConformances -enable-upcoming-feature NonisolatedNonsendingByDefault -enable-experimental-feature DebugDescriptionMacro -sdk /Applications/Xcode.app/Contents/Developer/Platforms/iPhoneSimulator.platform/Developer/SDKs/iPhoneSimulator26.0.sdk -target arm64-apple-ios26.0-simulator -g -module-cache-path /Users/binde/Library/Developer/Xcode/DerivedData/ModuleCache.noindex -Xfrontend -serialize-debugging-options -profile-coverage-mapping -profile-generate -enable-testing -index-store-path /Users/binde/Library/Developer/Xcode/DerivedData/Molten-dwnouowhlxjhigdgjryrxxsdqnmu/Index.noindex/DataStore -Xcc -D_LIBCPP_HARDENING_MODE\=_LIBCPP_HARDENING_MODE_DEBUG -swift-version 6 -I /Users/binde/Library/Developer/Xcode/DerivedData/Molten-dwnouowhlxjhigdgjryrxxsdqnmu/Build/Products/Debug-iphonesimulator -Isystem /Applications/Xcode.app/Contents/Developer/Platforms/iPhoneSimulator.platform/Developer/usr/lib -F /Users/binde/Library/Developer/Xcode/DerivedData/Molten-dwnouowhlxjhigdgjryrxxsdqnmu/Build/Products/Debug-iphonesimulator -F /Applications/Xcode.app/Contents/Developer/Platforms/iPhoneSimulator.platform/Developer/Library/Frameworks -F /Applications/Xcode.app/Contents/Developer/Platforms/iPhoneSimulator.platform/Developer/SDKs/iPhoneSimulator26.0.sdk/Developer/Library/Frameworks -c -j11 -enable-batch-mode -incremental -Xcc -ivfsstatcache -Xcc /Users/binde/Library/Developer/Xcode/DerivedData/SDKStatCaches.noindex/iphonesimulator26.0-23A339-26257891a6c027eb51374368541b8346.sdkstatcache -output-file-map /Users/binde/Library/Developer/Xcode/DerivedData/Molten-dwnouowhlxjhigdgjryrxxsdqnmu/Build/Intermediates.noindex/Molten.build/Debug-iphonesimulator/PerformanceTests.build/Objects-normal/arm64/PerformanceTests-OutputFileMap.json -use-frontend-parseable-output -save-temps -no-color-diagnostics -explicit-module-build -module-cache-path /Users/binde/Library/Developer/Xcode/DerivedData/Molten-dwnouowhlxjhigdgjryrxxsdqnmu/Build/Intermediates.noindex/SwiftExplicitPrecompiledModules -clang-scanner-module-cache-path /Users/binde/Library/Developer/Xcode/DerivedData/ModuleCache.noindex -sdk-module-cache-path /Users/binde/Library/Developer/Xcode/DerivedData/ModuleCache.noindex -serialize-diagnostics -emit-dependencies -emit-module -emit-module-path /Users/binde/Library/Developer/Xcode/DerivedData/Molten-dwnouowhlxjhigdgjryrxxsdqnmu/Build/Intermediates.noindex/Molten.build/Debug-iphonesimulator/PerformanceTests.build/Objects-normal/arm64/PerformanceTests.swiftmodule -validate-clang-modules-once -clang-build-session-file /Users/binde/Library/Developer/Xcode/DerivedData/ModuleCache.noindex/Session.modulevalidation -Xcc -I/Users/binde/Library/Developer/Xcode/DerivedData/Molten-dwnouowhlxjhigdgjryrxxsdqnmu/Build/Intermediates.noindex/Molten.build/Debug-iphonesimulator/PerformanceTests.build/swift-overrides.hmap -emit-const-values -Xfrontend -const-gather-protocols-file -Xfrontend /Users/binde/Library/Developer/Xcode/DerivedData/Molten-dwnouowhlxjhigdgjryrxxsdqnmu/Build/Intermediates.noindex/Molten.build/Debug-iphonesimulator/PerformanceTests.build/Objects-normal/arm64/PerformanceTests_const_extract_protocols.json -Xcc -iquote -Xcc /Users/binde/Library/Developer/Xcode/DerivedData/Molten-dwnouowhlxjhigdgjryrxxsdqnmu/Build/Intermediates.noindex/Molten.build/Debug-iphonesimulator/PerformanceTests.build/PerformanceTests-generated-files.hmap -Xcc -I/Users/binde/Library/Developer/Xcode/DerivedData/Molten-dwnouowhlxjhigdgjryrxxsdqnmu/Build/Intermediates.noindex/Molten.build/Debug-iphonesimulator/PerformanceTests.build/PerformanceTests-own-target-headers.hmap -Xcc -I/Users/binde/Library/Developer/Xcode/DerivedData/Molten-dwnouowhlxjhigdgjryrxxsdqnmu/Build/Intermediates.noindex/Molten.build/Debug-iphonesimulator/PerformanceTests.build/PerformanceTests-all-target-headers.hmap -Xcc -iquote -Xcc /Users/binde/Library/Developer/Xcode/DerivedData/Molten-dwnouowhlxjhigdgjryrxxsdqnmu/Build/Intermediates.noindex/Molten.build/Debug-iphonesimulator/PerformanceTests.build/PerformanceTests-project-headers.hmap -Xcc -I/Users/binde/Library/Developer/Xcode/DerivedData/Molten-dwnouowhlxjhigdgjryrxxsdqnmu/Build/Products/Debug-iphonesimulator/include -Xcc -I/Users/binde/Library/Developer/Xcode/DerivedData/Molten-dwnouowhlxjhigdgjryrxxsdqnmu/Build/Intermediates.noindex/Molten.build/Debug-iphonesimulator/PerformanceTests.build/DerivedSources-normal/arm64 -Xcc -I/Users/binde/Library/Developer/Xcode/DerivedData/Molten-dwnouowhlxjhigdgjryrxxsdqnmu/Build/Intermediates.noindex/Molten.build/Debug-iphonesimulator/PerformanceTests.build/DerivedSources/arm64 -Xcc -I/Users/binde/Library/Developer/Xcode/DerivedData/Molten-dwnouowhlxjhigdgjryrxxsdqnmu/Build/Intermediates.noindex/Molten.build/Debug-iphonesimulator/PerformanceTests.build/DerivedSources -Xcc -DDEBUG\=1 -emit-objc-header -emit-objc-header-path /Users/binde/Library/Developer/Xcode/DerivedData/Molten-dwnouowhlxjhigdgjryrxxsdqnmu/Build/Intermediates.noindex/Molten.build/Debug-iphonesimulator/PerformanceTests.build/Objects-normal/arm64/PerformanceTests-Swift.h -working-directory /Users/binde/projects/classes -experimental-emit-module-separately -disable-cmo

SwiftDriver InventoryImport normal arm64 com.apple.xcode.tools.swift.compiler (in target 'InventoryImport' from project 'Molten')
    cd /Users/binde/projects/classes
    builtin-SwiftDriver -- /Applications/Xcode.app/Contents/Developer/Toolchains/XcodeDefault.xctoolchain/usr/bin/swiftc -module-name InventoryImport -Onone -enforce-exclusivity\=checked @/Users/binde/Library/Developer/Xcode/DerivedData/Molten-dwnouowhlxjhigdgjryrxxsdqnmu/Build/Intermediates.noindex/Molten.build/Debug-iphonesimulator/InventoryImport.build/Objects-normal/arm64/InventoryImport.SwiftFileList -DDEBUG -plugin-path /Applications/Xcode.app/Contents/Developer/Toolchains/XcodeDefault.xctoolchain/usr/lib/swift/host/plugins/testing -enable-bare-slash-regex -enable-upcoming-feature DisableOutwardActorInference -enable-upcoming-feature InferSendableFromCaptures -enable-upcoming-feature GlobalActorIsolatedTypesUsability -enable-upcoming-feature MemberImportVisibility -enable-upcoming-feature InferIsolatedConformances -enable-upcoming-feature NonisolatedNonsendingByDefault -enable-experimental-feature DebugDescriptionMacro -sdk /Applications/Xcode.app/Contents/Developer/Platforms/iPhoneSimulator.platform/Developer/SDKs/iPhoneSimulator26.0.sdk -target arm64-apple-ios26.0-simulator -g -module-cache-path /Users/binde/Library/Developer/Xcode/DerivedData/ModuleCache.noindex -Xfrontend -serialize-debugging-options -profile-coverage-mapping -profile-generate -enable-testing -index-store-path /Users/binde/Library/Developer/Xcode/DerivedData/Molten-dwnouowhlxjhigdgjryrxxsdqnmu/Index.noindex/DataStore -Xcc -D_LIBCPP_HARDENING_MODE\=_LIBCPP_HARDENING_MODE_DEBUG -swift-version 5 -I /Users/binde/Library/Developer/Xcode/DerivedData/Molten-dwnouowhlxjhigdgjryrxxsdqnmu/Build/Products/Debug-iphonesimulator -Isystem /Applications/Xcode.app/Contents/Developer/Platforms/iPhoneSimulator.platform/Developer/usr/lib -F /Users/binde/Library/Developer/Xcode/DerivedData/Molten-dwnouowhlxjhigdgjryrxxsdqnmu/Build/Products/Debug-iphonesimulator -F /Applications/Xcode.app/Contents/Developer/Platforms/iPhoneSimulator.platform/Developer/Library/Frameworks -F /Applications/Xcode.app/Contents/Developer/Platforms/iPhoneSimulator.platform/Developer/SDKs/iPhoneSimulator26.0.sdk/Developer/Library/Frameworks -c -j11 -enable-batch-mode -incremental -Xcc -ivfsstatcache -Xcc /Users/binde/Library/Developer/Xcode/DerivedData/SDKStatCaches.noindex/iphonesimulator26.0-23A339-26257891a6c027eb51374368541b8346.sdkstatcache -output-file-map /Users/binde/Library/Developer/Xcode/DerivedData/Molten-dwnouowhlxjhigdgjryrxxsdqnmu/Build/Intermediates.noindex/Molten.build/Debug-iphonesimulator/InventoryImport.build/Objects-normal/arm64/InventoryImport-OutputFileMap.json -use-frontend-parseable-output -save-temps -no-color-diagnostics -explicit-module-build -module-cache-path /Users/binde/Library/Developer/Xcode/DerivedData/Molten-dwnouowhlxjhigdgjryrxxsdqnmu/Build/Intermediates.noindex/SwiftExplicitPrecompiledModules -clang-scanner-module-cache-path /Users/binde/Library/Developer/Xcode/DerivedData/ModuleCache.noindex -sdk-module-cache-path /Users/binde/Library/Developer/Xcode/DerivedData/ModuleCache.noindex -serialize-diagnostics -emit-dependencies -emit-module -emit-module-path /Users/binde/Library/Developer/Xcode/DerivedData/Molten-dwnouowhlxjhigdgjryrxxsdqnmu/Build/Intermediates.noindex/Molten.build/Debug-iphonesimulator/InventoryImport.build/Objects-normal/arm64/InventoryImport.swiftmodule -validate-clang-modules-once -clang-build-session-file /Users/binde/Library/Developer/Xcode/DerivedData/ModuleCache.noindex/Session.modulevalidation -Xcc -I/Users/binde/Library/Developer/Xcode/DerivedData/Molten-dwnouowhlxjhigdgjryrxxsdqnmu/Build/Intermediates.noindex/Molten.build/Debug-iphonesimulator/InventoryImport.build/swift-overrides.hmap -emit-const-values -Xfrontend -const-gather-protocols-file -Xfrontend /Users/binde/Library/Developer/Xcode/DerivedData/Molten-dwnouowhlxjhigdgjryrxxsdqnmu/Build/Intermediates.noindex/Molten.build/Debug-iphonesimulator/InventoryImport.build/Objects-normal/arm64/InventoryImport_const_extract_protocols.json -Xcc -iquote -Xcc /Users/binde/Library/Developer/Xcode/DerivedData/Molten-dwnouowhlxjhigdgjryrxxsdqnmu/Build/Intermediates.noindex/Molten.build/Debug-iphonesimulator/InventoryImport.build/InventoryImport-generated-files.hmap -Xcc -I/Users/binde/Library/Developer/Xcode/DerivedData/Molten-dwnouowhlxjhigdgjryrxxsdqnmu/Build/Intermediates.noindex/Molten.build/Debug-iphonesimulator/InventoryImport.build/InventoryImport-own-target-headers.hmap -Xcc -I/Users/binde/Library/Developer/Xcode/DerivedData/Molten-dwnouowhlxjhigdgjryrxxsdqnmu/Build/Intermediates.noindex/Molten.build/Debug-iphonesimulator/InventoryImport.build/InventoryImport-all-target-headers.hmap -Xcc -iquote -Xcc /Users/binde/Library/Developer/Xcode/DerivedData/Molten-dwnouowhlxjhigdgjryrxxsdqnmu/Build/Intermediates.noindex/Molten.build/Debug-iphonesimulator/InventoryImport.build/InventoryImport-project-headers.hmap -Xcc -I/Users/binde/Library/Developer/Xcode/DerivedData/Molten-dwnouowhlxjhigdgjryrxxsdqnmu/Build/Products/Debug-iphonesimulator/include -Xcc -I/Users/binde/Library/Developer/Xcode/DerivedData/Molten-dwnouowhlxjhigdgjryrxxsdqnmu/Build/Intermediates.noindex/Molten.build/Debug-iphonesimulator/InventoryImport.build/DerivedSources-normal/arm64 -Xcc -I/Users/binde/Library/Developer/Xcode/DerivedData/Molten-dwnouowhlxjhigdgjryrxxsdqnmu/Build/Intermediates.noindex/Molten.build/Debug-iphonesimulator/InventoryImport.build/DerivedSources/arm64 -Xcc -I/Users/binde/Library/Developer/Xcode/DerivedData/Molten-dwnouowhlxjhigdgjryrxxsdqnmu/Build/Intermediates.noindex/Molten.build/Debug-iphonesimulator/InventoryImport.build/DerivedSources -Xcc -DDEBUG\=1 -emit-objc-header -emit-objc-header-path /Users/binde/Library/Developer/Xcode/DerivedData/Molten-dwnouowhlxjhigdgjryrxxsdqnmu/Build/Intermediates.noindex/Molten.build/Debug-iphonesimulator/InventoryImport.build/Objects-normal/arm64/InventoryImport-Swift.h -working-directory /Users/binde/projects/classes -experimental-emit-module-separately -disable-cmo

SwiftDriver MoltenTests normal arm64 com.apple.xcode.tools.swift.compiler (in target 'MoltenTests' from project 'Molten')
    cd /Users/binde/projects/classes
    builtin-SwiftDriver -- /Applications/Xcode.app/Contents/Developer/Toolchains/XcodeDefault.xctoolchain/usr/bin/swiftc -module-name MoltenTests -Onone -enforce-exclusivity\=checked @/Users/binde/Library/Developer/Xcode/DerivedData/Molten-dwnouowhlxjhigdgjryrxxsdqnmu/Build/Intermediates.noindex/Molten.build/Debug-iphonesimulator/MoltenTests.build/Objects-normal/arm64/MoltenTests.SwiftFileList -DDEBUG -plugin-path /Applications/Xcode.app/Contents/Developer/Toolchains/XcodeDefault.xctoolchain/usr/lib/swift/host/plugins/testing -enable-upcoming-feature MemberImportVisibility -enable-upcoming-feature InferIsolatedConformances -enable-upcoming-feature NonisolatedNonsendingByDefault -enable-experimental-feature DebugDescriptionMacro -sdk /Applications/Xcode.app/Contents/Developer/Platforms/iPhoneSimulator.platform/Developer/SDKs/iPhoneSimulator26.0.sdk -target arm64-apple-ios26.0-simulator -g -module-cache-path /Users/binde/Library/Developer/Xcode/DerivedData/ModuleCache.noindex -Xfrontend -serialize-debugging-options -profile-coverage-mapping -profile-generate -enable-testing -index-store-path /Users/binde/Library/Developer/Xcode/DerivedData/Molten-dwnouowhlxjhigdgjryrxxsdqnmu/Index.noindex/DataStore -Xcc -D_LIBCPP_HARDENING_MODE\=_LIBCPP_HARDENING_MODE_DEBUG -swift-version 6 -I /Users/binde/Library/Developer/Xcode/DerivedData/Molten-dwnouowhlxjhigdgjryrxxsdqnmu/Build/Products/Debug-iphonesimulator -Isystem /Applications/Xcode.app/Contents/Developer/Platforms/iPhoneSimulator.platform/Developer/usr/lib -F /Users/binde/Library/Developer/Xcode/DerivedData/Molten-dwnouowhlxjhigdgjryrxxsdqnmu/Build/Products/Debug-iphonesimulator -F /Applications/Xcode.app/Contents/Developer/Platforms/iPhoneSimulator.platform/Developer/Library/Frameworks -F /Applications/Xcode.app/Contents/Developer/Platforms/iPhoneSimulator.platform/Developer/SDKs/iPhoneSimulator26.0.sdk/Developer/Library/Frameworks -c -j11 -enable-batch-mode -incremental -Xcc -ivfsstatcache -Xcc /Users/binde/Library/Developer/Xcode/DerivedData/SDKStatCaches.noindex/iphonesimulator26.0-23A339-26257891a6c027eb51374368541b8346.sdkstatcache -output-file-map /Users/binde/Library/Developer/Xcode/DerivedData/Molten-dwnouowhlxjhigdgjryrxxsdqnmu/Build/Intermediates.noindex/Molten.build/Debug-iphonesimulator/MoltenTests.build/Objects-normal/arm64/MoltenTests-OutputFileMap.json -use-frontend-parseable-output -save-temps -no-color-diagnostics -explicit-module-build -module-cache-path /Users/binde/Library/Developer/Xcode/DerivedData/Molten-dwnouowhlxjhigdgjryrxxsdqnmu/Build/Intermediates.noindex/SwiftExplicitPrecompiledModules -clang-scanner-module-cache-path /Users/binde/Library/Developer/Xcode/DerivedData/ModuleCache.noindex -sdk-module-cache-path /Users/binde/Library/Developer/Xcode/DerivedData/ModuleCache.noindex -serialize-diagnostics -emit-dependencies -emit-module -emit-module-path /Users/binde/Library/Developer/Xcode/DerivedData/Molten-dwnouowhlxjhigdgjryrxxsdqnmu/Build/Intermediates.noindex/Molten.build/Debug-iphonesimulator/MoltenTests.build/Objects-normal/arm64/MoltenTests.swiftmodule -validate-clang-modules-once -clang-build-session-file /Users/binde/Library/Developer/Xcode/DerivedData/ModuleCache.noindex/Session.modulevalidation -Xcc -I/Users/binde/Library/Developer/Xcode/DerivedData/Molten-dwnouowhlxjhigdgjryrxxsdqnmu/Build/Intermediates.noindex/Molten.build/Debug-iphonesimulator/MoltenTests.build/swift-overrides.hmap -emit-const-values -Xfrontend -const-gather-protocols-file -Xfrontend /Users/binde/Library/Developer/Xcode/DerivedData/Molten-dwnouowhlxjhigdgjryrxxsdqnmu/Build/Intermediates.noindex/Molten.build/Debug-iphonesimulator/MoltenTests.build/Objects-normal/arm64/MoltenTests_const_extract_protocols.json -Xcc -iquote -Xcc /Users/binde/Library/Developer/Xcode/DerivedData/Molten-dwnouowhlxjhigdgjryrxxsdqnmu/Build/Intermediates.noindex/Molten.build/Debug-iphonesimulator/MoltenTests.build/MoltenTests-generated-files.hmap -Xcc -I/Users/binde/Library/Developer/Xcode/DerivedData/Molten-dwnouowhlxjhigdgjryrxxsdqnmu/Build/Intermediates.noindex/Molten.build/Debug-iphonesimulator/MoltenTests.build/MoltenTests-own-target-headers.hmap -Xcc -I/Users/binde/Library/Developer/Xcode/DerivedData/Molten-dwnouowhlxjhigdgjryrxxsdqnmu/Build/Intermediates.noindex/Molten.build/Debug-iphonesimulator/MoltenTests.build/MoltenTests-all-target-headers.hmap -Xcc -iquote -Xcc /Users/binde/Library/Developer/Xcode/DerivedData/Molten-dwnouowhlxjhigdgjryrxxsdqnmu/Build/Intermediates.noindex/Molten.build/Debug-iphonesimulator/MoltenTests.build/MoltenTests-project-headers.hmap -Xcc -I/Users/binde/Library/Developer/Xcode/DerivedData/Molten-dwnouowhlxjhigdgjryrxxsdqnmu/Build/Products/Debug-iphonesimulator/include -Xcc -I/Users/binde/Library/Developer/Xcode/DerivedData/Molten-dwnouowhlxjhigdgjryrxxsdqnmu/Build/Intermediates.noindex/Molten.build/Debug-iphonesimulator/MoltenTests.build/DerivedSources-normal/arm64 -Xcc -I/Users/binde/Library/Developer/Xcode/DerivedData/Molten-dwnouowhlxjhigdgjryrxxsdqnmu/Build/Intermediates.noindex/Molten.build/Debug-iphonesimulator/MoltenTests.build/DerivedSources/arm64 -Xcc -I/Users/binde/Library/Developer/Xcode/DerivedData/Molten-dwnouowhlxjhigdgjryrxxsdqnmu/Build/Intermediates.noindex/Molten.build/Debug-iphonesimulator/MoltenTests.build/DerivedSources -Xcc -DDEBUG\=1 -emit-objc-header -emit-objc-header-path /Users/binde/Library/Developer/Xcode/DerivedData/Molten-dwnouowhlxjhigdgjryrxxsdqnmu/Build/Intermediates.noindex/Molten.build/Debug-iphonesimulator/MoltenTests.build/Objects-normal/arm64/MoltenTests-Swift.h -working-directory /Users/binde/projects/classes -experimental-emit-module-separately -disable-cmo

SwiftDriver ScreenshotAutomation normal arm64 com.apple.xcode.tools.swift.compiler (in target 'ScreenshotAutomation' from project 'Molten')
    cd /Users/binde/projects/classes
    builtin-SwiftDriver -- /Applications/Xcode.app/Contents/Developer/Toolchains/XcodeDefault.xctoolchain/usr/bin/swiftc -module-name ScreenshotAutomation -Onone -enforce-exclusivity\=checked @/Users/binde/Library/Developer/Xcode/DerivedData/Molten-dwnouowhlxjhigdgjryrxxsdqnmu/Build/Intermediates.noindex/Molten.build/Debug-iphonesimulator/ScreenshotAutomation.build/Objects-normal/arm64/ScreenshotAutomation.SwiftFileList -DDEBUG -module-alias Testing\=_Testing_Unavailable -plugin-path /Applications/Xcode.app/Contents/Developer/Toolchains/XcodeDefault.xctoolchain/usr/lib/swift/host/plugins/testing -enable-bare-slash-regex -enable-upcoming-feature DisableOutwardActorInference -enable-upcoming-feature InferSendableFromCaptures -enable-upcoming-feature GlobalActorIsolatedTypesUsability -enable-upcoming-feature MemberImportVisibility -enable-upcoming-feature InferIsolatedConformances -enable-upcoming-feature NonisolatedNonsendingByDefault -enable-experimental-feature DebugDescriptionMacro -sdk /Applications/Xcode.app/Contents/Developer/Platforms/iPhoneSimulator.platform/Developer/SDKs/iPhoneSimulator26.0.sdk -target arm64-apple-ios26.0-simulator -g -module-cache-path /Users/binde/Library/Developer/Xcode/DerivedData/ModuleCache.noindex -Xfrontend -serialize-debugging-options -profile-coverage-mapping -profile-generate -enable-testing -index-store-path /Users/binde/Library/Developer/Xcode/DerivedData/Molten-dwnouowhlxjhigdgjryrxxsdqnmu/Index.noindex/DataStore -Xcc -D_LIBCPP_HARDENING_MODE\=_LIBCPP_HARDENING_MODE_DEBUG -swift-version 5 -I /Users/binde/Library/Developer/Xcode/DerivedData/Molten-dwnouowhlxjhigdgjryrxxsdqnmu/Build/Products/Debug-iphonesimulator -Isystem /Applications/Xcode.app/Contents/Developer/Platforms/iPhoneSimulator.platform/Developer/usr/lib -F /Users/binde/Library/Developer/Xcode/DerivedData/Molten-dwnouowhlxjhigdgjryrxxsdqnmu/Build/Products/Debug-iphonesimulator -F /Applications/Xcode.app/Contents/Developer/Platforms/iPhoneSimulator.platform/Developer/Library/Frameworks -F /Applications/Xcode.app/Contents/Developer/Platforms/iPhoneSimulator.platform/Developer/SDKs/iPhoneSimulator26.0.sdk/Developer/Library/Frameworks -c -j11 -enable-batch-mode -incremental -Xcc -ivfsstatcache -Xcc /Users/binde/Library/Developer/Xcode/DerivedData/SDKStatCaches.noindex/iphonesimulator26.0-23A339-26257891a6c027eb51374368541b8346.sdkstatcache -output-file-map /Users/binde/Library/Developer/Xcode/DerivedData/Molten-dwnouowhlxjhigdgjryrxxsdqnmu/Build/Intermediates.noindex/Molten.build/Debug-iphonesimulator/ScreenshotAutomation.build/Objects-normal/arm64/ScreenshotAutomation-OutputFileMap.json -use-frontend-parseable-output -save-temps -no-color-diagnostics -explicit-module-build -module-cache-path /Users/binde/Library/Developer/Xcode/DerivedData/Molten-dwnouowhlxjhigdgjryrxxsdqnmu/Build/Intermediates.noindex/SwiftExplicitPrecompiledModules -clang-scanner-module-cache-path /Users/binde/Library/Developer/Xcode/DerivedData/ModuleCache.noindex -sdk-module-cache-path /Users/binde/Library/Developer/Xcode/DerivedData/ModuleCache.noindex -serialize-diagnostics -emit-dependencies -emit-module -emit-module-path /Users/binde/Library/Developer/Xcode/DerivedData/Molten-dwnouowhlxjhigdgjryrxxsdqnmu/Build/Intermediates.noindex/Molten.build/Debug-iphonesimulator/ScreenshotAutomation.build/Objects-normal/arm64/ScreenshotAutomation.swiftmodule -validate-clang-modules-once -clang-build-session-file /Users/binde/Library/Developer/Xcode/DerivedData/ModuleCache.noindex/Session.modulevalidation -Xcc -I/Users/binde/Library/Developer/Xcode/DerivedData/Molten-dwnouowhlxjhigdgjryrxxsdqnmu/Build/Intermediates.noindex/Molten.build/Debug-iphonesimulator/ScreenshotAutomation.build/swift-overrides.hmap -emit-const-values -Xfrontend -const-gather-protocols-file -Xfrontend /Users/binde/Library/Developer/Xcode/DerivedData/Molten-dwnouowhlxjhigdgjryrxxsdqnmu/Build/Intermediates.noindex/Molten.build/Debug-iphonesimulator/ScreenshotAutomation.build/Objects-normal/arm64/ScreenshotAutomation_const_extract_protocols.json -Xcc -iquote -Xcc /Users/binde/Library/Developer/Xcode/DerivedData/Molten-dwnouowhlxjhigdgjryrxxsdqnmu/Build/Intermediates.noindex/Molten.build/Debug-iphonesimulator/ScreenshotAutomation.build/ScreenshotAutomation-generated-files.hmap -Xcc -I/Users/binde/Library/Developer/Xcode/DerivedData/Molten-dwnouowhlxjhigdgjryrxxsdqnmu/Build/Intermediates.noindex/Molten.build/Debug-iphonesimulator/ScreenshotAutomation.build/ScreenshotAutomation-own-target-headers.hmap -Xcc -I/Users/binde/Library/Developer/Xcode/DerivedData/Molten-dwnouowhlxjhigdgjryrxxsdqnmu/Build/Intermediates.noindex/Molten.build/Debug-iphonesimulator/ScreenshotAutomation.build/ScreenshotAutomation-all-target-headers.hmap -Xcc -iquote -Xcc /Users/binde/Library/Developer/Xcode/DerivedData/Molten-dwnouowhlxjhigdgjryrxxsdqnmu/Build/Intermediates.noindex/Molten.build/Debug-iphonesimulator/ScreenshotAutomation.build/ScreenshotAutomation-project-headers.hmap -Xcc -I/Users/binde/Library/Developer/Xcode/DerivedData/Molten-dwnouowhlxjhigdgjryrxxsdqnmu/Build/Products/Debug-iphonesimulator/include -Xcc -I/Users/binde/Library/Developer/Xcode/DerivedData/Molten-dwnouowhlxjhigdgjryrxxsdqnmu/Build/Intermediates.noindex/Molten.build/Debug-iphonesimulator/ScreenshotAutomation.build/DerivedSources-normal/arm64 -Xcc -I/Users/binde/Library/Developer/Xcode/DerivedData/Molten-dwnouowhlxjhigdgjryrxxsdqnmu/Build/Intermediates.noindex/Molten.build/Debug-iphonesimulator/ScreenshotAutomation.build/DerivedSources/arm64 -Xcc -I/Users/binde/Library/Developer/Xcode/DerivedData/Molten-dwnouowhlxjhigdgjryrxxsdqnmu/Build/Intermediates.noindex/Molten.build/Debug-iphonesimulator/ScreenshotAutomation.build/DerivedSources -Xcc -DDEBUG\=1 -emit-objc-header -emit-objc-header-path /Users/binde/Library/Developer/Xcode/DerivedData/Molten-dwnouowhlxjhigdgjryrxxsdqnmu/Build/Intermediates.noindex/Molten.build/Debug-iphonesimulator/ScreenshotAutomation.build/Objects-normal/arm64/ScreenshotAutomation-Swift.h -working-directory /Users/binde/projects/classes -experimental-emit-module-separately -disable-cmo

SwiftDriver MoltenUITests normal arm64 com.apple.xcode.tools.swift.compiler (in target 'MoltenUITests' from project 'Molten')
    cd /Users/binde/projects/classes
    builtin-SwiftDriver -- /Applications/Xcode.app/Contents/Developer/Toolchains/XcodeDefault.xctoolchain/usr/bin/swiftc -module-name MoltenUITests -Onone -enforce-exclusivity\=checked @/Users/binde/Library/Developer/Xcode/DerivedData/Molten-dwnouowhlxjhigdgjryrxxsdqnmu/Build/Intermediates.noindex/Molten.build/Debug-iphonesimulator/MoltenUITests.build/Objects-normal/arm64/MoltenUITests.SwiftFileList -DDEBUG -module-alias Testing\=_Testing_Unavailable -plugin-path /Applications/Xcode.app/Contents/Developer/Toolchains/XcodeDefault.xctoolchain/usr/lib/swift/host/plugins/testing -enable-upcoming-feature MemberImportVisibility -enable-upcoming-feature InferIsolatedConformances -enable-upcoming-feature NonisolatedNonsendingByDefault -enable-experimental-feature DebugDescriptionMacro -sdk /Applications/Xcode.app/Contents/Developer/Platforms/iPhoneSimulator.platform/Developer/SDKs/iPhoneSimulator26.0.sdk -target arm64-apple-ios26.0-simulator -g -module-cache-path /Users/binde/Library/Developer/Xcode/DerivedData/ModuleCache.noindex -Xfrontend -serialize-debugging-options -profile-coverage-mapping -profile-generate -enable-testing -index-store-path /Users/binde/Library/Developer/Xcode/DerivedData/Molten-dwnouowhlxjhigdgjryrxxsdqnmu/Index.noindex/DataStore -Xcc -D_LIBCPP_HARDENING_MODE\=_LIBCPP_HARDENING_MODE_DEBUG -swift-version 6 -I /Users/binde/Library/Developer/Xcode/DerivedData/Molten-dwnouowhlxjhigdgjryrxxsdqnmu/Build/Products/Debug-iphonesimulator -Isystem /Applications/Xcode.app/Contents/Developer/Platforms/iPhoneSimulator.platform/Developer/usr/lib -F /Users/binde/Library/Developer/Xcode/DerivedData/Molten-dwnouowhlxjhigdgjryrxxsdqnmu/Build/Products/Debug-iphonesimulator -F /Applications/Xcode.app/Contents/Developer/Platforms/iPhoneSimulator.platform/Developer/Library/Frameworks -F /Applications/Xcode.app/Contents/Developer/Platforms/iPhoneSimulator.platform/Developer/SDKs/iPhoneSimulator26.0.sdk/Developer/Library/Frameworks -c -j11 -enable-batch-mode -incremental -Xcc -ivfsstatcache -Xcc /Users/binde/Library/Developer/Xcode/DerivedData/SDKStatCaches.noindex/iphonesimulator26.0-23A339-26257891a6c027eb51374368541b8346.sdkstatcache -output-file-map /Users/binde/Library/Developer/Xcode/DerivedData/Molten-dwnouowhlxjhigdgjryrxxsdqnmu/Build/Intermediates.noindex/Molten.build/Debug-iphonesimulator/MoltenUITests.build/Objects-normal/arm64/MoltenUITests-OutputFileMap.json -use-frontend-parseable-output -save-temps -no-color-diagnostics -explicit-module-build -module-cache-path /Users/binde/Library/Developer/Xcode/DerivedData/Molten-dwnouowhlxjhigdgjryrxxsdqnmu/Build/Intermediates.noindex/SwiftExplicitPrecompiledModules -clang-scanner-module-cache-path /Users/binde/Library/Developer/Xcode/DerivedData/ModuleCache.noindex -sdk-module-cache-path /Users/binde/Library/Developer/Xcode/DerivedData/ModuleCache.noindex -serialize-diagnostics -emit-dependencies -emit-module -emit-module-path /Users/binde/Library/Developer/Xcode/DerivedData/Molten-dwnouowhlxjhigdgjryrxxsdqnmu/Build/Intermediates.noindex/Molten.build/Debug-iphonesimulator/MoltenUITests.build/Objects-normal/arm64/MoltenUITests.swiftmodule -validate-clang-modules-once -clang-build-session-file /Users/binde/Library/Developer/Xcode/DerivedData/ModuleCache.noindex/Session.modulevalidation -Xcc -I/Users/binde/Library/Developer/Xcode/DerivedData/Molten-dwnouowhlxjhigdgjryrxxsdqnmu/Build/Intermediates.noindex/Molten.build/Debug-iphonesimulator/MoltenUITests.build/swift-overrides.hmap -emit-const-values -Xfrontend -const-gather-protocols-file -Xfrontend /Users/binde/Library/Developer/Xcode/DerivedData/Molten-dwnouowhlxjhigdgjryrxxsdqnmu/Build/Intermediates.noindex/Molten.build/Debug-iphonesimulator/MoltenUITests.build/Objects-normal/arm64/MoltenUITests_const_extract_protocols.json -Xcc -iquote -Xcc /Users/binde/Library/Developer/Xcode/DerivedData/Molten-dwnouowhlxjhigdgjryrxxsdqnmu/Build/Intermediates.noindex/Molten.build/Debug-iphonesimulator/MoltenUITests.build/MoltenUITests-generated-files.hmap -Xcc -I/Users/binde/Library/Developer/Xcode/DerivedData/Molten-dwnouowhlxjhigdgjryrxxsdqnmu/Build/Intermediates.noindex/Molten.build/Debug-iphonesimulator/MoltenUITests.build/MoltenUITests-own-target-headers.hmap -Xcc -I/Users/binde/Library/Developer/Xcode/DerivedData/Molten-dwnouowhlxjhigdgjryrxxsdqnmu/Build/Intermediates.noindex/Molten.build/Debug-iphonesimulator/MoltenUITests.build/MoltenUITests-all-target-headers.hmap -Xcc -iquote -Xcc /Users/binde/Library/Developer/Xcode/DerivedData/Molten-dwnouowhlxjhigdgjryrxxsdqnmu/Build/Intermediates.noindex/Molten.build/Debug-iphonesimulator/MoltenUITests.build/MoltenUITests-project-headers.hmap -Xcc -I/Users/binde/Library/Developer/Xcode/DerivedData/Molten-dwnouowhlxjhigdgjryrxxsdqnmu/Build/Products/Debug-iphonesimulator/include -Xcc -I/Users/binde/Library/Developer/Xcode/DerivedData/Molten-dwnouowhlxjhigdgjryrxxsdqnmu/Build/Intermediates.noindex/Molten.build/Debug-iphonesimulator/MoltenUITests.build/DerivedSources-normal/arm64 -Xcc -I/Users/binde/Library/Developer/Xcode/DerivedData/Molten-dwnouowhlxjhigdgjryrxxsdqnmu/Build/Intermediates.noindex/Molten.build/Debug-iphonesimulator/MoltenUITests.build/DerivedSources/arm64 -Xcc -I/Users/binde/Library/Developer/Xcode/DerivedData/Molten-dwnouowhlxjhigdgjryrxxsdqnmu/Build/Intermediates.noindex/Molten.build/Debug-iphonesimulator/MoltenUITests.build/DerivedSources -Xcc -DDEBUG\=1 -emit-objc-header -emit-objc-header-path /Users/binde/Library/Developer/Xcode/DerivedData/Molten-dwnouowhlxjhigdgjryrxxsdqnmu/Build/Intermediates.noindex/Molten.build/Debug-iphonesimulator/MoltenUITests.build/Objects-normal/arm64/MoltenUITests-Swift.h -working-directory /Users/binde/projects/classes -experimental-emit-module-separately -disable-cmo

ConstructStubExecutorLinkFileList /Users/binde/Library/Developer/Xcode/DerivedData/Molten-dwnouowhlxjhigdgjryrxxsdqnmu/Build/Intermediates.noindex/Molten.build/Debug-iphonesimulator/MoltenShareExtension.build/MoltenShareExtension-ExecutorLinkFileList-normal-arm64.txt (in target 'MoltenShareExtension' from project 'Molten')
    cd /Users/binde/projects/classes
    construct-stub-executor-link-file-list /Users/binde/Library/Developer/Xcode/DerivedData/Molten-dwnouowhlxjhigdgjryrxxsdqnmu/Build/Products/Debug-iphonesimulator/MoltenShareExtension.appex/MoltenShareExtension.debug.dylib /Applications/Xcode.app/Contents/Developer/Platforms/iPhoneSimulator.platform/Developer/usr/lib/libPreviewsJITStubExecutor_no_swift_entry_point.a /Applications/Xcode.app/Contents/Developer/Platforms/iPhoneSimulator.platform/Developer/usr/lib/libPreviewsJITStubExecutor.a --output /Users/binde/Library/Developer/Xcode/DerivedData/Molten-dwnouowhlxjhigdgjryrxxsdqnmu/Build/Intermediates.noindex/Molten.build/Debug-iphonesimulator/MoltenShareExtension.build/MoltenShareExtension-ExecutorLinkFileList-normal-arm64.txt
note: Using stub executor library without Swift entry point. (in target 'MoltenShareExtension' from project 'Molten')

Ld /Users/binde/Library/Developer/Xcode/DerivedData/Molten-dwnouowhlxjhigdgjryrxxsdqnmu/Build/Products/Debug-iphonesimulator/MoltenShareExtension.appex/MoltenShareExtension normal (in target 'MoltenShareExtension' from project 'Molten')
    cd /Users/binde/projects/classes
    /Applications/Xcode.app/Contents/Developer/Toolchains/XcodeDefault.xctoolchain/usr/bin/clang -Xlinker -reproducible -target arm64-apple-ios26.0-simulator -isysroot /Applications/Xcode.app/Contents/Developer/Platforms/iPhoneSimulator.platform/Developer/SDKs/iPhoneSimulator26.0.sdk -O0 -L/Users/binde/Library/Developer/Xcode/DerivedData/Molten-dwnouowhlxjhigdgjryrxxsdqnmu/Build/Products/Debug-iphonesimulator -F/Users/binde/Library/Developer/Xcode/DerivedData/Molten-dwnouowhlxjhigdgjryrxxsdqnmu/Build/Products/Debug-iphonesimulator -Xlinker -rpath -Xlinker @executable_path -Xlinker -rpath -Xlinker @executable_path/Frameworks -Xlinker -rpath -Xlinker @executable_path/../../Frameworks -rdynamic -Xlinker -no_deduplicate -Xlinker -objc_abi_version -Xlinker 2 -Xlinker -debug_variant -e ___debug_blank_executor_main -Xlinker -sectcreate -Xlinker __TEXT -Xlinker __debug_dylib -Xlinker /Users/binde/Library/Developer/Xcode/DerivedData/Molten-dwnouowhlxjhigdgjryrxxsdqnmu/Build/Intermediates.noindex/Molten.build/Debug-iphonesimulator/MoltenShareExtension.build/MoltenShareExtension-DebugDylibPath-normal-arm64.txt -Xlinker -sectcreate -Xlinker __TEXT -Xlinker __debug_entry -Xlinker /Users/binde/Library/Developer/Xcode/DerivedData/Molten-dwnouowhlxjhigdgjryrxxsdqnmu/Build/Intermediates.noindex/Molten.build/Debug-iphonesimulator/MoltenShareExtension.build/MoltenShareExtension-DebugEntryPoint-normal-arm64.txt -Xlinker -sectcreate -Xlinker __TEXT -Xlinker __debug_instlnm -Xlinker /Users/binde/Library/Developer/Xcode/DerivedData/Molten-dwnouowhlxjhigdgjryrxxsdqnmu/Build/Intermediates.noindex/Molten.build/Debug-iphonesimulator/MoltenShareExtension.build/MoltenShareExtension-DebugDylibInstallName-normal-arm64.txt -Xlinker -filelist -Xlinker /Users/binde/Library/Developer/Xcode/DerivedData/Molten-dwnouowhlxjhigdgjryrxxsdqnmu/Build/Intermediates.noindex/Molten.build/Debug-iphonesimulator/MoltenShareExtension.build/MoltenShareExtension-ExecutorLinkFileList-normal-arm64.txt -Xlinker -sectcreate -Xlinker __TEXT -Xlinker __entitlements -Xlinker /Users/binde/Library/Developer/Xcode/DerivedData/Molten-dwnouowhlxjhigdgjryrxxsdqnmu/Build/Intermediates.noindex/Molten.build/Debug-iphonesimulator/MoltenShareExtension.build/MoltenShareExtension.appex-Simulated.xcent -Xlinker -sectcreate -Xlinker __TEXT -Xlinker __ents_der -Xlinker /Users/binde/Library/Developer/Xcode/DerivedData/Molten-dwnouowhlxjhigdgjryrxxsdqnmu/Build/Intermediates.noindex/Molten.build/Debug-iphonesimulator/MoltenShareExtension.build/MoltenShareExtension.appex-Simulated.xcent.der /Users/binde/Library/Developer/Xcode/DerivedData/Molten-dwnouowhlxjhigdgjryrxxsdqnmu/Build/Products/Debug-iphonesimulator/MoltenShareExtension.appex/MoltenShareExtension.debug.dylib -Xlinker -no_adhoc_codesign -o /Users/binde/Library/Developer/Xcode/DerivedData/Molten-dwnouowhlxjhigdgjryrxxsdqnmu/Build/Products/Debug-iphonesimulator/MoltenShareExtension.appex/MoltenShareExtension

ExtractAppIntentsMetadata (in target 'MoltenShareExtension' from project 'Molten')
    cd /Users/binde/projects/classes
    /Applications/Xcode.app/Contents/Developer/Toolchains/XcodeDefault.xctoolchain/usr/bin/appintentsmetadataprocessor --toolchain-dir /Applications/Xcode.app/Contents/Developer/Toolchains/XcodeDefault.xctoolchain --module-name MoltenShareExtension --sdk-root /Applications/Xcode.app/Contents/Developer/Platforms/iPhoneSimulator.platform/Developer/SDKs/iPhoneSimulator26.0.sdk --xcode-version 17A400 --platform-family iOS --deployment-target 26.0 --bundle-identifier com.MotleyWoods.Molten.MoltenShareExtension --output /Users/binde/Library/Developer/Xcode/DerivedData/Molten-dwnouowhlxjhigdgjryrxxsdqnmu/Build/Products/Debug-iphonesimulator/MoltenShareExtension.appex --target-triple arm64-apple-ios26.0-simulator --binary-file /Users/binde/Library/Developer/Xcode/DerivedData/Molten-dwnouowhlxjhigdgjryrxxsdqnmu/Build/Products/Debug-iphonesimulator/MoltenShareExtension.appex/MoltenShareExtension --dependency-file /Users/binde/Library/Developer/Xcode/DerivedData/Molten-dwnouowhlxjhigdgjryrxxsdqnmu/Build/Intermediates.noindex/Molten.build/Debug-iphonesimulator/MoltenShareExtension.build/Objects-normal/arm64/MoltenShareExtension_dependency_info.dat --stringsdata-file /Users/binde/Library/Developer/Xcode/DerivedData/Molten-dwnouowhlxjhigdgjryrxxsdqnmu/Build/Intermediates.noindex/Molten.build/Debug-iphonesimulator/MoltenShareExtension.build/Objects-normal/arm64/ExtractedAppShortcutsMetadata.stringsdata --source-file-list /Users/binde/Library/Developer/Xcode/DerivedData/Molten-dwnouowhlxjhigdgjryrxxsdqnmu/Build/Intermediates.noindex/Molten.build/Debug-iphonesimulator/MoltenShareExtension.build/Objects-normal/arm64/MoltenShareExtension.SwiftFileList --metadata-file-list /Users/binde/Library/Developer/Xcode/DerivedData/Molten-dwnouowhlxjhigdgjryrxxsdqnmu/Build/Intermediates.noindex/Molten.build/Debug-iphonesimulator/MoltenShareExtension.build/MoltenShareExtension.DependencyMetadataFileList --static-metadata-file-list /Users/binde/Library/Developer/Xcode/DerivedData/Molten-dwnouowhlxjhigdgjryrxxsdqnmu/Build/Intermediates.noindex/Molten.build/Debug-iphonesimulator/MoltenShareExtension.build/MoltenShareExtension.DependencyStaticMetadataFileList --swift-const-vals-list /Users/binde/Library/Developer/Xcode/DerivedData/Molten-dwnouowhlxjhigdgjryrxxsdqnmu/Build/Intermediates.noindex/Molten.build/Debug-iphonesimulator/MoltenShareExtension.build/Objects-normal/arm64/MoltenShareExtension.SwiftConstValuesFileList --compile-time-extraction --deployment-aware-processing --validate-assistant-intents --no-app-shortcuts-localization
2025-11-08 10:28:10.762 appintentsmetadataprocessor[2052:16485557] Starting appintentsmetadataprocessor export
2025-11-08 10:28:10.771 appintentsmetadataprocessor[2052:16485557] warning: Metadata extraction skipped. No AppIntents.framework dependency found.

CodeSign /Users/binde/Library/Developer/Xcode/DerivedData/Molten-dwnouowhlxjhigdgjryrxxsdqnmu/Build/Products/Debug-iphonesimulator/MoltenShareExtension.appex/MoltenShareExtension.debug.dylib (in target 'MoltenShareExtension' from project 'Molten')
    cd /Users/binde/projects/classes
    
    Signing Identity:     "Sign to Run Locally"
    
    /usr/bin/codesign --force --sign - --timestamp\=none --generate-entitlement-der /Users/binde/Library/Developer/Xcode/DerivedData/Molten-dwnouowhlxjhigdgjryrxxsdqnmu/Build/Products/Debug-iphonesimulator/MoltenShareExtension.appex/MoltenShareExtension.debug.dylib

CodeSign /Users/binde/Library/Developer/Xcode/DerivedData/Molten-dwnouowhlxjhigdgjryrxxsdqnmu/Build/Products/Debug-iphonesimulator/MoltenShareExtension.appex (in target 'MoltenShareExtension' from project 'Molten')
    cd /Users/binde/projects/classes
    
    Signing Identity:     "Sign to Run Locally"
    
    /usr/bin/codesign --force --sign - --entitlements /Users/binde/Library/Developer/Xcode/DerivedData/Molten-dwnouowhlxjhigdgjryrxxsdqnmu/Build/Intermediates.noindex/Molten.build/Debug-iphonesimulator/MoltenShareExtension.build/MoltenShareExtension.appex.xcent --timestamp\=none --generate-entitlement-der /Users/binde/Library/Developer/Xcode/DerivedData/Molten-dwnouowhlxjhigdgjryrxxsdqnmu/Build/Products/Debug-iphonesimulator/MoltenShareExtension.appex

Ld /Users/binde/Library/Developer/Xcode/DerivedData/Molten-dwnouowhlxjhigdgjryrxxsdqnmu/Build/Products/Debug-iphonesimulator/Molten.app/Molten.debug.dylib normal (in target 'Molten' from project 'Molten')
    cd /Users/binde/projects/classes
    /Applications/Xcode.app/Contents/Developer/Toolchains/XcodeDefault.xctoolchain/usr/bin/clang -Xlinker -reproducible -target arm64-apple-ios26.0-simulator -dynamiclib -isysroot /Applications/Xcode.app/Contents/Developer/Platforms/iPhoneSimulator.platform/Developer/SDKs/iPhoneSimulator26.0.sdk -O0 -L/Users/binde/Library/Developer/Xcode/DerivedData/Molten-dwnouowhlxjhigdgjryrxxsdqnmu/Build/Intermediates.noindex/EagerLinkingTBDs/Debug-iphonesimulator -L/Users/binde/Library/Developer/Xcode/DerivedData/Molten-dwnouowhlxjhigdgjryrxxsdqnmu/Build/Products/Debug-iphonesimulator -F/Users/binde/Library/Developer/Xcode/DerivedData/Molten-dwnouowhlxjhigdgjryrxxsdqnmu/Build/Intermediates.noindex/EagerLinkingTBDs/Debug-iphonesimulator -F/Users/binde/Library/Developer/Xcode/DerivedData/Molten-dwnouowhlxjhigdgjryrxxsdqnmu/Build/Products/Debug-iphonesimulator -filelist /Users/binde/Library/Developer/Xcode/DerivedData/Molten-dwnouowhlxjhigdgjryrxxsdqnmu/Build/Intermediates.noindex/Molten.build/Debug-iphonesimulator/Molten.build/Objects-normal/arm64/Molten.LinkFileList -install_name @rpath/Molten.debug.dylib -Xlinker -rpath -Xlinker @executable_path/Frameworks -dead_strip -Xlinker -object_path_lto -Xlinker /Users/binde/Library/Developer/Xcode/DerivedData/Molten-dwnouowhlxjhigdgjryrxxsdqnmu/Build/Intermediates.noindex/Molten.build/Debug-iphonesimulator/Molten.build/Objects-normal/arm64/Molten_lto.o -rdynamic -Xlinker -no_deduplicate -Xlinker -objc_abi_version -Xlinker 2 -Xlinker -debug_variant -Xlinker -dependency_info -Xlinker /Users/binde/Library/Developer/Xcode/DerivedData/Molten-dwnouowhlxjhigdgjryrxxsdqnmu/Build/Intermediates.noindex/Molten.build/Debug-iphonesimulator/Molten.build/Objects-normal/arm64/Molten_dependency_info.dat -fobjc-link-runtime -fprofile-instr-generate -L/Applications/Xcode.app/Contents/Developer/Toolchains/XcodeDefault.xctoolchain/usr/lib/swift/iphonesimulator -L/usr/lib/swift -Xlinker -add_ast_path -Xlinker /Users/binde/Library/Developer/Xcode/DerivedData/Molten-dwnouowhlxjhigdgjryrxxsdqnmu/Build/Intermediates.noindex/Molten.build/Debug-iphonesimulator/Molten.build/Objects-normal/arm64/Molten.swiftmodule @/Users/binde/Library/Developer/Xcode/DerivedData/Molten-dwnouowhlxjhigdgjryrxxsdqnmu/Build/Intermediates.noindex/Molten.build/Debug-iphonesimulator/Molten.build/Objects-normal/arm64/Molten-linker-args.resp -Xlinker -alias -Xlinker _main -Xlinker ___debug_main_executable_dylib_entry_point -Xlinker -no_adhoc_codesign -o /Users/binde/Library/Developer/Xcode/DerivedData/Molten-dwnouowhlxjhigdgjryrxxsdqnmu/Build/Products/Debug-iphonesimulator/Molten.app/Molten.debug.dylib

ProcessInfoPlistFile /Users/binde/Library/Developer/Xcode/DerivedData/Molten-dwnouowhlxjhigdgjryrxxsdqnmu/Build/Products/Debug-iphonesimulator/Molten.app/Info.plist /Users/binde/projects/classes/Molten/Info.plist (in target 'Molten' from project 'Molten')
    cd /Users/binde/projects/classes
    builtin-infoPlistUtility /Users/binde/projects/classes/Molten/Info.plist -producttype com.apple.product-type.application -genpkginfo /Users/binde/Library/Developer/Xcode/DerivedData/Molten-dwnouowhlxjhigdgjryrxxsdqnmu/Build/Products/Debug-iphonesimulator/Molten.app/PkgInfo -expandbuildsettings -format binary -platform iphonesimulator -additionalcontentfile /Users/binde/Library/Developer/Xcode/DerivedData/Molten-dwnouowhlxjhigdgjryrxxsdqnmu/Build/Intermediates.noindex/Molten.build/Debug-iphonesimulator/Molten.build/assetcatalog_generated_info.plist -additionalcontentfile /Users/binde/Library/Developer/Xcode/DerivedData/Molten-dwnouowhlxjhigdgjryrxxsdqnmu/Build/Intermediates.noindex/Molten.build/Debug-iphonesimulator/Molten.build/LaunchScreen-SBPartialInfo.plist -o /Users/binde/Library/Developer/Xcode/DerivedData/Molten-dwnouowhlxjhigdgjryrxxsdqnmu/Build/Products/Debug-iphonesimulator/Molten.app/Info.plist

Copy /Users/binde/Library/Developer/Xcode/DerivedData/Molten-dwnouowhlxjhigdgjryrxxsdqnmu/Build/Products/Debug-iphonesimulator/Molten.app/Frameworks/libXCTestSwiftSupport.dylib /Applications/Xcode.app/Contents/Developer/Platforms/iPhoneSimulator.platform/Developer/usr/lib/libXCTestSwiftSupport.dylib (in target 'Molten' from project 'Molten')
    cd /Users/binde/projects/classes
    builtin-copy -exclude .DS_Store -exclude CVS -exclude .svn -exclude .git -exclude .hg -exclude Headers -exclude PrivateHeaders -exclude Modules -exclude \*.tbd -resolve-src-symlinks /Applications/Xcode.app/Contents/Developer/Platforms/iPhoneSimulator.platform/Developer/usr/lib/libXCTestSwiftSupport.dylib /Users/binde/Library/Developer/Xcode/DerivedData/Molten-dwnouowhlxjhigdgjryrxxsdqnmu/Build/Products/Debug-iphonesimulator/Molten.app/Frameworks

Copy /Users/binde/Library/Developer/Xcode/DerivedData/Molten-dwnouowhlxjhigdgjryrxxsdqnmu/Build/Products/Debug-iphonesimulator/Molten.app/Frameworks/libXCTestBundleInject.dylib /Applications/Xcode.app/Contents/Developer/Platforms/iPhoneSimulator.platform/Developer/usr/lib/libXCTestBundleInject.dylib (in target 'Molten' from project 'Molten')
    cd /Users/binde/projects/classes
    builtin-copy -exclude .DS_Store -exclude CVS -exclude .svn -exclude .git -exclude .hg -exclude Headers -exclude PrivateHeaders -exclude Modules -exclude \*.tbd -resolve-src-symlinks /Applications/Xcode.app/Contents/Developer/Platforms/iPhoneSimulator.platform/Developer/usr/lib/libXCTestBundleInject.dylib /Users/binde/Library/Developer/Xcode/DerivedData/Molten-dwnouowhlxjhigdgjryrxxsdqnmu/Build/Products/Debug-iphonesimulator/Molten.app/Frameworks

Copy /Users/binde/Library/Developer/Xcode/DerivedData/Molten-dwnouowhlxjhigdgjryrxxsdqnmu/Build/Products/Debug-iphonesimulator/Molten.app/Frameworks/XCUnit.framework /Applications/Xcode.app/Contents/Developer/Platforms/iPhoneSimulator.platform/Developer/Library/PrivateFrameworks/XCUnit.framework (in target 'Molten' from project 'Molten')
    cd /Users/binde/projects/classes
    builtin-copy -exclude .DS_Store -exclude CVS -exclude .svn -exclude .git -exclude .hg -exclude Headers -exclude PrivateHeaders -exclude Modules -exclude \*.tbd -resolve-src-symlinks /Applications/Xcode.app/Contents/Developer/Platforms/iPhoneSimulator.platform/Developer/Library/PrivateFrameworks/XCUnit.framework /Users/binde/Library/Developer/Xcode/DerivedData/Molten-dwnouowhlxjhigdgjryrxxsdqnmu/Build/Products/Debug-iphonesimulator/Molten.app/Frameworks

Copy /Users/binde/Library/Developer/Xcode/DerivedData/Molten-dwnouowhlxjhigdgjryrxxsdqnmu/Build/Products/Debug-iphonesimulator/Molten.app/Frameworks/XCUIAutomation.framework /Applications/Xcode.app/Contents/Developer/Platforms/iPhoneSimulator.platform/Developer/Library/Frameworks/XCUIAutomation.framework (in target 'Molten' from project 'Molten')
    cd /Users/binde/projects/classes
    builtin-copy -exclude .DS_Store -exclude CVS -exclude .svn -exclude .git -exclude .hg -exclude Headers -exclude PrivateHeaders -exclude Modules -exclude \*.tbd -resolve-src-symlinks /Applications/Xcode.app/Contents/Developer/Platforms/iPhoneSimulator.platform/Developer/Library/Frameworks/XCUIAutomation.framework /Users/binde/Library/Developer/Xcode/DerivedData/Molten-dwnouowhlxjhigdgjryrxxsdqnmu/Build/Products/Debug-iphonesimulator/Molten.app/Frameworks

Copy /Users/binde/Library/Developer/Xcode/DerivedData/Molten-dwnouowhlxjhigdgjryrxxsdqnmu/Build/Products/Debug-iphonesimulator/Molten.app/Frameworks/XCTestSupport.framework /Applications/Xcode.app/Contents/Developer/Platforms/iPhoneSimulator.platform/Developer/Library/PrivateFrameworks/XCTestSupport.framework (in target 'Molten' from project 'Molten')
    cd /Users/binde/projects/classes
    builtin-copy -exclude .DS_Store -exclude CVS -exclude .svn -exclude .git -exclude .hg -exclude Headers -exclude PrivateHeaders -exclude Modules -exclude \*.tbd -resolve-src-symlinks /Applications/Xcode.app/Contents/Developer/Platforms/iPhoneSimulator.platform/Developer/Library/PrivateFrameworks/XCTestSupport.framework /Users/binde/Library/Developer/Xcode/DerivedData/Molten-dwnouowhlxjhigdgjryrxxsdqnmu/Build/Products/Debug-iphonesimulator/Molten.app/Frameworks

Copy /Users/binde/Library/Developer/Xcode/DerivedData/Molten-dwnouowhlxjhigdgjryrxxsdqnmu/Build/Products/Debug-iphonesimulator/Molten.app/Frameworks/XCTestCore.framework /Applications/Xcode.app/Contents/Developer/Platforms/iPhoneSimulator.platform/Developer/Library/PrivateFrameworks/XCTestCore.framework (in target 'Molten' from project 'Molten')
    cd /Users/binde/projects/classes
    builtin-copy -exclude .DS_Store -exclude CVS -exclude .svn -exclude .git -exclude .hg -exclude Headers -exclude PrivateHeaders -exclude Modules -exclude \*.tbd -resolve-src-symlinks /Applications/Xcode.app/Contents/Developer/Platforms/iPhoneSimulator.platform/Developer/Library/PrivateFrameworks/XCTestCore.framework /Users/binde/Library/Developer/Xcode/DerivedData/Molten-dwnouowhlxjhigdgjryrxxsdqnmu/Build/Products/Debug-iphonesimulator/Molten.app/Frameworks

Copy /Users/binde/Library/Developer/Xcode/DerivedData/Molten-dwnouowhlxjhigdgjryrxxsdqnmu/Build/Products/Debug-iphonesimulator/Molten.app/Frameworks/XCTest.framework /Applications/Xcode.app/Contents/Developer/Platforms/iPhoneSimulator.platform/Developer/Library/Frameworks/XCTest.framework (in target 'Molten' from project 'Molten')
    cd /Users/binde/projects/classes
    builtin-copy -exclude .DS_Store -exclude CVS -exclude .svn -exclude .git -exclude .hg -exclude Headers -exclude PrivateHeaders -exclude Modules -exclude \*.tbd -resolve-src-symlinks /Applications/Xcode.app/Contents/Developer/Platforms/iPhoneSimulator.platform/Developer/Library/Frameworks/XCTest.framework /Users/binde/Library/Developer/Xcode/DerivedData/Molten-dwnouowhlxjhigdgjryrxxsdqnmu/Build/Products/Debug-iphonesimulator/Molten.app/Frameworks

Copy /Users/binde/Library/Developer/Xcode/DerivedData/Molten-dwnouowhlxjhigdgjryrxxsdqnmu/Build/Products/Debug-iphonesimulator/Molten.app/Frameworks/XCTAutomationSupport.framework /Applications/Xcode.app/Contents/Developer/Platforms/iPhoneSimulator.platform/Developer/Library/PrivateFrameworks/XCTAutomationSupport.framework (in target 'Molten' from project 'Molten')
    cd /Users/binde/projects/classes
    builtin-copy -exclude .DS_Store -exclude CVS -exclude .svn -exclude .git -exclude .hg -exclude Headers -exclude PrivateHeaders -exclude Modules -exclude \*.tbd -resolve-src-symlinks /Applications/Xcode.app/Contents/Developer/Platforms/iPhoneSimulator.platform/Developer/Library/PrivateFrameworks/XCTAutomationSupport.framework /Users/binde/Library/Developer/Xcode/DerivedData/Molten-dwnouowhlxjhigdgjryrxxsdqnmu/Build/Products/Debug-iphonesimulator/Molten.app/Frameworks

Copy /Users/binde/Library/Developer/Xcode/DerivedData/Molten-dwnouowhlxjhigdgjryrxxsdqnmu/Build/Products/Debug-iphonesimulator/Molten.app/Frameworks/Testing.framework /Applications/Xcode.app/Contents/Developer/Platforms/iPhoneSimulator.platform/Developer/Library/Frameworks/Testing.framework (in target 'Molten' from project 'Molten')
    cd /Users/binde/projects/classes
    builtin-copy -exclude .DS_Store -exclude CVS -exclude .svn -exclude .git -exclude .hg -exclude Headers -exclude PrivateHeaders -exclude Modules -exclude \*.tbd -resolve-src-symlinks /Applications/Xcode.app/Contents/Developer/Platforms/iPhoneSimulator.platform/Developer/Library/Frameworks/Testing.framework /Users/binde/Library/Developer/Xcode/DerivedData/Molten-dwnouowhlxjhigdgjryrxxsdqnmu/Build/Products/Debug-iphonesimulator/Molten.app/Frameworks

ConstructStubExecutorLinkFileList /Users/binde/Library/Developer/Xcode/DerivedData/Molten-dwnouowhlxjhigdgjryrxxsdqnmu/Build/Intermediates.noindex/Molten.build/Debug-iphonesimulator/Molten.build/Molten-ExecutorLinkFileList-normal-arm64.txt (in target 'Molten' from project 'Molten')
    cd /Users/binde/projects/classes
    construct-stub-executor-link-file-list /Users/binde/Library/Developer/Xcode/DerivedData/Molten-dwnouowhlxjhigdgjryrxxsdqnmu/Build/Products/Debug-iphonesimulator/Molten.app/Molten.debug.dylib /Applications/Xcode.app/Contents/Developer/Platforms/iPhoneSimulator.platform/Developer/usr/lib/libPreviewsJITStubExecutor_no_swift_entry_point.a /Applications/Xcode.app/Contents/Developer/Platforms/iPhoneSimulator.platform/Developer/usr/lib/libPreviewsJITStubExecutor.a --output /Users/binde/Library/Developer/Xcode/DerivedData/Molten-dwnouowhlxjhigdgjryrxxsdqnmu/Build/Intermediates.noindex/Molten.build/Debug-iphonesimulator/Molten.build/Molten-ExecutorLinkFileList-normal-arm64.txt
note: Using stub executor library with Swift entry point. (in target 'Molten' from project 'Molten')

Ld /Users/binde/Library/Developer/Xcode/DerivedData/Molten-dwnouowhlxjhigdgjryrxxsdqnmu/Build/Products/Debug-iphonesimulator/Molten.app/Molten normal (in target 'Molten' from project 'Molten')
    cd /Users/binde/projects/classes
    /Applications/Xcode.app/Contents/Developer/Toolchains/XcodeDefault.xctoolchain/usr/bin/clang -Xlinker -reproducible -target arm64-apple-ios26.0-simulator -isysroot /Applications/Xcode.app/Contents/Developer/Platforms/iPhoneSimulator.platform/Developer/SDKs/iPhoneSimulator26.0.sdk -O0 -L/Users/binde/Library/Developer/Xcode/DerivedData/Molten-dwnouowhlxjhigdgjryrxxsdqnmu/Build/Products/Debug-iphonesimulator -F/Users/binde/Library/Developer/Xcode/DerivedData/Molten-dwnouowhlxjhigdgjryrxxsdqnmu/Build/Products/Debug-iphonesimulator -Xlinker -rpath -Xlinker @executable_path -Xlinker -rpath -Xlinker @executable_path/Frameworks -rdynamic -Xlinker -no_deduplicate -Xlinker -objc_abi_version -Xlinker 2 -Xlinker -debug_variant -e ___debug_blank_executor_main -Xlinker -sectcreate -Xlinker __TEXT -Xlinker __debug_dylib -Xlinker /Users/binde/Library/Developer/Xcode/DerivedData/Molten-dwnouowhlxjhigdgjryrxxsdqnmu/Build/Intermediates.noindex/Molten.build/Debug-iphonesimulator/Molten.build/Molten-DebugDylibPath-normal-arm64.txt -Xlinker -sectcreate -Xlinker __TEXT -Xlinker __debug_instlnm -Xlinker /Users/binde/Library/Developer/Xcode/DerivedData/Molten-dwnouowhlxjhigdgjryrxxsdqnmu/Build/Intermediates.noindex/Molten.build/Debug-iphonesimulator/Molten.build/Molten-DebugDylibInstallName-normal-arm64.txt -Xlinker -filelist -Xlinker /Users/binde/Library/Developer/Xcode/DerivedData/Molten-dwnouowhlxjhigdgjryrxxsdqnmu/Build/Intermediates.noindex/Molten.build/Debug-iphonesimulator/Molten.build/Molten-ExecutorLinkFileList-normal-arm64.txt -Xlinker -sectcreate -Xlinker __TEXT -Xlinker __entitlements -Xlinker /Users/binde/Library/Developer/Xcode/DerivedData/Molten-dwnouowhlxjhigdgjryrxxsdqnmu/Build/Intermediates.noindex/Molten.build/Debug-iphonesimulator/Molten.build/Molten.app-Simulated.xcent -Xlinker -sectcreate -Xlinker __TEXT -Xlinker __ents_der -Xlinker /Users/binde/Library/Developer/Xcode/DerivedData/Molten-dwnouowhlxjhigdgjryrxxsdqnmu/Build/Intermediates.noindex/Molten.build/Debug-iphonesimulator/Molten.build/Molten.app-Simulated.xcent.der /Users/binde/Library/Developer/Xcode/DerivedData/Molten-dwnouowhlxjhigdgjryrxxsdqnmu/Build/Products/Debug-iphonesimulator/Molten.app/Molten.debug.dylib -Xlinker -no_adhoc_codesign -o /Users/binde/Library/Developer/Xcode/DerivedData/Molten-dwnouowhlxjhigdgjryrxxsdqnmu/Build/Products/Debug-iphonesimulator/Molten.app/Molten

ExtractAppIntentsMetadata (in target 'Molten' from project 'Molten')
    cd /Users/binde/projects/classes
    /Applications/Xcode.app/Contents/Developer/Toolchains/XcodeDefault.xctoolchain/usr/bin/appintentsmetadataprocessor --toolchain-dir /Applications/Xcode.app/Contents/Developer/Toolchains/XcodeDefault.xctoolchain --module-name Molten --sdk-root /Applications/Xcode.app/Contents/Developer/Platforms/iPhoneSimulator.platform/Developer/SDKs/iPhoneSimulator26.0.sdk --xcode-version 17A400 --platform-family iOS --deployment-target 26.0 --bundle-identifier com.MotleyWoods.Molten --output /Users/binde/Library/Developer/Xcode/DerivedData/Molten-dwnouowhlxjhigdgjryrxxsdqnmu/Build/Products/Debug-iphonesimulator/Molten.app --target-triple arm64-apple-ios26.0-simulator --binary-file /Users/binde/Library/Developer/Xcode/DerivedData/Molten-dwnouowhlxjhigdgjryrxxsdqnmu/Build/Products/Debug-iphonesimulator/Molten.app/Molten --dependency-file /Users/binde/Library/Developer/Xcode/DerivedData/Molten-dwnouowhlxjhigdgjryrxxsdqnmu/Build/Intermediates.noindex/Molten.build/Debug-iphonesimulator/Molten.build/Objects-normal/arm64/Molten_dependency_info.dat --stringsdata-file /Users/binde/Library/Developer/Xcode/DerivedData/Molten-dwnouowhlxjhigdgjryrxxsdqnmu/Build/Intermediates.noindex/Molten.build/Debug-iphonesimulator/Molten.build/Objects-normal/arm64/ExtractedAppShortcutsMetadata.stringsdata --source-file-list /Users/binde/Library/Developer/Xcode/DerivedData/Molten-dwnouowhlxjhigdgjryrxxsdqnmu/Build/Intermediates.noindex/Molten.build/Debug-iphonesimulator/Molten.build/Objects-normal/arm64/Molten.SwiftFileList --metadata-file-list /Users/binde/Library/Developer/Xcode/DerivedData/Molten-dwnouowhlxjhigdgjryrxxsdqnmu/Build/Intermediates.noindex/Molten.build/Debug-iphonesimulator/Molten.build/Molten.DependencyMetadataFileList --static-metadata-file-list /Users/binde/Library/Developer/Xcode/DerivedData/Molten-dwnouowhlxjhigdgjryrxxsdqnmu/Build/Intermediates.noindex/Molten.build/Debug-iphonesimulator/Molten.build/Molten.DependencyStaticMetadataFileList --swift-const-vals-list /Users/binde/Library/Developer/Xcode/DerivedData/Molten-dwnouowhlxjhigdgjryrxxsdqnmu/Build/Intermediates.noindex/Molten.build/Debug-iphonesimulator/Molten.build/Objects-normal/arm64/Molten.SwiftConstValuesFileList --compile-time-extraction --deployment-aware-processing --validate-assistant-intents --no-app-shortcuts-localization
2025-11-08 10:28:13.523 appintentsmetadataprocessor[2065:16485994] Starting appintentsmetadataprocessor export
2025-11-08 10:28:13.526 appintentsmetadataprocessor[2065:16485994] warning: Metadata extraction skipped. No AppIntents.framework dependency found.

CopySwiftLibs /Users/binde/Library/Developer/Xcode/DerivedData/Molten-dwnouowhlxjhigdgjryrxxsdqnmu/Build/Products/Debug-iphonesimulator/Molten.app (in target 'Molten' from project 'Molten')
    cd /Users/binde/projects/classes
    builtin-swiftStdLibTool --copy --verbose --sign - --scan-executable /Users/binde/Library/Developer/Xcode/DerivedData/Molten-dwnouowhlxjhigdgjryrxxsdqnmu/Build/Products/Debug-iphonesimulator/Molten.app/Molten.debug.dylib --scan-folder /Users/binde/Library/Developer/Xcode/DerivedData/Molten-dwnouowhlxjhigdgjryrxxsdqnmu/Build/Products/Debug-iphonesimulator/Molten.app/Frameworks --scan-folder /Users/binde/Library/Developer/Xcode/DerivedData/Molten-dwnouowhlxjhigdgjryrxxsdqnmu/Build/Products/Debug-iphonesimulator/Molten.app/PlugIns --scan-folder /Users/binde/Library/Developer/Xcode/DerivedData/Molten-dwnouowhlxjhigdgjryrxxsdqnmu/Build/Products/Debug-iphonesimulator/Molten.app/SystemExtensions --scan-folder /Users/binde/Library/Developer/Xcode/DerivedData/Molten-dwnouowhlxjhigdgjryrxxsdqnmu/Build/Products/Debug-iphonesimulator/Molten.app/Extensions --platform iphonesimulator --toolchain /Applications/Xcode.app/Contents/Developer/Toolchains/XcodeDefault.xctoolchain --destination /Users/binde/Library/Developer/Xcode/DerivedData/Molten-dwnouowhlxjhigdgjryrxxsdqnmu/Build/Products/Debug-iphonesimulator/Molten.app/Frameworks --strip-bitcode --strip-bitcode-tool /Applications/Xcode.app/Contents/Developer/Toolchains/XcodeDefault.xctoolchain/usr/bin/bitcode_strip --emit-dependency-info /Users/binde/Library/Developer/Xcode/DerivedData/Molten-dwnouowhlxjhigdgjryrxxsdqnmu/Build/Intermediates.noindex/Molten.build/Debug-iphonesimulator/Molten.build/SwiftStdLibToolInputDependencies.dep --filter-for-swift-os

ProcessInfoPlistFile /Users/binde/Library/Developer/Xcode/DerivedData/Molten-dwnouowhlxjhigdgjryrxxsdqnmu/Build/Products/Debug-iphonesimulator/Molten.app/PlugIns/RepositoryTests.xctest/Info.plist /Users/binde/projects/classes/MoltenShareExtension/Info.plist (in target 'RepositoryTests' from project 'Molten')
    cd /Users/binde/projects/classes
    builtin-infoPlistUtility /Users/binde/projects/classes/MoltenShareExtension/Info.plist -producttype com.apple.product-type.bundle.unit-test -expandbuildsettings -format binary -platform iphonesimulator -o /Users/binde/Library/Developer/Xcode/DerivedData/Molten-dwnouowhlxjhigdgjryrxxsdqnmu/Build/Products/Debug-iphonesimulator/Molten.app/PlugIns/RepositoryTests.xctest/Info.plist

ProcessInfoPlistFile /Users/binde/Library/Developer/Xcode/DerivedData/Molten-dwnouowhlxjhigdgjryrxxsdqnmu/Build/Products/Debug-iphonesimulator/Molten.app/PlugIns/PerformanceTests.xctest/Info.plist /Users/binde/projects/classes/MoltenShareExtension/Info.plist (in target 'PerformanceTests' from project 'Molten')
    cd /Users/binde/projects/classes
    builtin-infoPlistUtility /Users/binde/projects/classes/MoltenShareExtension/Info.plist -producttype com.apple.product-type.bundle.unit-test -expandbuildsettings -format binary -platform iphonesimulator -o /Users/binde/Library/Developer/Xcode/DerivedData/Molten-dwnouowhlxjhigdgjryrxxsdqnmu/Build/Products/Debug-iphonesimulator/Molten.app/PlugIns/PerformanceTests.xctest/Info.plist

ProcessInfoPlistFile /Users/binde/Library/Developer/Xcode/DerivedData/Molten-dwnouowhlxjhigdgjryrxxsdqnmu/Build/Products/Debug-iphonesimulator/Molten.app/PlugIns/MoltenTests.xctest/Info.plist /Users/binde/projects/classes/MoltenShareExtension/Info.plist (in target 'MoltenTests' from project 'Molten')
    cd /Users/binde/projects/classes
    builtin-infoPlistUtility /Users/binde/projects/classes/MoltenShareExtension/Info.plist -producttype com.apple.product-type.bundle.unit-test -expandbuildsettings -format binary -platform iphonesimulator -o /Users/binde/Library/Developer/Xcode/DerivedData/Molten-dwnouowhlxjhigdgjryrxxsdqnmu/Build/Products/Debug-iphonesimulator/Molten.app/PlugIns/MoltenTests.xctest/Info.plist

CpResource /Users/binde/Library/Developer/Xcode/DerivedData/Molten-dwnouowhlxjhigdgjryrxxsdqnmu/Build/Products/Debug-iphonesimulator/Molten.app/PlugIns/MoltenTests.xctest/detect_all_coredata.sh /Users/binde/projects/classes/Molten/Tools/Documentation/detect_all_coredata.sh (in target 'MoltenTests' from project 'Molten')
    cd /Users/binde/projects/classes
    builtin-copy -exclude .DS_Store -exclude CVS -exclude .svn -exclude .git -exclude .hg -resolve-src-symlinks /Users/binde/projects/classes/Molten/Tools/Documentation/detect_all_coredata.sh /Users/binde/Library/Developer/Xcode/DerivedData/Molten-dwnouowhlxjhigdgjryrxxsdqnmu/Build/Products/Debug-iphonesimulator/Molten.app/PlugIns/MoltenTests.xctest

CpResource /Users/binde/Library/Developer/Xcode/DerivedData/Molten-dwnouowhlxjhigdgjryrxxsdqnmu/Build/Products/Debug-iphonesimulator/Molten.app/PlugIns/MoltenTests.xctest/check_core_data_violations.sh /Users/binde/projects/classes/Molten/Tools/Documentation/check_core_data_violations.sh (in target 'MoltenTests' from project 'Molten')
    cd /Users/binde/projects/classes
    builtin-copy -exclude .DS_Store -exclude CVS -exclude .svn -exclude .git -exclude .hg -resolve-src-symlinks /Users/binde/projects/classes/Molten/Tools/Documentation/check_core_data_violations.sh /Users/binde/Library/Developer/Xcode/DerivedData/Molten-dwnouowhlxjhigdgjryrxxsdqnmu/Build/Products/Debug-iphonesimulator/Molten.app/PlugIns/MoltenTests.xctest

CpResource /Users/binde/Library/Developer/Xcode/DerivedData/Molten-dwnouowhlxjhigdgjryrxxsdqnmu/Build/Products/Debug-iphonesimulator/Molten.app/PlugIns/MoltenTests.xctest/RELEASE_STRATEGY_UPDATED.md /Users/binde/projects/classes/Molten/Tools/Documentation/RELEASE_STRATEGY_UPDATED.md (in target 'MoltenTests' from project 'Molten')
    cd /Users/binde/projects/classes
    builtin-copy -exclude .DS_Store -exclude CVS -exclude .svn -exclude .git -exclude .hg -resolve-src-symlinks /Users/binde/projects/classes/Molten/Tools/Documentation/RELEASE_STRATEGY_UPDATED.md /Users/binde/Library/Developer/Xcode/DerivedData/Molten-dwnouowhlxjhigdgjryrxxsdqnmu/Build/Products/Debug-iphonesimulator/Molten.app/PlugIns/MoltenTests.xctest

CpResource /Users/binde/Library/Developer/Xcode/DerivedData/Molten-dwnouowhlxjhigdgjryrxxsdqnmu/Build/Products/Debug-iphonesimulator/Molten.app/PlugIns/MoltenTests.xctest/README.md /Users/binde/projects/classes/Molten/README.md (in target 'MoltenTests' from project 'Molten')
    cd /Users/binde/projects/classes
    builtin-copy -exclude .DS_Store -exclude CVS -exclude .svn -exclude .git -exclude .hg -resolve-src-symlinks /Users/binde/projects/classes/Molten/README.md /Users/binde/Library/Developer/Xcode/DerivedData/Molten-dwnouowhlxjhigdgjryrxxsdqnmu/Build/Products/Debug-iphonesimulator/Molten.app/PlugIns/MoltenTests.xctest

CpResource /Users/binde/Library/Developer/Xcode/DerivedData/Molten-dwnouowhlxjhigdgjryrxxsdqnmu/Build/Products/Debug-iphonesimulator/Molten.app/PlugIns/MoltenTests.xctest/CORE_DATA_PREVENTION_GUIDE.md /Users/binde/projects/classes/Molten/Tools/Documentation/CORE_DATA_PREVENTION_GUIDE.md (in target 'MoltenTests' from project 'Molten')
    cd /Users/binde/projects/classes
    builtin-copy -exclude .DS_Store -exclude CVS -exclude .svn -exclude .git -exclude .hg -resolve-src-symlinks /Users/binde/projects/classes/Molten/Tools/Documentation/CORE_DATA_PREVENTION_GUIDE.md /Users/binde/Library/Developer/Xcode/DerivedData/Molten-dwnouowhlxjhigdgjryrxxsdqnmu/Build/Products/Debug-iphonesimulator/Molten.app/PlugIns/MoltenTests.xctest

CpResource /Users/binde/Library/Developer/Xcode/DerivedData/Molten-dwnouowhlxjhigdgjryrxxsdqnmu/Build/Products/Debug-iphonesimulator/Molten.app/PlugIns/MoltenTests.xctest/CORE_DATA_CLEANUP_SUMMARY.md /Users/binde/projects/classes/Molten/Tools/Documentation/CORE_DATA_CLEANUP_SUMMARY.md (in target 'MoltenTests' from project 'Molten')
    cd /Users/binde/projects/classes
    builtin-copy -exclude .DS_Store -exclude CVS -exclude .svn -exclude .git -exclude .hg -resolve-src-symlinks /Users/binde/projects/classes/Molten/Tools/Documentation/CORE_DATA_CLEANUP_SUMMARY.md /Users/binde/Library/Developer/Xcode/DerivedData/Molten-dwnouowhlxjhigdgjryrxxsdqnmu/Build/Products/Debug-iphonesimulator/Molten.app/PlugIns/MoltenTests.xctest

CpResource /Users/binde/Library/Developer/Xcode/DerivedData/Molten-dwnouowhlxjhigdgjryrxxsdqnmu/Build/Products/Debug-iphonesimulator/Molten.app/PlugIns/MoltenTests.xctest/AppTests.xctestplan /Users/binde/projects/classes/AppTests.xctestplan (in target 'MoltenTests' from project 'Molten')
    cd /Users/binde/projects/classes
    builtin-copy -exclude .DS_Store -exclude CVS -exclude .svn -exclude .git -exclude .hg -resolve-src-symlinks /Users/binde/projects/classes/AppTests.xctestplan /Users/binde/Library/Developer/Xcode/DerivedData/Molten-dwnouowhlxjhigdgjryrxxsdqnmu/Build/Products/Debug-iphonesimulator/Molten.app/PlugIns/MoltenTests.xctest

ProcessInfoPlistFile /Users/binde/Library/Developer/Xcode/DerivedData/Molten-dwnouowhlxjhigdgjryrxxsdqnmu/Build/Products/Debug-iphonesimulator/Molten.app/PlugIns/InventoryImport.xctest/Info.plist /Users/binde/Library/Developer/Xcode/DerivedData/Molten-dwnouowhlxjhigdgjryrxxsdqnmu/Build/Intermediates.noindex/Molten.build/Debug-iphonesimulator/InventoryImport.build/empty-InventoryImport.plist (in target 'InventoryImport' from project 'Molten')
    cd /Users/binde/projects/classes
    builtin-infoPlistUtility /Users/binde/Library/Developer/Xcode/DerivedData/Molten-dwnouowhlxjhigdgjryrxxsdqnmu/Build/Intermediates.noindex/Molten.build/Debug-iphonesimulator/InventoryImport.build/empty-InventoryImport.plist -producttype com.apple.product-type.bundle.unit-test -expandbuildsettings -format binary -platform iphonesimulator -o /Users/binde/Library/Developer/Xcode/DerivedData/Molten-dwnouowhlxjhigdgjryrxxsdqnmu/Build/Products/Debug-iphonesimulator/Molten.app/PlugIns/InventoryImport.xctest/Info.plist

SwiftExplicitDependencyGeneratePcm arm64 /Users/binde/Library/Developer/Xcode/DerivedData/Molten-dwnouowhlxjhigdgjryrxxsdqnmu/Build/Intermediates.noindex/SwiftExplicitPrecompiledModules/XCUIAutomation-7LPYLONABOKVF4DSAGPOUTSE2.pcm

SwiftExplicitDependencyGeneratePcm arm64 /Users/binde/Library/Developer/Xcode/DerivedData/Molten-dwnouowhlxjhigdgjryrxxsdqnmu/Build/Intermediates.noindex/SwiftExplicitPrecompiledModules/XCUIAutomation-6B2ZWGUQKFRCM5372VSO9OZP6.pcm

SwiftExplicitDependencyCompileModuleFromInterface arm64 /Users/binde/Library/Developer/Xcode/DerivedData/Molten-dwnouowhlxjhigdgjryrxxsdqnmu/Build/Intermediates.noindex/SwiftExplicitPrecompiledModules/Testing-30V5P7JD3PZB6.swiftmodule

SwiftExplicitDependencyCompileModuleFromInterface arm64 /Users/binde/Library/Developer/Xcode/DerivedData/Molten-dwnouowhlxjhigdgjryrxxsdqnmu/Build/Intermediates.noindex/SwiftExplicitPrecompiledModules/Testing-30V5P7JD3PZB6.swiftmodule

SwiftExplicitDependencyGeneratePcm arm64 /Users/binde/Library/Developer/Xcode/DerivedData/Molten-dwnouowhlxjhigdgjryrxxsdqnmu/Build/Intermediates.noindex/SwiftExplicitPrecompiledModules/XCTest-DEJ9I5JCJ26FSAQ1HFK7KA97W.pcm

SwiftExplicitDependencyCompileModuleFromInterface arm64 /Users/binde/Library/Developer/Xcode/DerivedData/Molten-dwnouowhlxjhigdgjryrxxsdqnmu/Build/Intermediates.noindex/SwiftExplicitPrecompiledModules/XCUIAutomation-6PCY00KPFWOS.swiftmodule

SwiftExplicitDependencyGeneratePcm arm64 /Users/binde/Library/Developer/Xcode/DerivedData/Molten-dwnouowhlxjhigdgjryrxxsdqnmu/Build/Intermediates.noindex/SwiftExplicitPrecompiledModules/XCTest-C4NZ1P7PHDWWFGDKDTW126U3N.pcm

SwiftExplicitDependencyCompileModuleFromInterface arm64 /Users/binde/Library/Developer/Xcode/DerivedData/Molten-dwnouowhlxjhigdgjryrxxsdqnmu/Build/Intermediates.noindex/SwiftExplicitPrecompiledModules/XCUIAutomation-6PCY00KPFWOS.swiftmodule

SwiftExplicitDependencyCompileModuleFromInterface arm64 /Users/binde/Library/Developer/Xcode/DerivedData/Molten-dwnouowhlxjhigdgjryrxxsdqnmu/Build/Intermediates.noindex/SwiftExplicitPrecompiledModules/XCTest-2LQ4MMPUHFTAH.swiftmodule

SwiftExplicitDependencyCompileModuleFromInterface arm64 /Users/binde/Library/Developer/Xcode/DerivedData/Molten-dwnouowhlxjhigdgjryrxxsdqnmu/Build/Intermediates.noindex/SwiftExplicitPrecompiledModules/XCTest-2LQ4MMPUHFTAH.swiftmodule

SwiftExplicitDependencyCompileModuleFromInterface arm64 /Users/binde/Library/Developer/Xcode/DerivedData/Molten-dwnouowhlxjhigdgjryrxxsdqnmu/Build/Intermediates.noindex/SwiftExplicitPrecompiledModules/_Testing_Foundation-1CFNHGYDI2NF6.swiftmodule

SwiftExplicitDependencyCompileModuleFromInterface arm64 /Users/binde/Library/Developer/Xcode/DerivedData/Molten-dwnouowhlxjhigdgjryrxxsdqnmu/Build/Intermediates.noindex/SwiftExplicitPrecompiledModules/_Testing_Foundation-1CFNHGYDI2NF6.swiftmodule

SwiftCompile normal arm64 Compiling\ UserSettingsOwnerTests.swift,\ UserSettingsTests.swift,\ LabelDataOwnerTests.swift,\ LabelPrintingOwnerTests.swift,\ LabelTextAlignmentTests.swift,\ LabelTextFieldOwnerTests.swift,\ MainTabViewTests.swift,\ ShareExtensionImageTests.swift,\ ShareExtensionTests.swift,\ TabConfigurationTests.swift,\ TabNavigationTests.swift /Users/binde/projects/classes/Molten/Tests/MoltenTests/Views/Settings/UserSettingsOwnerTests.swift /Users/binde/projects/classes/Molten/Tests/MoltenTests/Views/Settings/UserSettingsTests.swift /Users/binde/projects/classes/Molten/Tests/MoltenTests/Views/Shared/LabelDataOwnerTests.swift /Users/binde/projects/classes/Molten/Tests/MoltenTests/Views/Shared/LabelPrintingOwnerTests.swift /Users/binde/projects/classes/Molten/Tests/MoltenTests/Views/Shared/LabelTextAlignmentTests.swift /Users/binde/projects/classes/Molten/Tests/MoltenTests/Views/Shared/LabelTextFieldOwnerTests.swift /Users/binde/projects/classes/Molten/Tests/MoltenTests/Views/Shared/MainTabViewTests.swift /Users/binde/projects/classes/Molten/Tests/MoltenTests/Views/Shared/ShareExtensionImageTests.swift /Users/binde/projects/classes/Molten/Tests/MoltenTests/Views/Shared/ShareExtensionTests.swift /Users/binde/projects/classes/Molten/Tests/MoltenTests/Views/Shared/TabConfigurationTests.swift /Users/binde/projects/classes/Molten/Tests/MoltenTests/Views/Shared/TabNavigationTests.swift (in target 'MoltenTests' from project 'Molten')
SwiftCompile normal arm64 /Users/binde/projects/classes/Molten/Tests/MoltenTests/Views/Settings/UserSettingsOwnerTests.swift (in target 'MoltenTests' from project 'Molten')
    cd /Users/binde/projects/classes
    

SwiftCompile normal arm64 /Users/binde/projects/classes/Molten/Tests/MoltenTests/Views/Settings/UserSettingsTests.swift (in target 'MoltenTests' from project 'Molten')
    cd /Users/binde/projects/classes
    

SwiftCompile normal arm64 /Users/binde/projects/classes/Molten/Tests/MoltenTests/Views/Shared/LabelDataOwnerTests.swift (in target 'MoltenTests' from project 'Molten')
    cd /Users/binde/projects/classes
    

SwiftCompile normal arm64 /Users/binde/projects/classes/Molten/Tests/MoltenTests/Views/Shared/LabelPrintingOwnerTests.swift (in target 'MoltenTests' from project 'Molten')
    cd /Users/binde/projects/classes
    

SwiftCompile normal arm64 /Users/binde/projects/classes/Molten/Tests/MoltenTests/Views/Shared/LabelTextAlignmentTests.swift (in target 'MoltenTests' from project 'Molten')
    cd /Users/binde/projects/classes
    

SwiftCompile normal arm64 /Users/binde/projects/classes/Molten/Tests/MoltenTests/Views/Shared/LabelTextFieldOwnerTests.swift (in target 'MoltenTests' from project 'Molten')
    cd /Users/binde/projects/classes
    

SwiftCompile normal arm64 /Users/binde/projects/classes/Molten/Tests/MoltenTests/Views/Shared/MainTabViewTests.swift (in target 'MoltenTests' from project 'Molten')
    cd /Users/binde/projects/classes
    
/Users/binde/projects/classes/Molten/Tests/MoltenTests/Views/Shared/MainTabViewTests.swift:34:25: warning: comparing non-optional value of type 'MainTabView' to 'nil' always returns true
        #expect(tabView != nil, "MainTabView should accept catalogService via dependency injection")
                ~~~~~~~ ^  ~~~
/Users/binde/projects/classes/Molten/Tests/MoltenTests/Views/Shared/MainTabViewTests.swift:52:25: warning: comparing non-optional value of type 'MainTabView' to 'nil' always returns true
        #expect(tabView != nil, "MainTabView should accept both catalogService and purchaseService via dependency injection")
                ~~~~~~~ ^  ~~~
/Users/binde/projects/classes/Molten/Tests/MoltenTests/Views/Shared/MainTabViewTests.swift:65:25: warning: comparing non-optional value of type 'MainTabView' to 'nil' always returns true
        #expect(tabView != nil, "MainTabView should work without Core Data context when services are injected")
                ~~~~~~~ ^  ~~~
/Users/binde/projects/classes/Molten/Tests/MoltenTests/Views/Shared/MainTabViewTests.swift:86:25: warning: comparing non-optional value of type 'MainTabView' to 'nil' always returns true
        #expect(tabView != nil, "MainTabView should work with RepositoryFactory-created services")
                ~~~~~~~ ^  ~~~
/Users/binde/projects/classes/Molten/Tests/MoltenTests/Views/Shared/MainTabViewTests.swift:87:32: warning: comparing non-optional value of type 'CatalogService' to 'nil' always returns true
        #expect(catalogService != nil, "CatalogService should be created successfully")
                ~~~~~~~~~~~~~~ ^  ~~~
/Users/binde/projects/classes/Molten/Tests/MoltenTests/Views/Shared/MainTabViewTests.swift:88:42: warning: comparing non-optional value of type 'InventoryTrackingService' to 'nil' always returns true
        #expect(inventoryTrackingService != nil, "InventoryTrackingService should be created successfully")
                ~~~~~~~~~~~~~~~~~~~~~~~~ ^  ~~~

SwiftCompile normal arm64 /Users/binde/projects/classes/Molten/Tests/MoltenTests/Views/Shared/ShareExtensionImageTests.swift (in target 'MoltenTests' from project 'Molten')
    cd /Users/binde/projects/classes
    

SwiftCompile normal arm64 /Users/binde/projects/classes/Molten/Tests/MoltenTests/Views/Shared/ShareExtensionTests.swift (in target 'MoltenTests' from project 'Molten')
    cd /Users/binde/projects/classes
    
/Users/binde/projects/classes/Molten/Tests/MoltenTests/Views/Shared/ShareExtensionTests.swift:136:23: warning: 'is' test is always true
        #expect(title is String)
                      ^
/Users/binde/projects/classes/Molten/Tests/MoltenTests/Views/Shared/ShareExtensionTests.swift:137:23: warning: 'is' test is always true
        #expect(notes is String)
                      ^
/Users/binde/projects/classes/Molten/Tests/MoltenTests/Views/Shared/ShareExtensionTests.swift:138:29: warning: 'is' test is always true
        #expect(projectType is String)
                            ^
/Users/binde/projects/classes/Molten/Tests/MoltenTests/Views/Shared/ShareExtensionTests.swift:139:35: warning: 'is' test is always true
        #expect(existingProjectId is UUID?)
                                  ^
/Users/binde/projects/classes/Molten/Tests/MoltenTests/Views/Shared/ShareExtensionTests.swift:146:13: warning: initialization of immutable value 'projectType' was never used; consider replacing with assignment to '_' or removing it
        let projectType = "idea"
        ~~~~^~~~~~~~~~~
        _
/Users/binde/projects/classes/Molten/Tests/MoltenTests/Views/Shared/ShareExtensionTests.swift:147:13: warning: immutable value 'existingProjectId' was never used; consider replacing with '_' or removing it
        let existingProjectId: UUID? = nil
            ^~~~~~~~~~~~~~~~~
            _
/Users/binde/projects/classes/Molten/Tests/MoltenTests/Views/Shared/ShareExtensionTests.swift:158:17: warning: initialization of immutable value 'title' was never used; consider replacing with assignment to '_' or removing it
            let title = "Test \(projectType)"
            ~~~~^~~~~
            _
/Users/binde/projects/classes/Molten/Tests/MoltenTests/Views/Shared/ShareExtensionTests.swift:159:17: warning: initialization of immutable value 'notes' was never used; consider replacing with assignment to '_' or removing it
            let notes = "Notes"
            ~~~~^~~~~
            _
/Users/binde/projects/classes/Molten/Tests/MoltenTests/Views/Shared/ShareExtensionTests.swift:160:17: warning: immutable value 'existingProjectId' was never used; consider replacing with '_' or removing it
            let existingProjectId: UUID? = nil
                ^~~~~~~~~~~~~~~~~
                _
/Users/binde/projects/classes/Molten/Tests/MoltenTests/Views/Shared/ShareExtensionTests.swift:175:35: warning: comparing non-optional value of type 'UUID' to 'nil' always returns true
        #expect(existingProjectId != nil)
                ~~~~~~~~~~~~~~~~~ ^  ~~~
/Users/binde/projects/classes/Molten/Tests/MoltenTests/Views/Shared/ShareExtensionTests.swift:172:13: warning: initialization of immutable value 'projectType' was never used; consider replacing with assignment to '_' or removing it
        let projectType = ""
        ~~~~^~~~~~~~~~~
        _
/Users/binde/projects/classes/Molten/Tests/MoltenTests/Views/Shared/ShareExtensionTests.swift:184:13: warning: initialization of immutable value 'notes' was never used; consider replacing with assignment to '_' or removing it
        let notes = "Project notes"
        ~~~~^~~~~
        _
/Users/binde/projects/classes/Molten/Tests/MoltenTests/Views/Shared/ShareExtensionTests.swift:419:13: warning: initialization of immutable value 'projectType' was never used; consider replacing with assignment to '_' or removing it
        let projectType = "idea"
        ~~~~^~~~~~~~~~~
        _

SwiftCompile normal arm64 /Users/binde/projects/classes/Molten/Tests/MoltenTests/Views/Shared/TabConfigurationTests.swift (in target 'MoltenTests' from project 'Molten')
    cd /Users/binde/projects/classes
    

SwiftCompile normal arm64 /Users/binde/projects/classes/Molten/Tests/MoltenTests/Views/Shared/TabNavigationTests.swift (in target 'MoltenTests' from project 'Molten')
    cd /Users/binde/projects/classes
    
/Users/binde/projects/classes/Molten/Tests/MoltenTests/Views/Shared/TabNavigationTests.swift:106:13: warning: capture of 'self' with non-Sendable type 'NotificationExpectation?' in a '@Sendable' closure
            self?.wasReceived = true
            ^
/Users/binde/projects/classes/Molten/Tests/MoltenTests/Views/Shared/TabNavigationTests.swift:96:15: note: class 'NotificationExpectation' does not conform to the 'Sendable' protocol
private class NotificationExpectation {
              ^

SwiftCompile normal arm64 Compiling\ StringExtensionsTests.swift,\ ValidationUtilitiesTests.swift,\ ViewUtilitiesTests.swift,\ CatalogBundleDebugViewTests.swift,\ CatalogViewDataInitializationTests.swift,\ GlassItemSearchSelectorTests.swift,\ MockCatalogViewModel.swift,\ AddInventoryItemViewTests.swift,\ InventoryDetailViewTests.swift,\ InventoryDetailViewUserNotesTests.swift,\ InventoryItemDetailViewTests.swift /Users/binde/projects/classes/Molten/Tests/MoltenTests/Utilities/StringExtensionsTests.swift /Users/binde/projects/classes/Molten/Tests/MoltenTests/Utilities/ValidationUtilitiesTests.swift /Users/binde/projects/classes/Molten/Tests/MoltenTests/Utilities/ViewUtilitiesTests.swift /Users/binde/projects/classes/Molten/Tests/MoltenTests/Views/Catalog/CatalogBundleDebugViewTests.swift /Users/binde/projects/classes/Molten/Tests/MoltenTests/Views/Catalog/CatalogViewDataInitializationTests.swift /Users/binde/projects/classes/Molten/Tests/MoltenTests/Views/Catalog/GlassItemSearchSelectorTests.swift /Users/binde/projects/classes/Molten/Tests/MoltenTests/Views/Catalog/MockCatalogViewModel.swift /Users/binde/projects/classes/Molten/Tests/MoltenTests/Views/Inventory/AddInventoryItemViewTests.swift /Users/binde/projects/classes/Molten/Tests/MoltenTests/Views/Inventory/InventoryDetailViewTests.swift /Users/binde/projects/classes/Molten/Tests/MoltenTests/Views/Inventory/InventoryDetailViewUserNotesTests.swift /Users/binde/projects/classes/Molten/Tests/MoltenTests/Views/Inventory/InventoryItemDetailViewTests.swift (in target 'MoltenTests' from project 'Molten')
SwiftCompile normal arm64 /Users/binde/projects/classes/Molten/Tests/MoltenTests/Utilities/StringExtensionsTests.swift (in target 'MoltenTests' from project 'Molten')
    cd /Users/binde/projects/classes
    
/Users/binde/projects/classes/Molten/Tests/MoltenTests/Utilities/ValidationUtilitiesTests.swift:63:34: warning: conditional cast from 'AppError' to 'AppError' always succeeds
            let appError = error as? AppError
                                 ^
/Users/binde/projects/classes/Molten/Tests/MoltenTests/Utilities/ValidationUtilitiesTests.swift:81:34: warning: conditional cast from 'AppError' to 'AppError' always succeeds
            let appError = error as? AppError
                                 ^
/Users/binde/projects/classes/Molten/Tests/MoltenTests/Utilities/ValidationUtilitiesTests.swift:112:34: warning: conditional cast from 'AppError' to 'AppError' always succeeds
            let appError = error as? AppError
                                 ^
/Users/binde/projects/classes/Molten/Tests/MoltenTests/Utilities/ValidationUtilitiesTests.swift:143:34: warning: conditional cast from 'AppError' to 'AppError' always succeeds
            let appError = error as? AppError
                                 ^
/Users/binde/projects/classes/Molten/Tests/MoltenTests/Utilities/ValidationUtilitiesTests.swift:172:34: warning: conditional cast from 'AppError' to 'AppError' always succeeds
            let appError = error as? AppError
                                 ^
/Users/binde/projects/classes/Molten/Tests/MoltenTests/Utilities/ValidationUtilitiesTests.swift:182:34: warning: conditional cast from 'AppError' to 'AppError' always succeeds
            let appError = error as? AppError
                                 ^
/Users/binde/projects/classes/Molten/Tests/MoltenTests/Utilities/ValidationUtilitiesTests.swift:211:34: warning: conditional cast from 'AppError' to 'AppError' always succeeds
            let appError = error as? AppError
                                 ^

SwiftCompile normal arm64 /Users/binde/projects/classes/Molten/Tests/MoltenTests/Utilities/ValidationUtilitiesTests.swift (in target 'MoltenTests' from project 'Molten')
    cd /Users/binde/projects/classes
    
/Users/binde/projects/classes/Molten/Tests/MoltenTests/Utilities/ValidationUtilitiesTests.swift:63:34: warning: conditional cast from 'AppError' to 'AppError' always succeeds
            let appError = error as? AppError
                                 ^
/Users/binde/projects/classes/Molten/Tests/MoltenTests/Utilities/ValidationUtilitiesTests.swift:81:34: warning: conditional cast from 'AppError' to 'AppError' always succeeds
            let appError = error as? AppError
                                 ^
/Users/binde/projects/classes/Molten/Tests/MoltenTests/Utilities/ValidationUtilitiesTests.swift:112:34: warning: conditional cast from 'AppError' to 'AppError' always succeeds
            let appError = error as? AppError
                                 ^
/Users/binde/projects/classes/Molten/Tests/MoltenTests/Utilities/ValidationUtilitiesTests.swift:143:34: warning: conditional cast from 'AppError' to 'AppError' always succeeds
            let appError = error as? AppError
                                 ^
/Users/binde/projects/classes/Molten/Tests/MoltenTests/Utilities/ValidationUtilitiesTests.swift:172:34: warning: conditional cast from 'AppError' to 'AppError' always succeeds
            let appError = error as? AppError
                                 ^
/Users/binde/projects/classes/Molten/Tests/MoltenTests/Utilities/ValidationUtilitiesTests.swift:182:34: warning: conditional cast from 'AppError' to 'AppError' always succeeds
            let appError = error as? AppError
                                 ^
/Users/binde/projects/classes/Molten/Tests/MoltenTests/Utilities/ValidationUtilitiesTests.swift:211:34: warning: conditional cast from 'AppError' to 'AppError' always succeeds
            let appError = error as? AppError
                                 ^

SwiftCompile normal arm64 /Users/binde/projects/classes/Molten/Tests/MoltenTests/Utilities/ViewUtilitiesTests.swift (in target 'MoltenTests' from project 'Molten')
    cd /Users/binde/projects/classes
    
/Users/binde/projects/classes/Molten/Tests/MoltenTests/Utilities/ValidationUtilitiesTests.swift:63:34: warning: conditional cast from 'AppError' to 'AppError' always succeeds
            let appError = error as? AppError
                                 ^
/Users/binde/projects/classes/Molten/Tests/MoltenTests/Utilities/ValidationUtilitiesTests.swift:81:34: warning: conditional cast from 'AppError' to 'AppError' always succeeds
            let appError = error as? AppError
                                 ^
/Users/binde/projects/classes/Molten/Tests/MoltenTests/Utilities/ValidationUtilitiesTests.swift:112:34: warning: conditional cast from 'AppError' to 'AppError' always succeeds
            let appError = error as? AppError
                                 ^
/Users/binde/projects/classes/Molten/Tests/MoltenTests/Utilities/ValidationUtilitiesTests.swift:143:34: warning: conditional cast from 'AppError' to 'AppError' always succeeds
            let appError = error as? AppError
                                 ^
/Users/binde/projects/classes/Molten/Tests/MoltenTests/Utilities/ValidationUtilitiesTests.swift:172:34: warning: conditional cast from 'AppError' to 'AppError' always succeeds
            let appError = error as? AppError
                                 ^
/Users/binde/projects/classes/Molten/Tests/MoltenTests/Utilities/ValidationUtilitiesTests.swift:182:34: warning: conditional cast from 'AppError' to 'AppError' always succeeds
            let appError = error as? AppError
                                 ^
/Users/binde/projects/classes/Molten/Tests/MoltenTests/Utilities/ValidationUtilitiesTests.swift:211:34: warning: conditional cast from 'AppError' to 'AppError' always succeeds
            let appError = error as? AppError
                                 ^
/Users/binde/projects/classes/Molten/Tests/MoltenTests/Utilities/ViewUtilitiesTests.swift:62:26: warning: 'is' test is always true
        #expect(contents is [String], "Should return array of strings")
                         ^
/Users/binde/projects/classes/Molten/Tests/MoltenTests/Utilities/ViewUtilitiesTests.swift:103:23: warning: 'is' test is always true
        #expect(alert is Alert, "Should create Alert instance")
                      ^
/Users/binde/projects/classes/Molten/Tests/MoltenTests/Utilities/ViewUtilitiesTests.swift:84:20: warning: reference to captured var 'isPresented' in concurrently-executing code
            get: { isPresented },
                   ^
/Users/binde/projects/classes/Molten/Tests/MoltenTests/Utilities/ViewUtilitiesTests.swift:85:20: warning: mutation of captured var 'isPresented' in concurrently-executing code
            set: { isPresented = $0 }
                   ^
/Users/binde/projects/classes/Molten/Tests/MoltenTests/Utilities/ViewUtilitiesTests.swift:264:32: warning: comparing non-optional value of type 'some View' to 'nil' always returns true
        #expect(navigationView != nil, "Should create modified view successfully")
                ~~~~~~~~~~~~~~ ^  ~~~
/Users/binde/projects/classes/Molten/Tests/MoltenTests/Utilities/ViewUtilitiesTests.swift:281:32: warning: comparing non-optional value of type 'some View' to 'nil' always returns true
        #expect(nonLoadingView != nil, "Should create non-loading overlay view successfully")
                ~~~~~~~~~~~~~~ ^  ~~~
/Users/binde/projects/classes/Molten/Tests/MoltenTests/Utilities/ViewUtilitiesTests.swift:287:29: warning: comparing non-optional value of type 'some View' to 'nil' always returns true
        #expect(loadingView != nil, "Should create loading overlay view successfully")
                ~~~~~~~~~~~ ^  ~~~
/Users/binde/projects/classes/Molten/Tests/MoltenTests/Utilities/ViewUtilitiesTests.swift:291:36: warning: comparing non-optional value of type 'some View' to 'nil' always returns true
        #expect(defaultMessageView != nil, "Should create overlay view with default message")
                ~~~~~~~~~~~~~~~~~~ ^  ~~~

SwiftCompile normal arm64 /Users/binde/projects/classes/Molten/Tests/MoltenTests/Views/Catalog/CatalogBundleDebugViewTests.swift (in target 'MoltenTests' from project 'Molten')
    cd /Users/binde/projects/classes
    
/Users/binde/projects/classes/Molten/Tests/MoltenTests/Utilities/ValidationUtilitiesTests.swift:63:34: warning: conditional cast from 'AppError' to 'AppError' always succeeds
            let appError = error as? AppError
                                 ^
/Users/binde/projects/classes/Molten/Tests/MoltenTests/Utilities/ValidationUtilitiesTests.swift:81:34: warning: conditional cast from 'AppError' to 'AppError' always succeeds
            let appError = error as? AppError
                                 ^
/Users/binde/projects/classes/Molten/Tests/MoltenTests/Utilities/ValidationUtilitiesTests.swift:112:34: warning: conditional cast from 'AppError' to 'AppError' always succeeds
            let appError = error as? AppError
                                 ^
/Users/binde/projects/classes/Molten/Tests/MoltenTests/Utilities/ValidationUtilitiesTests.swift:143:34: warning: conditional cast from 'AppError' to 'AppError' always succeeds
            let appError = error as? AppError
                                 ^
/Users/binde/projects/classes/Molten/Tests/MoltenTests/Utilities/ValidationUtilitiesTests.swift:172:34: warning: conditional cast from 'AppError' to 'AppError' always succeeds
            let appError = error as? AppError
                                 ^
/Users/binde/projects/classes/Molten/Tests/MoltenTests/Utilities/ValidationUtilitiesTests.swift:182:34: warning: conditional cast from 'AppError' to 'AppError' always succeeds
            let appError = error as? AppError
                                 ^
/Users/binde/projects/classes/Molten/Tests/MoltenTests/Utilities/ValidationUtilitiesTests.swift:211:34: warning: conditional cast from 'AppError' to 'AppError' always succeeds
            let appError = error as? AppError
                                 ^
/Users/binde/projects/classes/Molten/Tests/MoltenTests/Views/Catalog/CatalogBundleDebugViewTests.swift:46:13: warning: initialization of immutable value 'debugView' was never used; consider replacing with assignment to '_' or removing it
        let debugView = CatalogBundleDebugView(bundleContents: testBinding)
        ~~~~^~~~~~~~~
        _
/Users/binde/projects/classes/Molten/Tests/MoltenTests/Views/Catalog/CatalogBundleDebugViewTests.swift:41:20: warning: reference to captured var 'testContents' in concurrently-executing code
            get: { testContents },
                   ^
/Users/binde/projects/classes/Molten/Tests/MoltenTests/Views/Catalog/CatalogBundleDebugViewTests.swift:42:20: warning: mutation of captured var 'testContents' in concurrently-executing code
            set: { testContents = $0 }
                   ^
/Users/binde/projects/classes/Molten/Tests/MoltenTests/Views/Catalog/CatalogBundleDebugViewTests.swift:344:13: warning: initialization of immutable value 'debugView' was never used; consider replacing with assignment to '_' or removing it
        let debugView = CatalogBundleDebugView(bundleContents: binding)
        ~~~~^~~~~~~~~
        _
/Users/binde/projects/classes/Molten/Tests/MoltenTests/Views/Catalog/CatalogBundleDebugViewTests.swift:339:20: warning: reference to captured var 'bundleContents' in concurrently-executing code
            get: { bundleContents },
                   ^
/Users/binde/projects/classes/Molten/Tests/MoltenTests/Views/Catalog/CatalogBundleDebugViewTests.swift:340:20: warning: mutation of captured var 'bundleContents' in concurrently-executing code
            set: { bundleContents = $0 }
                   ^
/Users/binde/projects/classes/Molten/Tests/MoltenTests/Views/Catalog/CatalogBundleDebugViewTests.swift:360:13: warning: initialization of immutable value 'debugView' was never used; consider replacing with assignment to '_' or removing it
        let debugView = CatalogBundleDebugView(bundleContents: binding)
        ~~~~^~~~~~~~~
        _
/Users/binde/projects/classes/Molten/Tests/MoltenTests/Views/Catalog/CatalogBundleDebugViewTests.swift:356:20: warning: reference to captured var 'dynamicContents' in concurrently-executing code
            get: { dynamicContents },
                   ^
/Users/binde/projects/classes/Molten/Tests/MoltenTests/Views/Catalog/CatalogBundleDebugViewTests.swift:357:20: warning: mutation of captured var 'dynamicContents' in concurrently-executing code
            set: { dynamicContents = $0 }
                   ^
/Users/binde/projects/classes/Molten/Tests/MoltenTests/Views/Catalog/CatalogBundleDebugViewTests.swift:389:13: warning: initialization of immutable value 'debugView' was never used; consider replacing with assignment to '_' or removing it
        let debugView = CatalogBundleDebugView(bundleContents: binding)
        ~~~~^~~~~~~~~
        _
/Users/binde/projects/classes/Molten/Tests/MoltenTests/Views/Catalog/CatalogBundleDebugViewTests.swift:384:20: warning: reference to captured var 'emptyContents' in concurrently-executing code
            get: { emptyContents },
                   ^
/Users/binde/projects/classes/Molten/Tests/MoltenTests/Views/Catalog/CatalogBundleDebugViewTests.swift:385:20: warning: mutation of captured var 'emptyContents' in concurrently-executing code
            set: { emptyContents = $0 }
                   ^

SwiftCompile normal arm64 /Users/binde/projects/classes/Molten/Tests/MoltenTests/Views/Catalog/CatalogViewDataInitializationTests.swift (in target 'MoltenTests' from project 'Molten')
    cd /Users/binde/projects/classes
    
/Users/binde/projects/classes/Molten/Tests/MoltenTests/Utilities/ValidationUtilitiesTests.swift:63:34: warning: conditional cast from 'AppError' to 'AppError' always succeeds
            let appError = error as? AppError
                                 ^
/Users/binde/projects/classes/Molten/Tests/MoltenTests/Utilities/ValidationUtilitiesTests.swift:81:34: warning: conditional cast from 'AppError' to 'AppError' always succeeds
            let appError = error as? AppError
                                 ^
/Users/binde/projects/classes/Molten/Tests/MoltenTests/Utilities/ValidationUtilitiesTests.swift:112:34: warning: conditional cast from 'AppError' to 'AppError' always succeeds
            let appError = error as? AppError
                                 ^
/Users/binde/projects/classes/Molten/Tests/MoltenTests/Utilities/ValidationUtilitiesTests.swift:143:34: warning: conditional cast from 'AppError' to 'AppError' always succeeds
            let appError = error as? AppError
                                 ^
/Users/binde/projects/classes/Molten/Tests/MoltenTests/Utilities/ValidationUtilitiesTests.swift:172:34: warning: conditional cast from 'AppError' to 'AppError' always succeeds
            let appError = error as? AppError
                                 ^
/Users/binde/projects/classes/Molten/Tests/MoltenTests/Utilities/ValidationUtilitiesTests.swift:182:34: warning: conditional cast from 'AppError' to 'AppError' always succeeds
            let appError = error as? AppError
                                 ^
/Users/binde/projects/classes/Molten/Tests/MoltenTests/Utilities/ValidationUtilitiesTests.swift:211:34: warning: conditional cast from 'AppError' to 'AppError' always succeeds
            let appError = error as? AppError
                                 ^

SwiftCompile normal arm64 /Users/binde/projects/classes/Molten/Tests/MoltenTests/Views/Catalog/GlassItemSearchSelectorTests.swift (in target 'MoltenTests' from project 'Molten')
    cd /Users/binde/projects/classes
    
/Users/binde/projects/classes/Molten/Tests/MoltenTests/Utilities/ValidationUtilitiesTests.swift:63:34: warning: conditional cast from 'AppError' to 'AppError' always succeeds
            let appError = error as? AppError
                                 ^
/Users/binde/projects/classes/Molten/Tests/MoltenTests/Utilities/ValidationUtilitiesTests.swift:81:34: warning: conditional cast from 'AppError' to 'AppError' always succeeds
            let appError = error as? AppError
                                 ^
/Users/binde/projects/classes/Molten/Tests/MoltenTests/Utilities/ValidationUtilitiesTests.swift:112:34: warning: conditional cast from 'AppError' to 'AppError' always succeeds
            let appError = error as? AppError
                                 ^
/Users/binde/projects/classes/Molten/Tests/MoltenTests/Utilities/ValidationUtilitiesTests.swift:143:34: warning: conditional cast from 'AppError' to 'AppError' always succeeds
            let appError = error as? AppError
                                 ^
/Users/binde/projects/classes/Molten/Tests/MoltenTests/Utilities/ValidationUtilitiesTests.swift:172:34: warning: conditional cast from 'AppError' to 'AppError' always succeeds
            let appError = error as? AppError
                                 ^
/Users/binde/projects/classes/Molten/Tests/MoltenTests/Utilities/ValidationUtilitiesTests.swift:182:34: warning: conditional cast from 'AppError' to 'AppError' always succeeds
            let appError = error as? AppError
                                 ^
/Users/binde/projects/classes/Molten/Tests/MoltenTests/Utilities/ValidationUtilitiesTests.swift:211:34: warning: conditional cast from 'AppError' to 'AppError' always succeeds
            let appError = error as? AppError
                                 ^

SwiftCompile normal arm64 /Users/binde/projects/classes/Molten/Tests/MoltenTests/Views/Catalog/MockCatalogViewModel.swift (in target 'MoltenTests' from project 'Molten')
    cd /Users/binde/projects/classes
    
/Users/binde/projects/classes/Molten/Tests/MoltenTests/Utilities/ValidationUtilitiesTests.swift:63:34: warning: conditional cast from 'AppError' to 'AppError' always succeeds
            let appError = error as? AppError
                                 ^
/Users/binde/projects/classes/Molten/Tests/MoltenTests/Utilities/ValidationUtilitiesTests.swift:81:34: warning: conditional cast from 'AppError' to 'AppError' always succeeds
            let appError = error as? AppError
                                 ^
/Users/binde/projects/classes/Molten/Tests/MoltenTests/Utilities/ValidationUtilitiesTests.swift:112:34: warning: conditional cast from 'AppError' to 'AppError' always succeeds
            let appError = error as? AppError
                                 ^
/Users/binde/projects/classes/Molten/Tests/MoltenTests/Utilities/ValidationUtilitiesTests.swift:143:34: warning: conditional cast from 'AppError' to 'AppError' always succeeds
            let appError = error as? AppError
                                 ^
/Users/binde/projects/classes/Molten/Tests/MoltenTests/Utilities/ValidationUtilitiesTests.swift:172:34: warning: conditional cast from 'AppError' to 'AppError' always succeeds
            let appError = error as? AppError
                                 ^
/Users/binde/projects/classes/Molten/Tests/MoltenTests/Utilities/ValidationUtilitiesTests.swift:182:34: warning: conditional cast from 'AppError' to 'AppError' always succeeds
            let appError = error as? AppError
                                 ^
/Users/binde/projects/classes/Molten/Tests/MoltenTests/Utilities/ValidationUtilitiesTests.swift:211:34: warning: conditional cast from 'AppError' to 'AppError' always succeeds
            let appError = error as? AppError
                                 ^

SwiftCompile normal arm64 /Users/binde/projects/classes/Molten/Tests/MoltenTests/Views/Inventory/AddInventoryItemViewTests.swift (in target 'MoltenTests' from project 'Molten')
    cd /Users/binde/projects/classes
    
/Users/binde/projects/classes/Molten/Tests/MoltenTests/Utilities/ValidationUtilitiesTests.swift:63:34: warning: conditional cast from 'AppError' to 'AppError' always succeeds
            let appError = error as? AppError
                                 ^
/Users/binde/projects/classes/Molten/Tests/MoltenTests/Utilities/ValidationUtilitiesTests.swift:81:34: warning: conditional cast from 'AppError' to 'AppError' always succeeds
            let appError = error as? AppError
                                 ^
/Users/binde/projects/classes/Molten/Tests/MoltenTests/Utilities/ValidationUtilitiesTests.swift:112:34: warning: conditional cast from 'AppError' to 'AppError' always succeeds
            let appError = error as? AppError
                                 ^
/Users/binde/projects/classes/Molten/Tests/MoltenTests/Utilities/ValidationUtilitiesTests.swift:143:34: warning: conditional cast from 'AppError' to 'AppError' always succeeds
            let appError = error as? AppError
                                 ^
/Users/binde/projects/classes/Molten/Tests/MoltenTests/Utilities/ValidationUtilitiesTests.swift:172:34: warning: conditional cast from 'AppError' to 'AppError' always succeeds
            let appError = error as? AppError
                                 ^
/Users/binde/projects/classes/Molten/Tests/MoltenTests/Utilities/ValidationUtilitiesTests.swift:182:34: warning: conditional cast from 'AppError' to 'AppError' always succeeds
            let appError = error as? AppError
                                 ^
/Users/binde/projects/classes/Molten/Tests/MoltenTests/Utilities/ValidationUtilitiesTests.swift:211:34: warning: conditional cast from 'AppError' to 'AppError' always succeeds
            let appError = error as? AppError
                                 ^
/Users/binde/projects/classes/Molten/Tests/MoltenTests/Views/Inventory/AddInventoryItemViewTests.swift:64:22: warning: comparing non-optional value of type 'AddInventoryItemView' to 'nil' always returns true
        #expect(view != nil)
                ~~~~ ^  ~~~
/Users/binde/projects/classes/Molten/Tests/MoltenTests/Views/Inventory/AddInventoryItemViewTests.swift:78:22: warning: comparing non-optional value of type 'AddInventoryItemView' to 'nil' always returns true
        #expect(view != nil)
                ~~~~ ^  ~~~
/Users/binde/projects/classes/Molten/Tests/MoltenTests/Views/Inventory/AddInventoryItemViewTests.swift:94:22: warning: comparing non-optional value of type 'AddInventoryItemView' to 'nil' always returns true
        #expect(view != nil)
                ~~~~ ^  ~~~
/Users/binde/projects/classes/Molten/Tests/MoltenTests/Views/Inventory/AddInventoryItemViewTests.swift:109:22: warning: comparing non-optional value of type 'AddInventoryFormView' to 'nil' always returns true
        #expect(view != nil)
                ~~~~ ^  ~~~
/Users/binde/projects/classes/Molten/Tests/MoltenTests/Views/Inventory/AddInventoryItemViewTests.swift:124:22: warning: comparing non-optional value of type 'AddInventoryFormView' to 'nil' always returns true
        #expect(view != nil)
                ~~~~ ^  ~~~
/Users/binde/projects/classes/Molten/Tests/MoltenTests/Views/Inventory/AddInventoryItemViewTests.swift:138:22: warning: comparing non-optional value of type 'AddInventoryFormView' to 'nil' always returns true
        #expect(view != nil)
                ~~~~ ^  ~~~
/Users/binde/projects/classes/Molten/Tests/MoltenTests/Views/Inventory/AddInventoryItemViewTests.swift:152:22: warning: comparing non-optional value of type 'AddInventoryFormView' to 'nil' always returns true
        #expect(view != nil)
                ~~~~ ^  ~~~
/Users/binde/projects/classes/Molten/Tests/MoltenTests/Views/Inventory/AddInventoryItemViewTests.swift:168:22: warning: comparing non-optional value of type 'AddInventoryFormView' to 'nil' always returns true
        #expect(view != nil)
                ~~~~ ^  ~~~
/Users/binde/projects/classes/Molten/Tests/MoltenTests/Views/Inventory/AddInventoryItemViewTests.swift:210:22: warning: comparing non-optional value of type 'AddInventoryFormView' to 'nil' always returns true
        #expect(view != nil)
                ~~~~ ^  ~~~
/Users/binde/projects/classes/Molten/Tests/MoltenTests/Views/Inventory/AddInventoryItemViewTests.swift:224:22: warning: comparing non-optional value of type 'AddInventoryFormView' to 'nil' always returns true
        #expect(view != nil)
                ~~~~ ^  ~~~
/Users/binde/projects/classes/Molten/Tests/MoltenTests/Views/Inventory/AddInventoryItemViewTests.swift:298:22: warning: comparing non-optional value of type 'AddInventoryFormView' to 'nil' always returns true
        #expect(view != nil)
                ~~~~ ^  ~~~
/Users/binde/projects/classes/Molten/Tests/MoltenTests/Views/Inventory/AddInventoryItemViewTests.swift:312:22: warning: comparing non-optional value of type 'AddInventoryFormView' to 'nil' always returns true
        #expect(view != nil)
                ~~~~ ^  ~~~
/Users/binde/projects/classes/Molten/Tests/MoltenTests/Views/Inventory/AddInventoryItemViewTests.swift:328:22: warning: comparing non-optional value of type 'AddInventoryFormView' to 'nil' always returns true
        #expect(view != nil)
                ~~~~ ^  ~~~
/Users/binde/projects/classes/Molten/Tests/MoltenTests/Views/Inventory/AddInventoryItemViewTests.swift:342:22: warning: comparing non-optional value of type 'AddInventoryFormView' to 'nil' always returns true
        #expect(view != nil)
                ~~~~ ^  ~~~
/Users/binde/projects/classes/Molten/Tests/MoltenTests/Views/Inventory/AddInventoryItemViewTests.swift:417:22: warning: comparing non-optional value of type 'AddInventoryFormView' to 'nil' always returns true
        #expect(view != nil)
                ~~~~ ^  ~~~
/Users/binde/projects/classes/Molten/Tests/MoltenTests/Views/Inventory/AddInventoryItemViewTests.swift:431:22: warning: comparing non-optional value of type 'AddInventoryFormView' to 'nil' always returns true
        #expect(view != nil)
                ~~~~ ^  ~~~
/Users/binde/projects/classes/Molten/Tests/MoltenTests/Views/Inventory/AddInventoryItemViewTests.swift:447:22: warning: comparing non-optional value of type 'AddInventoryFormView' to 'nil' always returns true
        #expect(view != nil)
                ~~~~ ^  ~~~
/Users/binde/projects/classes/Molten/Tests/MoltenTests/Views/Inventory/AddInventoryItemViewTests.swift:463:22: warning: comparing non-optional value of type 'AddInventoryFormView' to 'nil' always returns true
        #expect(view != nil)
                ~~~~ ^  ~~~
/Users/binde/projects/classes/Molten/Tests/MoltenTests/Views/Inventory/AddInventoryItemViewTests.swift:477:22: warning: comparing non-optional value of type 'AddInventoryFormView' to 'nil' always returns true
        #expect(view != nil)
                ~~~~ ^  ~~~
/Users/binde/projects/classes/Molten/Tests/MoltenTests/Views/Inventory/AddInventoryItemViewTests.swift:491:22: warning: comparing non-optional value of type 'AddInventoryFormView' to 'nil' always returns true
        #expect(view != nil)
                ~~~~ ^  ~~~
/Users/binde/projects/classes/Molten/Tests/MoltenTests/Views/Inventory/AddInventoryItemViewTests.swift:505:22: warning: comparing non-optional value of type 'AddInventoryFormView' to 'nil' always returns true
        #expect(view != nil)
                ~~~~ ^  ~~~
/Users/binde/projects/classes/Molten/Tests/MoltenTests/Views/Inventory/AddInventoryItemViewTests.swift:515:22: warning: comparing non-optional value of type 'TypeDisplayView' to 'nil' always returns true
        #expect(view != nil)
                ~~~~ ^  ~~~
/Users/binde/projects/classes/Molten/Tests/MoltenTests/Views/Inventory/AddInventoryItemViewTests.swift:539:22: warning: comparing non-optional value of type 'AddInventoryFormView' to 'nil' always returns true
        #expect(view != nil)
                ~~~~ ^  ~~~
/Users/binde/projects/classes/Molten/Tests/MoltenTests/Views/Inventory/AddInventoryItemViewTests.swift:553:22: warning: comparing non-optional value of type 'AddInventoryFormView' to 'nil' always returns true
        #expect(view != nil)
                ~~~~ ^  ~~~
/Users/binde/projects/classes/Molten/Tests/MoltenTests/Views/Inventory/AddInventoryItemViewTests.swift:567:22: warning: comparing non-optional value of type 'AddInventoryFormView' to 'nil' always returns true
        #expect(view != nil)
                ~~~~ ^  ~~~
/Users/binde/projects/classes/Molten/Tests/MoltenTests/Views/Inventory/AddInventoryItemViewTests.swift:583:22: warning: comparing non-optional value of type 'AddInventoryFormView' to 'nil' always returns true
        #expect(view != nil)
                ~~~~ ^  ~~~
/Users/binde/projects/classes/Molten/Tests/MoltenTests/Views/Inventory/AddInventoryItemViewTests.swift:597:22: warning: comparing non-optional value of type 'AddInventoryFormView' to 'nil' always returns true
        #expect(view != nil)
                ~~~~ ^  ~~~
/Users/binde/projects/classes/Molten/Tests/MoltenTests/Views/Inventory/AddInventoryItemViewTests.swift:611:22: warning: comparing non-optional value of type 'AddInventoryFormView' to 'nil' always returns true
        #expect(view != nil)
                ~~~~ ^  ~~~

SwiftCompile normal arm64 /Users/binde/projects/classes/Molten/Tests/MoltenTests/Views/Inventory/InventoryDetailViewTests.swift (in target 'MoltenTests' from project 'Molten')
    cd /Users/binde/projects/classes
    
/Users/binde/projects/classes/Molten/Tests/MoltenTests/Utilities/ValidationUtilitiesTests.swift:63:34: warning: conditional cast from 'AppError' to 'AppError' always succeeds
            let appError = error as? AppError
                                 ^
/Users/binde/projects/classes/Molten/Tests/MoltenTests/Utilities/ValidationUtilitiesTests.swift:81:34: warning: conditional cast from 'AppError' to 'AppError' always succeeds
            let appError = error as? AppError
                                 ^
/Users/binde/projects/classes/Molten/Tests/MoltenTests/Utilities/ValidationUtilitiesTests.swift:112:34: warning: conditional cast from 'AppError' to 'AppError' always succeeds
            let appError = error as? AppError
                                 ^
/Users/binde/projects/classes/Molten/Tests/MoltenTests/Utilities/ValidationUtilitiesTests.swift:143:34: warning: conditional cast from 'AppError' to 'AppError' always succeeds
            let appError = error as? AppError
                                 ^
/Users/binde/projects/classes/Molten/Tests/MoltenTests/Utilities/ValidationUtilitiesTests.swift:172:34: warning: conditional cast from 'AppError' to 'AppError' always succeeds
            let appError = error as? AppError
                                 ^
/Users/binde/projects/classes/Molten/Tests/MoltenTests/Utilities/ValidationUtilitiesTests.swift:182:34: warning: conditional cast from 'AppError' to 'AppError' always succeeds
            let appError = error as? AppError
                                 ^
/Users/binde/projects/classes/Molten/Tests/MoltenTests/Utilities/ValidationUtilitiesTests.swift:211:34: warning: conditional cast from 'AppError' to 'AppError' always succeeds
            let appError = error as? AppError
                                 ^
/Users/binde/projects/classes/Molten/Tests/MoltenTests/Views/Inventory/InventoryDetailViewTests.swift:62:22: warning: comparing non-optional value of type 'InventoryDetailView' to 'nil' always returns true
        #expect(view != nil)
                ~~~~ ^  ~~~
/Users/binde/projects/classes/Molten/Tests/MoltenTests/Views/Inventory/InventoryDetailViewTests.swift:87:22: warning: comparing non-optional value of type 'InventoryDetailView' to 'nil' always returns true
        #expect(view != nil)
                ~~~~ ^  ~~~
/Users/binde/projects/classes/Molten/Tests/MoltenTests/Views/Inventory/InventoryDetailViewTests.swift:107:22: warning: comparing non-optional value of type 'InventoryDetailView' to 'nil' always returns true
        #expect(view != nil)
                ~~~~ ^  ~~~
/Users/binde/projects/classes/Molten/Tests/MoltenTests/Views/Inventory/InventoryDetailViewTests.swift:151:22: warning: comparing non-optional value of type 'InventoryDetailView' to 'nil' always returns true
        #expect(view != nil)
                ~~~~ ^  ~~~
/Users/binde/projects/classes/Molten/Tests/MoltenTests/Views/Inventory/InventoryDetailViewTests.swift:178:22: warning: comparing non-optional value of type 'InventoryDetailView' to 'nil' always returns true
        #expect(view != nil)
                ~~~~ ^  ~~~
/Users/binde/projects/classes/Molten/Tests/MoltenTests/Views/Inventory/InventoryDetailViewTests.swift:222:22: warning: comparing non-optional value of type 'InventoryDetailView' to 'nil' always returns true
        #expect(view != nil)
                ~~~~ ^  ~~~
/Users/binde/projects/classes/Molten/Tests/MoltenTests/Views/Inventory/InventoryDetailViewTests.swift:250:22: warning: comparing non-optional value of type 'InventoryDetailView' to 'nil' always returns true
        #expect(view != nil)
                ~~~~ ^  ~~~
/Users/binde/projects/classes/Molten/Tests/MoltenTests/Views/Inventory/InventoryDetailViewTests.swift:275:22: warning: comparing non-optional value of type 'InventoryDetailView' to 'nil' always returns true
        #expect(view != nil)
                ~~~~ ^  ~~~
/Users/binde/projects/classes/Molten/Tests/MoltenTests/Views/Inventory/InventoryDetailViewTests.swift:294:22: warning: comparing non-optional value of type 'InventoryDetailView' to 'nil' always returns true
        #expect(view != nil)
                ~~~~ ^  ~~~
/Users/binde/projects/classes/Molten/Tests/MoltenTests/Views/Inventory/InventoryDetailViewTests.swift:337:22: warning: comparing non-optional value of type 'InventoryDetailView' to 'nil' always returns true
        #expect(view != nil)
                ~~~~ ^  ~~~
/Users/binde/projects/classes/Molten/Tests/MoltenTests/Views/Inventory/InventoryDetailViewTests.swift:349:22: warning: comparing non-optional value of type 'ShoppingListOptionsView' to 'nil' always returns true
        #expect(view != nil)
                ~~~~ ^  ~~~
/Users/binde/projects/classes/Molten/Tests/MoltenTests/Views/Inventory/InventoryDetailViewTests.swift:359:22: warning: comparing non-optional value of type 'ShoppingListOptionsView' to 'nil' always returns true
        #expect(view != nil)
                ~~~~ ^  ~~~
/Users/binde/projects/classes/Molten/Tests/MoltenTests/Views/Inventory/InventoryDetailViewTests.swift:386:22: warning: comparing non-optional value of type 'InventoryDetailView' to 'nil' always returns true
        #expect(view != nil)
                ~~~~ ^  ~~~
/Users/binde/projects/classes/Molten/Tests/MoltenTests/Views/Inventory/InventoryDetailViewTests.swift:403:22: warning: comparing non-optional value of type 'InventoryDetailView' to 'nil' always returns true
        #expect(view != nil)
                ~~~~ ^  ~~~
/Users/binde/projects/classes/Molten/Tests/MoltenTests/Views/Inventory/InventoryDetailViewTests.swift:422:22: warning: comparing non-optional value of type 'InventoryDetailView' to 'nil' always returns true
        #expect(view != nil)
                ~~~~ ^  ~~~
/Users/binde/projects/classes/Molten/Tests/MoltenTests/Views/Inventory/InventoryDetailViewTests.swift:446:22: warning: comparing non-optional value of type 'InventoryDetailView' to 'nil' always returns true
        #expect(view != nil)
                ~~~~ ^  ~~~
/Users/binde/projects/classes/Molten/Tests/MoltenTests/Views/Inventory/InventoryDetailViewTests.swift:466:22: warning: comparing non-optional value of type 'InventoryDetailView' to 'nil' always returns true
        #expect(view != nil)
                ~~~~ ^  ~~~
/Users/binde/projects/classes/Molten/Tests/MoltenTests/Views/Inventory/InventoryDetailViewTests.swift:497:22: warning: comparing non-optional value of type 'InventoryDetailView' to 'nil' always returns true
        #expect(view != nil)
                ~~~~ ^  ~~~
/Users/binde/projects/classes/Molten/Tests/MoltenTests/Views/Inventory/InventoryDetailViewTests.swift:516:22: warning: comparing non-optional value of type 'InventoryDetailView' to 'nil' always returns true
        #expect(view != nil)
                ~~~~ ^  ~~~
/Users/binde/projects/classes/Molten/Tests/MoltenTests/Views/Inventory/InventoryDetailViewTests.swift:533:25: warning: comparing non-optional value of type 'ExpandableSection<Text>' to 'nil' always returns true
        #expect(section != nil)
                ~~~~~~~ ^  ~~~
/Users/binde/projects/classes/Molten/Tests/MoltenTests/Views/Inventory/InventoryDetailViewTests.swift:554:22: warning: comparing non-optional value of type 'InventoryDetailView' to 'nil' always returns true
        #expect(view != nil)
                ~~~~ ^  ~~~
/Users/binde/projects/classes/Molten/Tests/MoltenTests/Views/Inventory/InventoryDetailViewTests.swift:577:21: warning: comparing non-optional value of type 'InventoryDetailTypeRow' to 'nil' always returns true
        #expect(row != nil)
                ~~~ ^  ~~~
/Users/binde/projects/classes/Molten/Tests/MoltenTests/Views/Inventory/InventoryDetailViewTests.swift:605:21: warning: comparing non-optional value of type 'InventoryDetailTypeRow' to 'nil' always returns true
        #expect(row != nil)
                ~~~ ^  ~~~
/Users/binde/projects/classes/Molten/Tests/MoltenTests/Views/Inventory/InventoryDetailViewTests.swift:626:21: warning: comparing non-optional value of type 'InventoryDetailTypeRow' to 'nil' always returns true
        #expect(row != nil)
                ~~~ ^  ~~~
/Users/binde/projects/classes/Molten/Tests/MoltenTests/Views/Inventory/InventoryDetailViewTests.swift:645:22: warning: comparing non-optional value of type 'InventoryDetailView' to 'nil' always returns true
        #expect(view != nil)
                ~~~~ ^  ~~~
/Users/binde/projects/classes/Molten/Tests/MoltenTests/Views/Inventory/InventoryDetailViewTests.swift:665:22: warning: comparing non-optional value of type 'InventoryDetailView' to 'nil' always returns true
        #expect(view != nil)
                ~~~~ ^  ~~~
/Users/binde/projects/classes/Molten/Tests/MoltenTests/Views/Inventory/InventoryDetailViewTests.swift:680:22: warning: comparing non-optional value of type 'InventoryStorageDetailView' to 'nil' always returns true
        #expect(view != nil)
                ~~~~ ^  ~~~
/Users/binde/projects/classes/Molten/Tests/MoltenTests/Views/Inventory/InventoryDetailViewTests.swift:728:22: warning: comparing non-optional value of type 'InventoryDetailView' to 'nil' always returns true
        #expect(view != nil)
                ~~~~ ^  ~~~
/Users/binde/projects/classes/Molten/Tests/MoltenTests/Views/Inventory/InventoryDetailViewTests.swift:747:22: warning: comparing non-optional value of type 'InventoryDetailView' to 'nil' always returns true
        #expect(view != nil)
                ~~~~ ^  ~~~
/Users/binde/projects/classes/Molten/Tests/MoltenTests/Views/Inventory/InventoryDetailViewTests.swift:778:22: warning: comparing non-optional value of type 'InventoryDetailView' to 'nil' always returns true
        #expect(view != nil)
                ~~~~ ^  ~~~
/Users/binde/projects/classes/Molten/Tests/MoltenTests/Views/Inventory/InventoryDetailViewTests.swift:809:22: warning: comparing non-optional value of type 'InventoryDetailView' to 'nil' always returns true
        #expect(view != nil)
                ~~~~ ^  ~~~
/Users/binde/projects/classes/Molten/Tests/MoltenTests/Views/Inventory/InventoryDetailViewTests.swift:847:22: warning: comparing non-optional value of type 'InventoryDetailView' to 'nil' always returns true
        #expect(view != nil)
                ~~~~ ^  ~~~
/Users/binde/projects/classes/Molten/Tests/MoltenTests/Views/Inventory/InventoryDetailViewTests.swift:865:22: warning: comparing non-optional value of type 'InventoryDetailView' to 'nil' always returns true
        #expect(view != nil)
                ~~~~ ^  ~~~
/Users/binde/projects/classes/Molten/Tests/MoltenTests/Views/Inventory/InventoryDetailViewTests.swift:961:22: warning: comparing non-optional value of type 'InventoryDetailView' to 'nil' always returns true
        #expect(view != nil)
                ~~~~ ^  ~~~

SwiftCompile normal arm64 /Users/binde/projects/classes/Molten/Tests/MoltenTests/Views/Inventory/InventoryDetailViewUserNotesTests.swift (in target 'MoltenTests' from project 'Molten')
    cd /Users/binde/projects/classes
    
/Users/binde/projects/classes/Molten/Tests/MoltenTests/Utilities/ValidationUtilitiesTests.swift:63:34: warning: conditional cast from 'AppError' to 'AppError' always succeeds
            let appError = error as? AppError
                                 ^
/Users/binde/projects/classes/Molten/Tests/MoltenTests/Utilities/ValidationUtilitiesTests.swift:81:34: warning: conditional cast from 'AppError' to 'AppError' always succeeds
            let appError = error as? AppError
                                 ^
/Users/binde/projects/classes/Molten/Tests/MoltenTests/Utilities/ValidationUtilitiesTests.swift:112:34: warning: conditional cast from 'AppError' to 'AppError' always succeeds
            let appError = error as? AppError
                                 ^
/Users/binde/projects/classes/Molten/Tests/MoltenTests/Utilities/ValidationUtilitiesTests.swift:143:34: warning: conditional cast from 'AppError' to 'AppError' always succeeds
            let appError = error as? AppError
                                 ^
/Users/binde/projects/classes/Molten/Tests/MoltenTests/Utilities/ValidationUtilitiesTests.swift:172:34: warning: conditional cast from 'AppError' to 'AppError' always succeeds
            let appError = error as? AppError
                                 ^
/Users/binde/projects/classes/Molten/Tests/MoltenTests/Utilities/ValidationUtilitiesTests.swift:182:34: warning: conditional cast from 'AppError' to 'AppError' always succeeds
            let appError = error as? AppError
                                 ^
/Users/binde/projects/classes/Molten/Tests/MoltenTests/Utilities/ValidationUtilitiesTests.swift:211:34: warning: conditional cast from 'AppError' to 'AppError' always succeeds
            let appError = error as? AppError
                                 ^
/Users/binde/projects/classes/Molten/Tests/MoltenTests/Views/Inventory/InventoryDetailViewUserNotesTests.swift:56:28: warning: comparing non-optional value of type 'InventoryDetailView' to 'nil' always returns true
        #expect(detailView != nil, "InventoryDetailView should accept UserNotesRepository via dependency injection")
                ~~~~~~~~~~ ^  ~~~
/Users/binde/projects/classes/Molten/Tests/MoltenTests/Views/Inventory/InventoryDetailViewUserNotesTests.swift:45:26: warning: call to main actor-isolated initializer 'init(item:inventoryTrackingService:catalogService:userNotesRepository:userTagsRepository:shoppingListRepository:locationService:userImageRepository:kilnScheduleService:glassItemRepository:)' in a synchronous nonisolated context
        let detailView = InventoryDetailView(
                         ^
Molten.InventoryDetailView.init:2:21: note: calls to initializer 'init(item:inventoryTrackingService:catalogService:userNotesRepository:userTagsRepository:shoppingListRepository:locationService:userImageRepository:kilnScheduleService:glassItemRepository:)' from outside of its actor context are implicitly asynchronous
@MainActor internal init(item: Molten.CompleteInventoryItemModel, inventoryTrackingService: Molten.InventoryTrackingService? = nil, catalogService: Molten.CatalogService? = nil, userNotesRepository: any Molten.UserNotesRepository, userTagsRepository: any Molten.UserTagsRepository, shoppingListRepository: any Molten.ShoppingListRepository, locationService: Molten.UnifiedLocationService = RepositoryFactory.createUnifiedLocationService(), userImageRepository: any Molten.UserImageRepository, kilnScheduleService: Molten.KilnScheduleService, glassItemRepository: any Molten.GlassItemRepository)}
                    ^
/Users/binde/projects/classes/Molten/Tests/MoltenTests/Views/Inventory/InventoryDetailViewUserNotesTests.swift:25:10: note: add '@MainActor' to make instance method 'testInventoryDetailViewAcceptsUserNotesRepository()' part of global actor 'MainActor'
    func testInventoryDetailViewAcceptsUserNotesRepository() {
         ^
/Users/binde/projects/classes/Molten/Tests/MoltenTests/Views/Inventory/InventoryDetailViewUserNotesTests.swift:88:28: warning: comparing non-optional value of type 'InventoryDetailView' to 'nil' always returns true
        #expect(detailView != nil, "InventoryDetailView should show add note button when no notes exist")
                ~~~~~~~~~~ ^  ~~~
/Users/binde/projects/classes/Molten/Tests/MoltenTests/Views/Inventory/InventoryDetailViewUserNotesTests.swift:77:26: warning: call to main actor-isolated initializer 'init(item:inventoryTrackingService:catalogService:userNotesRepository:userTagsRepository:shoppingListRepository:locationService:userImageRepository:kilnScheduleService:glassItemRepository:)' in a synchronous nonisolated context
        let detailView = InventoryDetailView(
                         ^
Molten.InventoryDetailView.init:2:21: note: calls to initializer 'init(item:inventoryTrackingService:catalogService:userNotesRepository:userTagsRepository:shoppingListRepository:locationService:userImageRepository:kilnScheduleService:glassItemRepository:)' from outside of its actor context are implicitly asynchronous
@MainActor internal init(item: Molten.CompleteInventoryItemModel, inventoryTrackingService: Molten.InventoryTrackingService? = nil, catalogService: Molten.CatalogService? = nil, userNotesRepository: any Molten.UserNotesRepository, userTagsRepository: any Molten.UserTagsRepository, shoppingListRepository: any Molten.ShoppingListRepository, locationService: Molten.UnifiedLocationService = RepositoryFactory.createUnifiedLocationService(), userImageRepository: any Molten.UserImageRepository, kilnScheduleService: Molten.KilnScheduleService, glassItemRepository: any Molten.GlassItemRepository)}
                    ^
/Users/binde/projects/classes/Molten/Tests/MoltenTests/Views/Inventory/InventoryDetailViewUserNotesTests.swift:60:10: note: add '@MainActor' to make instance method 'testInventoryDetailViewShowsAddNoteButton()' part of global actor 'MainActor'
    func testInventoryDetailViewShowsAddNoteButton() {
         ^
/Users/binde/projects/classes/Molten/Tests/MoltenTests/Views/Inventory/InventoryDetailViewUserNotesTests.swift:123:28: warning: comparing non-optional value of type 'InventoryDetailView' to 'nil' always returns true
        #expect(detailView != nil, "InventoryDetailView should handle special characters in notes")
                ~~~~~~~~~~ ^  ~~~
/Users/binde/projects/classes/Molten/Tests/MoltenTests/Views/Inventory/InventoryDetailViewUserNotesTests.swift:112:26: warning: call to main actor-isolated initializer 'init(item:inventoryTrackingService:catalogService:userNotesRepository:userTagsRepository:shoppingListRepository:locationService:userImageRepository:kilnScheduleService:glassItemRepository:)' in a synchronous nonisolated context
        let detailView = InventoryDetailView(
                         ^
Molten.InventoryDetailView.init:2:21: note: calls to initializer 'init(item:inventoryTrackingService:catalogService:userNotesRepository:userTagsRepository:shoppingListRepository:locationService:userImageRepository:kilnScheduleService:glassItemRepository:)' from outside of its actor context are implicitly asynchronous
@MainActor internal init(item: Molten.CompleteInventoryItemModel, inventoryTrackingService: Molten.InventoryTrackingService? = nil, catalogService: Molten.CatalogService? = nil, userNotesRepository: any Molten.UserNotesRepository, userTagsRepository: any Molten.UserTagsRepository, shoppingListRepository: any Molten.ShoppingListRepository, locationService: Molten.UnifiedLocationService = RepositoryFactory.createUnifiedLocationService(), userImageRepository: any Molten.UserImageRepository, kilnScheduleService: Molten.KilnScheduleService, glassItemRepository: any Molten.GlassItemRepository)}
                    ^
/Users/binde/projects/classes/Molten/Tests/MoltenTests/Views/Inventory/InventoryDetailViewUserNotesTests.swift:92:10: note: add '@MainActor' to make instance method 'testInventoryDetailViewHandlesSpecialCharactersInNotes()' part of global actor 'MainActor'
    func testInventoryDetailViewHandlesSpecialCharactersInNotes() {
         ^
/Users/binde/projects/classes/Molten/Tests/MoltenTests/Views/Inventory/InventoryDetailViewUserNotesTests.swift:155:28: warning: comparing non-optional value of type 'InventoryDetailView' to 'nil' always returns true
        #expect(detailView != nil, "InventoryDetailView should handle long notes with expansion")
                ~~~~~~~~~~ ^  ~~~
/Users/binde/projects/classes/Molten/Tests/MoltenTests/Views/Inventory/InventoryDetailViewUserNotesTests.swift:144:26: warning: call to main actor-isolated initializer 'init(item:inventoryTrackingService:catalogService:userNotesRepository:userTagsRepository:shoppingListRepository:locationService:userImageRepository:kilnScheduleService:glassItemRepository:)' in a synchronous nonisolated context
        let detailView = InventoryDetailView(
                         ^
Molten.InventoryDetailView.init:2:21: note: calls to initializer 'init(item:inventoryTrackingService:catalogService:userNotesRepository:userTagsRepository:shoppingListRepository:locationService:userImageRepository:kilnScheduleService:glassItemRepository:)' from outside of its actor context are implicitly asynchronous
@MainActor internal init(item: Molten.CompleteInventoryItemModel, inventoryTrackingService: Molten.InventoryTrackingService? = nil, catalogService: Molten.CatalogService? = nil, userNotesRepository: any Molten.UserNotesRepository, userTagsRepository: any Molten.UserTagsRepository, shoppingListRepository: any Molten.ShoppingListRepository, locationService: Molten.UnifiedLocationService = RepositoryFactory.createUnifiedLocationService(), userImageRepository: any Molten.UserImageRepository, kilnScheduleService: Molten.KilnScheduleService, glassItemRepository: any Molten.GlassItemRepository)}
                    ^
/Users/binde/projects/classes/Molten/Tests/MoltenTests/Views/Inventory/InventoryDetailViewUserNotesTests.swift:127:10: note: add '@MainActor' to make instance method 'testInventoryDetailViewHandlesLongNotes()' part of global actor 'MainActor'
    func testInventoryDetailViewHandlesLongNotes() {
         ^
/Users/binde/projects/classes/Molten/Tests/MoltenTests/Views/Inventory/InventoryDetailViewUserNotesTests.swift:187:28: warning: comparing non-optional value of type 'InventoryDetailView' to 'nil' always returns true
        #expect(detailView != nil, "InventoryDetailView should handle empty notes")
                ~~~~~~~~~~ ^  ~~~
/Users/binde/projects/classes/Molten/Tests/MoltenTests/Views/Inventory/InventoryDetailViewUserNotesTests.swift:176:26: warning: call to main actor-isolated initializer 'init(item:inventoryTrackingService:catalogService:userNotesRepository:userTagsRepository:shoppingListRepository:locationService:userImageRepository:kilnScheduleService:glassItemRepository:)' in a synchronous nonisolated context
        let detailView = InventoryDetailView(
                         ^
Molten.InventoryDetailView.init:2:21: note: calls to initializer 'init(item:inventoryTrackingService:catalogService:userNotesRepository:userTagsRepository:shoppingListRepository:locationService:userImageRepository:kilnScheduleService:glassItemRepository:)' from outside of its actor context are implicitly asynchronous
@MainActor internal init(item: Molten.CompleteInventoryItemModel, inventoryTrackingService: Molten.InventoryTrackingService? = nil, catalogService: Molten.CatalogService? = nil, userNotesRepository: any Molten.UserNotesRepository, userTagsRepository: any Molten.UserTagsRepository, shoppingListRepository: any Molten.ShoppingListRepository, locationService: Molten.UnifiedLocationService = RepositoryFactory.createUnifiedLocationService(), userImageRepository: any Molten.UserImageRepository, kilnScheduleService: Molten.KilnScheduleService, glassItemRepository: any Molten.GlassItemRepository)}
                    ^
/Users/binde/projects/classes/Molten/Tests/MoltenTests/Views/Inventory/InventoryDetailViewUserNotesTests.swift:159:10: note: add '@MainActor' to make instance method 'testInventoryDetailViewHandlesEmptyNotes()' part of global actor 'MainActor'
    func testInventoryDetailViewHandlesEmptyNotes() {
         ^
/Users/binde/projects/classes/Molten/Tests/MoltenTests/Views/Inventory/InventoryDetailViewUserNotesTests.swift:221:28: warning: comparing non-optional value of type 'InventoryDetailView' to 'nil' always returns true
        #expect(detailView != nil, "InventoryDetailView should support editing notes")
                ~~~~~~~~~~ ^  ~~~
/Users/binde/projects/classes/Molten/Tests/MoltenTests/Views/Inventory/InventoryDetailViewUserNotesTests.swift:210:26: warning: call to main actor-isolated initializer 'init(item:inventoryTrackingService:catalogService:userNotesRepository:userTagsRepository:shoppingListRepository:locationService:userImageRepository:kilnScheduleService:glassItemRepository:)' in a synchronous nonisolated context
        let detailView = InventoryDetailView(
                         ^
Molten.InventoryDetailView.init:2:21: note: calls to initializer 'init(item:inventoryTrackingService:catalogService:userNotesRepository:userTagsRepository:shoppingListRepository:locationService:userImageRepository:kilnScheduleService:glassItemRepository:)' from outside of its actor context are implicitly asynchronous
@MainActor internal init(item: Molten.CompleteInventoryItemModel, inventoryTrackingService: Molten.InventoryTrackingService? = nil, catalogService: Molten.CatalogService? = nil, userNotesRepository: any Molten.UserNotesRepository, userTagsRepository: any Molten.UserTagsRepository, shoppingListRepository: any Molten.ShoppingListRepository, locationService: Molten.UnifiedLocationService = RepositoryFactory.createUnifiedLocationService(), userImageRepository: any Molten.UserImageRepository, kilnScheduleService: Molten.KilnScheduleService, glassItemRepository: any Molten.GlassItemRepository)}
                    ^
/Users/binde/projects/classes/Molten/Tests/MoltenTests/Views/Inventory/InventoryDetailViewUserNotesTests.swift:191:10: note: add '@MainActor' to make instance method 'testInventoryDetailViewAllowsEditingNotes()' part of global actor 'MainActor'
    func testInventoryDetailViewAllowsEditingNotes() {
         ^
/Users/binde/projects/classes/Molten/Tests/MoltenTests/Views/Inventory/InventoryDetailViewUserNotesTests.swift:253:28: warning: comparing non-optional value of type 'InventoryDetailView' to 'nil' always returns true
        #expect(detailView != nil, "InventoryDetailView should show notes in expandable section")
                ~~~~~~~~~~ ^  ~~~
/Users/binde/projects/classes/Molten/Tests/MoltenTests/Views/Inventory/InventoryDetailViewUserNotesTests.swift:242:26: warning: call to main actor-isolated initializer 'init(item:inventoryTrackingService:catalogService:userNotesRepository:userTagsRepository:shoppingListRepository:locationService:userImageRepository:kilnScheduleService:glassItemRepository:)' in a synchronous nonisolated context
        let detailView = InventoryDetailView(
                         ^
Molten.InventoryDetailView.init:2:21: note: calls to initializer 'init(item:inventoryTrackingService:catalogService:userNotesRepository:userTagsRepository:shoppingListRepository:locationService:userImageRepository:kilnScheduleService:glassItemRepository:)' from outside of its actor context are implicitly asynchronous
@MainActor internal init(item: Molten.CompleteInventoryItemModel, inventoryTrackingService: Molten.InventoryTrackingService? = nil, catalogService: Molten.CatalogService? = nil, userNotesRepository: any Molten.UserNotesRepository, userTagsRepository: any Molten.UserTagsRepository, shoppingListRepository: any Molten.ShoppingListRepository, locationService: Molten.UnifiedLocationService = RepositoryFactory.createUnifiedLocationService(), userImageRepository: any Molten.UserImageRepository, kilnScheduleService: Molten.KilnScheduleService, glassItemRepository: any Molten.GlassItemRepository)}
                    ^
/Users/binde/projects/classes/Molten/Tests/MoltenTests/Views/Inventory/InventoryDetailViewUserNotesTests.swift:225:10: note: add '@MainActor' to make instance method 'testInventoryDetailViewShowsNotesInExpandableSection()' part of global actor 'MainActor'
    func testInventoryDetailViewShowsNotesInExpandableSection() {
         ^
/Users/binde/projects/classes/Molten/Tests/MoltenTests/Views/Inventory/InventoryDetailViewUserNotesTests.swift:285:28: warning: comparing non-optional value of type 'InventoryDetailView' to 'nil' always returns true
        #expect(detailView != nil, "InventoryDetailView should maintain consistent notes styling")
                ~~~~~~~~~~ ^  ~~~
/Users/binde/projects/classes/Molten/Tests/MoltenTests/Views/Inventory/InventoryDetailViewUserNotesTests.swift:274:26: warning: call to main actor-isolated initializer 'init(item:inventoryTrackingService:catalogService:userNotesRepository:userTagsRepository:shoppingListRepository:locationService:userImageRepository:kilnScheduleService:glassItemRepository:)' in a synchronous nonisolated context
        let detailView = InventoryDetailView(
                         ^
Molten.InventoryDetailView.init:2:21: note: calls to initializer 'init(item:inventoryTrackingService:catalogService:userNotesRepository:userTagsRepository:shoppingListRepository:locationService:userImageRepository:kilnScheduleService:glassItemRepository:)' from outside of its actor context are implicitly asynchronous
@MainActor internal init(item: Molten.CompleteInventoryItemModel, inventoryTrackingService: Molten.InventoryTrackingService? = nil, catalogService: Molten.CatalogService? = nil, userNotesRepository: any Molten.UserNotesRepository, userTagsRepository: any Molten.UserTagsRepository, shoppingListRepository: any Molten.ShoppingListRepository, locationService: Molten.UnifiedLocationService = RepositoryFactory.createUnifiedLocationService(), userImageRepository: any Molten.UserImageRepository, kilnScheduleService: Molten.KilnScheduleService, glassItemRepository: any Molten.GlassItemRepository)}
                    ^
/Users/binde/projects/classes/Molten/Tests/MoltenTests/Views/Inventory/InventoryDetailViewUserNotesTests.swift:257:10: note: add '@MainActor' to make instance method 'testInventoryDetailViewNotesStyleConsistency()' part of global actor 'MainActor'
    func testInventoryDetailViewNotesStyleConsistency() {
         ^
/Users/binde/projects/classes/Molten/Tests/MoltenTests/Views/Inventory/InventoryDetailViewUserNotesTests.swift:317:28: warning: comparing non-optional value of type 'InventoryDetailView' to 'nil' always returns true
        #expect(detailView != nil, "InventoryDetailView should reload notes after editing")
                ~~~~~~~~~~ ^  ~~~
/Users/binde/projects/classes/Molten/Tests/MoltenTests/Views/Inventory/InventoryDetailViewUserNotesTests.swift:306:26: warning: call to main actor-isolated initializer 'init(item:inventoryTrackingService:catalogService:userNotesRepository:userTagsRepository:shoppingListRepository:locationService:userImageRepository:kilnScheduleService:glassItemRepository:)' in a synchronous nonisolated context
        let detailView = InventoryDetailView(
                         ^
Molten.InventoryDetailView.init:2:21: note: calls to initializer 'init(item:inventoryTrackingService:catalogService:userNotesRepository:userTagsRepository:shoppingListRepository:locationService:userImageRepository:kilnScheduleService:glassItemRepository:)' from outside of its actor context are implicitly asynchronous
@MainActor internal init(item: Molten.CompleteInventoryItemModel, inventoryTrackingService: Molten.InventoryTrackingService? = nil, catalogService: Molten.CatalogService? = nil, userNotesRepository: any Molten.UserNotesRepository, userTagsRepository: any Molten.UserTagsRepository, shoppingListRepository: any Molten.ShoppingListRepository, locationService: Molten.UnifiedLocationService = RepositoryFactory.createUnifiedLocationService(), userImageRepository: any Molten.UserImageRepository, kilnScheduleService: Molten.KilnScheduleService, glassItemRepository: any Molten.GlassItemRepository)}
                    ^
/Users/binde/projects/classes/Molten/Tests/MoltenTests/Views/Inventory/InventoryDetailViewUserNotesTests.swift:289:10: note: add '@MainActor' to make instance method 'testInventoryDetailViewReloadsNotesAfterEditing()' part of global actor 'MainActor'
    func testInventoryDetailViewReloadsNotesAfterEditing() {
         ^
/Users/binde/projects/classes/Molten/Tests/MoltenTests/Views/Inventory/InventoryDetailViewUserNotesTests.swift:349:28: warning: comparing non-optional value of type 'InventoryDetailView' to 'nil' always returns true
        #expect(detailView != nil, "InventoryDetailView should handle notes loading errors gracefully")
                ~~~~~~~~~~ ^  ~~~
/Users/binde/projects/classes/Molten/Tests/MoltenTests/Views/Inventory/InventoryDetailViewUserNotesTests.swift:338:26: warning: call to main actor-isolated initializer 'init(item:inventoryTrackingService:catalogService:userNotesRepository:userTagsRepository:shoppingListRepository:locationService:userImageRepository:kilnScheduleService:glassItemRepository:)' in a synchronous nonisolated context
        let detailView = InventoryDetailView(
                         ^
Molten.InventoryDetailView.init:2:21: note: calls to initializer 'init(item:inventoryTrackingService:catalogService:userNotesRepository:userTagsRepository:shoppingListRepository:locationService:userImageRepository:kilnScheduleService:glassItemRepository:)' from outside of its actor context are implicitly asynchronous
@MainActor internal init(item: Molten.CompleteInventoryItemModel, inventoryTrackingService: Molten.InventoryTrackingService? = nil, catalogService: Molten.CatalogService? = nil, userNotesRepository: any Molten.UserNotesRepository, userTagsRepository: any Molten.UserTagsRepository, shoppingListRepository: any Molten.ShoppingListRepository, locationService: Molten.UnifiedLocationService = RepositoryFactory.createUnifiedLocationService(), userImageRepository: any Molten.UserImageRepository, kilnScheduleService: Molten.KilnScheduleService, glassItemRepository: any Molten.GlassItemRepository)}
                    ^
/Users/binde/projects/classes/Molten/Tests/MoltenTests/Views/Inventory/InventoryDetailViewUserNotesTests.swift:321:10: note: add '@MainActor' to make instance method 'testInventoryDetailViewHandlesNotesLoadingErrors()' part of global actor 'MainActor'
    func testInventoryDetailViewHandlesNotesLoadingErrors() {
         ^

SwiftCompile normal arm64 /Users/binde/projects/classes/Molten/Tests/MoltenTests/Views/Inventory/InventoryItemDetailViewTests.swift (in target 'MoltenTests' from project 'Molten')
    cd /Users/binde/projects/classes
    
/Users/binde/projects/classes/Molten/Tests/MoltenTests/Utilities/ValidationUtilitiesTests.swift:63:34: warning: conditional cast from 'AppError' to 'AppError' always succeeds
            let appError = error as? AppError
                                 ^
/Users/binde/projects/classes/Molten/Tests/MoltenTests/Utilities/ValidationUtilitiesTests.swift:81:34: warning: conditional cast from 'AppError' to 'AppError' always succeeds
            let appError = error as? AppError
                                 ^
/Users/binde/projects/classes/Molten/Tests/MoltenTests/Utilities/ValidationUtilitiesTests.swift:112:34: warning: conditional cast from 'AppError' to 'AppError' always succeeds
            let appError = error as? AppError
                                 ^
/Users/binde/projects/classes/Molten/Tests/MoltenTests/Utilities/ValidationUtilitiesTests.swift:143:34: warning: conditional cast from 'AppError' to 'AppError' always succeeds
            let appError = error as? AppError
                                 ^
/Users/binde/projects/classes/Molten/Tests/MoltenTests/Utilities/ValidationUtilitiesTests.swift:172:34: warning: conditional cast from 'AppError' to 'AppError' always succeeds
            let appError = error as? AppError
                                 ^
/Users/binde/projects/classes/Molten/Tests/MoltenTests/Utilities/ValidationUtilitiesTests.swift:182:34: warning: conditional cast from 'AppError' to 'AppError' always succeeds
            let appError = error as? AppError
                                 ^
/Users/binde/projects/classes/Molten/Tests/MoltenTests/Utilities/ValidationUtilitiesTests.swift:211:34: warning: conditional cast from 'AppError' to 'AppError' always succeeds
            let appError = error as? AppError
                                 ^
/Users/binde/projects/classes/Molten/Tests/MoltenTests/Views/Inventory/InventoryItemDetailViewTests.swift:63:28: warning: comparing non-optional value of type 'InventoryDetailView' to 'nil' always returns true
        #expect(detailView != nil, "InventoryDetailView should accept CompleteInventoryItemModel via dependency injection")
                ~~~~~~~~~~ ^  ~~~
/Users/binde/projects/classes/Molten/Tests/MoltenTests/Views/Inventory/InventoryItemDetailViewTests.swift:52:26: warning: call to main actor-isolated initializer 'init(item:inventoryTrackingService:catalogService:userNotesRepository:userTagsRepository:shoppingListRepository:locationService:userImageRepository:kilnScheduleService:glassItemRepository:)' in a synchronous nonisolated context
        let detailView = InventoryDetailView(
                         ^
Molten.InventoryDetailView.init:2:21: note: calls to initializer 'init(item:inventoryTrackingService:catalogService:userNotesRepository:userTagsRepository:shoppingListRepository:locationService:userImageRepository:kilnScheduleService:glassItemRepository:)' from outside of its actor context are implicitly asynchronous
@MainActor internal init(item: Molten.CompleteInventoryItemModel, inventoryTrackingService: Molten.InventoryTrackingService? = nil, catalogService: Molten.CatalogService? = nil, userNotesRepository: any Molten.UserNotesRepository, userTagsRepository: any Molten.UserTagsRepository, shoppingListRepository: any Molten.ShoppingListRepository, locationService: Molten.UnifiedLocationService = RepositoryFactory.createUnifiedLocationService(), userImageRepository: any Molten.UserImageRepository, kilnScheduleService: Molten.KilnScheduleService, glassItemRepository: any Molten.GlassItemRepository)}
                    ^
/Users/binde/projects/classes/Molten/Tests/MoltenTests/Views/Inventory/InventoryItemDetailViewTests.swift:26:10: note: add '@MainActor' to make instance method 'testInventoryDetailViewUsesBusinessModel()' part of global actor 'MainActor'
    func testInventoryDetailViewUsesBusinessModel() {
         ^
/Users/binde/projects/classes/Molten/Tests/MoltenTests/Views/Inventory/InventoryItemDetailViewTests.swift:108:28: warning: comparing non-optional value of type 'InventoryDetailView' to 'nil' always returns true
        #expect(detailView != nil, "InventoryDetailView should work without Core Data context when using business models")
                ~~~~~~~~~~ ^  ~~~
/Users/binde/projects/classes/Molten/Tests/MoltenTests/Views/Inventory/InventoryItemDetailViewTests.swift:96:26: warning: call to main actor-isolated initializer 'init(item:inventoryTrackingService:catalogService:userNotesRepository:userTagsRepository:shoppingListRepository:locationService:userImageRepository:kilnScheduleService:glassItemRepository:)' in a synchronous nonisolated context
        let detailView = InventoryDetailView(
                         ^
Molten.InventoryDetailView.init:2:21: note: calls to initializer 'init(item:inventoryTrackingService:catalogService:userNotesRepository:userTagsRepository:shoppingListRepository:locationService:userImageRepository:kilnScheduleService:glassItemRepository:)' from outside of its actor context are implicitly asynchronous
@MainActor internal init(item: Molten.CompleteInventoryItemModel, inventoryTrackingService: Molten.InventoryTrackingService? = nil, catalogService: Molten.CatalogService? = nil, userNotesRepository: any Molten.UserNotesRepository, userTagsRepository: any Molten.UserTagsRepository, shoppingListRepository: any Molten.ShoppingListRepository, locationService: Molten.UnifiedLocationService = RepositoryFactory.createUnifiedLocationService(), userImageRepository: any Molten.UserImageRepository, kilnScheduleService: Molten.KilnScheduleService, glassItemRepository: any Molten.GlassItemRepository)}
                    ^
/Users/binde/projects/classes/Molten/Tests/MoltenTests/Views/Inventory/InventoryItemDetailViewTests.swift:67:10: note: add '@MainActor' to make instance method 'testInventoryDetailViewWorksWithoutCoreDataContext()' part of global actor 'MainActor'
    func testInventoryDetailViewWorksWithoutCoreDataContext() {
         ^
/Users/binde/projects/classes/Molten/Tests/MoltenTests/Views/Inventory/InventoryItemDetailViewTests.swift:152:28: warning: comparing non-optional value of type 'InventoryDetailView' to 'nil' always returns true
        #expect(detailView != nil, "InventoryDetailView should accept InventoryTrackingService for repository operations")
                ~~~~~~~~~~ ^  ~~~
/Users/binde/projects/classes/Molten/Tests/MoltenTests/Views/Inventory/InventoryItemDetailViewTests.swift:140:26: warning: call to main actor-isolated initializer 'init(item:inventoryTrackingService:catalogService:userNotesRepository:userTagsRepository:shoppingListRepository:locationService:userImageRepository:kilnScheduleService:glassItemRepository:)' in a synchronous nonisolated context
        let detailView = InventoryDetailView(
                         ^
Molten.InventoryDetailView.init:2:21: note: calls to initializer 'init(item:inventoryTrackingService:catalogService:userNotesRepository:userTagsRepository:shoppingListRepository:locationService:userImageRepository:kilnScheduleService:glassItemRepository:)' from outside of its actor context are implicitly asynchronous
@MainActor internal init(item: Molten.CompleteInventoryItemModel, inventoryTrackingService: Molten.InventoryTrackingService? = nil, catalogService: Molten.CatalogService? = nil, userNotesRepository: any Molten.UserNotesRepository, userTagsRepository: any Molten.UserTagsRepository, shoppingListRepository: any Molten.ShoppingListRepository, locationService: Molten.UnifiedLocationService = RepositoryFactory.createUnifiedLocationService(), userImageRepository: any Molten.UserImageRepository, kilnScheduleService: Molten.KilnScheduleService, glassItemRepository: any Molten.GlassItemRepository)}
                    ^
/Users/binde/projects/classes/Molten/Tests/MoltenTests/Views/Inventory/InventoryItemDetailViewTests.swift:112:10: note: add '@MainActor' to make instance method 'testInventoryDetailViewAcceptsInventoryTrackingService()' part of global actor 'MainActor'
    func testInventoryDetailViewAcceptsInventoryTrackingService() {
         ^
/Users/binde/projects/classes/Molten/Tests/MoltenTests/Views/Inventory/InventoryItemDetailViewTests.swift:187:28: warning: comparing non-optional value of type 'InventoryDetailView' to 'nil' always returns true
        #expect(detailView != nil, "InventoryDetailView should handle invalid URLs gracefully")
                ~~~~~~~~~~ ^  ~~~
/Users/binde/projects/classes/Molten/Tests/MoltenTests/Views/Inventory/InventoryItemDetailViewTests.swift:176:26: warning: call to main actor-isolated initializer 'init(item:inventoryTrackingService:catalogService:userNotesRepository:userTagsRepository:shoppingListRepository:locationService:userImageRepository:kilnScheduleService:glassItemRepository:)' in a synchronous nonisolated context
        let detailView = InventoryDetailView(
                         ^
Molten.InventoryDetailView.init:2:21: note: calls to initializer 'init(item:inventoryTrackingService:catalogService:userNotesRepository:userTagsRepository:shoppingListRepository:locationService:userImageRepository:kilnScheduleService:glassItemRepository:)' from outside of its actor context are implicitly asynchronous
@MainActor internal init(item: Molten.CompleteInventoryItemModel, inventoryTrackingService: Molten.InventoryTrackingService? = nil, catalogService: Molten.CatalogService? = nil, userNotesRepository: any Molten.UserNotesRepository, userTagsRepository: any Molten.UserTagsRepository, shoppingListRepository: any Molten.ShoppingListRepository, locationService: Molten.UnifiedLocationService = RepositoryFactory.createUnifiedLocationService(), userImageRepository: any Molten.UserImageRepository, kilnScheduleService: Molten.KilnScheduleService, glassItemRepository: any Molten.GlassItemRepository)}
                    ^
/Users/binde/projects/classes/Molten/Tests/MoltenTests/Views/Inventory/InventoryItemDetailViewTests.swift:156:10: note: add '@MainActor' to make instance method 'testInventoryDetailViewHandlesInvalidURLs()' part of global actor 'MainActor'
    func testInventoryDetailViewHandlesInvalidURLs() {
         ^
/Users/binde/projects/classes/Molten/Tests/MoltenTests/Views/Inventory/InventoryItemDetailViewTests.swift:220:28: warning: comparing non-optional value of type 'InventoryDetailView' to 'nil' always returns true
        #expect(detailView != nil, "InventoryDetailView should handle empty URL strings gracefully")
                ~~~~~~~~~~ ^  ~~~
/Users/binde/projects/classes/Molten/Tests/MoltenTests/Views/Inventory/InventoryItemDetailViewTests.swift:209:26: warning: call to main actor-isolated initializer 'init(item:inventoryTrackingService:catalogService:userNotesRepository:userTagsRepository:shoppingListRepository:locationService:userImageRepository:kilnScheduleService:glassItemRepository:)' in a synchronous nonisolated context
        let detailView = InventoryDetailView(
                         ^
Molten.InventoryDetailView.init:2:21: note: calls to initializer 'init(item:inventoryTrackingService:catalogService:userNotesRepository:userTagsRepository:shoppingListRepository:locationService:userImageRepository:kilnScheduleService:glassItemRepository:)' from outside of its actor context are implicitly asynchronous
@MainActor internal init(item: Molten.CompleteInventoryItemModel, inventoryTrackingService: Molten.InventoryTrackingService? = nil, catalogService: Molten.CatalogService? = nil, userNotesRepository: any Molten.UserNotesRepository, userTagsRepository: any Molten.UserTagsRepository, shoppingListRepository: any Molten.ShoppingListRepository, locationService: Molten.UnifiedLocationService = RepositoryFactory.createUnifiedLocationService(), userImageRepository: any Molten.UserImageRepository, kilnScheduleService: Molten.KilnScheduleService, glassItemRepository: any Molten.GlassItemRepository)}
                    ^
/Users/binde/projects/classes/Molten/Tests/MoltenTests/Views/Inventory/InventoryItemDetailViewTests.swift:191:10: note: add '@MainActor' to make instance method 'testInventoryDetailViewHandlesEmptyURLs()' part of global actor 'MainActor'
    func testInventoryDetailViewHandlesEmptyURLs() {
         ^
/Users/binde/projects/classes/Molten/Tests/MoltenTests/Views/Inventory/InventoryItemDetailViewTests.swift:253:28: warning: comparing non-optional value of type 'InventoryDetailView' to 'nil' always returns true
        #expect(detailView != nil, "InventoryDetailView should handle nil URL gracefully")
                ~~~~~~~~~~ ^  ~~~
/Users/binde/projects/classes/Molten/Tests/MoltenTests/Views/Inventory/InventoryItemDetailViewTests.swift:242:26: warning: call to main actor-isolated initializer 'init(item:inventoryTrackingService:catalogService:userNotesRepository:userTagsRepository:shoppingListRepository:locationService:userImageRepository:kilnScheduleService:glassItemRepository:)' in a synchronous nonisolated context
        let detailView = InventoryDetailView(
                         ^
Molten.InventoryDetailView.init:2:21: note: calls to initializer 'init(item:inventoryTrackingService:catalogService:userNotesRepository:userTagsRepository:shoppingListRepository:locationService:userImageRepository:kilnScheduleService:glassItemRepository:)' from outside of its actor context are implicitly asynchronous
@MainActor internal init(item: Molten.CompleteInventoryItemModel, inventoryTrackingService: Molten.InventoryTrackingService? = nil, catalogService: Molten.CatalogService? = nil, userNotesRepository: any Molten.UserNotesRepository, userTagsRepository: any Molten.UserTagsRepository, shoppingListRepository: any Molten.ShoppingListRepository, locationService: Molten.UnifiedLocationService = RepositoryFactory.createUnifiedLocationService(), userImageRepository: any Molten.UserImageRepository, kilnScheduleService: Molten.KilnScheduleService, glassItemRepository: any Molten.GlassItemRepository)}
                    ^
/Users/binde/projects/classes/Molten/Tests/MoltenTests/Views/Inventory/InventoryItemDetailViewTests.swift:224:10: note: add '@MainActor' to make instance method 'testInventoryDetailViewHandlesNilURL()' part of global actor 'MainActor'
    func testInventoryDetailViewHandlesNilURL() {
         ^
/Users/binde/projects/classes/Molten/Tests/MoltenTests/Views/Inventory/InventoryItemDetailViewTests.swift:288:28: warning: comparing non-optional value of type 'InventoryDetailView' to 'nil' always returns true
        #expect(detailView != nil, "InventoryDetailView should use ProductImageDetail with sku field")
                ~~~~~~~~~~ ^  ~~~
/Users/binde/projects/classes/Molten/Tests/MoltenTests/Views/Inventory/InventoryItemDetailViewTests.swift:277:26: warning: call to main actor-isolated initializer 'init(item:inventoryTrackingService:catalogService:userNotesRepository:userTagsRepository:shoppingListRepository:locationService:userImageRepository:kilnScheduleService:glassItemRepository:)' in a synchronous nonisolated context
        let detailView = InventoryDetailView(
                         ^
Molten.InventoryDetailView.init:2:21: note: calls to initializer 'init(item:inventoryTrackingService:catalogService:userNotesRepository:userTagsRepository:shoppingListRepository:locationService:userImageRepository:kilnScheduleService:glassItemRepository:)' from outside of its actor context are implicitly asynchronous
@MainActor internal init(item: Molten.CompleteInventoryItemModel, inventoryTrackingService: Molten.InventoryTrackingService? = nil, catalogService: Molten.CatalogService? = nil, userNotesRepository: any Molten.UserNotesRepository, userTagsRepository: any Molten.UserTagsRepository, shoppingListRepository: any Molten.ShoppingListRepository, locationService: Molten.UnifiedLocationService = RepositoryFactory.createUnifiedLocationService(), userImageRepository: any Molten.UserImageRepository, kilnScheduleService: Molten.KilnScheduleService, glassItemRepository: any Molten.GlassItemRepository)}
                    ^
/Users/binde/projects/classes/Molten/Tests/MoltenTests/Views/Inventory/InventoryItemDetailViewTests.swift:257:10: note: add '@MainActor' to make instance method 'testDetailViewUsesProductImageWithSKU()' part of global actor 'MainActor'
    func testDetailViewUsesProductImageWithSKU() {
         ^
/Users/binde/projects/classes/Molten/Tests/MoltenTests/Views/Inventory/InventoryItemDetailViewTests.swift:320:28: warning: comparing non-optional value of type 'InventoryDetailView' to 'nil' always returns true
        #expect(detailView != nil, "InventoryDetailView should handle missing images gracefully")
                ~~~~~~~~~~ ^  ~~~
/Users/binde/projects/classes/Molten/Tests/MoltenTests/Views/Inventory/InventoryItemDetailViewTests.swift:309:26: warning: call to main actor-isolated initializer 'init(item:inventoryTrackingService:catalogService:userNotesRepository:userTagsRepository:shoppingListRepository:locationService:userImageRepository:kilnScheduleService:glassItemRepository:)' in a synchronous nonisolated context
        let detailView = InventoryDetailView(
                         ^
Molten.InventoryDetailView.init:2:21: note: calls to initializer 'init(item:inventoryTrackingService:catalogService:userNotesRepository:userTagsRepository:shoppingListRepository:locationService:userImageRepository:kilnScheduleService:glassItemRepository:)' from outside of its actor context are implicitly asynchronous
@MainActor internal init(item: Molten.CompleteInventoryItemModel, inventoryTrackingService: Molten.InventoryTrackingService? = nil, catalogService: Molten.CatalogService? = nil, userNotesRepository: any Molten.UserNotesRepository, userTagsRepository: any Molten.UserTagsRepository, shoppingListRepository: any Molten.ShoppingListRepository, locationService: Molten.UnifiedLocationService = RepositoryFactory.createUnifiedLocationService(), userImageRepository: any Molten.UserImageRepository, kilnScheduleService: Molten.KilnScheduleService, glassItemRepository: any Molten.GlassItemRepository)}
                    ^
/Users/binde/projects/classes/Molten/Tests/MoltenTests/Views/Inventory/InventoryItemDetailViewTests.swift:292:10: note: add '@MainActor' to make instance method 'testDetailViewHandlesItemsWithoutImages()' part of global actor 'MainActor'
    func testDetailViewHandlesItemsWithoutImages() {
         ^
/Users/binde/projects/classes/Molten/Tests/MoltenTests/Views/Inventory/InventoryItemDetailViewTests.swift:353:28: warning: comparing non-optional value of type 'InventoryDetailView' to 'nil' always returns true
        #expect(detailView != nil, "InventoryDetailView should use sku for image lookup")
                ~~~~~~~~~~ ^  ~~~
/Users/binde/projects/classes/Molten/Tests/MoltenTests/Views/Inventory/InventoryItemDetailViewTests.swift:341:26: warning: call to main actor-isolated initializer 'init(item:inventoryTrackingService:catalogService:userNotesRepository:userTagsRepository:shoppingListRepository:locationService:userImageRepository:kilnScheduleService:glassItemRepository:)' in a synchronous nonisolated context
        let detailView = InventoryDetailView(
                         ^
Molten.InventoryDetailView.init:2:21: note: calls to initializer 'init(item:inventoryTrackingService:catalogService:userNotesRepository:userTagsRepository:shoppingListRepository:locationService:userImageRepository:kilnScheduleService:glassItemRepository:)' from outside of its actor context are implicitly asynchronous
@MainActor internal init(item: Molten.CompleteInventoryItemModel, inventoryTrackingService: Molten.InventoryTrackingService? = nil, catalogService: Molten.CatalogService? = nil, userNotesRepository: any Molten.UserNotesRepository, userTagsRepository: any Molten.UserTagsRepository, shoppingListRepository: any Molten.ShoppingListRepository, locationService: Molten.UnifiedLocationService = RepositoryFactory.createUnifiedLocationService(), userImageRepository: any Molten.UserImageRepository, kilnScheduleService: Molten.KilnScheduleService, glassItemRepository: any Molten.GlassItemRepository)}
                    ^
/Users/binde/projects/classes/Molten/Tests/MoltenTests/Views/Inventory/InventoryItemDetailViewTests.swift:324:10: note: add '@MainActor' to make instance method 'testDetailViewUsesSKUNotNaturalKey()' part of global actor 'MainActor'
    func testDetailViewUsesSKUNotNaturalKey() {
         ^
/Users/binde/projects/classes/Molten/Tests/MoltenTests/Views/Inventory/InventoryItemDetailViewTests.swift:396:28: warning: comparing non-optional value of type 'InventoryDetailView' to 'nil' always returns true
        #expect(detailView != nil, "InventoryDetailView should support expandable notes")
                ~~~~~~~~~~ ^  ~~~
/Users/binde/projects/classes/Molten/Tests/MoltenTests/Views/Inventory/InventoryItemDetailViewTests.swift:385:26: warning: call to main actor-isolated initializer 'init(item:inventoryTrackingService:catalogService:userNotesRepository:userTagsRepository:shoppingListRepository:locationService:userImageRepository:kilnScheduleService:glassItemRepository:)' in a synchronous nonisolated context
        let detailView = InventoryDetailView(
                         ^
Molten.InventoryDetailView.init:2:21: note: calls to initializer 'init(item:inventoryTrackingService:catalogService:userNotesRepository:userTagsRepository:shoppingListRepository:locationService:userImageRepository:kilnScheduleService:glassItemRepository:)' from outside of its actor context are implicitly asynchronous
@MainActor internal init(item: Molten.CompleteInventoryItemModel, inventoryTrackingService: Molten.InventoryTrackingService? = nil, catalogService: Molten.CatalogService? = nil, userNotesRepository: any Molten.UserNotesRepository, userTagsRepository: any Molten.UserTagsRepository, shoppingListRepository: any Molten.ShoppingListRepository, locationService: Molten.UnifiedLocationService = RepositoryFactory.createUnifiedLocationService(), userImageRepository: any Molten.UserImageRepository, kilnScheduleService: Molten.KilnScheduleService, glassItemRepository: any Molten.GlassItemRepository)}
                    ^
/Users/binde/projects/classes/Molten/Tests/MoltenTests/Views/Inventory/InventoryItemDetailViewTests.swift:357:10: note: add '@MainActor' to make instance method 'testDetailViewHasExpandableManufacturerNotes()' part of global actor 'MainActor'
    func testDetailViewHasExpandableManufacturerNotes() {
         ^
/Users/binde/projects/classes/Molten/Tests/MoltenTests/Views/Inventory/InventoryItemDetailViewTests.swift:431:28: warning: comparing non-optional value of type 'InventoryDetailView' to 'nil' always returns true
        #expect(detailView != nil, "InventoryDetailView should handle short notes gracefully")
                ~~~~~~~~~~ ^  ~~~
/Users/binde/projects/classes/Molten/Tests/MoltenTests/Views/Inventory/InventoryItemDetailViewTests.swift:420:26: warning: call to main actor-isolated initializer 'init(item:inventoryTrackingService:catalogService:userNotesRepository:userTagsRepository:shoppingListRepository:locationService:userImageRepository:kilnScheduleService:glassItemRepository:)' in a synchronous nonisolated context
        let detailView = InventoryDetailView(
                         ^
Molten.InventoryDetailView.init:2:21: note: calls to initializer 'init(item:inventoryTrackingService:catalogService:userNotesRepository:userTagsRepository:shoppingListRepository:locationService:userImageRepository:kilnScheduleService:glassItemRepository:)' from outside of its actor context are implicitly asynchronous
@MainActor internal init(item: Molten.CompleteInventoryItemModel, inventoryTrackingService: Molten.InventoryTrackingService? = nil, catalogService: Molten.CatalogService? = nil, userNotesRepository: any Molten.UserNotesRepository, userTagsRepository: any Molten.UserTagsRepository, shoppingListRepository: any Molten.ShoppingListRepository, locationService: Molten.UnifiedLocationService = RepositoryFactory.createUnifiedLocationService(), userImageRepository: any Molten.UserImageRepository, kilnScheduleService: Molten.KilnScheduleService, glassItemRepository: any Molten.GlassItemRepository)}
                    ^
/Users/binde/projects/classes/Molten/Tests/MoltenTests/Views/Inventory/InventoryItemDetailViewTests.swift:400:10: note: add '@MainActor' to make instance method 'testDetailViewHandlesShortManufacturerNotes()' part of global actor 'MainActor'
    func testDetailViewHandlesShortManufacturerNotes() {
         ^
/Users/binde/projects/classes/Molten/Tests/MoltenTests/Views/Inventory/InventoryItemDetailViewTests.swift:464:28: warning: comparing non-optional value of type 'InventoryDetailView' to 'nil' always returns true
        #expect(detailView != nil, "InventoryDetailView should handle missing notes gracefully")
                ~~~~~~~~~~ ^  ~~~
/Users/binde/projects/classes/Molten/Tests/MoltenTests/Views/Inventory/InventoryItemDetailViewTests.swift:453:26: warning: call to main actor-isolated initializer 'init(item:inventoryTrackingService:catalogService:userNotesRepository:userTagsRepository:shoppingListRepository:locationService:userImageRepository:kilnScheduleService:glassItemRepository:)' in a synchronous nonisolated context
        let detailView = InventoryDetailView(
                         ^
Molten.InventoryDetailView.init:2:21: note: calls to initializer 'init(item:inventoryTrackingService:catalogService:userNotesRepository:userTagsRepository:shoppingListRepository:locationService:userImageRepository:kilnScheduleService:glassItemRepository:)' from outside of its actor context are implicitly asynchronous
@MainActor internal init(item: Molten.CompleteInventoryItemModel, inventoryTrackingService: Molten.InventoryTrackingService? = nil, catalogService: Molten.CatalogService? = nil, userNotesRepository: any Molten.UserNotesRepository, userTagsRepository: any Molten.UserTagsRepository, shoppingListRepository: any Molten.ShoppingListRepository, locationService: Molten.UnifiedLocationService = RepositoryFactory.createUnifiedLocationService(), userImageRepository: any Molten.UserImageRepository, kilnScheduleService: Molten.KilnScheduleService, glassItemRepository: any Molten.GlassItemRepository)}
                    ^
/Users/binde/projects/classes/Molten/Tests/MoltenTests/Views/Inventory/InventoryItemDetailViewTests.swift:435:10: note: add '@MainActor' to make instance method 'testDetailViewHandlesItemsWithoutManufacturerNotes()' part of global actor 'MainActor'
    func testDetailViewHandlesItemsWithoutManufacturerNotes() {
         ^
/Users/binde/projects/classes/Molten/Tests/MoltenTests/Views/Inventory/InventoryItemDetailViewTests.swift:497:28: warning: comparing non-optional value of type 'InventoryDetailView' to 'nil' always returns true
        #expect(detailView != nil, "InventoryDetailView should handle empty notes gracefully")
                ~~~~~~~~~~ ^  ~~~
/Users/binde/projects/classes/Molten/Tests/MoltenTests/Views/Inventory/InventoryItemDetailViewTests.swift:486:26: warning: call to main actor-isolated initializer 'init(item:inventoryTrackingService:catalogService:userNotesRepository:userTagsRepository:shoppingListRepository:locationService:userImageRepository:kilnScheduleService:glassItemRepository:)' in a synchronous nonisolated context
        let detailView = InventoryDetailView(
                         ^
Molten.InventoryDetailView.init:2:21: note: calls to initializer 'init(item:inventoryTrackingService:catalogService:userNotesRepository:userTagsRepository:shoppingListRepository:locationService:userImageRepository:kilnScheduleService:glassItemRepository:)' from outside of its actor context are implicitly asynchronous
@MainActor internal init(item: Molten.CompleteInventoryItemModel, inventoryTrackingService: Molten.InventoryTrackingService? = nil, catalogService: Molten.CatalogService? = nil, userNotesRepository: any Molten.UserNotesRepository, userTagsRepository: any Molten.UserTagsRepository, shoppingListRepository: any Molten.ShoppingListRepository, locationService: Molten.UnifiedLocationService = RepositoryFactory.createUnifiedLocationService(), userImageRepository: any Molten.UserImageRepository, kilnScheduleService: Molten.KilnScheduleService, glassItemRepository: any Molten.GlassItemRepository)}
                    ^
/Users/binde/projects/classes/Molten/Tests/MoltenTests/Views/Inventory/InventoryItemDetailViewTests.swift:468:10: note: add '@MainActor' to make instance method 'testDetailViewHandlesEmptyManufacturerNotes()' part of global actor 'MainActor'
    func testDetailViewHandlesEmptyManufacturerNotes() {
         ^

SwiftEmitModule normal arm64 Emitting\ module\ for\ MoltenTests (in target 'MoltenTests' from project 'Molten')

EmitSwiftModule normal arm64 (in target 'MoltenTests' from project 'Molten')
    cd /Users/binde/projects/classes
    
/Users/binde/projects/classes/Molten/Tests/MoltenTests/Integration/IntegrationTests.swift:308:39: warning: 'init(id:name:rawCode:manufacturer:tags:units:)' is deprecated: Use parent-child initializer instead
                    let catalogItem = CatalogItemModel(
                                      ^
/Users/binde/projects/classes/Molten/Tests/MoltenTests/Utilities/ErrorBoundaryTests.swift:283:21: warning: immutable value 'catalogService' was never used; consider replacing with '_' or removing it
        let (repos, catalogService, inventoryService, _) = try await createTestServices()
                    ^~~~~~~~~~~~~~
                    _
/Users/binde/projects/classes/Molten/Tests/MoltenTests/Utilities/ErrorBoundaryTests.swift:283:37: warning: immutable value 'inventoryService' was never used; consider replacing with '_' or removing it
        let (repos, catalogService, inventoryService, _) = try await createTestServices()
                                    ^~~~~~~~~~~~~~~~
                                    _

SwiftCompile normal arm64 Compiling\ InventorySearchSuggestionsTests.swift,\ InventoryViewComponentsTests.swift,\ LocationAutoCompleteFieldTests.swift,\ LocationDetailViewTests.swift,\ MockInventoryViewModel.swift,\ UserNotesEditorTests.swift,\ AddLogbookEntryViewTests.swift,\ LogbookViewTests.swift,\ MockLogbookViewModel.swift,\ ProjectDetailViewTests.swift,\ MockPurchasesViewModel.swift /Users/binde/projects/classes/Molten/Tests/MoltenTests/Views/Inventory/InventorySearchSuggestionsTests.swift /Users/binde/projects/classes/Molten/Tests/MoltenTests/Views/Inventory/InventoryViewComponentsTests.swift /Users/binde/projects/classes/Molten/Tests/MoltenTests/Views/Inventory/LocationAutoCompleteFieldTests.swift /Users/binde/projects/classes/Molten/Tests/MoltenTests/Views/Inventory/LocationDetailViewTests.swift /Users/binde/projects/classes/Molten/Tests/MoltenTests/Views/Inventory/MockInventoryViewModel.swift /Users/binde/projects/classes/Molten/Tests/MoltenTests/Views/Inventory/UserNotesEditorTests.swift /Users/binde/projects/classes/Molten/Tests/MoltenTests/Views/ProjectLog/AddLogbookEntryViewTests.swift /Users/binde/projects/classes/Molten/Tests/MoltenTests/Views/ProjectLog/LogbookViewTests.swift /Users/binde/projects/classes/Molten/Tests/MoltenTests/Views/ProjectLog/MockLogbookViewModel.swift /Users/binde/projects/classes/Molten/Tests/MoltenTests/Views/ProjectLog/ProjectDetailViewTests.swift /Users/binde/projects/classes/Molten/Tests/MoltenTests/Views/Purchases/MockPurchasesViewModel.swift (in target 'MoltenTests' from project 'Molten')

SwiftCompile normal arm64 /Users/binde/projects/classes/Molten/Tests/MoltenTests/Views/Inventory/InventorySearchSuggestionsTests.swift (in target 'MoltenTests' from project 'Molten')
    cd /Users/binde/projects/classes
    
/Users/binde/projects/classes/Molten/Tests/MoltenTests/Views/Inventory/InventorySearchSuggestionsTests.swift:229:60: warning: 'suggestedCatalogItems(query:inventoryItems:catalogItems:)' is deprecated: Use suggestedGlassItems instead
        let deprecatedResults = InventorySearchSuggestions.suggestedCatalogItems(
                                                           ^

SwiftCompile normal arm64 /Users/binde/projects/classes/Molten/Tests/MoltenTests/Views/Inventory/InventoryViewComponentsTests.swift (in target 'MoltenTests' from project 'Molten')
    cd /Users/binde/projects/classes
    
/Users/binde/projects/classes/Molten/Tests/MoltenTests/Views/Inventory/InventorySearchSuggestionsTests.swift:229:60: warning: 'suggestedCatalogItems(query:inventoryItems:catalogItems:)' is deprecated: Use suggestedGlassItems instead
        let deprecatedResults = InventorySearchSuggestions.suggestedCatalogItems(
                                                           ^

SwiftCompile normal arm64 /Users/binde/projects/classes/Molten/Tests/MoltenTests/Views/Inventory/LocationAutoCompleteFieldTests.swift (in target 'MoltenTests' from project 'Molten')
    cd /Users/binde/projects/classes
    
/Users/binde/projects/classes/Molten/Tests/MoltenTests/Views/Inventory/InventorySearchSuggestionsTests.swift:229:60: warning: 'suggestedCatalogItems(query:inventoryItems:catalogItems:)' is deprecated: Use suggestedGlassItems instead
        let deprecatedResults = InventorySearchSuggestions.suggestedCatalogItems(
                                                           ^
/Users/binde/projects/classes/Molten/Tests/MoltenTests/Views/Inventory/LocationAutoCompleteFieldTests.swift:37:31: warning: comparing non-optional value of type 'LocationAutoCompleteField' to 'nil' always returns true
        #expect(locationField != nil, "LocationAutoCompleteField should accept LocationRepository via dependency injection")
                ~~~~~~~~~~~~~ ^  ~~~
/Users/binde/projects/classes/Molten/Tests/MoltenTests/Views/Inventory/LocationAutoCompleteFieldTests.swift:31:29: warning: call to main actor-isolated initializer 'init(location:locationRepository:)' in a synchronous nonisolated context
        let locationField = LocationAutoCompleteField(
                            ^
Molten.LocationAutoCompleteField.init:2:21: note: calls to initializer 'init(location:locationRepository:)' from outside of its actor context are implicitly asynchronous
@MainActor internal init(location: Binding<String>, locationRepository: any Molten.LocationRepository)}
                    ^
/Users/binde/projects/classes/Molten/Tests/MoltenTests/Views/Inventory/LocationAutoCompleteFieldTests.swift:24:10: note: add '@MainActor' to make instance method 'testLocationAutoCompleteFieldUsesLocationRepository()' part of global actor 'MainActor'
    func testLocationAutoCompleteFieldUsesLocationRepository() {
         ^
/Users/binde/projects/classes/Molten/Tests/MoltenTests/Views/Inventory/LocationAutoCompleteFieldTests.swift:52:31: warning: comparing non-optional value of type 'LocationAutoCompleteField' to 'nil' always returns true
        #expect(locationField != nil, "LocationAutoCompleteField should work with RepositoryFactory pattern")
                ~~~~~~~~~~~~~ ^  ~~~
/Users/binde/projects/classes/Molten/Tests/MoltenTests/Views/Inventory/LocationAutoCompleteFieldTests.swift:49:29: warning: call to main actor-isolated initializer 'init(location:locationRepository:)' in a synchronous nonisolated context
        let locationField = LocationAutoCompleteField(location: $testLocation, locationRepository: locationRepository)
                            ^
Molten.LocationAutoCompleteField.init:2:21: note: calls to initializer 'init(location:locationRepository:)' from outside of its actor context are implicitly asynchronous
@MainActor internal init(location: Binding<String>, locationRepository: any Molten.LocationRepository)}
                    ^
/Users/binde/projects/classes/Molten/Tests/MoltenTests/Views/Inventory/LocationAutoCompleteFieldTests.swift:41:10: note: add '@MainActor' to make instance method 'testLocationAutoCompleteFieldWorksWithRepositoryFactory()' part of global actor 'MainActor'
    func testLocationAutoCompleteFieldWorksWithRepositoryFactory() {
         ^
/Users/binde/projects/classes/Molten/Tests/MoltenTests/Views/Inventory/LocationAutoCompleteFieldTests.swift:73:31: warning: comparing non-optional value of type 'LocationAutoCompleteField' to 'nil' always returns true
        #expect(locationField != nil, "LocationAutoCompleteField should access location data via LocationRepository")
                ~~~~~~~~~~~~~ ^  ~~~
/Users/binde/projects/classes/Molten/Tests/MoltenTests/Views/Inventory/LocationAutoCompleteFieldTests.swift:67:29: warning: call to main actor-isolated initializer 'init(location:locationRepository:)' in a synchronous nonisolated context
        let locationField = LocationAutoCompleteField(
                            ^
Molten.LocationAutoCompleteField.init:2:21: note: calls to initializer 'init(location:locationRepository:)' from outside of its actor context are implicitly asynchronous
@MainActor internal init(location: Binding<String>, locationRepository: any Molten.LocationRepository)}
                    ^
/Users/binde/projects/classes/Molten/Tests/MoltenTests/Views/Inventory/LocationAutoCompleteFieldTests.swift:56:10: note: add '@MainActor' to make instance method 'testLocationAutoCompleteFieldUsesRepositoryPattern()' part of global actor 'MainActor'
    func testLocationAutoCompleteFieldUsesRepositoryPattern() {
         ^

SwiftCompile normal arm64 /Users/binde/projects/classes/Molten/Tests/MoltenTests/Views/Inventory/LocationDetailViewTests.swift (in target 'MoltenTests' from project 'Molten')
    cd /Users/binde/projects/classes
    
/Users/binde/projects/classes/Molten/Tests/MoltenTests/Views/Inventory/InventorySearchSuggestionsTests.swift:229:60: warning: 'suggestedCatalogItems(query:inventoryItems:catalogItems:)' is deprecated: Use suggestedGlassItems instead
        let deprecatedResults = InventorySearchSuggestions.suggestedCatalogItems(
                                                           ^

SwiftCompile normal arm64 /Users/binde/projects/classes/Molten/Tests/MoltenTests/Views/Inventory/MockInventoryViewModel.swift (in target 'MoltenTests' from project 'Molten')
    cd /Users/binde/projects/classes
    
/Users/binde/projects/classes/Molten/Tests/MoltenTests/Views/Inventory/InventorySearchSuggestionsTests.swift:229:60: warning: 'suggestedCatalogItems(query:inventoryItems:catalogItems:)' is deprecated: Use suggestedGlassItems instead
        let deprecatedResults = InventorySearchSuggestions.suggestedCatalogItems(
                                                           ^

SwiftCompile normal arm64 /Users/binde/projects/classes/Molten/Tests/MoltenTests/Views/Inventory/UserNotesEditorTests.swift (in target 'MoltenTests' from project 'Molten')
    cd /Users/binde/projects/classes
    
/Users/binde/projects/classes/Molten/Tests/MoltenTests/Views/Inventory/InventorySearchSuggestionsTests.swift:229:60: warning: 'suggestedCatalogItems(query:inventoryItems:catalogItems:)' is deprecated: Use suggestedGlassItems instead
        let deprecatedResults = InventorySearchSuggestions.suggestedCatalogItems(
                                                           ^
/Users/binde/projects/classes/Molten/Tests/MoltenTests/Views/Inventory/UserNotesEditorTests.swift:51:24: warning: comparing non-optional value of type 'UserNotesEditor' to 'nil' always returns true
        #expect(editor != nil, "UserNotesEditor should accept CompleteInventoryItemModel")
                ~~~~~~ ^  ~~~
/Users/binde/projects/classes/Molten/Tests/MoltenTests/Views/Inventory/UserNotesEditorTests.swift:80:24: warning: comparing non-optional value of type 'UserNotesEditor' to 'nil' always returns true
        #expect(editor != nil, "UserNotesEditor should accept repository via dependency injection")
                ~~~~~~ ^  ~~~
/Users/binde/projects/classes/Molten/Tests/MoltenTests/Views/Inventory/UserNotesEditorTests.swift:107:24: warning: comparing non-optional value of type 'UserNotesEditor' to 'nil' always returns true
        #expect(editor != nil, "UserNotesEditor should support creating new notes")
                ~~~~~~ ^  ~~~
/Users/binde/projects/classes/Molten/Tests/MoltenTests/Views/Inventory/UserNotesEditorTests.swift:136:24: warning: comparing non-optional value of type 'UserNotesEditor' to 'nil' always returns true
        #expect(editor != nil, "UserNotesEditor should support editing existing notes")
                ~~~~~~ ^  ~~~
/Users/binde/projects/classes/Molten/Tests/MoltenTests/Views/Inventory/UserNotesEditorTests.swift:163:24: warning: comparing non-optional value of type 'UserNotesEditor' to 'nil' always returns true
        #expect(editor != nil, "UserNotesEditor should handle long notes input")
                ~~~~~~ ^  ~~~
/Users/binde/projects/classes/Molten/Tests/MoltenTests/Views/Inventory/UserNotesEditorTests.swift:190:24: warning: comparing non-optional value of type 'UserNotesEditor' to 'nil' always returns true
        #expect(editor != nil, "UserNotesEditor should handle multiline notes")
                ~~~~~~ ^  ~~~
/Users/binde/projects/classes/Molten/Tests/MoltenTests/Views/Inventory/UserNotesEditorTests.swift:217:24: warning: comparing non-optional value of type 'UserNotesEditor' to 'nil' always returns true
        #expect(editor != nil, "UserNotesEditor should validate notes before saving")
                ~~~~~~ ^  ~~~
/Users/binde/projects/classes/Molten/Tests/MoltenTests/Views/Inventory/UserNotesEditorTests.swift:244:24: warning: comparing non-optional value of type 'UserNotesEditor' to 'nil' always returns true
        #expect(editor != nil, "UserNotesEditor should handle special characters")
                ~~~~~~ ^  ~~~
/Users/binde/projects/classes/Molten/Tests/MoltenTests/Views/Inventory/UserNotesEditorTests.swift:271:24: warning: comparing non-optional value of type 'UserNotesEditor' to 'nil' always returns true
        #expect(editor != nil, "UserNotesEditor should handle save errors gracefully")
                ~~~~~~ ^  ~~~
/Users/binde/projects/classes/Molten/Tests/MoltenTests/Views/Inventory/UserNotesEditorTests.swift:298:24: warning: comparing non-optional value of type 'UserNotesEditor' to 'nil' always returns true
        #expect(editor != nil, "UserNotesEditor should support canceling without saving")
                ~~~~~~ ^  ~~~
/Users/binde/projects/classes/Molten/Tests/MoltenTests/Views/Inventory/UserNotesEditorTests.swift:325:24: warning: comparing non-optional value of type 'UserNotesEditor' to 'nil' always returns true
        #expect(editor != nil, "UserNotesEditor should display item information")
                ~~~~~~ ^  ~~~

SwiftCompile normal arm64 /Users/binde/projects/classes/Molten/Tests/MoltenTests/Views/ProjectLog/AddLogbookEntryViewTests.swift (in target 'MoltenTests' from project 'Molten')
    cd /Users/binde/projects/classes
    
/Users/binde/projects/classes/Molten/Tests/MoltenTests/Views/Inventory/InventorySearchSuggestionsTests.swift:229:60: warning: 'suggestedCatalogItems(query:inventoryItems:catalogItems:)' is deprecated: Use suggestedGlassItems instead
        let deprecatedResults = InventorySearchSuggestions.suggestedCatalogItems(
                                                           ^
/Users/binde/projects/classes/Molten/Tests/MoltenTests/Views/ProjectLog/AddLogbookEntryViewTests.swift:288:13: warning: immutable value 'statusesWithoutBusinessSection' was never used; consider replacing with '_' or removing it
        let statusesWithoutBusinessSection: Set<ProjectStatus> = [.inProgress, .completed, .kept, .broken]
            ^~~~~~~~~~~~~~~~~~~~~~~~~~~~~~
            _

SwiftCompile normal arm64 /Users/binde/projects/classes/Molten/Tests/MoltenTests/Views/ProjectLog/LogbookViewTests.swift (in target 'MoltenTests' from project 'Molten')
    cd /Users/binde/projects/classes
    
/Users/binde/projects/classes/Molten/Tests/MoltenTests/Views/Inventory/InventorySearchSuggestionsTests.swift:229:60: warning: 'suggestedCatalogItems(query:inventoryItems:catalogItems:)' is deprecated: Use suggestedGlassItems instead
        let deprecatedResults = InventorySearchSuggestions.suggestedCatalogItems(
                                                           ^
/Users/binde/projects/classes/Molten/Tests/MoltenTests/Views/ProjectLog/LogbookViewTests.swift:32:22: warning: comparing non-optional value of type 'LogbookView' to 'nil' always returns true
        #expect(view != nil, "LogbookView should be created successfully")
                ~~~~ ^  ~~~
/Users/binde/projects/classes/Molten/Tests/MoltenTests/Views/ProjectLog/LogbookViewTests.swift:43:22: warning: comparing non-optional value of type 'LogbookView' to 'nil' always returns true
        #expect(view != nil, "LogbookView should have valid initial state")
                ~~~~ ^  ~~~
/Users/binde/projects/classes/Molten/Tests/MoltenTests/Views/ProjectLog/LogbookViewTests.swift:52:22: warning: comparing non-optional value of type 'LogbookView' to 'nil' always returns true
        #expect(view != nil, "LogbookView should initialize with isLoading = false")
                ~~~~ ^  ~~~
/Users/binde/projects/classes/Molten/Tests/MoltenTests/Views/ProjectLog/LogbookViewTests.swift:64:22: warning: comparing non-optional value of type 'LogbookView' to 'nil' always returns true
        #expect(view != nil, "LogbookView should use NavigationStack for navigation")
                ~~~~ ^  ~~~
/Users/binde/projects/classes/Molten/Tests/MoltenTests/Views/ProjectLog/LogbookViewTests.swift:75:22: warning: comparing non-optional value of type 'LogbookView' to 'nil' always returns true
        #expect(view != nil, "LogbookView should be ready to display empty state")
                ~~~~ ^  ~~~
/Users/binde/projects/classes/Molten/Tests/MoltenTests/Views/ProjectLog/LogbookViewTests.swift:86:22: warning: comparing non-optional value of type 'LogbookView' to 'nil' always returns true
        #expect(view != nil, "LogbookView should include toolbar with add button")
                ~~~~ ^  ~~~
/Users/binde/projects/classes/Molten/Tests/MoltenTests/Views/ProjectLog/LogbookViewTests.swift:95:22: warning: comparing non-optional value of type 'LogbookView' to 'nil' always returns true
        #expect(view != nil, "LogbookView should include alert for coming soon message")
                ~~~~ ^  ~~~

SwiftCompile normal arm64 /Users/binde/projects/classes/Molten/Tests/MoltenTests/Views/ProjectLog/MockLogbookViewModel.swift (in target 'MoltenTests' from project 'Molten')
    cd /Users/binde/projects/classes
    
/Users/binde/projects/classes/Molten/Tests/MoltenTests/Views/Inventory/InventorySearchSuggestionsTests.swift:229:60: warning: 'suggestedCatalogItems(query:inventoryItems:catalogItems:)' is deprecated: Use suggestedGlassItems instead
        let deprecatedResults = InventorySearchSuggestions.suggestedCatalogItems(
                                                           ^

SwiftCompile normal arm64 /Users/binde/projects/classes/Molten/Tests/MoltenTests/Views/ProjectLog/ProjectDetailViewTests.swift (in target 'MoltenTests' from project 'Molten')
    cd /Users/binde/projects/classes
    
/Users/binde/projects/classes/Molten/Tests/MoltenTests/Views/Inventory/InventorySearchSuggestionsTests.swift:229:60: warning: 'suggestedCatalogItems(query:inventoryItems:catalogItems:)' is deprecated: Use suggestedGlassItems instead
        let deprecatedResults = InventorySearchSuggestions.suggestedCatalogItems(
                                                           ^

SwiftCompile normal arm64 /Users/binde/projects/classes/Molten/Tests/MoltenTests/Views/Purchases/MockPurchasesViewModel.swift (in target 'MoltenTests' from project 'Molten')
    cd /Users/binde/projects/classes
    
/Users/binde/projects/classes/Molten/Tests/MoltenTests/Views/Inventory/InventorySearchSuggestionsTests.swift:229:60: warning: 'suggestedCatalogItems(query:inventoryItems:catalogItems:)' is deprecated: Use suggestedGlassItems instead
        let deprecatedResults = InventorySearchSuggestions.suggestedCatalogItems(
                                                           ^

SwiftCompile normal arm64 Compiling\ UIStateManagementTests.swift,\ MockShoppingListViewModel.swift,\ ShoppingListItemCreationTests.swift,\ ShoppingListOptionsViewTests.swift,\ ShoppingListViewTests.swift,\ ShoppingModeCheckoutTests.swift,\ ShoppingModeStateTests.swift,\ StoreAutoCompleteFieldTests.swift,\ GlassItemTypeSystemTests.swift,\ GlassTerminologySettingsTests.swift,\ GlassItemRepositoryDuplicateTests.swift /Users/binde/projects/classes/Molten/Tests/MoltenTests/Views/Shared/UIStateManagementTests.swift /Users/binde/projects/classes/Molten/Tests/MoltenTests/Views/Shopping/MockShoppingListViewModel.swift /Users/binde/projects/classes/Molten/Tests/MoltenTests/Views/Shopping/ShoppingListItemCreationTests.swift /Users/binde/projects/classes/Molten/Tests/MoltenTests/Views/Shopping/ShoppingListOptionsViewTests.swift /Users/binde/projects/classes/Molten/Tests/MoltenTests/Views/Shopping/ShoppingListViewTests.swift /Users/binde/projects/classes/Molten/Tests/MoltenTests/Views/Shopping/ShoppingModeCheckoutTests.swift /Users/binde/projects/classes/Molten/Tests/MoltenTests/Views/Shopping/ShoppingModeStateTests.swift /Users/binde/projects/classes/Molten/Tests/MoltenTests/Views/Shopping/StoreAutoCompleteFieldTests.swift /Users/binde/projects/classes/Molten/Tests/MoltenTests/GlassItemTypeSystemTests.swift /Users/binde/projects/classes/Molten/Tests/MoltenTests/GlassTerminologySettingsTests.swift /Users/binde/projects/classes/Molten/Tests/RepositoryTests/GlassItemRepositoryDuplicateTests.swift (in target 'MoltenTests' from project 'Molten')

SwiftCompile normal arm64 /Users/binde/projects/classes/Molten/Tests/MoltenTests/Views/Shared/UIStateManagementTests.swift (in target 'MoltenTests' from project 'Molten')
    cd /Users/binde/projects/classes
    
/Users/binde/projects/classes/Molten/Tests/MoltenTests/Views/Shared/UIStateManagementTests.swift:36:22: warning: result of call to 'startLoading(operationName:)' is unused
        stateManager.startLoading(operationName: "Test Operation")
                     ^           ~~~~~~~~~~~~~~~~~~~~~~~~~~~~~~~~~
/Users/binde/projects/classes/Molten/Tests/MoltenTests/Views/Shared/UIStateManagementTests.swift:79:22: warning: result of call to 'startLoading(operationName:)' is unused
        stateManager.startLoading(operationName: "Failing Operation")
                     ^           ~~~~~~~~~~~~~~~~~~~~~~~~~~~~~~~~~~~~

SwiftCompile normal arm64 /Users/binde/projects/classes/Molten/Tests/MoltenTests/Views/Shopping/MockShoppingListViewModel.swift (in target 'MoltenTests' from project 'Molten')
    cd /Users/binde/projects/classes
    

SwiftCompile normal arm64 /Users/binde/projects/classes/Molten/Tests/MoltenTests/Views/Shopping/ShoppingListItemCreationTests.swift (in target 'MoltenTests' from project 'Molten')
    cd /Users/binde/projects/classes
    

SwiftCompile normal arm64 /Users/binde/projects/classes/Molten/Tests/MoltenTests/Views/Shopping/ShoppingListOptionsViewTests.swift (in target 'MoltenTests' from project 'Molten')
    cd /Users/binde/projects/classes
    

SwiftCompile normal arm64 /Users/binde/projects/classes/Molten/Tests/MoltenTests/Views/Shopping/ShoppingListViewTests.swift (in target 'MoltenTests' from project 'Molten')
    cd /Users/binde/projects/classes
    
/Users/binde/projects/classes/Molten/Tests/MoltenTests/Views/Shopping/ShoppingListViewTests.swift:77:22: warning: comparing non-optional value of type 'ShoppingListView' to 'nil' always returns true
        #expect(view != nil)
                ~~~~ ^  ~~~
/Users/binde/projects/classes/Molten/Tests/MoltenTests/Views/Shopping/ShoppingListViewTests.swift:485:43: warning: result of call to 'createItem' is unused
            try await glassItemRepository.createItem(testGlassItem)
                                          ^         ~~~~~~~~~~~~~~~
/Users/binde/projects/classes/Molten/Tests/MoltenTests/Views/Shopping/ShoppingListViewTests.swift:465:17: warning: initialization of immutable value 'locationRepository' was never used; consider replacing with assignment to '_' or removing it
            let locationRepository = MockLocationRepository()
            ~~~~^~~~~~~~~~~~~~~~~~
            _
/Users/binde/projects/classes/Molten/Tests/MoltenTests/Views/Shopping/ShoppingListViewTests.swift:495:17: warning: mutation of captured var 'notificationReceived' in concurrently-executing code
                notificationReceived = true
                ^
/Users/binde/projects/classes/Molten/Tests/MoltenTests/Views/Shopping/ShoppingListViewTests.swift:534:17: warning: mutation of captured var 'notificationReceived' in concurrently-executing code
                notificationReceived = true
                ^

SwiftCompile normal arm64 /Users/binde/projects/classes/Molten/Tests/MoltenTests/Views/Shopping/ShoppingModeCheckoutTests.swift (in target 'MoltenTests' from project 'Molten')
    cd /Users/binde/projects/classes
    

SwiftCompile normal arm64 /Users/binde/projects/classes/Molten/Tests/MoltenTests/Views/Shopping/ShoppingModeStateTests.swift (in target 'MoltenTests' from project 'Molten')
    cd /Users/binde/projects/classes
    

SwiftCompile normal arm64 /Users/binde/projects/classes/Molten/Tests/MoltenTests/Views/Shopping/StoreAutoCompleteFieldTests.swift (in target 'MoltenTests' from project 'Molten')
    cd /Users/binde/projects/classes
    

SwiftCompile normal arm64 /Users/binde/projects/classes/Molten/Tests/MoltenTests/GlassItemTypeSystemTests.swift (in target 'MoltenTests' from project 'Molten')
    cd /Users/binde/projects/classes
    

SwiftCompile normal arm64 /Users/binde/projects/classes/Molten/Tests/MoltenTests/GlassTerminologySettingsTests.swift (in target 'MoltenTests' from project 'Molten')
    cd /Users/binde/projects/classes
    

SwiftCompile normal arm64 /Users/binde/projects/classes/Molten/Tests/RepositoryTests/GlassItemRepositoryDuplicateTests.swift (in target 'MoltenTests' from project 'Molten')
    cd /Users/binde/projects/classes
    

SwiftCompile normal arm64 Compiling\ CoreDataItemTagsRepositoryTests.swift,\ CoreDataLocationRepositoryTests.swift,\ CoreDataLogbookRepositoryTests.swift /Users/binde/projects/classes/Molten/Tests/RepositoryTests/CoreData/CoreDataItemTagsRepositoryTests.swift /Users/binde/projects/classes/Molten/Tests/RepositoryTests/CoreData/CoreDataLocationRepositoryTests.swift /Users/binde/projects/classes/Molten/Tests/RepositoryTests/CoreData/CoreDataLogbookRepositoryTests.swift (in target 'RepositoryTests' from project 'Molten')

SwiftCompile normal arm64 /Users/binde/projects/classes/Molten/Tests/RepositoryTests/CoreData/CoreDataItemTagsRepositoryTests.swift (in target 'RepositoryTests' from project 'Molten')
    cd /Users/binde/projects/classes
    
/Users/binde/projects/classes/Molten/Tests/RepositoryTests/CoreData/CoreDataItemTagsRepositoryTests.swift:365:28: warning: comparing non-optional value of type 'CoreDataItemTagsRepository' to 'nil' always returns true
        #expect(repository != nil)
                ~~~~~~~~~~ ^  ~~~
/Users/binde/projects/classes/Molten/Tests/RepositoryTests/CoreData/CoreDataItemTagsRepositoryTests.swift:366:37: warning: comparing non-optional value of type 'NSPersistentContainer' to 'nil' always returns true
        #expect(persistentContainer != nil)
                ~~~~~~~~~~~~~~~~~~~ ^  ~~~

SwiftCompile normal arm64 /Users/binde/projects/classes/Molten/Tests/RepositoryTests/CoreData/CoreDataLocationRepositoryTests.swift (in target 'RepositoryTests' from project 'Molten')
    cd /Users/binde/projects/classes
    
/Users/binde/projects/classes/Molten/Tests/RepositoryTests/CoreData/CoreDataItemTagsRepositoryTests.swift:365:28: warning: comparing non-optional value of type 'CoreDataItemTagsRepository' to 'nil' always returns true
        #expect(repository != nil)
                ~~~~~~~~~~ ^  ~~~
/Users/binde/projects/classes/Molten/Tests/RepositoryTests/CoreData/CoreDataItemTagsRepositoryTests.swift:366:37: warning: comparing non-optional value of type 'NSPersistentContainer' to 'nil' always returns true
        #expect(persistentContainer != nil)
                ~~~~~~~~~~~~~~~~~~~ ^  ~~~

SwiftCompile normal arm64 /Users/binde/projects/classes/Molten/Tests/RepositoryTests/CoreData/CoreDataLogbookRepositoryTests.swift (in target 'RepositoryTests' from project 'Molten')
    cd /Users/binde/projects/classes
    
/Users/binde/projects/classes/Molten/Tests/RepositoryTests/CoreData/CoreDataItemTagsRepositoryTests.swift:365:28: warning: comparing non-optional value of type 'CoreDataItemTagsRepository' to 'nil' always returns true
        #expect(repository != nil)
                ~~~~~~~~~~ ^  ~~~
/Users/binde/projects/classes/Molten/Tests/RepositoryTests/CoreData/CoreDataItemTagsRepositoryTests.swift:366:37: warning: comparing non-optional value of type 'NSPersistentContainer' to 'nil' always returns true
        #expect(persistentContainer != nil)
                ~~~~~~~~~~~~~~~~~~~ ^  ~~~
/Users/binde/projects/classes/Molten/Tests/RepositoryTests/CoreData/CoreDataLogbookRepositoryTests.swift:459:31: warning: capture of 'tagsFetch' with non-Sendable type 'NSFetchRequest<any NSFetchRequestResult>' in a '@Sendable' closure
            try context.fetch(tagsFetch)
                              ^
/Applications/Xcode.app/Contents/Developer/Platforms/iPhoneSimulator.platform/Developer/SDKs/iPhoneSimulator26.0.sdk/System/Library/Frameworks/CoreData.framework/Headers/NSFetchRequest.h:47:12: note: generic class 'NSFetchRequest' does not conform to the 'Sendable' protocol
@interface NSFetchRequest<__covariant ResultType:id<NSFetchRequestResult>> : NSPersistentStoreRequest <NSCoding, NSCopying> {
           ^
/Users/binde/projects/classes/Molten/Tests/RepositoryTests/CoreData/CoreDataLogbookRepositoryTests.swift:11:1: warning: add '@preconcurrency' to treat 'Sendable'-related errors from module 'CoreData' as warnings
import CoreData
^
@preconcurrency 
/Users/binde/projects/classes/Molten/Tests/RepositoryTests/CoreData/CoreDataLogbookRepositoryTests.swift:466:31: warning: capture of 'techniquesFetch' with non-Sendable type 'NSFetchRequest<ProjectTechnique>' in a '@Sendable' closure
            try context.fetch(techniquesFetch)
                              ^
/Applications/Xcode.app/Contents/Developer/Platforms/iPhoneSimulator.platform/Developer/SDKs/iPhoneSimulator26.0.sdk/System/Library/Frameworks/CoreData.framework/Headers/NSFetchRequest.h:47:12: note: generic class 'NSFetchRequest' does not conform to the 'Sendable' protocol
@interface NSFetchRequest<__covariant ResultType:id<NSFetchRequestResult>> : NSPersistentStoreRequest <NSCoding, NSCopying> {
           ^
/Users/binde/projects/classes/Molten/Tests/RepositoryTests/CoreData/CoreDataLogbookRepositoryTests.swift:473:31: warning: capture of 'glassItemsFetch' with non-Sendable type 'NSFetchRequest<LogbookGlassItem>' in a '@Sendable' closure
            try context.fetch(glassItemsFetch)
                              ^
/Applications/Xcode.app/Contents/Developer/Platforms/iPhoneSimulator.platform/Developer/SDKs/iPhoneSimulator26.0.sdk/System/Library/Frameworks/CoreData.framework/Headers/NSFetchRequest.h:47:12: note: generic class 'NSFetchRequest' does not conform to the 'Sendable' protocol
@interface NSFetchRequest<__covariant ResultType:id<NSFetchRequestResult>> : NSPersistentStoreRequest <NSCoding, NSCopying> {
           ^
/Users/binde/projects/classes/Molten/Tests/RepositoryTests/CoreData/CoreDataLogbookRepositoryTests.swift:482:31: warning: capture of 'tagsFetch' with non-Sendable type 'NSFetchRequest<any NSFetchRequestResult>' in a '@Sendable' closure
            try context.fetch(tagsFetch)
                              ^
/Applications/Xcode.app/Contents/Developer/Platforms/iPhoneSimulator.platform/Developer/SDKs/iPhoneSimulator26.0.sdk/System/Library/Frameworks/CoreData.framework/Headers/NSFetchRequest.h:47:12: note: generic class 'NSFetchRequest' does not conform to the 'Sendable' protocol
@interface NSFetchRequest<__covariant ResultType:id<NSFetchRequestResult>> : NSPersistentStoreRequest <NSCoding, NSCopying> {
           ^
/Users/binde/projects/classes/Molten/Tests/RepositoryTests/CoreData/CoreDataLogbookRepositoryTests.swift:487:31: warning: capture of 'techniquesFetch' with non-Sendable type 'NSFetchRequest<ProjectTechnique>' in a '@Sendable' closure
            try context.fetch(techniquesFetch)
                              ^
/Applications/Xcode.app/Contents/Developer/Platforms/iPhoneSimulator.platform/Developer/SDKs/iPhoneSimulator26.0.sdk/System/Library/Frameworks/CoreData.framework/Headers/NSFetchRequest.h:47:12: note: generic class 'NSFetchRequest' does not conform to the 'Sendable' protocol
@interface NSFetchRequest<__covariant ResultType:id<NSFetchRequestResult>> : NSPersistentStoreRequest <NSCoding, NSCopying> {
           ^
/Users/binde/projects/classes/Molten/Tests/RepositoryTests/CoreData/CoreDataLogbookRepositoryTests.swift:492:31: warning: capture of 'glassItemsFetch' with non-Sendable type 'NSFetchRequest<LogbookGlassItem>' in a '@Sendable' closure
            try context.fetch(glassItemsFetch)
                              ^
/Applications/Xcode.app/Contents/Developer/Platforms/iPhoneSimulator.platform/Developer/SDKs/iPhoneSimulator26.0.sdk/System/Library/Frameworks/CoreData.framework/Headers/NSFetchRequest.h:47:12: note: generic class 'NSFetchRequest' does not conform to the 'Sendable' protocol
@interface NSFetchRequest<__covariant ResultType:id<NSFetchRequestResult>> : NSPersistentStoreRequest <NSCoding, NSCopying> {
           ^

SwiftEmitModule normal arm64 Emitting\ module\ for\ PerformanceTests (in target 'PerformanceTests' from project 'Molten')

EmitSwiftModule normal arm64 (in target 'PerformanceTests' from project 'Molten')
    cd /Users/binde/projects/classes
    

SwiftEmitModule normal arm64 Emitting\ module\ for\ RepositoryTests (in target 'RepositoryTests' from project 'Molten')

EmitSwiftModule normal arm64 (in target 'RepositoryTests' from project 'Molten')
    cd /Users/binde/projects/classes
    

SwiftCompile normal arm64 Compiling\ CoreDataUserTagsRepositoryTests.swift,\ GlassItemRepositoryTests.swift,\ InventoryRepositoryTests.swift /Users/binde/projects/classes/Molten/Tests/RepositoryTests/CoreData/CoreDataUserTagsRepositoryTests.swift /Users/binde/projects/classes/Molten/Tests/RepositoryTests/CoreData/GlassItemRepositoryTests.swift /Users/binde/projects/classes/Molten/Tests/RepositoryTests/CoreData/InventoryRepositoryTests.swift (in target 'RepositoryTests' from project 'Molten')

SwiftCompile normal arm64 /Users/binde/projects/classes/Molten/Tests/RepositoryTests/CoreData/CoreDataUserTagsRepositoryTests.swift (in target 'RepositoryTests' from project 'Molten')
    cd /Users/binde/projects/classes
    

SwiftCompile normal arm64 /Users/binde/projects/classes/Molten/Tests/RepositoryTests/CoreData/GlassItemRepositoryTests.swift (in target 'RepositoryTests' from project 'Molten')
    cd /Users/binde/projects/classes
    

SwiftCompile normal arm64 /Users/binde/projects/classes/Molten/Tests/RepositoryTests/CoreData/InventoryRepositoryTests.swift (in target 'RepositoryTests' from project 'Molten')
    cd /Users/binde/projects/classes
    

SwiftEmitModule normal arm64 Emitting\ module\ for\ InventoryImport (in target 'InventoryImport' from project 'Molten')

EmitSwiftModule normal arm64 (in target 'InventoryImport' from project 'Molten')
    cd /Users/binde/projects/classes
    

SwiftEmitModule normal arm64 Emitting\ module\ for\ MoltenUITests (in target 'MoltenUITests' from project 'Molten')

EmitSwiftModule normal arm64 (in target 'MoltenUITests' from project 'Molten')
    cd /Users/binde/projects/classes
    

SwiftEmitModule normal arm64 Emitting\ module\ for\ ScreenshotAutomation (in target 'ScreenshotAutomation' from project 'Molten')

EmitSwiftModule normal arm64 (in target 'ScreenshotAutomation' from project 'Molten')
    cd /Users/binde/projects/classes
    

SwiftDriverJobDiscovery normal arm64 Emitting module for MoltenUITests (in target 'MoltenUITests' from project 'Molten')

SwiftDriver\ Compilation\ Requirements MoltenUITests normal arm64 com.apple.xcode.tools.swift.compiler (in target 'MoltenUITests' from project 'Molten')
    cd /Users/binde/projects/classes
    builtin-Swift-Compilation-Requirements -- /Applications/Xcode.app/Contents/Developer/Toolchains/XcodeDefault.xctoolchain/usr/bin/swiftc -module-name MoltenUITests -Onone -enforce-exclusivity\=checked @/Users/binde/Library/Developer/Xcode/DerivedData/Molten-dwnouowhlxjhigdgjryrxxsdqnmu/Build/Intermediates.noindex/Molten.build/Debug-iphonesimulator/MoltenUITests.build/Objects-normal/arm64/MoltenUITests.SwiftFileList -DDEBUG -module-alias Testing\=_Testing_Unavailable -plugin-path /Applications/Xcode.app/Contents/Developer/Toolchains/XcodeDefault.xctoolchain/usr/lib/swift/host/plugins/testing -enable-upcoming-feature MemberImportVisibility -enable-upcoming-feature InferIsolatedConformances -enable-upcoming-feature NonisolatedNonsendingByDefault -enable-experimental-feature DebugDescriptionMacro -sdk /Applications/Xcode.app/Contents/Developer/Platforms/iPhoneSimulator.platform/Developer/SDKs/iPhoneSimulator26.0.sdk -target arm64-apple-ios26.0-simulator -g -module-cache-path /Users/binde/Library/Developer/Xcode/DerivedData/ModuleCache.noindex -Xfrontend -serialize-debugging-options -profile-coverage-mapping -profile-generate -enable-testing -index-store-path /Users/binde/Library/Developer/Xcode/DerivedData/Molten-dwnouowhlxjhigdgjryrxxsdqnmu/Index.noindex/DataStore -Xcc -D_LIBCPP_HARDENING_MODE\=_LIBCPP_HARDENING_MODE_DEBUG -swift-version 6 -I /Users/binde/Library/Developer/Xcode/DerivedData/Molten-dwnouowhlxjhigdgjryrxxsdqnmu/Build/Products/Debug-iphonesimulator -Isystem /Applications/Xcode.app/Contents/Developer/Platforms/iPhoneSimulator.platform/Developer/usr/lib -F /Users/binde/Library/Developer/Xcode/DerivedData/Molten-dwnouowhlxjhigdgjryrxxsdqnmu/Build/Products/Debug-iphonesimulator -F /Applications/Xcode.app/Contents/Developer/Platforms/iPhoneSimulator.platform/Developer/Library/Frameworks -F /Applications/Xcode.app/Contents/Developer/Platforms/iPhoneSimulator.platform/Developer/SDKs/iPhoneSimulator26.0.sdk/Developer/Library/Frameworks -c -j11 -enable-batch-mode -incremental -Xcc -ivfsstatcache -Xcc /Users/binde/Library/Developer/Xcode/DerivedData/SDKStatCaches.noindex/iphonesimulator26.0-23A339-26257891a6c027eb51374368541b8346.sdkstatcache -output-file-map /Users/binde/Library/Developer/Xcode/DerivedData/Molten-dwnouowhlxjhigdgjryrxxsdqnmu/Build/Intermediates.noindex/Molten.build/Debug-iphonesimulator/MoltenUITests.build/Objects-normal/arm64/MoltenUITests-OutputFileMap.json -use-frontend-parseable-output -save-temps -no-color-diagnostics -explicit-module-build -module-cache-path /Users/binde/Library/Developer/Xcode/DerivedData/Molten-dwnouowhlxjhigdgjryrxxsdqnmu/Build/Intermediates.noindex/SwiftExplicitPrecompiledModules -clang-scanner-module-cache-path /Users/binde/Library/Developer/Xcode/DerivedData/ModuleCache.noindex -sdk-module-cache-path /Users/binde/Library/Developer/Xcode/DerivedData/ModuleCache.noindex -serialize-diagnostics -emit-dependencies -emit-module -emit-module-path /Users/binde/Library/Developer/Xcode/DerivedData/Molten-dwnouowhlxjhigdgjryrxxsdqnmu/Build/Intermediates.noindex/Molten.build/Debug-iphonesimulator/MoltenUITests.build/Objects-normal/arm64/MoltenUITests.swiftmodule -validate-clang-modules-once -clang-build-session-file /Users/binde/Library/Developer/Xcode/DerivedData/ModuleCache.noindex/Session.modulevalidation -Xcc -I/Users/binde/Library/Developer/Xcode/DerivedData/Molten-dwnouowhlxjhigdgjryrxxsdqnmu/Build/Intermediates.noindex/Molten.build/Debug-iphonesimulator/MoltenUITests.build/swift-overrides.hmap -emit-const-values -Xfrontend -const-gather-protocols-file -Xfrontend /Users/binde/Library/Developer/Xcode/DerivedData/Molten-dwnouowhlxjhigdgjryrxxsdqnmu/Build/Intermediates.noindex/Molten.build/Debug-iphonesimulator/MoltenUITests.build/Objects-normal/arm64/MoltenUITests_const_extract_protocols.json -Xcc -iquote -Xcc /Users/binde/Library/Developer/Xcode/DerivedData/Molten-dwnouowhlxjhigdgjryrxxsdqnmu/Build/Intermediates.noindex/Molten.build/Debug-iphonesimulator/MoltenUITests.build/MoltenUITests-generated-files.hmap -Xcc -I/Users/binde/Library/Developer/Xcode/DerivedData/Molten-dwnouowhlxjhigdgjryrxxsdqnmu/Build/Intermediates.noindex/Molten.build/Debug-iphonesimulator/MoltenUITests.build/MoltenUITests-own-target-headers.hmap -Xcc -I/Users/binde/Library/Developer/Xcode/DerivedData/Molten-dwnouowhlxjhigdgjryrxxsdqnmu/Build/Intermediates.noindex/Molten.build/Debug-iphonesimulator/MoltenUITests.build/MoltenUITests-all-target-headers.hmap -Xcc -iquote -Xcc /Users/binde/Library/Developer/Xcode/DerivedData/Molten-dwnouowhlxjhigdgjryrxxsdqnmu/Build/Intermediates.noindex/Molten.build/Debug-iphonesimulator/MoltenUITests.build/MoltenUITests-project-headers.hmap -Xcc -I/Users/binde/Library/Developer/Xcode/DerivedData/Molten-dwnouowhlxjhigdgjryrxxsdqnmu/Build/Products/Debug-iphonesimulator/include -Xcc -I/Users/binde/Library/Developer/Xcode/DerivedData/Molten-dwnouowhlxjhigdgjryrxxsdqnmu/Build/Intermediates.noindex/Molten.build/Debug-iphonesimulator/MoltenUITests.build/DerivedSources-normal/arm64 -Xcc -I/Users/binde/Library/Developer/Xcode/DerivedData/Molten-dwnouowhlxjhigdgjryrxxsdqnmu/Build/Intermediates.noindex/Molten.build/Debug-iphonesimulator/MoltenUITests.build/DerivedSources/arm64 -Xcc -I/Users/binde/Library/Developer/Xcode/DerivedData/Molten-dwnouowhlxjhigdgjryrxxsdqnmu/Build/Intermediates.noindex/Molten.build/Debug-iphonesimulator/MoltenUITests.build/DerivedSources -Xcc -DDEBUG\=1 -emit-objc-header -emit-objc-header-path /Users/binde/Library/Developer/Xcode/DerivedData/Molten-dwnouowhlxjhigdgjryrxxsdqnmu/Build/Intermediates.noindex/Molten.build/Debug-iphonesimulator/MoltenUITests.build/Objects-normal/arm64/MoltenUITests-Swift.h -working-directory /Users/binde/projects/classes -experimental-emit-module-separately -disable-cmo

SwiftDriverJobDiscovery normal arm64 Emitting module for PerformanceTests (in target 'PerformanceTests' from project 'Molten')

SwiftCompile normal arm64 Compiling\ ScreenshotAutomation.swift /Users/binde/projects/classes/ScreenshotAutomation/ScreenshotAutomation.swift (in target 'ScreenshotAutomation' from project 'Molten')

SwiftCompile normal arm64 /Users/binde/projects/classes/ScreenshotAutomation/ScreenshotAutomation.swift (in target 'ScreenshotAutomation' from project 'Molten')
    cd /Users/binde/projects/classes
    

SwiftDriver\ Compilation\ Requirements PerformanceTests normal arm64 com.apple.xcode.tools.swift.compiler (in target 'PerformanceTests' from project 'Molten')
    cd /Users/binde/projects/classes
    builtin-Swift-Compilation-Requirements -- /Applications/Xcode.app/Contents/Developer/Toolchains/XcodeDefault.xctoolchain/usr/bin/swiftc -module-name PerformanceTests -Onone -enforce-exclusivity\=checked @/Users/binde/Library/Developer/Xcode/DerivedData/Molten-dwnouowhlxjhigdgjryrxxsdqnmu/Build/Intermediates.noindex/Molten.build/Debug-iphonesimulator/PerformanceTests.build/Objects-normal/arm64/PerformanceTests.SwiftFileList -DDEBUG -plugin-path /Applications/Xcode.app/Contents/Developer/Toolchains/XcodeDefault.xctoolchain/usr/lib/swift/host/plugins/testing -enable-upcoming-feature MemberImportVisibility -enable-upcoming-feature InferIsolatedConformances -enable-upcoming-feature NonisolatedNonsendingByDefault -enable-experimental-feature DebugDescriptionMacro -sdk /Applications/Xcode.app/Contents/Developer/Platforms/iPhoneSimulator.platform/Developer/SDKs/iPhoneSimulator26.0.sdk -target arm64-apple-ios26.0-simulator -g -module-cache-path /Users/binde/Library/Developer/Xcode/DerivedData/ModuleCache.noindex -Xfrontend -serialize-debugging-options -profile-coverage-mapping -profile-generate -enable-testing -index-store-path /Users/binde/Library/Developer/Xcode/DerivedData/Molten-dwnouowhlxjhigdgjryrxxsdqnmu/Index.noindex/DataStore -Xcc -D_LIBCPP_HARDENING_MODE\=_LIBCPP_HARDENING_MODE_DEBUG -swift-version 6 -I /Users/binde/Library/Developer/Xcode/DerivedData/Molten-dwnouowhlxjhigdgjryrxxsdqnmu/Build/Products/Debug-iphonesimulator -Isystem /Applications/Xcode.app/Contents/Developer/Platforms/iPhoneSimulator.platform/Developer/usr/lib -F /Users/binde/Library/Developer/Xcode/DerivedData/Molten-dwnouowhlxjhigdgjryrxxsdqnmu/Build/Products/Debug-iphonesimulator -F /Applications/Xcode.app/Contents/Developer/Platforms/iPhoneSimulator.platform/Developer/Library/Frameworks -F /Applications/Xcode.app/Contents/Developer/Platforms/iPhoneSimulator.platform/Developer/SDKs/iPhoneSimulator26.0.sdk/Developer/Library/Frameworks -c -j11 -enable-batch-mode -incremental -Xcc -ivfsstatcache -Xcc /Users/binde/Library/Developer/Xcode/DerivedData/SDKStatCaches.noindex/iphonesimulator26.0-23A339-26257891a6c027eb51374368541b8346.sdkstatcache -output-file-map /Users/binde/Library/Developer/Xcode/DerivedData/Molten-dwnouowhlxjhigdgjryrxxsdqnmu/Build/Intermediates.noindex/Molten.build/Debug-iphonesimulator/PerformanceTests.build/Objects-normal/arm64/PerformanceTests-OutputFileMap.json -use-frontend-parseable-output -save-temps -no-color-diagnostics -explicit-module-build -module-cache-path /Users/binde/Library/Developer/Xcode/DerivedData/Molten-dwnouowhlxjhigdgjryrxxsdqnmu/Build/Intermediates.noindex/SwiftExplicitPrecompiledModules -clang-scanner-module-cache-path /Users/binde/Library/Developer/Xcode/DerivedData/ModuleCache.noindex -sdk-module-cache-path /Users/binde/Library/Developer/Xcode/DerivedData/ModuleCache.noindex -serialize-diagnostics -emit-dependencies -emit-module -emit-module-path /Users/binde/Library/Developer/Xcode/DerivedData/Molten-dwnouowhlxjhigdgjryrxxsdqnmu/Build/Intermediates.noindex/Molten.build/Debug-iphonesimulator/PerformanceTests.build/Objects-normal/arm64/PerformanceTests.swiftmodule -validate-clang-modules-once -clang-build-session-file /Users/binde/Library/Developer/Xcode/DerivedData/ModuleCache.noindex/Session.modulevalidation -Xcc -I/Users/binde/Library/Developer/Xcode/DerivedData/Molten-dwnouowhlxjhigdgjryrxxsdqnmu/Build/Intermediates.noindex/Molten.build/Debug-iphonesimulator/PerformanceTests.build/swift-overrides.hmap -emit-const-values -Xfrontend -const-gather-protocols-file -Xfrontend /Users/binde/Library/Developer/Xcode/DerivedData/Molten-dwnouowhlxjhigdgjryrxxsdqnmu/Build/Intermediates.noindex/Molten.build/Debug-iphonesimulator/PerformanceTests.build/Objects-normal/arm64/PerformanceTests_const_extract_protocols.json -Xcc -iquote -Xcc /Users/binde/Library/Developer/Xcode/DerivedData/Molten-dwnouowhlxjhigdgjryrxxsdqnmu/Build/Intermediates.noindex/Molten.build/Debug-iphonesimulator/PerformanceTests.build/PerformanceTests-generated-files.hmap -Xcc -I/Users/binde/Library/Developer/Xcode/DerivedData/Molten-dwnouowhlxjhigdgjryrxxsdqnmu/Build/Intermediates.noindex/Molten.build/Debug-iphonesimulator/PerformanceTests.build/PerformanceTests-own-target-headers.hmap -Xcc -I/Users/binde/Library/Developer/Xcode/DerivedData/Molten-dwnouowhlxjhigdgjryrxxsdqnmu/Build/Intermediates.noindex/Molten.build/Debug-iphonesimulator/PerformanceTests.build/PerformanceTests-all-target-headers.hmap -Xcc -iquote -Xcc /Users/binde/Library/Developer/Xcode/DerivedData/Molten-dwnouowhlxjhigdgjryrxxsdqnmu/Build/Intermediates.noindex/Molten.build/Debug-iphonesimulator/PerformanceTests.build/PerformanceTests-project-headers.hmap -Xcc -I/Users/binde/Library/Developer/Xcode/DerivedData/Molten-dwnouowhlxjhigdgjryrxxsdqnmu/Build/Products/Debug-iphonesimulator/include -Xcc -I/Users/binde/Library/Developer/Xcode/DerivedData/Molten-dwnouowhlxjhigdgjryrxxsdqnmu/Build/Intermediates.noindex/Molten.build/Debug-iphonesimulator/PerformanceTests.build/DerivedSources-normal/arm64 -Xcc -I/Users/binde/Library/Developer/Xcode/DerivedData/Molten-dwnouowhlxjhigdgjryrxxsdqnmu/Build/Intermediates.noindex/Molten.build/Debug-iphonesimulator/PerformanceTests.build/DerivedSources/arm64 -Xcc -I/Users/binde/Library/Developer/Xcode/DerivedData/Molten-dwnouowhlxjhigdgjryrxxsdqnmu/Build/Intermediates.noindex/Molten.build/Debug-iphonesimulator/PerformanceTests.build/DerivedSources -Xcc -DDEBUG\=1 -emit-objc-header -emit-objc-header-path /Users/binde/Library/Developer/Xcode/DerivedData/Molten-dwnouowhlxjhigdgjryrxxsdqnmu/Build/Intermediates.noindex/Molten.build/Debug-iphonesimulator/PerformanceTests.build/Objects-normal/arm64/PerformanceTests-Swift.h -working-directory /Users/binde/projects/classes -experimental-emit-module-separately -disable-cmo

SwiftDriverJobDiscovery normal arm64 Emitting module for ScreenshotAutomation (in target 'ScreenshotAutomation' from project 'Molten')

SwiftDriver\ Compilation\ Requirements ScreenshotAutomation normal arm64 com.apple.xcode.tools.swift.compiler (in target 'ScreenshotAutomation' from project 'Molten')
    cd /Users/binde/projects/classes
    builtin-Swift-Compilation-Requirements -- /Applications/Xcode.app/Contents/Developer/Toolchains/XcodeDefault.xctoolchain/usr/bin/swiftc -module-name ScreenshotAutomation -Onone -enforce-exclusivity\=checked @/Users/binde/Library/Developer/Xcode/DerivedData/Molten-dwnouowhlxjhigdgjryrxxsdqnmu/Build/Intermediates.noindex/Molten.build/Debug-iphonesimulator/ScreenshotAutomation.build/Objects-normal/arm64/ScreenshotAutomation.SwiftFileList -DDEBUG -module-alias Testing\=_Testing_Unavailable -plugin-path /Applications/Xcode.app/Contents/Developer/Toolchains/XcodeDefault.xctoolchain/usr/lib/swift/host/plugins/testing -enable-bare-slash-regex -enable-upcoming-feature DisableOutwardActorInference -enable-upcoming-feature InferSendableFromCaptures -enable-upcoming-feature GlobalActorIsolatedTypesUsability -enable-upcoming-feature MemberImportVisibility -enable-upcoming-feature InferIsolatedConformances -enable-upcoming-feature NonisolatedNonsendingByDefault -enable-experimental-feature DebugDescriptionMacro -sdk /Applications/Xcode.app/Contents/Developer/Platforms/iPhoneSimulator.platform/Developer/SDKs/iPhoneSimulator26.0.sdk -target arm64-apple-ios26.0-simulator -g -module-cache-path /Users/binde/Library/Developer/Xcode/DerivedData/ModuleCache.noindex -Xfrontend -serialize-debugging-options -profile-coverage-mapping -profile-generate -enable-testing -index-store-path /Users/binde/Library/Developer/Xcode/DerivedData/Molten-dwnouowhlxjhigdgjryrxxsdqnmu/Index.noindex/DataStore -Xcc -D_LIBCPP_HARDENING_MODE\=_LIBCPP_HARDENING_MODE_DEBUG -swift-version 5 -I /Users/binde/Library/Developer/Xcode/DerivedData/Molten-dwnouowhlxjhigdgjryrxxsdqnmu/Build/Products/Debug-iphonesimulator -Isystem /Applications/Xcode.app/Contents/Developer/Platforms/iPhoneSimulator.platform/Developer/usr/lib -F /Users/binde/Library/Developer/Xcode/DerivedData/Molten-dwnouowhlxjhigdgjryrxxsdqnmu/Build/Products/Debug-iphonesimulator -F /Applications/Xcode.app/Contents/Developer/Platforms/iPhoneSimulator.platform/Developer/Library/Frameworks -F /Applications/Xcode.app/Contents/Developer/Platforms/iPhoneSimulator.platform/Developer/SDKs/iPhoneSimulator26.0.sdk/Developer/Library/Frameworks -c -j11 -enable-batch-mode -incremental -Xcc -ivfsstatcache -Xcc /Users/binde/Library/Developer/Xcode/DerivedData/SDKStatCaches.noindex/iphonesimulator26.0-23A339-26257891a6c027eb51374368541b8346.sdkstatcache -output-file-map /Users/binde/Library/Developer/Xcode/DerivedData/Molten-dwnouowhlxjhigdgjryrxxsdqnmu/Build/Intermediates.noindex/Molten.build/Debug-iphonesimulator/ScreenshotAutomation.build/Objects-normal/arm64/ScreenshotAutomation-OutputFileMap.json -use-frontend-parseable-output -save-temps -no-color-diagnostics -explicit-module-build -module-cache-path /Users/binde/Library/Developer/Xcode/DerivedData/Molten-dwnouowhlxjhigdgjryrxxsdqnmu/Build/Intermediates.noindex/SwiftExplicitPrecompiledModules -clang-scanner-module-cache-path /Users/binde/Library/Developer/Xcode/DerivedData/ModuleCache.noindex -sdk-module-cache-path /Users/binde/Library/Developer/Xcode/DerivedData/ModuleCache.noindex -serialize-diagnostics -emit-dependencies -emit-module -emit-module-path /Users/binde/Library/Developer/Xcode/DerivedData/Molten-dwnouowhlxjhigdgjryrxxsdqnmu/Build/Intermediates.noindex/Molten.build/Debug-iphonesimulator/ScreenshotAutomation.build/Objects-normal/arm64/ScreenshotAutomation.swiftmodule -validate-clang-modules-once -clang-build-session-file /Users/binde/Library/Developer/Xcode/DerivedData/ModuleCache.noindex/Session.modulevalidation -Xcc -I/Users/binde/Library/Developer/Xcode/DerivedData/Molten-dwnouowhlxjhigdgjryrxxsdqnmu/Build/Intermediates.noindex/Molten.build/Debug-iphonesimulator/ScreenshotAutomation.build/swift-overrides.hmap -emit-const-values -Xfrontend -const-gather-protocols-file -Xfrontend /Users/binde/Library/Developer/Xcode/DerivedData/Molten-dwnouowhlxjhigdgjryrxxsdqnmu/Build/Intermediates.noindex/Molten.build/Debug-iphonesimulator/ScreenshotAutomation.build/Objects-normal/arm64/ScreenshotAutomation_const_extract_protocols.json -Xcc -iquote -Xcc /Users/binde/Library/Developer/Xcode/DerivedData/Molten-dwnouowhlxjhigdgjryrxxsdqnmu/Build/Intermediates.noindex/Molten.build/Debug-iphonesimulator/ScreenshotAutomation.build/ScreenshotAutomation-generated-files.hmap -Xcc -I/Users/binde/Library/Developer/Xcode/DerivedData/Molten-dwnouowhlxjhigdgjryrxxsdqnmu/Build/Intermediates.noindex/Molten.build/Debug-iphonesimulator/ScreenshotAutomation.build/ScreenshotAutomation-own-target-headers.hmap -Xcc -I/Users/binde/Library/Developer/Xcode/DerivedData/Molten-dwnouowhlxjhigdgjryrxxsdqnmu/Build/Intermediates.noindex/Molten.build/Debug-iphonesimulator/ScreenshotAutomation.build/ScreenshotAutomation-all-target-headers.hmap -Xcc -iquote -Xcc /Users/binde/Library/Developer/Xcode/DerivedData/Molten-dwnouowhlxjhigdgjryrxxsdqnmu/Build/Intermediates.noindex/Molten.build/Debug-iphonesimulator/ScreenshotAutomation.build/ScreenshotAutomation-project-headers.hmap -Xcc -I/Users/binde/Library/Developer/Xcode/DerivedData/Molten-dwnouowhlxjhigdgjryrxxsdqnmu/Build/Products/Debug-iphonesimulator/include -Xcc -I/Users/binde/Library/Developer/Xcode/DerivedData/Molten-dwnouowhlxjhigdgjryrxxsdqnmu/Build/Intermediates.noindex/Molten.build/Debug-iphonesimulator/ScreenshotAutomation.build/DerivedSources-normal/arm64 -Xcc -I/Users/binde/Library/Developer/Xcode/DerivedData/Molten-dwnouowhlxjhigdgjryrxxsdqnmu/Build/Intermediates.noindex/Molten.build/Debug-iphonesimulator/ScreenshotAutomation.build/DerivedSources/arm64 -Xcc -I/Users/binde/Library/Developer/Xcode/DerivedData/Molten-dwnouowhlxjhigdgjryrxxsdqnmu/Build/Intermediates.noindex/Molten.build/Debug-iphonesimulator/ScreenshotAutomation.build/DerivedSources -Xcc -DDEBUG\=1 -emit-objc-header -emit-objc-header-path /Users/binde/Library/Developer/Xcode/DerivedData/Molten-dwnouowhlxjhigdgjryrxxsdqnmu/Build/Intermediates.noindex/Molten.build/Debug-iphonesimulator/ScreenshotAutomation.build/Objects-normal/arm64/ScreenshotAutomation-Swift.h -working-directory /Users/binde/projects/classes -experimental-emit-module-separately -disable-cmo

SwiftMergeGeneratedHeaders /Users/binde/Library/Developer/Xcode/DerivedData/Molten-dwnouowhlxjhigdgjryrxxsdqnmu/Build/Intermediates.noindex/Molten.build/Debug-iphonesimulator/PerformanceTests.build/DerivedSources/PerformanceTests-Swift.h /Users/binde/Library/Developer/Xcode/DerivedData/Molten-dwnouowhlxjhigdgjryrxxsdqnmu/Build/Intermediates.noindex/Molten.build/Debug-iphonesimulator/PerformanceTests.build/Objects-normal/arm64/PerformanceTests-Swift.h (in target 'PerformanceTests' from project 'Molten')
    cd /Users/binde/projects/classes
    builtin-swiftHeaderTool -arch arm64 /Users/binde/Library/Developer/Xcode/DerivedData/Molten-dwnouowhlxjhigdgjryrxxsdqnmu/Build/Intermediates.noindex/Molten.build/Debug-iphonesimulator/PerformanceTests.build/Objects-normal/arm64/PerformanceTests-Swift.h -o /Users/binde/Library/Developer/Xcode/DerivedData/Molten-dwnouowhlxjhigdgjryrxxsdqnmu/Build/Intermediates.noindex/Molten.build/Debug-iphonesimulator/PerformanceTests.build/DerivedSources/PerformanceTests-Swift.h

SwiftMergeGeneratedHeaders /Users/binde/Library/Developer/Xcode/DerivedData/Molten-dwnouowhlxjhigdgjryrxxsdqnmu/Build/Intermediates.noindex/Molten.build/Debug-iphonesimulator/ScreenshotAutomation.build/DerivedSources/ScreenshotAutomation-Swift.h /Users/binde/Library/Developer/Xcode/DerivedData/Molten-dwnouowhlxjhigdgjryrxxsdqnmu/Build/Intermediates.noindex/Molten.build/Debug-iphonesimulator/ScreenshotAutomation.build/Objects-normal/arm64/ScreenshotAutomation-Swift.h (in target 'ScreenshotAutomation' from project 'Molten')
    cd /Users/binde/projects/classes
    builtin-swiftHeaderTool -arch arm64 /Users/binde/Library/Developer/Xcode/DerivedData/Molten-dwnouowhlxjhigdgjryrxxsdqnmu/Build/Intermediates.noindex/Molten.build/Debug-iphonesimulator/ScreenshotAutomation.build/Objects-normal/arm64/ScreenshotAutomation-Swift.h -o /Users/binde/Library/Developer/Xcode/DerivedData/Molten-dwnouowhlxjhigdgjryrxxsdqnmu/Build/Intermediates.noindex/Molten.build/Debug-iphonesimulator/ScreenshotAutomation.build/DerivedSources/ScreenshotAutomation-Swift.h

Copy /Users/binde/Library/Developer/Xcode/DerivedData/Molten-dwnouowhlxjhigdgjryrxxsdqnmu/Build/Products/Debug-iphonesimulator/ScreenshotAutomation.swiftmodule/arm64-apple-ios-simulator.swiftmodule /Users/binde/Library/Developer/Xcode/DerivedData/Molten-dwnouowhlxjhigdgjryrxxsdqnmu/Build/Intermediates.noindex/Molten.build/Debug-iphonesimulator/ScreenshotAutomation.build/Objects-normal/arm64/ScreenshotAutomation.swiftmodule (in target 'ScreenshotAutomation' from project 'Molten')
    cd /Users/binde/projects/classes
    builtin-copy -exclude .DS_Store -exclude CVS -exclude .svn -exclude .git -exclude .hg -resolve-src-symlinks -rename /Users/binde/Library/Developer/Xcode/DerivedData/Molten-dwnouowhlxjhigdgjryrxxsdqnmu/Build/Intermediates.noindex/Molten.build/Debug-iphonesimulator/ScreenshotAutomation.build/Objects-normal/arm64/ScreenshotAutomation.swiftmodule /Users/binde/Library/Developer/Xcode/DerivedData/Molten-dwnouowhlxjhigdgjryrxxsdqnmu/Build/Products/Debug-iphonesimulator/ScreenshotAutomation.swiftmodule/arm64-apple-ios-simulator.swiftmodule

Copy /Users/binde/Library/Developer/Xcode/DerivedData/Molten-dwnouowhlxjhigdgjryrxxsdqnmu/Build/Products/Debug-iphonesimulator/ScreenshotAutomation.swiftmodule/arm64-apple-ios-simulator.swiftdoc /Users/binde/Library/Developer/Xcode/DerivedData/Molten-dwnouowhlxjhigdgjryrxxsdqnmu/Build/Intermediates.noindex/Molten.build/Debug-iphonesimulator/ScreenshotAutomation.build/Objects-normal/arm64/ScreenshotAutomation.swiftdoc (in target 'ScreenshotAutomation' from project 'Molten')
    cd /Users/binde/projects/classes
    builtin-copy -exclude .DS_Store -exclude CVS -exclude .svn -exclude .git -exclude .hg -resolve-src-symlinks -rename /Users/binde/Library/Developer/Xcode/DerivedData/Molten-dwnouowhlxjhigdgjryrxxsdqnmu/Build/Intermediates.noindex/Molten.build/Debug-iphonesimulator/ScreenshotAutomation.build/Objects-normal/arm64/ScreenshotAutomation.swiftdoc /Users/binde/Library/Developer/Xcode/DerivedData/Molten-dwnouowhlxjhigdgjryrxxsdqnmu/Build/Products/Debug-iphonesimulator/ScreenshotAutomation.swiftmodule/arm64-apple-ios-simulator.swiftdoc

Copy /Users/binde/Library/Developer/Xcode/DerivedData/Molten-dwnouowhlxjhigdgjryrxxsdqnmu/Build/Products/Debug-iphonesimulator/ScreenshotAutomation.swiftmodule/arm64-apple-ios-simulator.abi.json /Users/binde/Library/Developer/Xcode/DerivedData/Molten-dwnouowhlxjhigdgjryrxxsdqnmu/Build/Intermediates.noindex/Molten.build/Debug-iphonesimulator/ScreenshotAutomation.build/Objects-normal/arm64/ScreenshotAutomation.abi.json (in target 'ScreenshotAutomation' from project 'Molten')
    cd /Users/binde/projects/classes
    builtin-copy -exclude .DS_Store -exclude CVS -exclude .svn -exclude .git -exclude .hg -resolve-src-symlinks -rename /Users/binde/Library/Developer/Xcode/DerivedData/Molten-dwnouowhlxjhigdgjryrxxsdqnmu/Build/Intermediates.noindex/Molten.build/Debug-iphonesimulator/ScreenshotAutomation.build/Objects-normal/arm64/ScreenshotAutomation.abi.json /Users/binde/Library/Developer/Xcode/DerivedData/Molten-dwnouowhlxjhigdgjryrxxsdqnmu/Build/Products/Debug-iphonesimulator/ScreenshotAutomation.swiftmodule/arm64-apple-ios-simulator.abi.json

Copy /Users/binde/Library/Developer/Xcode/DerivedData/Molten-dwnouowhlxjhigdgjryrxxsdqnmu/Build/Products/Debug-iphonesimulator/ScreenshotAutomation.swiftmodule/Project/arm64-apple-ios-simulator.swiftsourceinfo /Users/binde/Library/Developer/Xcode/DerivedData/Molten-dwnouowhlxjhigdgjryrxxsdqnmu/Build/Intermediates.noindex/Molten.build/Debug-iphonesimulator/ScreenshotAutomation.build/Objects-normal/arm64/ScreenshotAutomation.swiftsourceinfo (in target 'ScreenshotAutomation' from project 'Molten')
    cd /Users/binde/projects/classes
    builtin-copy -exclude .DS_Store -exclude CVS -exclude .svn -exclude .git -exclude .hg -resolve-src-symlinks -rename /Users/binde/Library/Developer/Xcode/DerivedData/Molten-dwnouowhlxjhigdgjryrxxsdqnmu/Build/Intermediates.noindex/Molten.build/Debug-iphonesimulator/ScreenshotAutomation.build/Objects-normal/arm64/ScreenshotAutomation.swiftsourceinfo /Users/binde/Library/Developer/Xcode/DerivedData/Molten-dwnouowhlxjhigdgjryrxxsdqnmu/Build/Products/Debug-iphonesimulator/ScreenshotAutomation.swiftmodule/Project/arm64-apple-ios-simulator.swiftsourceinfo

Copy /Users/binde/Library/Developer/Xcode/DerivedData/Molten-dwnouowhlxjhigdgjryrxxsdqnmu/Build/Products/Debug-iphonesimulator/PerformanceTests.swiftmodule/arm64-apple-ios-simulator.swiftmodule /Users/binde/Library/Developer/Xcode/DerivedData/Molten-dwnouowhlxjhigdgjryrxxsdqnmu/Build/Intermediates.noindex/Molten.build/Debug-iphonesimulator/PerformanceTests.build/Objects-normal/arm64/PerformanceTests.swiftmodule (in target 'PerformanceTests' from project 'Molten')
    cd /Users/binde/projects/classes
    builtin-copy -exclude .DS_Store -exclude CVS -exclude .svn -exclude .git -exclude .hg -resolve-src-symlinks -rename /Users/binde/Library/Developer/Xcode/DerivedData/Molten-dwnouowhlxjhigdgjryrxxsdqnmu/Build/Intermediates.noindex/Molten.build/Debug-iphonesimulator/PerformanceTests.build/Objects-normal/arm64/PerformanceTests.swiftmodule /Users/binde/Library/Developer/Xcode/DerivedData/Molten-dwnouowhlxjhigdgjryrxxsdqnmu/Build/Products/Debug-iphonesimulator/PerformanceTests.swiftmodule/arm64-apple-ios-simulator.swiftmodule

Copy /Users/binde/Library/Developer/Xcode/DerivedData/Molten-dwnouowhlxjhigdgjryrxxsdqnmu/Build/Products/Debug-iphonesimulator/PerformanceTests.swiftmodule/arm64-apple-ios-simulator.swiftdoc /Users/binde/Library/Developer/Xcode/DerivedData/Molten-dwnouowhlxjhigdgjryrxxsdqnmu/Build/Intermediates.noindex/Molten.build/Debug-iphonesimulator/PerformanceTests.build/Objects-normal/arm64/PerformanceTests.swiftdoc (in target 'PerformanceTests' from project 'Molten')
    cd /Users/binde/projects/classes
    builtin-copy -exclude .DS_Store -exclude CVS -exclude .svn -exclude .git -exclude .hg -resolve-src-symlinks -rename /Users/binde/Library/Developer/Xcode/DerivedData/Molten-dwnouowhlxjhigdgjryrxxsdqnmu/Build/Intermediates.noindex/Molten.build/Debug-iphonesimulator/PerformanceTests.build/Objects-normal/arm64/PerformanceTests.swiftdoc /Users/binde/Library/Developer/Xcode/DerivedData/Molten-dwnouowhlxjhigdgjryrxxsdqnmu/Build/Products/Debug-iphonesimulator/PerformanceTests.swiftmodule/arm64-apple-ios-simulator.swiftdoc

Copy /Users/binde/Library/Developer/Xcode/DerivedData/Molten-dwnouowhlxjhigdgjryrxxsdqnmu/Build/Products/Debug-iphonesimulator/PerformanceTests.swiftmodule/arm64-apple-ios-simulator.abi.json /Users/binde/Library/Developer/Xcode/DerivedData/Molten-dwnouowhlxjhigdgjryrxxsdqnmu/Build/Intermediates.noindex/Molten.build/Debug-iphonesimulator/PerformanceTests.build/Objects-normal/arm64/PerformanceTests.abi.json (in target 'PerformanceTests' from project 'Molten')
    cd /Users/binde/projects/classes
    builtin-copy -exclude .DS_Store -exclude CVS -exclude .svn -exclude .git -exclude .hg -resolve-src-symlinks -rename /Users/binde/Library/Developer/Xcode/DerivedData/Molten-dwnouowhlxjhigdgjryrxxsdqnmu/Build/Intermediates.noindex/Molten.build/Debug-iphonesimulator/PerformanceTests.build/Objects-normal/arm64/PerformanceTests.abi.json /Users/binde/Library/Developer/Xcode/DerivedData/Molten-dwnouowhlxjhigdgjryrxxsdqnmu/Build/Products/Debug-iphonesimulator/PerformanceTests.swiftmodule/arm64-apple-ios-simulator.abi.json

Copy /Users/binde/Library/Developer/Xcode/DerivedData/Molten-dwnouowhlxjhigdgjryrxxsdqnmu/Build/Products/Debug-iphonesimulator/PerformanceTests.swiftmodule/Project/arm64-apple-ios-simulator.swiftsourceinfo /Users/binde/Library/Developer/Xcode/DerivedData/Molten-dwnouowhlxjhigdgjryrxxsdqnmu/Build/Intermediates.noindex/Molten.build/Debug-iphonesimulator/PerformanceTests.build/Objects-normal/arm64/PerformanceTests.swiftsourceinfo (in target 'PerformanceTests' from project 'Molten')
    cd /Users/binde/projects/classes
    builtin-copy -exclude .DS_Store -exclude CVS -exclude .svn -exclude .git -exclude .hg -resolve-src-symlinks -rename /Users/binde/Library/Developer/Xcode/DerivedData/Molten-dwnouowhlxjhigdgjryrxxsdqnmu/Build/Intermediates.noindex/Molten.build/Debug-iphonesimulator/PerformanceTests.build/Objects-normal/arm64/PerformanceTests.swiftsourceinfo /Users/binde/Library/Developer/Xcode/DerivedData/Molten-dwnouowhlxjhigdgjryrxxsdqnmu/Build/Products/Debug-iphonesimulator/PerformanceTests.swiftmodule/Project/arm64-apple-ios-simulator.swiftsourceinfo

SwiftMergeGeneratedHeaders /Users/binde/Library/Developer/Xcode/DerivedData/Molten-dwnouowhlxjhigdgjryrxxsdqnmu/Build/Intermediates.noindex/Molten.build/Debug-iphonesimulator/MoltenUITests.build/DerivedSources/MoltenUITests-Swift.h /Users/binde/Library/Developer/Xcode/DerivedData/Molten-dwnouowhlxjhigdgjryrxxsdqnmu/Build/Intermediates.noindex/Molten.build/Debug-iphonesimulator/MoltenUITests.build/Objects-normal/arm64/MoltenUITests-Swift.h (in target 'MoltenUITests' from project 'Molten')
    cd /Users/binde/projects/classes
    builtin-swiftHeaderTool -arch arm64 /Users/binde/Library/Developer/Xcode/DerivedData/Molten-dwnouowhlxjhigdgjryrxxsdqnmu/Build/Intermediates.noindex/Molten.build/Debug-iphonesimulator/MoltenUITests.build/Objects-normal/arm64/MoltenUITests-Swift.h -o /Users/binde/Library/Developer/Xcode/DerivedData/Molten-dwnouowhlxjhigdgjryrxxsdqnmu/Build/Intermediates.noindex/Molten.build/Debug-iphonesimulator/MoltenUITests.build/DerivedSources/MoltenUITests-Swift.h

Copy /Users/binde/Library/Developer/Xcode/DerivedData/Molten-dwnouowhlxjhigdgjryrxxsdqnmu/Build/Products/Debug-iphonesimulator/MoltenUITests.swiftmodule/arm64-apple-ios-simulator.swiftmodule /Users/binde/Library/Developer/Xcode/DerivedData/Molten-dwnouowhlxjhigdgjryrxxsdqnmu/Build/Intermediates.noindex/Molten.build/Debug-iphonesimulator/MoltenUITests.build/Objects-normal/arm64/MoltenUITests.swiftmodule (in target 'MoltenUITests' from project 'Molten')
    cd /Users/binde/projects/classes
    builtin-copy -exclude .DS_Store -exclude CVS -exclude .svn -exclude .git -exclude .hg -resolve-src-symlinks -rename /Users/binde/Library/Developer/Xcode/DerivedData/Molten-dwnouowhlxjhigdgjryrxxsdqnmu/Build/Intermediates.noindex/Molten.build/Debug-iphonesimulator/MoltenUITests.build/Objects-normal/arm64/MoltenUITests.swiftmodule /Users/binde/Library/Developer/Xcode/DerivedData/Molten-dwnouowhlxjhigdgjryrxxsdqnmu/Build/Products/Debug-iphonesimulator/MoltenUITests.swiftmodule/arm64-apple-ios-simulator.swiftmodule

Copy /Users/binde/Library/Developer/Xcode/DerivedData/Molten-dwnouowhlxjhigdgjryrxxsdqnmu/Build/Products/Debug-iphonesimulator/MoltenUITests.swiftmodule/arm64-apple-ios-simulator.swiftdoc /Users/binde/Library/Developer/Xcode/DerivedData/Molten-dwnouowhlxjhigdgjryrxxsdqnmu/Build/Intermediates.noindex/Molten.build/Debug-iphonesimulator/MoltenUITests.build/Objects-normal/arm64/MoltenUITests.swiftdoc (in target 'MoltenUITests' from project 'Molten')
    cd /Users/binde/projects/classes
    builtin-copy -exclude .DS_Store -exclude CVS -exclude .svn -exclude .git -exclude .hg -resolve-src-symlinks -rename /Users/binde/Library/Developer/Xcode/DerivedData/Molten-dwnouowhlxjhigdgjryrxxsdqnmu/Build/Intermediates.noindex/Molten.build/Debug-iphonesimulator/MoltenUITests.build/Objects-normal/arm64/MoltenUITests.swiftdoc /Users/binde/Library/Developer/Xcode/DerivedData/Molten-dwnouowhlxjhigdgjryrxxsdqnmu/Build/Products/Debug-iphonesimulator/MoltenUITests.swiftmodule/arm64-apple-ios-simulator.swiftdoc

Copy /Users/binde/Library/Developer/Xcode/DerivedData/Molten-dwnouowhlxjhigdgjryrxxsdqnmu/Build/Products/Debug-iphonesimulator/MoltenUITests.swiftmodule/arm64-apple-ios-simulator.abi.json /Users/binde/Library/Developer/Xcode/DerivedData/Molten-dwnouowhlxjhigdgjryrxxsdqnmu/Build/Intermediates.noindex/Molten.build/Debug-iphonesimulator/MoltenUITests.build/Objects-normal/arm64/MoltenUITests.abi.json (in target 'MoltenUITests' from project 'Molten')
    cd /Users/binde/projects/classes
    builtin-copy -exclude .DS_Store -exclude CVS -exclude .svn -exclude .git -exclude .hg -resolve-src-symlinks -rename /Users/binde/Library/Developer/Xcode/DerivedData/Molten-dwnouowhlxjhigdgjryrxxsdqnmu/Build/Intermediates.noindex/Molten.build/Debug-iphonesimulator/MoltenUITests.build/Objects-normal/arm64/MoltenUITests.abi.json /Users/binde/Library/Developer/Xcode/DerivedData/Molten-dwnouowhlxjhigdgjryrxxsdqnmu/Build/Products/Debug-iphonesimulator/MoltenUITests.swiftmodule/arm64-apple-ios-simulator.abi.json

Copy /Users/binde/Library/Developer/Xcode/DerivedData/Molten-dwnouowhlxjhigdgjryrxxsdqnmu/Build/Products/Debug-iphonesimulator/MoltenUITests.swiftmodule/Project/arm64-apple-ios-simulator.swiftsourceinfo /Users/binde/Library/Developer/Xcode/DerivedData/Molten-dwnouowhlxjhigdgjryrxxsdqnmu/Build/Intermediates.noindex/Molten.build/Debug-iphonesimulator/MoltenUITests.build/Objects-normal/arm64/MoltenUITests.swiftsourceinfo (in target 'MoltenUITests' from project 'Molten')
    cd /Users/binde/projects/classes
    builtin-copy -exclude .DS_Store -exclude CVS -exclude .svn -exclude .git -exclude .hg -resolve-src-symlinks -rename /Users/binde/Library/Developer/Xcode/DerivedData/Molten-dwnouowhlxjhigdgjryrxxsdqnmu/Build/Intermediates.noindex/Molten.build/Debug-iphonesimulator/MoltenUITests.build/Objects-normal/arm64/MoltenUITests.swiftsourceinfo /Users/binde/Library/Developer/Xcode/DerivedData/Molten-dwnouowhlxjhigdgjryrxxsdqnmu/Build/Products/Debug-iphonesimulator/MoltenUITests.swiftmodule/Project/arm64-apple-ios-simulator.swiftsourceinfo

SwiftDriverJobDiscovery normal arm64 Emitting module for InventoryImport (in target 'InventoryImport' from project 'Molten')

SwiftDriver\ Compilation\ Requirements InventoryImport normal arm64 com.apple.xcode.tools.swift.compiler (in target 'InventoryImport' from project 'Molten')
    cd /Users/binde/projects/classes
    builtin-Swift-Compilation-Requirements -- /Applications/Xcode.app/Contents/Developer/Toolchains/XcodeDefault.xctoolchain/usr/bin/swiftc -module-name InventoryImport -Onone -enforce-exclusivity\=checked @/Users/binde/Library/Developer/Xcode/DerivedData/Molten-dwnouowhlxjhigdgjryrxxsdqnmu/Build/Intermediates.noindex/Molten.build/Debug-iphonesimulator/InventoryImport.build/Objects-normal/arm64/InventoryImport.SwiftFileList -DDEBUG -plugin-path /Applications/Xcode.app/Contents/Developer/Toolchains/XcodeDefault.xctoolchain/usr/lib/swift/host/plugins/testing -enable-bare-slash-regex -enable-upcoming-feature DisableOutwardActorInference -enable-upcoming-feature InferSendableFromCaptures -enable-upcoming-feature GlobalActorIsolatedTypesUsability -enable-upcoming-feature MemberImportVisibility -enable-upcoming-feature InferIsolatedConformances -enable-upcoming-feature NonisolatedNonsendingByDefault -enable-experimental-feature DebugDescriptionMacro -sdk /Applications/Xcode.app/Contents/Developer/Platforms/iPhoneSimulator.platform/Developer/SDKs/iPhoneSimulator26.0.sdk -target arm64-apple-ios26.0-simulator -g -module-cache-path /Users/binde/Library/Developer/Xcode/DerivedData/ModuleCache.noindex -Xfrontend -serialize-debugging-options -profile-coverage-mapping -profile-generate -enable-testing -index-store-path /Users/binde/Library/Developer/Xcode/DerivedData/Molten-dwnouowhlxjhigdgjryrxxsdqnmu/Index.noindex/DataStore -Xcc -D_LIBCPP_HARDENING_MODE\=_LIBCPP_HARDENING_MODE_DEBUG -swift-version 5 -I /Users/binde/Library/Developer/Xcode/DerivedData/Molten-dwnouowhlxjhigdgjryrxxsdqnmu/Build/Products/Debug-iphonesimulator -Isystem /Applications/Xcode.app/Contents/Developer/Platforms/iPhoneSimulator.platform/Developer/usr/lib -F /Users/binde/Library/Developer/Xcode/DerivedData/Molten-dwnouowhlxjhigdgjryrxxsdqnmu/Build/Products/Debug-iphonesimulator -F /Applications/Xcode.app/Contents/Developer/Platforms/iPhoneSimulator.platform/Developer/Library/Frameworks -F /Applications/Xcode.app/Contents/Developer/Platforms/iPhoneSimulator.platform/Developer/SDKs/iPhoneSimulator26.0.sdk/Developer/Library/Frameworks -c -j11 -enable-batch-mode -incremental -Xcc -ivfsstatcache -Xcc /Users/binde/Library/Developer/Xcode/DerivedData/SDKStatCaches.noindex/iphonesimulator26.0-23A339-26257891a6c027eb51374368541b8346.sdkstatcache -output-file-map /Users/binde/Library/Developer/Xcode/DerivedData/Molten-dwnouowhlxjhigdgjryrxxsdqnmu/Build/Intermediates.noindex/Molten.build/Debug-iphonesimulator/InventoryImport.build/Objects-normal/arm64/InventoryImport-OutputFileMap.json -use-frontend-parseable-output -save-temps -no-color-diagnostics -explicit-module-build -module-cache-path /Users/binde/Library/Developer/Xcode/DerivedData/Molten-dwnouowhlxjhigdgjryrxxsdqnmu/Build/Intermediates.noindex/SwiftExplicitPrecompiledModules -clang-scanner-module-cache-path /Users/binde/Library/Developer/Xcode/DerivedData/ModuleCache.noindex -sdk-module-cache-path /Users/binde/Library/Developer/Xcode/DerivedData/ModuleCache.noindex -serialize-diagnostics -emit-dependencies -emit-module -emit-module-path /Users/binde/Library/Developer/Xcode/DerivedData/Molten-dwnouowhlxjhigdgjryrxxsdqnmu/Build/Intermediates.noindex/Molten.build/Debug-iphonesimulator/InventoryImport.build/Objects-normal/arm64/InventoryImport.swiftmodule -validate-clang-modules-once -clang-build-session-file /Users/binde/Library/Developer/Xcode/DerivedData/ModuleCache.noindex/Session.modulevalidation -Xcc -I/Users/binde/Library/Developer/Xcode/DerivedData/Molten-dwnouowhlxjhigdgjryrxxsdqnmu/Build/Intermediates.noindex/Molten.build/Debug-iphonesimulator/InventoryImport.build/swift-overrides.hmap -emit-const-values -Xfrontend -const-gather-protocols-file -Xfrontend /Users/binde/Library/Developer/Xcode/DerivedData/Molten-dwnouowhlxjhigdgjryrxxsdqnmu/Build/Intermediates.noindex/Molten.build/Debug-iphonesimulator/InventoryImport.build/Objects-normal/arm64/InventoryImport_const_extract_protocols.json -Xcc -iquote -Xcc /Users/binde/Library/Developer/Xcode/DerivedData/Molten-dwnouowhlxjhigdgjryrxxsdqnmu/Build/Intermediates.noindex/Molten.build/Debug-iphonesimulator/InventoryImport.build/InventoryImport-generated-files.hmap -Xcc -I/Users/binde/Library/Developer/Xcode/DerivedData/Molten-dwnouowhlxjhigdgjryrxxsdqnmu/Build/Intermediates.noindex/Molten.build/Debug-iphonesimulator/InventoryImport.build/InventoryImport-own-target-headers.hmap -Xcc -I/Users/binde/Library/Developer/Xcode/DerivedData/Molten-dwnouowhlxjhigdgjryrxxsdqnmu/Build/Intermediates.noindex/Molten.build/Debug-iphonesimulator/InventoryImport.build/InventoryImport-all-target-headers.hmap -Xcc -iquote -Xcc /Users/binde/Library/Developer/Xcode/DerivedData/Molten-dwnouowhlxjhigdgjryrxxsdqnmu/Build/Intermediates.noindex/Molten.build/Debug-iphonesimulator/InventoryImport.build/InventoryImport-project-headers.hmap -Xcc -I/Users/binde/Library/Developer/Xcode/DerivedData/Molten-dwnouowhlxjhigdgjryrxxsdqnmu/Build/Products/Debug-iphonesimulator/include -Xcc -I/Users/binde/Library/Developer/Xcode/DerivedData/Molten-dwnouowhlxjhigdgjryrxxsdqnmu/Build/Intermediates.noindex/Molten.build/Debug-iphonesimulator/InventoryImport.build/DerivedSources-normal/arm64 -Xcc -I/Users/binde/Library/Developer/Xcode/DerivedData/Molten-dwnouowhlxjhigdgjryrxxsdqnmu/Build/Intermediates.noindex/Molten.build/Debug-iphonesimulator/InventoryImport.build/DerivedSources/arm64 -Xcc -I/Users/binde/Library/Developer/Xcode/DerivedData/Molten-dwnouowhlxjhigdgjryrxxsdqnmu/Build/Intermediates.noindex/Molten.build/Debug-iphonesimulator/InventoryImport.build/DerivedSources -Xcc -DDEBUG\=1 -emit-objc-header -emit-objc-header-path /Users/binde/Library/Developer/Xcode/DerivedData/Molten-dwnouowhlxjhigdgjryrxxsdqnmu/Build/Intermediates.noindex/Molten.build/Debug-iphonesimulator/InventoryImport.build/Objects-normal/arm64/InventoryImport-Swift.h -working-directory /Users/binde/projects/classes -experimental-emit-module-separately -disable-cmo

SwiftCompile normal arm64 Compiling\ ScreenshotAutomationLaunchTests.swift /Users/binde/projects/classes/ScreenshotAutomation/ScreenshotAutomationLaunchTests.swift (in target 'ScreenshotAutomation' from project 'Molten')

SwiftCompile normal arm64 /Users/binde/projects/classes/ScreenshotAutomation/ScreenshotAutomationLaunchTests.swift (in target 'ScreenshotAutomation' from project 'Molten')
    cd /Users/binde/projects/classes
    

SwiftCompile normal arm64 Compiling\ RepositoryFactoryDataLoadingTests.swift,\ RepositoryFactoryTests.swift /Users/binde/projects/classes/Molten/Tests/RepositoryTests/Integration/RepositoryFactoryDataLoadingTests.swift /Users/binde/projects/classes/Molten/Tests/RepositoryTests/Integration/RepositoryFactoryTests.swift (in target 'RepositoryTests' from project 'Molten')

SwiftCompile normal arm64 /Users/binde/projects/classes/Molten/Tests/RepositoryTests/Integration/RepositoryFactoryDataLoadingTests.swift (in target 'RepositoryTests' from project 'Molten')
    cd /Users/binde/projects/classes
    
/Users/binde/projects/classes/Molten/Tests/RepositoryTests/Integration/RepositoryFactoryDataLoadingTests.swift:78:32: warning: comparing non-optional value of type 'CatalogService' to 'nil' always returns true
        #expect(catalogService != nil, "Should create catalog service")
                ~~~~~~~~~~~~~~ ^  ~~~
/Users/binde/projects/classes/Molten/Tests/RepositoryTests/Integration/RepositoryFactoryDataLoadingTests.swift:79:34: warning: comparing non-optional value of type 'InventoryTrackingService' to 'nil' always returns true
        #expect(inventoryService != nil, "Should create inventory service")
                ~~~~~~~~~~~~~~~~ ^  ~~~
/Users/binde/projects/classes/Molten/Tests/RepositoryTests/Integration/RepositoryFactoryDataLoadingTests.swift:85:13: warning: initialization of immutable value 'testController' was never used; consider replacing with assignment to '_' or removing it
        let testController = createTestEnvironment()
        ~~~~^~~~~~~~~~~~~~
        _
/Users/binde/projects/classes/Molten/Tests/RepositoryTests/Integration/RepositoryFactoryDataLoadingTests.swift:146:32: warning: comparing non-optional value of type 'CatalogService' to 'nil' always returns true
        #expect(catalogService != nil, "Should create catalog service")
                ~~~~~~~~~~~~~~ ^  ~~~
/Users/binde/projects/classes/Molten/Tests/RepositoryTests/Integration/RepositoryFactoryDataLoadingTests.swift:147:34: warning: comparing non-optional value of type 'InventoryTrackingService' to 'nil' always returns true
        #expect(inventoryService != nil, "Should create inventory service")
                ~~~~~~~~~~~~~~~~ ^  ~~~
/Users/binde/projects/classes/Molten/Tests/RepositoryTests/Integration/RepositoryFactoryDataLoadingTests.swift:148:31: warning: comparing non-optional value of type 'any GlassItemRepository' to 'nil' always returns true
        #expect(glassItemRepo != nil, "Should create glass item repository")
                ~~~~~~~~~~~~~ ^  ~~~
/Users/binde/projects/classes/Molten/Tests/RepositoryTests/Integration/RepositoryFactoryDataLoadingTests.swift:149:31: warning: comparing non-optional value of type 'any InventoryRepository' to 'nil' always returns true
        #expect(inventoryRepo != nil, "Should create inventory repository")
                ~~~~~~~~~~~~~ ^  ~~~
/Users/binde/projects/classes/Molten/Tests/RepositoryTests/Integration/RepositoryFactoryDataLoadingTests.swift:150:30: warning: comparing non-optional value of type 'any LocationRepository' to 'nil' always returns true
        #expect(locationRepo != nil, "Should create location repository")
                ~~~~~~~~~~~~ ^  ~~~
/Users/binde/projects/classes/Molten/Tests/RepositoryTests/Integration/RepositoryFactoryDataLoadingTests.swift:133:13: warning: initialization of immutable value 'testController' was never used; consider replacing with assignment to '_' or removing it
        let testController = createTestEnvironment()
        ~~~~^~~~~~~~~~~~~~
        _
/Users/binde/projects/classes/Molten/Tests/RepositoryTests/Integration/RepositoryFactoryDataLoadingTests.swift:177:13: warning: initialization of immutable value 'testController' was never used; consider replacing with assignment to '_' or removing it
        let testController = createTestEnvironment()
        ~~~~^~~~~~~~~~~~~~
        _
/Users/binde/projects/classes/Molten/Tests/RepositoryTests/Integration/RepositoryFactoryDataLoadingTests.swift:247:13: warning: initialization of immutable value 'testController' was never used; consider replacing with assignment to '_' or removing it
        let testController = createTestEnvironment()
        ~~~~^~~~~~~~~~~~~~
        _
/Users/binde/projects/classes/Molten/Tests/RepositoryTests/Integration/RepositoryFactoryDataLoadingTests.swift:303:21: note: '#expect(_:_:)' will always pass here; use 'Bool(true)' to silence this warning (from macro 'expect')
            #expect(true, "Data loading succeeded")
                    ^~~~
/Users/binde/projects/classes/Molten/Tests/RepositoryTests/Integration/RepositoryFactoryDataLoadingTests.swift:288:13: warning: initialization of immutable value 'testController' was never used; consider replacing with assignment to '_' or removing it
        let testController = createTestEnvironment()
        ~~~~^~~~~~~~~~~~~~
        _
/Users/binde/projects/classes/Molten/Tests/RepositoryTests/Integration/RepositoryFactoryDataLoadingTests.swift:317:13: warning: initialization of immutable value 'testController' was never used; consider replacing with assignment to '_' or removing it
        let testController = createTestEnvironment()
        ~~~~^~~~~~~~~~~~~~
        _
/Users/binde/projects/classes/Molten/Tests/RepositoryTests/Integration/RepositoryFactoryDataLoadingTests.swift:360:13: warning: initialization of immutable value 'testController' was never used; consider replacing with assignment to '_' or removing it
        let testController = createTestEnvironment()
        ~~~~^~~~~~~~~~~~~~
        _
/Users/binde/projects/classes/Molten/Tests/RepositoryTests/Integration/RepositoryFactoryDataLoadingTests.swift:386:13: warning: initialization of immutable value 'testController' was never used; consider replacing with assignment to '_' or removing it
        let testController = createTestEnvironment()
        ~~~~^~~~~~~~~~~~~~
        _
/Users/binde/projects/classes/Molten/Tests/RepositoryTests/Integration/RepositoryFactoryDataLoadingTests.swift:425:17: note: '#expect(_:_:)' will always pass here; use 'Bool(true)' to silence this warning (from macro 'expect')
        #expect(true, "Should create different repository implementations")
                ^~~~
/Users/binde/projects/classes/Molten/Tests/RepositoryTests/Integration/RepositoryFactoryDataLoadingTests.swift:414:13: warning: initialization of immutable value 'testController' was never used; consider replacing with assignment to '_' or removing it
        let testController = createTestEnvironment()
        ~~~~^~~~~~~~~~~~~~
        _
/Users/binde/projects/classes/Molten/Tests/RepositoryTests/Integration/RepositoryFactoryTests.swift:22:17: note: '#expect(_:_:)' will always pass here; use 'Bool(true)' to silence this warning (from macro 'expect')
        #expect(true, "Basic test should pass")
                ^~~~

SwiftCompile normal arm64 /Users/binde/projects/classes/Molten/Tests/RepositoryTests/Integration/RepositoryFactoryTests.swift (in target 'RepositoryTests' from project 'Molten')
    cd /Users/binde/projects/classes
    
/Users/binde/projects/classes/Molten/Tests/RepositoryTests/Integration/RepositoryFactoryTests.swift:43:31: warning: comparing non-optional value of type 'MockGlassItemRepository' to 'nil' always returns true
        #expect(mockGlassRepo != nil, "Should create MockGlassItemRepository")
                ~~~~~~~~~~~~~ ^  ~~~

SwiftMergeGeneratedHeaders /Users/binde/Library/Developer/Xcode/DerivedData/Molten-dwnouowhlxjhigdgjryrxxsdqnmu/Build/Intermediates.noindex/Molten.build/Debug-iphonesimulator/InventoryImport.build/DerivedSources/InventoryImport-Swift.h /Users/binde/Library/Developer/Xcode/DerivedData/Molten-dwnouowhlxjhigdgjryrxxsdqnmu/Build/Intermediates.noindex/Molten.build/Debug-iphonesimulator/InventoryImport.build/Objects-normal/arm64/InventoryImport-Swift.h (in target 'InventoryImport' from project 'Molten')
    cd /Users/binde/projects/classes
    builtin-swiftHeaderTool -arch arm64 /Users/binde/Library/Developer/Xcode/DerivedData/Molten-dwnouowhlxjhigdgjryrxxsdqnmu/Build/Intermediates.noindex/Molten.build/Debug-iphonesimulator/InventoryImport.build/Objects-normal/arm64/InventoryImport-Swift.h -o /Users/binde/Library/Developer/Xcode/DerivedData/Molten-dwnouowhlxjhigdgjryrxxsdqnmu/Build/Intermediates.noindex/Molten.build/Debug-iphonesimulator/InventoryImport.build/DerivedSources/InventoryImport-Swift.h

SwiftDriverJobDiscovery normal arm64 Compiling ScreenshotAutomationLaunchTests.swift (in target 'ScreenshotAutomation' from project 'Molten')

Copy /Users/binde/Library/Developer/Xcode/DerivedData/Molten-dwnouowhlxjhigdgjryrxxsdqnmu/Build/Products/Debug-iphonesimulator/InventoryImport.swiftmodule/arm64-apple-ios-simulator.swiftmodule /Users/binde/Library/Developer/Xcode/DerivedData/Molten-dwnouowhlxjhigdgjryrxxsdqnmu/Build/Intermediates.noindex/Molten.build/Debug-iphonesimulator/InventoryImport.build/Objects-normal/arm64/InventoryImport.swiftmodule (in target 'InventoryImport' from project 'Molten')
    cd /Users/binde/projects/classes
    builtin-copy -exclude .DS_Store -exclude CVS -exclude .svn -exclude .git -exclude .hg -resolve-src-symlinks -rename /Users/binde/Library/Developer/Xcode/DerivedData/Molten-dwnouowhlxjhigdgjryrxxsdqnmu/Build/Intermediates.noindex/Molten.build/Debug-iphonesimulator/InventoryImport.build/Objects-normal/arm64/InventoryImport.swiftmodule /Users/binde/Library/Developer/Xcode/DerivedData/Molten-dwnouowhlxjhigdgjryrxxsdqnmu/Build/Products/Debug-iphonesimulator/InventoryImport.swiftmodule/arm64-apple-ios-simulator.swiftmodule

Copy /Users/binde/Library/Developer/Xcode/DerivedData/Molten-dwnouowhlxjhigdgjryrxxsdqnmu/Build/Products/Debug-iphonesimulator/InventoryImport.swiftmodule/arm64-apple-ios-simulator.swiftdoc /Users/binde/Library/Developer/Xcode/DerivedData/Molten-dwnouowhlxjhigdgjryrxxsdqnmu/Build/Intermediates.noindex/Molten.build/Debug-iphonesimulator/InventoryImport.build/Objects-normal/arm64/InventoryImport.swiftdoc (in target 'InventoryImport' from project 'Molten')
    cd /Users/binde/projects/classes
    builtin-copy -exclude .DS_Store -exclude CVS -exclude .svn -exclude .git -exclude .hg -resolve-src-symlinks -rename /Users/binde/Library/Developer/Xcode/DerivedData/Molten-dwnouowhlxjhigdgjryrxxsdqnmu/Build/Intermediates.noindex/Molten.build/Debug-iphonesimulator/InventoryImport.build/Objects-normal/arm64/InventoryImport.swiftdoc /Users/binde/Library/Developer/Xcode/DerivedData/Molten-dwnouowhlxjhigdgjryrxxsdqnmu/Build/Products/Debug-iphonesimulator/InventoryImport.swiftmodule/arm64-apple-ios-simulator.swiftdoc

Copy /Users/binde/Library/Developer/Xcode/DerivedData/Molten-dwnouowhlxjhigdgjryrxxsdqnmu/Build/Products/Debug-iphonesimulator/InventoryImport.swiftmodule/arm64-apple-ios-simulator.abi.json /Users/binde/Library/Developer/Xcode/DerivedData/Molten-dwnouowhlxjhigdgjryrxxsdqnmu/Build/Intermediates.noindex/Molten.build/Debug-iphonesimulator/InventoryImport.build/Objects-normal/arm64/InventoryImport.abi.json (in target 'InventoryImport' from project 'Molten')
    cd /Users/binde/projects/classes
    builtin-copy -exclude .DS_Store -exclude CVS -exclude .svn -exclude .git -exclude .hg -resolve-src-symlinks -rename /Users/binde/Library/Developer/Xcode/DerivedData/Molten-dwnouowhlxjhigdgjryrxxsdqnmu/Build/Intermediates.noindex/Molten.build/Debug-iphonesimulator/InventoryImport.build/Objects-normal/arm64/InventoryImport.abi.json /Users/binde/Library/Developer/Xcode/DerivedData/Molten-dwnouowhlxjhigdgjryrxxsdqnmu/Build/Products/Debug-iphonesimulator/InventoryImport.swiftmodule/arm64-apple-ios-simulator.abi.json

Copy /Users/binde/Library/Developer/Xcode/DerivedData/Molten-dwnouowhlxjhigdgjryrxxsdqnmu/Build/Products/Debug-iphonesimulator/InventoryImport.swiftmodule/Project/arm64-apple-ios-simulator.swiftsourceinfo /Users/binde/Library/Developer/Xcode/DerivedData/Molten-dwnouowhlxjhigdgjryrxxsdqnmu/Build/Intermediates.noindex/Molten.build/Debug-iphonesimulator/InventoryImport.build/Objects-normal/arm64/InventoryImport.swiftsourceinfo (in target 'InventoryImport' from project 'Molten')
    cd /Users/binde/projects/classes
    builtin-copy -exclude .DS_Store -exclude CVS -exclude .svn -exclude .git -exclude .hg -resolve-src-symlinks -rename /Users/binde/Library/Developer/Xcode/DerivedData/Molten-dwnouowhlxjhigdgjryrxxsdqnmu/Build/Intermediates.noindex/Molten.build/Debug-iphonesimulator/InventoryImport.build/Objects-normal/arm64/InventoryImport.swiftsourceinfo /Users/binde/Library/Developer/Xcode/DerivedData/Molten-dwnouowhlxjhigdgjryrxxsdqnmu/Build/Products/Debug-iphonesimulator/InventoryImport.swiftmodule/Project/arm64-apple-ios-simulator.swiftsourceinfo

SwiftCompile normal arm64 Compiling\ TransformableMigrationHelperTests.swift,\ UserNotesRepositoryTests.swift /Users/binde/projects/classes/Molten/Tests/RepositoryTests/CoreData/TransformableMigrationHelperTests.swift /Users/binde/projects/classes/Molten/Tests/RepositoryTests/CoreData/UserNotesRepositoryTests.swift (in target 'RepositoryTests' from project 'Molten')

SwiftCompile normal arm64 /Users/binde/projects/classes/Molten/Tests/RepositoryTests/CoreData/TransformableMigrationHelperTests.swift (in target 'RepositoryTests' from project 'Molten')
    cd /Users/binde/projects/classes
    

SwiftCompile normal arm64 /Users/binde/projects/classes/Molten/Tests/RepositoryTests/CoreData/UserNotesRepositoryTests.swift (in target 'RepositoryTests' from project 'Molten')
    cd /Users/binde/projects/classes
    

SwiftCompile normal arm64 Compiling\ CoreDataHelpersTests.swift,\ CoreDataInventoryLocationTests.swift,\ CoreDataInventoryRepositoryTests.swift /Users/binde/projects/classes/Molten/Tests/RepositoryTests/CoreData/CoreDataHelpersTests.swift /Users/binde/projects/classes/Molten/Tests/RepositoryTests/CoreData/CoreDataInventoryLocationTests.swift /Users/binde/projects/classes/Molten/Tests/RepositoryTests/CoreData/CoreDataInventoryRepositoryTests.swift (in target 'RepositoryTests' from project 'Molten')

SwiftCompile normal arm64 /Users/binde/projects/classes/Molten/Tests/RepositoryTests/CoreData/CoreDataHelpersTests.swift (in target 'RepositoryTests' from project 'Molten')
    cd /Users/binde/projects/classes
    
/Users/binde/projects/classes/Molten/Tests/RepositoryTests/CoreData/CoreDataInventoryRepositoryTests.swift:94:28: warning: comparing non-optional value of type 'CoreDataInventoryRepository' to 'nil' always returns true
        #expect(repository != nil)
                ~~~~~~~~~~ ^  ~~~
/Users/binde/projects/classes/Molten/Tests/RepositoryTests/CoreData/CoreDataInventoryRepositoryTests.swift:95:37: warning: comparing non-optional value of type 'NSPersistentContainer' to 'nil' always returns true
        #expect(persistentContainer != nil)
                ~~~~~~~~~~~~~~~~~~~ ^  ~~~
/Users/binde/projects/classes/Molten/Tests/RepositoryTests/CoreData/CoreDataInventoryRepositoryTests.swift:288:30: warning: result of call to 'updateInventory' is unused
        try await repository.updateInventory(updatedInventory)
                             ^              ~~~~~~~~~~~~~~~~~~
/Users/binde/projects/classes/Molten/Tests/RepositoryTests/CoreData/CoreDataInventoryRepositoryTests.swift:372:30: warning: result of call to 'updateInventory' is unused
        try await repository.updateInventory(updatedInventory)
                             ^              ~~~~~~~~~~~~~~~~~~
/Users/binde/projects/classes/Molten/Tests/RepositoryTests/CoreData/CoreDataInventoryRepositoryTests.swift:408:30: warning: result of call to 'updateInventory' is unused
        try await repository.updateInventory(updatedInventory)
                             ^              ~~~~~~~~~~~~~~~~~~
/Users/binde/projects/classes/Molten/Tests/RepositoryTests/CoreData/CoreDataInventoryRepositoryTests.swift:441:30: warning: result of call to 'updateInventory' is unused
        try await repository.updateInventory(updatedInventory)
                             ^              ~~~~~~~~~~~~~~~~~~
/Users/binde/projects/classes/Molten/Tests/RepositoryTests/CoreData/CoreDataInventoryRepositoryTests.swift:476:30: warning: result of call to 'updateInventory' is unused
        try await repository.updateInventory(updatedInventory)
                             ^              ~~~~~~~~~~~~~~~~~~
/Users/binde/projects/classes/Molten/Tests/RepositoryTests/CoreData/CoreDataInventoryRepositoryTests.swift:511:30: warning: result of call to 'updateInventory' is unused
        try await repository.updateInventory(updatedInventory)
                             ^              ~~~~~~~~~~~~~~~~~~
/Users/binde/projects/classes/Molten/Tests/RepositoryTests/CoreData/CoreDataInventoryRepositoryTests.swift:765:30: warning: result of call to 'updateInventory' is unused
        try await repository.updateInventory(updatedInventory)
                             ^              ~~~~~~~~~~~~~~~~~~
/Users/binde/projects/classes/Molten/Tests/RepositoryTests/CoreData/CoreDataInventoryRepositoryTests.swift:798:30: warning: result of call to 'updateInventory' is unused
        try await repository.updateInventory(updatedInventory)
                             ^              ~~~~~~~~~~~~~~~~~~

SwiftCompile normal arm64 /Users/binde/projects/classes/Molten/Tests/RepositoryTests/CoreData/CoreDataInventoryLocationTests.swift (in target 'RepositoryTests' from project 'Molten')
    cd /Users/binde/projects/classes
    
/Users/binde/projects/classes/Molten/Tests/RepositoryTests/CoreData/CoreDataInventoryRepositoryTests.swift:94:28: warning: comparing non-optional value of type 'CoreDataInventoryRepository' to 'nil' always returns true
        #expect(repository != nil)
                ~~~~~~~~~~ ^  ~~~
/Users/binde/projects/classes/Molten/Tests/RepositoryTests/CoreData/CoreDataInventoryRepositoryTests.swift:95:37: warning: comparing non-optional value of type 'NSPersistentContainer' to 'nil' always returns true
        #expect(persistentContainer != nil)
                ~~~~~~~~~~~~~~~~~~~ ^  ~~~
/Users/binde/projects/classes/Molten/Tests/RepositoryTests/CoreData/CoreDataInventoryRepositoryTests.swift:288:30: warning: result of call to 'updateInventory' is unused
        try await repository.updateInventory(updatedInventory)
                             ^              ~~~~~~~~~~~~~~~~~~
/Users/binde/projects/classes/Molten/Tests/RepositoryTests/CoreData/CoreDataInventoryRepositoryTests.swift:372:30: warning: result of call to 'updateInventory' is unused
        try await repository.updateInventory(updatedInventory)
                             ^              ~~~~~~~~~~~~~~~~~~
/Users/binde/projects/classes/Molten/Tests/RepositoryTests/CoreData/CoreDataInventoryRepositoryTests.swift:408:30: warning: result of call to 'updateInventory' is unused
        try await repository.updateInventory(updatedInventory)
                             ^              ~~~~~~~~~~~~~~~~~~
/Users/binde/projects/classes/Molten/Tests/RepositoryTests/CoreData/CoreDataInventoryRepositoryTests.swift:441:30: warning: result of call to 'updateInventory' is unused
        try await repository.updateInventory(updatedInventory)
                             ^              ~~~~~~~~~~~~~~~~~~
/Users/binde/projects/classes/Molten/Tests/RepositoryTests/CoreData/CoreDataInventoryRepositoryTests.swift:476:30: warning: result of call to 'updateInventory' is unused
        try await repository.updateInventory(updatedInventory)
                             ^              ~~~~~~~~~~~~~~~~~~
/Users/binde/projects/classes/Molten/Tests/RepositoryTests/CoreData/CoreDataInventoryRepositoryTests.swift:511:30: warning: result of call to 'updateInventory' is unused
        try await repository.updateInventory(updatedInventory)
                             ^              ~~~~~~~~~~~~~~~~~~
/Users/binde/projects/classes/Molten/Tests/RepositoryTests/CoreData/CoreDataInventoryRepositoryTests.swift:765:30: warning: result of call to 'updateInventory' is unused
        try await repository.updateInventory(updatedInventory)
                             ^              ~~~~~~~~~~~~~~~~~~
/Users/binde/projects/classes/Molten/Tests/RepositoryTests/CoreData/CoreDataInventoryRepositoryTests.swift:798:30: warning: result of call to 'updateInventory' is unused
        try await repository.updateInventory(updatedInventory)
                             ^              ~~~~~~~~~~~~~~~~~~

SwiftCompile normal arm64 /Users/binde/projects/classes/Molten/Tests/RepositoryTests/CoreData/CoreDataInventoryRepositoryTests.swift (in target 'RepositoryTests' from project 'Molten')
    cd /Users/binde/projects/classes
    
/Users/binde/projects/classes/Molten/Tests/RepositoryTests/CoreData/CoreDataInventoryRepositoryTests.swift:94:28: warning: comparing non-optional value of type 'CoreDataInventoryRepository' to 'nil' always returns true
        #expect(repository != nil)
                ~~~~~~~~~~ ^  ~~~
/Users/binde/projects/classes/Molten/Tests/RepositoryTests/CoreData/CoreDataInventoryRepositoryTests.swift:95:37: warning: comparing non-optional value of type 'NSPersistentContainer' to 'nil' always returns true
        #expect(persistentContainer != nil)
                ~~~~~~~~~~~~~~~~~~~ ^  ~~~
/Users/binde/projects/classes/Molten/Tests/RepositoryTests/CoreData/CoreDataInventoryRepositoryTests.swift:288:30: warning: result of call to 'updateInventory' is unused
        try await repository.updateInventory(updatedInventory)
                             ^              ~~~~~~~~~~~~~~~~~~
/Users/binde/projects/classes/Molten/Tests/RepositoryTests/CoreData/CoreDataInventoryRepositoryTests.swift:372:30: warning: result of call to 'updateInventory' is unused
        try await repository.updateInventory(updatedInventory)
                             ^              ~~~~~~~~~~~~~~~~~~
/Users/binde/projects/classes/Molten/Tests/RepositoryTests/CoreData/CoreDataInventoryRepositoryTests.swift:408:30: warning: result of call to 'updateInventory' is unused
        try await repository.updateInventory(updatedInventory)
                             ^              ~~~~~~~~~~~~~~~~~~
/Users/binde/projects/classes/Molten/Tests/RepositoryTests/CoreData/CoreDataInventoryRepositoryTests.swift:441:30: warning: result of call to 'updateInventory' is unused
        try await repository.updateInventory(updatedInventory)
                             ^              ~~~~~~~~~~~~~~~~~~
/Users/binde/projects/classes/Molten/Tests/RepositoryTests/CoreData/CoreDataInventoryRepositoryTests.swift:476:30: warning: result of call to 'updateInventory' is unused
        try await repository.updateInventory(updatedInventory)
                             ^              ~~~~~~~~~~~~~~~~~~
/Users/binde/projects/classes/Molten/Tests/RepositoryTests/CoreData/CoreDataInventoryRepositoryTests.swift:511:30: warning: result of call to 'updateInventory' is unused
        try await repository.updateInventory(updatedInventory)
                             ^              ~~~~~~~~~~~~~~~~~~
/Users/binde/projects/classes/Molten/Tests/RepositoryTests/CoreData/CoreDataInventoryRepositoryTests.swift:765:30: warning: result of call to 'updateInventory' is unused
        try await repository.updateInventory(updatedInventory)
                             ^              ~~~~~~~~~~~~~~~~~~
/Users/binde/projects/classes/Molten/Tests/RepositoryTests/CoreData/CoreDataInventoryRepositoryTests.swift:798:30: warning: result of call to 'updateInventory' is unused
        try await repository.updateInventory(updatedInventory)
                             ^              ~~~~~~~~~~~~~~~~~~

SwiftDriverJobDiscovery normal arm64 Compiling ScreenshotAutomation.swift (in target 'ScreenshotAutomation' from project 'Molten')

SwiftDriver\ Compilation ScreenshotAutomation normal arm64 com.apple.xcode.tools.swift.compiler (in target 'ScreenshotAutomation' from project 'Molten')
    cd /Users/binde/projects/classes
    builtin-Swift-Compilation -- /Applications/Xcode.app/Contents/Developer/Toolchains/XcodeDefault.xctoolchain/usr/bin/swiftc -module-name ScreenshotAutomation -Onone -enforce-exclusivity\=checked @/Users/binde/Library/Developer/Xcode/DerivedData/Molten-dwnouowhlxjhigdgjryrxxsdqnmu/Build/Intermediates.noindex/Molten.build/Debug-iphonesimulator/ScreenshotAutomation.build/Objects-normal/arm64/ScreenshotAutomation.SwiftFileList -DDEBUG -module-alias Testing\=_Testing_Unavailable -plugin-path /Applications/Xcode.app/Contents/Developer/Toolchains/XcodeDefault.xctoolchain/usr/lib/swift/host/plugins/testing -enable-bare-slash-regex -enable-upcoming-feature DisableOutwardActorInference -enable-upcoming-feature InferSendableFromCaptures -enable-upcoming-feature GlobalActorIsolatedTypesUsability -enable-upcoming-feature MemberImportVisibility -enable-upcoming-feature InferIsolatedConformances -enable-upcoming-feature NonisolatedNonsendingByDefault -enable-experimental-feature DebugDescriptionMacro -sdk /Applications/Xcode.app/Contents/Developer/Platforms/iPhoneSimulator.platform/Developer/SDKs/iPhoneSimulator26.0.sdk -target arm64-apple-ios26.0-simulator -g -module-cache-path /Users/binde/Library/Developer/Xcode/DerivedData/ModuleCache.noindex -Xfrontend -serialize-debugging-options -profile-coverage-mapping -profile-generate -enable-testing -index-store-path /Users/binde/Library/Developer/Xcode/DerivedData/Molten-dwnouowhlxjhigdgjryrxxsdqnmu/Index.noindex/DataStore -Xcc -D_LIBCPP_HARDENING_MODE\=_LIBCPP_HARDENING_MODE_DEBUG -swift-version 5 -I /Users/binde/Library/Developer/Xcode/DerivedData/Molten-dwnouowhlxjhigdgjryrxxsdqnmu/Build/Products/Debug-iphonesimulator -Isystem /Applications/Xcode.app/Contents/Developer/Platforms/iPhoneSimulator.platform/Developer/usr/lib -F /Users/binde/Library/Developer/Xcode/DerivedData/Molten-dwnouowhlxjhigdgjryrxxsdqnmu/Build/Products/Debug-iphonesimulator -F /Applications/Xcode.app/Contents/Developer/Platforms/iPhoneSimulator.platform/Developer/Library/Frameworks -F /Applications/Xcode.app/Contents/Developer/Platforms/iPhoneSimulator.platform/Developer/SDKs/iPhoneSimulator26.0.sdk/Developer/Library/Frameworks -c -j11 -enable-batch-mode -incremental -Xcc -ivfsstatcache -Xcc /Users/binde/Library/Developer/Xcode/DerivedData/SDKStatCaches.noindex/iphonesimulator26.0-23A339-26257891a6c027eb51374368541b8346.sdkstatcache -output-file-map /Users/binde/Library/Developer/Xcode/DerivedData/Molten-dwnouowhlxjhigdgjryrxxsdqnmu/Build/Intermediates.noindex/Molten.build/Debug-iphonesimulator/ScreenshotAutomation.build/Objects-normal/arm64/ScreenshotAutomation-OutputFileMap.json -use-frontend-parseable-output -save-temps -no-color-diagnostics -explicit-module-build -module-cache-path /Users/binde/Library/Developer/Xcode/DerivedData/Molten-dwnouowhlxjhigdgjryrxxsdqnmu/Build/Intermediates.noindex/SwiftExplicitPrecompiledModules -clang-scanner-module-cache-path /Users/binde/Library/Developer/Xcode/DerivedData/ModuleCache.noindex -sdk-module-cache-path /Users/binde/Library/Developer/Xcode/DerivedData/ModuleCache.noindex -serialize-diagnostics -emit-dependencies -emit-module -emit-module-path /Users/binde/Library/Developer/Xcode/DerivedData/Molten-dwnouowhlxjhigdgjryrxxsdqnmu/Build/Intermediates.noindex/Molten.build/Debug-iphonesimulator/ScreenshotAutomation.build/Objects-normal/arm64/ScreenshotAutomation.swiftmodule -validate-clang-modules-once -clang-build-session-file /Users/binde/Library/Developer/Xcode/DerivedData/ModuleCache.noindex/Session.modulevalidation -Xcc -I/Users/binde/Library/Developer/Xcode/DerivedData/Molten-dwnouowhlxjhigdgjryrxxsdqnmu/Build/Intermediates.noindex/Molten.build/Debug-iphonesimulator/ScreenshotAutomation.build/swift-overrides.hmap -emit-const-values -Xfrontend -const-gather-protocols-file -Xfrontend /Users/binde/Library/Developer/Xcode/DerivedData/Molten-dwnouowhlxjhigdgjryrxxsdqnmu/Build/Intermediates.noindex/Molten.build/Debug-iphonesimulator/ScreenshotAutomation.build/Objects-normal/arm64/ScreenshotAutomation_const_extract_protocols.json -Xcc -iquote -Xcc /Users/binde/Library/Developer/Xcode/DerivedData/Molten-dwnouowhlxjhigdgjryrxxsdqnmu/Build/Intermediates.noindex/Molten.build/Debug-iphonesimulator/ScreenshotAutomation.build/ScreenshotAutomation-generated-files.hmap -Xcc -I/Users/binde/Library/Developer/Xcode/DerivedData/Molten-dwnouowhlxjhigdgjryrxxsdqnmu/Build/Intermediates.noindex/Molten.build/Debug-iphonesimulator/ScreenshotAutomation.build/ScreenshotAutomation-own-target-headers.hmap -Xcc -I/Users/binde/Library/Developer/Xcode/DerivedData/Molten-dwnouowhlxjhigdgjryrxxsdqnmu/Build/Intermediates.noindex/Molten.build/Debug-iphonesimulator/ScreenshotAutomation.build/ScreenshotAutomation-all-target-headers.hmap -Xcc -iquote -Xcc /Users/binde/Library/Developer/Xcode/DerivedData/Molten-dwnouowhlxjhigdgjryrxxsdqnmu/Build/Intermediates.noindex/Molten.build/Debug-iphonesimulator/ScreenshotAutomation.build/ScreenshotAutomation-project-headers.hmap -Xcc -I/Users/binde/Library/Developer/Xcode/DerivedData/Molten-dwnouowhlxjhigdgjryrxxsdqnmu/Build/Products/Debug-iphonesimulator/include -Xcc -I/Users/binde/Library/Developer/Xcode/DerivedData/Molten-dwnouowhlxjhigdgjryrxxsdqnmu/Build/Intermediates.noindex/Molten.build/Debug-iphonesimulator/ScreenshotAutomation.build/DerivedSources-normal/arm64 -Xcc -I/Users/binde/Library/Developer/Xcode/DerivedData/Molten-dwnouowhlxjhigdgjryrxxsdqnmu/Build/Intermediates.noindex/Molten.build/Debug-iphonesimulator/ScreenshotAutomation.build/DerivedSources/arm64 -Xcc -I/Users/binde/Library/Developer/Xcode/DerivedData/Molten-dwnouowhlxjhigdgjryrxxsdqnmu/Build/Intermediates.noindex/Molten.build/Debug-iphonesimulator/ScreenshotAutomation.build/DerivedSources -Xcc -DDEBUG\=1 -emit-objc-header -emit-objc-header-path /Users/binde/Library/Developer/Xcode/DerivedData/Molten-dwnouowhlxjhigdgjryrxxsdqnmu/Build/Intermediates.noindex/Molten.build/Debug-iphonesimulator/ScreenshotAutomation.build/Objects-normal/arm64/ScreenshotAutomation-Swift.h -working-directory /Users/binde/projects/classes -experimental-emit-module-separately -disable-cmo

SwiftDriverJobDiscovery normal arm64 Compiling RepositoryFactoryDataLoadingTests.swift, RepositoryFactoryTests.swift (in target 'RepositoryTests' from project 'Molten')

SwiftCompile normal arm64 Compiling\ FileSystemUserImageRepositoryTests.swift,\ CatalogViewDataLoadingTests.swift /Users/binde/projects/classes/Molten/Tests/RepositoryTests/FileSystem/FileSystemUserImageRepositoryTests.swift /Users/binde/projects/classes/Molten/Tests/RepositoryTests/Integration/CatalogViewDataLoadingTests.swift (in target 'RepositoryTests' from project 'Molten')

SwiftCompile normal arm64 /Users/binde/projects/classes/Molten/Tests/RepositoryTests/FileSystem/FileSystemUserImageRepositoryTests.swift (in target 'RepositoryTests' from project 'Molten')
    cd /Users/binde/projects/classes
    
@__swiftmacro_15RepositoryTests0038CatalogViewDataLoadingTestsswift_yoBAmfMX326_8_6expectfMf0_.swift:1:38: warning: comparing non-optional value of type 'CatalogView' to 'nil' always returns true
Testing.__checkBinaryOperation(view1 != nil && view2 != nil,{ $0 && $1() },view3 != nil,expression: .__fromBinaryOperation(.__fromSyntaxNode("view1 != nil && view2 != nil"),"&&",.__fromSyntaxNode("view3 != nil")),comments: [.__line("// All views should be created successfully"),"Should create all views successfully"],isRequired: false,sourceLocation: Testing.SourceLocation.__here()).__expected()
                               ~~~~~ ^  ~~~
/Users/binde/projects/classes/Molten/Tests/RepositoryTests/Integration/CatalogViewDataLoadingTests.swift:327:9: note: in expansion of macro 'expect' here
        #expect(view1 != nil && view2 != nil && view3 != nil, "Should create all views successfully")
        ^~~~~~~~~~~~~~~~~~~~~~~~~~~~~~~~~~~~~~~~~~~~~~~~~~~~~~~~~~~~~~~~~~~~~~~~~~~~~~~~~~~~~~~~~~~~~
/Users/binde/projects/classes/Molten/Tests/RepositoryTests/Integration/CatalogViewDataLoadingTests.swift:327:9: note: in expansion of macro 'expect' here
        #expect(view1 != nil && view2 != nil && view3 != nil, "Should create all views successfully")
        ^~~~~~~~~~~~~~~~~~~~~~~~~~~~~~~~~~~~~~~~~~~~~~~~~~~~~~~~~~~~~~~~~~~~~~~~~~~~~~~~~~~~~~~~~~~~~
@__swiftmacro_15RepositoryTests0038CatalogViewDataLoadingTestsswift_yoBAmfMX326_8_6expectfMf0_.swift:1:54: warning: comparing non-optional value of type 'CatalogView' to 'nil' always returns true
Testing.__checkBinaryOperation(view1 != nil && view2 != nil,{ $0 && $1() },view3 != nil,expression: .__fromBinaryOperation(.__fromSyntaxNode("view1 != nil && view2 != nil"),"&&",.__fromSyntaxNode("view3 != nil")),comments: [.__line("// All views should be created successfully"),"Should create all views successfully"],isRequired: false,sourceLocation: Testing.SourceLocation.__here()).__expected()
                                               ~~~~~ ^  ~~~
/Users/binde/projects/classes/Molten/Tests/RepositoryTests/Integration/CatalogViewDataLoadingTests.swift:327:9: note: in expansion of macro 'expect' here
        #expect(view1 != nil && view2 != nil && view3 != nil, "Should create all views successfully")
        ^~~~~~~~~~~~~~~~~~~~~~~~~~~~~~~~~~~~~~~~~~~~~~~~~~~~~~~~~~~~~~~~~~~~~~~~~~~~~~~~~~~~~~~~~~~~~
/Users/binde/projects/classes/Molten/Tests/RepositoryTests/Integration/CatalogViewDataLoadingTests.swift:327:9: note: in expansion of macro 'expect' here
        #expect(view1 != nil && view2 != nil && view3 != nil, "Should create all views successfully")
        ^~~~~~~~~~~~~~~~~~~~~~~~~~~~~~~~~~~~~~~~~~~~~~~~~~~~~~~~~~~~~~~~~~~~~~~~~~~~~~~~~~~~~~~~~~~~~
@__swiftmacro_15RepositoryTests0038CatalogViewDataLoadingTestsswift_yoBAmfMX326_8_6expectfMf0_.swift:1:82: warning: comparing non-optional value of type 'CatalogView' to 'nil' always returns true
Testing.__checkBinaryOperation(view1 != nil && view2 != nil,{ $0 && $1() },view3 != nil,expression: .__fromBinaryOperation(.__fromSyntaxNode("view1 != nil && view2 != nil"),"&&",.__fromSyntaxNode("view3 != nil")),comments: [.__line("// All views should be created successfully"),"Should create all views successfully"],isRequired: false,sourceLocation: Testing.SourceLocation.__here()).__expected()
                                                                           ~~~~~ ^  ~~~
/Users/binde/projects/classes/Molten/Tests/RepositoryTests/Integration/CatalogViewDataLoadingTests.swift:327:9: note: in expansion of macro 'expect' here
        #expect(view1 != nil && view2 != nil && view3 != nil, "Should create all views successfully")
        ^~~~~~~~~~~~~~~~~~~~~~~~~~~~~~~~~~~~~~~~~~~~~~~~~~~~~~~~~~~~~~~~~~~~~~~~~~~~~~~~~~~~~~~~~~~~~
/Users/binde/projects/classes/Molten/Tests/RepositoryTests/Integration/CatalogViewDataLoadingTests.swift:327:9: note: in expansion of macro 'expect' here
        #expect(view1 != nil && view2 != nil && view3 != nil, "Should create all views successfully")
        ^~~~~~~~~~~~~~~~~~~~~~~~~~~~~~~~~~~~~~~~~~~~~~~~~~~~~~~~~~~~~~~~~~~~~~~~~~~~~~~~~~~~~~~~~~~~~

SwiftCompile normal arm64 /Users/binde/projects/classes/Molten/Tests/RepositoryTests/Integration/CatalogViewDataLoadingTests.swift (in target 'RepositoryTests' from project 'Molten')
    cd /Users/binde/projects/classes
    
/Users/binde/projects/classes/Molten/Tests/RepositoryTests/Integration/CatalogViewDataLoadingTests.swift:40:13: warning: result of 'try?' is unused
            try? context.execute(deleteRequest)
            ^~~~~~~~~~~~~~~~~~~~~~~~~~~~~~~~~~~
/Users/binde/projects/classes/Molten/Tests/RepositoryTests/Integration/CatalogViewDataLoadingTests.swift:69:29: warning: comparing non-optional value of type 'CatalogView' to 'nil' always returns true
        #expect(catalogView != nil, "Should create CatalogView successfully")
                ~~~~~~~~~~~ ^  ~~~
/Users/binde/projects/classes/Molten/Tests/RepositoryTests/Integration/CatalogViewDataLoadingTests.swift:93:29: warning: comparing non-optional value of type 'CatalogView' to 'nil' always returns true
        #expect(catalogView != nil, "Should handle empty database gracefully")
                ~~~~~~~~~~~ ^  ~~~
/Users/binde/projects/classes/Molten/Tests/RepositoryTests/Integration/CatalogViewDataLoadingTests.swift:124:29: warning: comparing non-optional value of type 'CatalogView' to 'nil' always returns true
        #expect(catalogView != nil, "Should handle existing data gracefully")
                ~~~~~~~~~~~ ^  ~~~
/Users/binde/projects/classes/Molten/Tests/RepositoryTests/Integration/CatalogViewDataLoadingTests.swift:142:29: warning: comparing non-optional value of type 'CatalogView' to 'nil' always returns true
        #expect(catalogView != nil, "Should work with mock catalog service")
                ~~~~~~~~~~~ ^  ~~~
/Users/binde/projects/classes/Molten/Tests/RepositoryTests/Integration/CatalogViewDataLoadingTests.swift:205:21: note: '#expect(_:_:)' will always pass here; use 'Bool(true)' to silence this warning (from macro 'expect')
            #expect(true, "Data loading succeeded (JSON files found)")
                    ^~~~
/Users/binde/projects/classes/Molten/Tests/RepositoryTests/Integration/CatalogViewDataLoadingTests.swift:217:29: warning: comparing non-optional value of type 'CatalogView' to 'nil' always returns true
        #expect(catalogView != nil, "Should create CatalogView even with data loading errors")
                ~~~~~~~~~~~ ^  ~~~
/Users/binde/projects/classes/Molten/Tests/RepositoryTests/Integration/CatalogViewDataLoadingTests.swift:229:29: warning: comparing non-optional value of type 'CatalogView' to 'nil' always returns true
        #expect(catalogView != nil, "Should handle repository configuration")
                ~~~~~~~~~~~ ^  ~~~
/Users/binde/projects/classes/Molten/Tests/RepositoryTests/Integration/CatalogViewDataLoadingTests.swift:267:29: warning: comparing non-optional value of type 'CatalogView' to 'nil' always returns true
        #expect(catalogView != nil, "Should have valid initial state")
                ~~~~~~~~~~~ ^  ~~~
/Users/binde/projects/classes/Molten/Tests/RepositoryTests/Integration/CatalogViewDataLoadingTests.swift:305:29: warning: comparing non-optional value of type 'CatalogView' to 'nil' always returns true
        #expect(catalogView != nil, "Should maintain valid state during data changes")
                ~~~~~~~~~~~ ^  ~~~
@__swiftmacro_15RepositoryTests0038CatalogViewDataLoadingTestsswift_yoBAmfMX326_8_6expectfMf0_.swift:1:38: warning: comparing non-optional value of type 'CatalogView' to 'nil' always returns true
Testing.__checkBinaryOperation(view1 != nil && view2 != nil,{ $0 && $1() },view3 != nil,expression: .__fromBinaryOperation(.__fromSyntaxNode("view1 != nil && view2 != nil"),"&&",.__fromSyntaxNode("view3 != nil")),comments: [.__line("// All views should be created successfully"),"Should create all views successfully"],isRequired: false,sourceLocation: Testing.SourceLocation.__here()).__expected()
                               ~~~~~ ^  ~~~
/Users/binde/projects/classes/Molten/Tests/RepositoryTests/Integration/CatalogViewDataLoadingTests.swift:327:9: note: in expansion of macro 'expect' here
        #expect(view1 != nil && view2 != nil && view3 != nil, "Should create all views successfully")
        ^~~~~~~~~~~~~~~~~~~~~~~~~~~~~~~~~~~~~~~~~~~~~~~~~~~~~~~~~~~~~~~~~~~~~~~~~~~~~~~~~~~~~~~~~~~~~
/Users/binde/projects/classes/Molten/Tests/RepositoryTests/Integration/CatalogViewDataLoadingTests.swift:327:9: note: in expansion of macro 'expect' here
        #expect(view1 != nil && view2 != nil && view3 != nil, "Should create all views successfully")
        ^~~~~~~~~~~~~~~~~~~~~~~~~~~~~~~~~~~~~~~~~~~~~~~~~~~~~~~~~~~~~~~~~~~~~~~~~~~~~~~~~~~~~~~~~~~~~
@__swiftmacro_15RepositoryTests0038CatalogViewDataLoadingTestsswift_yoBAmfMX326_8_6expectfMf0_.swift:1:54: warning: comparing non-optional value of type 'CatalogView' to 'nil' always returns true
Testing.__checkBinaryOperation(view1 != nil && view2 != nil,{ $0 && $1() },view3 != nil,expression: .__fromBinaryOperation(.__fromSyntaxNode("view1 != nil && view2 != nil"),"&&",.__fromSyntaxNode("view3 != nil")),comments: [.__line("// All views should be created successfully"),"Should create all views successfully"],isRequired: false,sourceLocation: Testing.SourceLocation.__here()).__expected()
                                               ~~~~~ ^  ~~~
/Users/binde/projects/classes/Molten/Tests/RepositoryTests/Integration/CatalogViewDataLoadingTests.swift:327:9: note: in expansion of macro 'expect' here
        #expect(view1 != nil && view2 != nil && view3 != nil, "Should create all views successfully")
        ^~~~~~~~~~~~~~~~~~~~~~~~~~~~~~~~~~~~~~~~~~~~~~~~~~~~~~~~~~~~~~~~~~~~~~~~~~~~~~~~~~~~~~~~~~~~~
/Users/binde/projects/classes/Molten/Tests/RepositoryTests/Integration/CatalogViewDataLoadingTests.swift:327:9: note: in expansion of macro 'expect' here
        #expect(view1 != nil && view2 != nil && view3 != nil, "Should create all views successfully")
        ^~~~~~~~~~~~~~~~~~~~~~~~~~~~~~~~~~~~~~~~~~~~~~~~~~~~~~~~~~~~~~~~~~~~~~~~~~~~~~~~~~~~~~~~~~~~~
@__swiftmacro_15RepositoryTests0038CatalogViewDataLoadingTestsswift_yoBAmfMX326_8_6expectfMf0_.swift:1:82: warning: comparing non-optional value of type 'CatalogView' to 'nil' always returns true
Testing.__checkBinaryOperation(view1 != nil && view2 != nil,{ $0 && $1() },view3 != nil,expression: .__fromBinaryOperation(.__fromSyntaxNode("view1 != nil && view2 != nil"),"&&",.__fromSyntaxNode("view3 != nil")),comments: [.__line("// All views should be created successfully"),"Should create all views successfully"],isRequired: false,sourceLocation: Testing.SourceLocation.__here()).__expected()
                                                                           ~~~~~ ^  ~~~
/Users/binde/projects/classes/Molten/Tests/RepositoryTests/Integration/CatalogViewDataLoadingTests.swift:327:9: note: in expansion of macro 'expect' here
        #expect(view1 != nil && view2 != nil && view3 != nil, "Should create all views successfully")
        ^~~~~~~~~~~~~~~~~~~~~~~~~~~~~~~~~~~~~~~~~~~~~~~~~~~~~~~~~~~~~~~~~~~~~~~~~~~~~~~~~~~~~~~~~~~~~
/Users/binde/projects/classes/Molten/Tests/RepositoryTests/Integration/CatalogViewDataLoadingTests.swift:327:9: note: in expansion of macro 'expect' here
        #expect(view1 != nil && view2 != nil && view3 != nil, "Should create all views successfully")
        ^~~~~~~~~~~~~~~~~~~~~~~~~~~~~~~~~~~~~~~~~~~~~~~~~~~~~~~~~~~~~~~~~~~~~~~~~~~~~~~~~~~~~~~~~~~~~
/Users/binde/projects/classes/Molten/Tests/RepositoryTests/Integration/CatalogViewDataLoadingTests.swift:327:23: warning: comparing non-optional value of type 'CatalogView' to 'nil' always returns true
        #expect(view1 != nil && view2 != nil && view3 != nil, "Should create all views successfully")
                ~~~~~ ^  ~~~
/Users/binde/projects/classes/Molten/Tests/RepositoryTests/Integration/CatalogViewDataLoadingTests.swift:327:39: warning: comparing non-optional value of type 'CatalogView' to 'nil' always returns true
        #expect(view1 != nil && view2 != nil && view3 != nil, "Should create all views successfully")
                                ~~~~~ ^  ~~~
/Users/binde/projects/classes/Molten/Tests/RepositoryTests/Integration/CatalogViewDataLoadingTests.swift:327:55: warning: comparing non-optional value of type 'CatalogView' to 'nil' always returns true
        #expect(view1 != nil && view2 != nil && view3 != nil, "Should create all views successfully")
                                                ~~~~~ ^  ~~~

SwiftCompile normal arm64 Compiling\ GlassItemDataLoadingServiceCoreDataTests.swift,\ JSONDataLoaderCoreDataTests.swift /Users/binde/projects/classes/Molten/Tests/RepositoryTests/Integration/GlassItemDataLoadingServiceCoreDataTests.swift /Users/binde/projects/classes/Molten/Tests/RepositoryTests/Integration/JSONDataLoaderCoreDataTests.swift (in target 'RepositoryTests' from project 'Molten')

SwiftCompile normal arm64 /Users/binde/projects/classes/Molten/Tests/RepositoryTests/Integration/GlassItemDataLoadingServiceCoreDataTests.swift (in target 'RepositoryTests' from project 'Molten')
    cd /Users/binde/projects/classes
    
/Users/binde/projects/classes/Molten/Tests/RepositoryTests/Integration/GlassItemDataLoadingServiceCoreDataTests.swift:105:17: warning: immutable value 'catalogService' was never used; consider replacing with '_' or removing it
        let (_, catalogService, loadingService) = try await createTestEnvironment()
                ^~~~~~~~~~~~~~
                _
/Users/binde/projects/classes/Molten/Tests/RepositoryTests/Integration/GlassItemDataLoadingServiceCoreDataTests.swift:388:20: warning: immutable value 'loadingService' was never used; consider replacing with '_' or removing it
        let (_, _, loadingService) = try await createTestEnvironment()
                   ^~~~~~~~~~~~~~
                   _
/Users/binde/projects/classes/Molten/Tests/RepositoryTests/Integration/GlassItemDataLoadingServiceCoreDataTests.swift:438:21: note: '#expect(_:_:)' will always pass here; use 'Bool(true)' to silence this warning (from macro 'expect')
            #expect(true, "Should handle missing JSON gracefully")
                    ^~~~
/Users/binde/projects/classes/Molten/Tests/RepositoryTests/Integration/JSONDataLoaderCoreDataTests.swift:298:25: note: '#expect(_:_:)' will always pass here; use 'Bool(true)' to silence this warning (from macro 'expect')
                #expect(true, "Should handle empty data gracefully")
                        ^~~~
/Users/binde/projects/classes/Molten/Tests/RepositoryTests/Integration/JSONDataLoaderCoreDataTests.swift:338:21: note: '#expect(_:_:)' will always pass here; use 'Bool(true)' to silence this warning (from macro 'expect')
            #expect(true, "Successfully loaded from JSON files")
                    ^~~~

SwiftCompile normal arm64 /Users/binde/projects/classes/Molten/Tests/RepositoryTests/Integration/JSONDataLoaderCoreDataTests.swift (in target 'RepositoryTests' from project 'Molten')
    cd /Users/binde/projects/classes
    
/Users/binde/projects/classes/Molten/Tests/RepositoryTests/Integration/GlassItemDataLoadingServiceCoreDataTests.swift:105:17: warning: immutable value 'catalogService' was never used; consider replacing with '_' or removing it
        let (_, catalogService, loadingService) = try await createTestEnvironment()
                ^~~~~~~~~~~~~~
                _
/Users/binde/projects/classes/Molten/Tests/RepositoryTests/Integration/GlassItemDataLoadingServiceCoreDataTests.swift:388:20: warning: immutable value 'loadingService' was never used; consider replacing with '_' or removing it
        let (_, _, loadingService) = try await createTestEnvironment()
                   ^~~~~~~~~~~~~~
                   _
/Users/binde/projects/classes/Molten/Tests/RepositoryTests/Integration/GlassItemDataLoadingServiceCoreDataTests.swift:438:21: note: '#expect(_:_:)' will always pass here; use 'Bool(true)' to silence this warning (from macro 'expect')
            #expect(true, "Should handle missing JSON gracefully")
                    ^~~~
/Users/binde/projects/classes/Molten/Tests/RepositoryTests/Integration/JSONDataLoaderCoreDataTests.swift:298:25: note: '#expect(_:_:)' will always pass here; use 'Bool(true)' to silence this warning (from macro 'expect')
                #expect(true, "Should handle empty data gracefully")
                        ^~~~
/Users/binde/projects/classes/Molten/Tests/RepositoryTests/Integration/JSONDataLoaderCoreDataTests.swift:338:21: note: '#expect(_:_:)' will always pass here; use 'Bool(true)' to silence this warning (from macro 'expect')
            #expect(true, "Successfully loaded from JSON files")
                    ^~~~

SwiftDriverJobDiscovery normal arm64 Emitting module for RepositoryTests (in target 'RepositoryTests' from project 'Molten')

SwiftDriver\ Compilation\ Requirements RepositoryTests normal arm64 com.apple.xcode.tools.swift.compiler (in target 'RepositoryTests' from project 'Molten')
    cd /Users/binde/projects/classes
    builtin-Swift-Compilation-Requirements -- /Applications/Xcode.app/Contents/Developer/Toolchains/XcodeDefault.xctoolchain/usr/bin/swiftc -module-name RepositoryTests -Onone -enforce-exclusivity\=checked @/Users/binde/Library/Developer/Xcode/DerivedData/Molten-dwnouowhlxjhigdgjryrxxsdqnmu/Build/Intermediates.noindex/Molten.build/Debug-iphonesimulator/RepositoryTests.build/Objects-normal/arm64/RepositoryTests.SwiftFileList -DDEBUG -plugin-path /Applications/Xcode.app/Contents/Developer/Toolchains/XcodeDefault.xctoolchain/usr/lib/swift/host/plugins/testing -enable-upcoming-feature MemberImportVisibility -enable-upcoming-feature InferIsolatedConformances -enable-upcoming-feature NonisolatedNonsendingByDefault -enable-experimental-feature DebugDescriptionMacro -sdk /Applications/Xcode.app/Contents/Developer/Platforms/iPhoneSimulator.platform/Developer/SDKs/iPhoneSimulator26.0.sdk -target arm64-apple-ios26.0-simulator -g -module-cache-path /Users/binde/Library/Developer/Xcode/DerivedData/ModuleCache.noindex -Xfrontend -serialize-debugging-options -profile-coverage-mapping -profile-generate -enable-testing -index-store-path /Users/binde/Library/Developer/Xcode/DerivedData/Molten-dwnouowhlxjhigdgjryrxxsdqnmu/Index.noindex/DataStore -Xcc -D_LIBCPP_HARDENING_MODE\=_LIBCPP_HARDENING_MODE_DEBUG -swift-version 6 -I /Users/binde/Library/Developer/Xcode/DerivedData/Molten-dwnouowhlxjhigdgjryrxxsdqnmu/Build/Products/Debug-iphonesimulator -Isystem /Applications/Xcode.app/Contents/Developer/Platforms/iPhoneSimulator.platform/Developer/usr/lib -F /Users/binde/Library/Developer/Xcode/DerivedData/Molten-dwnouowhlxjhigdgjryrxxsdqnmu/Build/Products/Debug-iphonesimulator -F /Applications/Xcode.app/Contents/Developer/Platforms/iPhoneSimulator.platform/Developer/Library/Frameworks -F /Applications/Xcode.app/Contents/Developer/Platforms/iPhoneSimulator.platform/Developer/SDKs/iPhoneSimulator26.0.sdk/Developer/Library/Frameworks -c -j11 -enable-batch-mode -incremental -Xcc -ivfsstatcache -Xcc /Users/binde/Library/Developer/Xcode/DerivedData/SDKStatCaches.noindex/iphonesimulator26.0-23A339-26257891a6c027eb51374368541b8346.sdkstatcache -output-file-map /Users/binde/Library/Developer/Xcode/DerivedData/Molten-dwnouowhlxjhigdgjryrxxsdqnmu/Build/Intermediates.noindex/Molten.build/Debug-iphonesimulator/RepositoryTests.build/Objects-normal/arm64/RepositoryTests-OutputFileMap.json -use-frontend-parseable-output -save-temps -no-color-diagnostics -explicit-module-build -module-cache-path /Users/binde/Library/Developer/Xcode/DerivedData/Molten-dwnouowhlxjhigdgjryrxxsdqnmu/Build/Intermediates.noindex/SwiftExplicitPrecompiledModules -clang-scanner-module-cache-path /Users/binde/Library/Developer/Xcode/DerivedData/ModuleCache.noindex -sdk-module-cache-path /Users/binde/Library/Developer/Xcode/DerivedData/ModuleCache.noindex -serialize-diagnostics -emit-dependencies -emit-module -emit-module-path /Users/binde/Library/Developer/Xcode/DerivedData/Molten-dwnouowhlxjhigdgjryrxxsdqnmu/Build/Intermediates.noindex/Molten.build/Debug-iphonesimulator/RepositoryTests.build/Objects-normal/arm64/RepositoryTests.swiftmodule -validate-clang-modules-once -clang-build-session-file /Users/binde/Library/Developer/Xcode/DerivedData/ModuleCache.noindex/Session.modulevalidation -Xcc -I/Users/binde/Library/Developer/Xcode/DerivedData/Molten-dwnouowhlxjhigdgjryrxxsdqnmu/Build/Intermediates.noindex/Molten.build/Debug-iphonesimulator/RepositoryTests.build/swift-overrides.hmap -emit-const-values -Xfrontend -const-gather-protocols-file -Xfrontend /Users/binde/Library/Developer/Xcode/DerivedData/Molten-dwnouowhlxjhigdgjryrxxsdqnmu/Build/Intermediates.noindex/Molten.build/Debug-iphonesimulator/RepositoryTests.build/Objects-normal/arm64/RepositoryTests_const_extract_protocols.json -Xcc -iquote -Xcc /Users/binde/Library/Developer/Xcode/DerivedData/Molten-dwnouowhlxjhigdgjryrxxsdqnmu/Build/Intermediates.noindex/Molten.build/Debug-iphonesimulator/RepositoryTests.build/RepositoryTests-generated-files.hmap -Xcc -I/Users/binde/Library/Developer/Xcode/DerivedData/Molten-dwnouowhlxjhigdgjryrxxsdqnmu/Build/Intermediates.noindex/Molten.build/Debug-iphonesimulator/RepositoryTests.build/RepositoryTests-own-target-headers.hmap -Xcc -I/Users/binde/Library/Developer/Xcode/DerivedData/Molten-dwnouowhlxjhigdgjryrxxsdqnmu/Build/Intermediates.noindex/Molten.build/Debug-iphonesimulator/RepositoryTests.build/RepositoryTests-all-target-headers.hmap -Xcc -iquote -Xcc /Users/binde/Library/Developer/Xcode/DerivedData/Molten-dwnouowhlxjhigdgjryrxxsdqnmu/Build/Intermediates.noindex/Molten.build/Debug-iphonesimulator/RepositoryTests.build/RepositoryTests-project-headers.hmap -Xcc -I/Users/binde/Library/Developer/Xcode/DerivedData/Molten-dwnouowhlxjhigdgjryrxxsdqnmu/Build/Products/Debug-iphonesimulator/include -Xcc -I/Users/binde/Library/Developer/Xcode/DerivedData/Molten-dwnouowhlxjhigdgjryrxxsdqnmu/Build/Intermediates.noindex/Molten.build/Debug-iphonesimulator/RepositoryTests.build/DerivedSources-normal/arm64 -Xcc -I/Users/binde/Library/Developer/Xcode/DerivedData/Molten-dwnouowhlxjhigdgjryrxxsdqnmu/Build/Intermediates.noindex/Molten.build/Debug-iphonesimulator/RepositoryTests.build/DerivedSources/arm64 -Xcc -I/Users/binde/Library/Developer/Xcode/DerivedData/Molten-dwnouowhlxjhigdgjryrxxsdqnmu/Build/Intermediates.noindex/Molten.build/Debug-iphonesimulator/RepositoryTests.build/DerivedSources -Xcc -DDEBUG\=1 -emit-objc-header -emit-objc-header-path /Users/binde/Library/Developer/Xcode/DerivedData/Molten-dwnouowhlxjhigdgjryrxxsdqnmu/Build/Intermediates.noindex/Molten.build/Debug-iphonesimulator/RepositoryTests.build/Objects-normal/arm64/RepositoryTests-Swift.h -working-directory /Users/binde/projects/classes -experimental-emit-module-separately -disable-cmo

SwiftDriverJobDiscovery normal arm64 Compiling TransformableMigrationHelperTests.swift, UserNotesRepositoryTests.swift (in target 'RepositoryTests' from project 'Molten')

SwiftCompile normal arm64 Compiling\ ItemMinimumRepositoryIntegrationTests.swift,\ LocationRepositoryCompilationTest.swift,\ LogbookRepositoryTests.swift /Users/binde/projects/classes/Molten/Tests/RepositoryTests/CoreData/ItemMinimumRepositoryIntegrationTests.swift /Users/binde/projects/classes/Molten/Tests/RepositoryTests/CoreData/LocationRepositoryCompilationTest.swift /Users/binde/projects/classes/Molten/Tests/RepositoryTests/CoreData/LogbookRepositoryTests.swift (in target 'RepositoryTests' from project 'Molten')

SwiftCompile normal arm64 /Users/binde/projects/classes/Molten/Tests/RepositoryTests/CoreData/ItemMinimumRepositoryIntegrationTests.swift (in target 'RepositoryTests' from project 'Molten')
    cd /Users/binde/projects/classes
    

SwiftCompile normal arm64 /Users/binde/projects/classes/Molten/Tests/RepositoryTests/CoreData/LocationRepositoryCompilationTest.swift (in target 'RepositoryTests' from project 'Molten')
    cd /Users/binde/projects/classes
    

SwiftCompile normal arm64 /Users/binde/projects/classes/Molten/Tests/RepositoryTests/CoreData/LogbookRepositoryTests.swift (in target 'RepositoryTests' from project 'Molten')
    cd /Users/binde/projects/classes
    

SwiftMergeGeneratedHeaders /Users/binde/Library/Developer/Xcode/DerivedData/Molten-dwnouowhlxjhigdgjryrxxsdqnmu/Build/Intermediates.noindex/Molten.build/Debug-iphonesimulator/RepositoryTests.build/DerivedSources/RepositoryTests-Swift.h /Users/binde/Library/Developer/Xcode/DerivedData/Molten-dwnouowhlxjhigdgjryrxxsdqnmu/Build/Intermediates.noindex/Molten.build/Debug-iphonesimulator/RepositoryTests.build/Objects-normal/arm64/RepositoryTests-Swift.h (in target 'RepositoryTests' from project 'Molten')
    cd /Users/binde/projects/classes
    builtin-swiftHeaderTool -arch arm64 /Users/binde/Library/Developer/Xcode/DerivedData/Molten-dwnouowhlxjhigdgjryrxxsdqnmu/Build/Intermediates.noindex/Molten.build/Debug-iphonesimulator/RepositoryTests.build/Objects-normal/arm64/RepositoryTests-Swift.h -o /Users/binde/Library/Developer/Xcode/DerivedData/Molten-dwnouowhlxjhigdgjryrxxsdqnmu/Build/Intermediates.noindex/Molten.build/Debug-iphonesimulator/RepositoryTests.build/DerivedSources/RepositoryTests-Swift.h

SwiftDriverJobDiscovery normal arm64 Compiling FileSystemUserImageRepositoryTests.swift, CatalogViewDataLoadingTests.swift (in target 'RepositoryTests' from project 'Molten')

Copy /Users/binde/Library/Developer/Xcode/DerivedData/Molten-dwnouowhlxjhigdgjryrxxsdqnmu/Build/Products/Debug-iphonesimulator/RepositoryTests.swiftmodule/arm64-apple-ios-simulator.swiftmodule /Users/binde/Library/Developer/Xcode/DerivedData/Molten-dwnouowhlxjhigdgjryrxxsdqnmu/Build/Intermediates.noindex/Molten.build/Debug-iphonesimulator/RepositoryTests.build/Objects-normal/arm64/RepositoryTests.swiftmodule (in target 'RepositoryTests' from project 'Molten')
    cd /Users/binde/projects/classes
    builtin-copy -exclude .DS_Store -exclude CVS -exclude .svn -exclude .git -exclude .hg -resolve-src-symlinks -rename /Users/binde/Library/Developer/Xcode/DerivedData/Molten-dwnouowhlxjhigdgjryrxxsdqnmu/Build/Intermediates.noindex/Molten.build/Debug-iphonesimulator/RepositoryTests.build/Objects-normal/arm64/RepositoryTests.swiftmodule /Users/binde/Library/Developer/Xcode/DerivedData/Molten-dwnouowhlxjhigdgjryrxxsdqnmu/Build/Products/Debug-iphonesimulator/RepositoryTests.swiftmodule/arm64-apple-ios-simulator.swiftmodule

Copy /Users/binde/Library/Developer/Xcode/DerivedData/Molten-dwnouowhlxjhigdgjryrxxsdqnmu/Build/Products/Debug-iphonesimulator/RepositoryTests.swiftmodule/arm64-apple-ios-simulator.swiftdoc /Users/binde/Library/Developer/Xcode/DerivedData/Molten-dwnouowhlxjhigdgjryrxxsdqnmu/Build/Intermediates.noindex/Molten.build/Debug-iphonesimulator/RepositoryTests.build/Objects-normal/arm64/RepositoryTests.swiftdoc (in target 'RepositoryTests' from project 'Molten')
    cd /Users/binde/projects/classes
    builtin-copy -exclude .DS_Store -exclude CVS -exclude .svn -exclude .git -exclude .hg -resolve-src-symlinks -rename /Users/binde/Library/Developer/Xcode/DerivedData/Molten-dwnouowhlxjhigdgjryrxxsdqnmu/Build/Intermediates.noindex/Molten.build/Debug-iphonesimulator/RepositoryTests.build/Objects-normal/arm64/RepositoryTests.swiftdoc /Users/binde/Library/Developer/Xcode/DerivedData/Molten-dwnouowhlxjhigdgjryrxxsdqnmu/Build/Products/Debug-iphonesimulator/RepositoryTests.swiftmodule/arm64-apple-ios-simulator.swiftdoc

Copy /Users/binde/Library/Developer/Xcode/DerivedData/Molten-dwnouowhlxjhigdgjryrxxsdqnmu/Build/Products/Debug-iphonesimulator/RepositoryTests.swiftmodule/arm64-apple-ios-simulator.abi.json /Users/binde/Library/Developer/Xcode/DerivedData/Molten-dwnouowhlxjhigdgjryrxxsdqnmu/Build/Intermediates.noindex/Molten.build/Debug-iphonesimulator/RepositoryTests.build/Objects-normal/arm64/RepositoryTests.abi.json (in target 'RepositoryTests' from project 'Molten')
    cd /Users/binde/projects/classes
    builtin-copy -exclude .DS_Store -exclude CVS -exclude .svn -exclude .git -exclude .hg -resolve-src-symlinks -rename /Users/binde/Library/Developer/Xcode/DerivedData/Molten-dwnouowhlxjhigdgjryrxxsdqnmu/Build/Intermediates.noindex/Molten.build/Debug-iphonesimulator/RepositoryTests.build/Objects-normal/arm64/RepositoryTests.abi.json /Users/binde/Library/Developer/Xcode/DerivedData/Molten-dwnouowhlxjhigdgjryrxxsdqnmu/Build/Products/Debug-iphonesimulator/RepositoryTests.swiftmodule/arm64-apple-ios-simulator.abi.json

Copy /Users/binde/Library/Developer/Xcode/DerivedData/Molten-dwnouowhlxjhigdgjryrxxsdqnmu/Build/Products/Debug-iphonesimulator/RepositoryTests.swiftmodule/Project/arm64-apple-ios-simulator.swiftsourceinfo /Users/binde/Library/Developer/Xcode/DerivedData/Molten-dwnouowhlxjhigdgjryrxxsdqnmu/Build/Intermediates.noindex/Molten.build/Debug-iphonesimulator/RepositoryTests.build/Objects-normal/arm64/RepositoryTests.swiftsourceinfo (in target 'RepositoryTests' from project 'Molten')
    cd /Users/binde/projects/classes
    builtin-copy -exclude .DS_Store -exclude CVS -exclude .svn -exclude .git -exclude .hg -resolve-src-symlinks -rename /Users/binde/Library/Developer/Xcode/DerivedData/Molten-dwnouowhlxjhigdgjryrxxsdqnmu/Build/Intermediates.noindex/Molten.build/Debug-iphonesimulator/RepositoryTests.build/Objects-normal/arm64/RepositoryTests.swiftsourceinfo /Users/binde/Library/Developer/Xcode/DerivedData/Molten-dwnouowhlxjhigdgjryrxxsdqnmu/Build/Products/Debug-iphonesimulator/RepositoryTests.swiftmodule/Project/arm64-apple-ios-simulator.swiftsourceinfo

SwiftDriverJobDiscovery normal arm64 Compiling GlassItemDataLoadingServiceCoreDataTests.swift, JSONDataLoaderCoreDataTests.swift (in target 'RepositoryTests' from project 'Molten')

SwiftCompile normal arm64 Compiling\ ProjectRepositoryTechniqueTypeTests.swift,\ PurchaseRecordRepositoryTests.swift,\ RepositoryTests.swift /Users/binde/projects/classes/Molten/Tests/RepositoryTests/CoreData/ProjectRepositoryTechniqueTypeTests.swift /Users/binde/projects/classes/Molten/Tests/RepositoryTests/CoreData/PurchaseRecordRepositoryTests.swift /Users/binde/projects/classes/Molten/Tests/RepositoryTests/CoreData/RepositoryTests.swift (in target 'RepositoryTests' from project 'Molten')

SwiftCompile normal arm64 /Users/binde/projects/classes/Molten/Tests/RepositoryTests/CoreData/ProjectRepositoryTechniqueTypeTests.swift (in target 'RepositoryTests' from project 'Molten')
    cd /Users/binde/projects/classes
    

SwiftCompile normal arm64 /Users/binde/projects/classes/Molten/Tests/RepositoryTests/CoreData/PurchaseRecordRepositoryTests.swift (in target 'RepositoryTests' from project 'Molten')
    cd /Users/binde/projects/classes
    

SwiftCompile normal arm64 /Users/binde/projects/classes/Molten/Tests/RepositoryTests/CoreData/RepositoryTests.swift (in target 'RepositoryTests' from project 'Molten')
    cd /Users/binde/projects/classes
    

SwiftCompile normal arm64 Compiling\ CoreDataRecoveryUtilityTests.swift,\ CoreDataRepositoryTests.swift,\ CoreDataUserImageRepositoryTests.swift /Users/binde/projects/classes/Molten/Tests/RepositoryTests/CoreData/CoreDataRecoveryUtilityTests.swift /Users/binde/projects/classes/Molten/Tests/RepositoryTests/CoreData/CoreDataRepositoryTests.swift /Users/binde/projects/classes/Molten/Tests/RepositoryTests/CoreData/CoreDataUserImageRepositoryTests.swift (in target 'RepositoryTests' from project 'Molten')

SwiftCompile normal arm64 /Users/binde/projects/classes/Molten/Tests/RepositoryTests/CoreData/CoreDataRecoveryUtilityTests.swift (in target 'RepositoryTests' from project 'Molten')
    cd /Users/binde/projects/classes
    

SwiftCompile normal arm64 /Users/binde/projects/classes/Molten/Tests/RepositoryTests/CoreData/CoreDataRepositoryTests.swift (in target 'RepositoryTests' from project 'Molten')
    cd /Users/binde/projects/classes
    

SwiftCompile normal arm64 /Users/binde/projects/classes/Molten/Tests/RepositoryTests/CoreData/CoreDataUserImageRepositoryTests.swift (in target 'RepositoryTests' from project 'Molten')
    cd /Users/binde/projects/classes
    

SwiftCompile normal arm64 Compiling\ KilnScheduleRepositoryTests.swift,\ CatalogRepositoryTests.swift,\ CoreDataDiagnosticTest.swift /Users/binde/projects/classes/Molten/Tests/MoltenTests/Repositories/KilnScheduleRepositoryTests.swift /Users/binde/projects/classes/Molten/Tests/RepositoryTests/CoreData/CatalogRepositoryTests.swift /Users/binde/projects/classes/Molten/Tests/RepositoryTests/CoreData/CoreDataDiagnosticTest.swift (in target 'RepositoryTests' from project 'Molten')

SwiftCompile normal arm64 /Users/binde/projects/classes/Molten/Tests/MoltenTests/Repositories/KilnScheduleRepositoryTests.swift (in target 'RepositoryTests' from project 'Molten')
    cd /Users/binde/projects/classes
    
/Users/binde/projects/classes/Molten/Tests/RepositoryTests/CoreData/CoreDataDiagnosticTest.swift:61:17: note: '#expect(_:_:)' will always pass here; use 'Bool(true)' to silence this warning (from macro 'expect')
        #expect(true, "Diagnostic test completed")
                ^~~~
/Users/binde/projects/classes/Molten/Tests/RepositoryTests/CoreData/CoreDataDiagnosticTest.swift:35:19: warning: value 'coreDataRepo' was defined but never used; consider replacing with boolean test
        guard let coreDataRepo = glassItemRepo as? CoreDataGlassItemRepository else {
              ~~~~^~~~~~~~~~~~~~~              ~~~
                                               is
/Users/binde/projects/classes/Molten/Tests/RepositoryTests/CoreData/CoreDataDiagnosticTest.swift:111:17: note: '#expect(_:_:)' will always pass here; use 'Bool(true)' to silence this warning (from macro 'expect')
        #expect(true, "Diagnostic comparison completed")
                ^~~~
/Users/binde/projects/classes/Molten/Tests/RepositoryTests/CoreData/CoreDataDiagnosticTest.swift:150:17: note: '#expect(_:_:)' will always pass here; use 'Bool(true)' to silence this warning (from macro 'expect')
        #expect(true, "Test fix suggestions generated")
                ^~~~

SwiftCompile normal arm64 /Users/binde/projects/classes/Molten/Tests/RepositoryTests/CoreData/CatalogRepositoryTests.swift (in target 'RepositoryTests' from project 'Molten')
    cd /Users/binde/projects/classes
    
/Users/binde/projects/classes/Molten/Tests/RepositoryTests/CoreData/CoreDataDiagnosticTest.swift:61:17: note: '#expect(_:_:)' will always pass here; use 'Bool(true)' to silence this warning (from macro 'expect')
        #expect(true, "Diagnostic test completed")
                ^~~~
/Users/binde/projects/classes/Molten/Tests/RepositoryTests/CoreData/CoreDataDiagnosticTest.swift:35:19: warning: value 'coreDataRepo' was defined but never used; consider replacing with boolean test
        guard let coreDataRepo = glassItemRepo as? CoreDataGlassItemRepository else {
              ~~~~^~~~~~~~~~~~~~~              ~~~
                                               is
/Users/binde/projects/classes/Molten/Tests/RepositoryTests/CoreData/CoreDataDiagnosticTest.swift:111:17: note: '#expect(_:_:)' will always pass here; use 'Bool(true)' to silence this warning (from macro 'expect')
        #expect(true, "Diagnostic comparison completed")
                ^~~~
/Users/binde/projects/classes/Molten/Tests/RepositoryTests/CoreData/CoreDataDiagnosticTest.swift:150:17: note: '#expect(_:_:)' will always pass here; use 'Bool(true)' to silence this warning (from macro 'expect')
        #expect(true, "Test fix suggestions generated")
                ^~~~

SwiftCompile normal arm64 /Users/binde/projects/classes/Molten/Tests/RepositoryTests/CoreData/CoreDataDiagnosticTest.swift (in target 'RepositoryTests' from project 'Molten')
    cd /Users/binde/projects/classes
    
/Users/binde/projects/classes/Molten/Tests/RepositoryTests/CoreData/CoreDataDiagnosticTest.swift:61:17: note: '#expect(_:_:)' will always pass here; use 'Bool(true)' to silence this warning (from macro 'expect')
        #expect(true, "Diagnostic test completed")
                ^~~~
/Users/binde/projects/classes/Molten/Tests/RepositoryTests/CoreData/CoreDataDiagnosticTest.swift:35:19: warning: value 'coreDataRepo' was defined but never used; consider replacing with boolean test
        guard let coreDataRepo = glassItemRepo as? CoreDataGlassItemRepository else {
              ~~~~^~~~~~~~~~~~~~~              ~~~
                                               is
/Users/binde/projects/classes/Molten/Tests/RepositoryTests/CoreData/CoreDataDiagnosticTest.swift:111:17: note: '#expect(_:_:)' will always pass here; use 'Bool(true)' to silence this warning (from macro 'expect')
        #expect(true, "Diagnostic comparison completed")
                ^~~~
/Users/binde/projects/classes/Molten/Tests/RepositoryTests/CoreData/CoreDataDiagnosticTest.swift:150:17: note: '#expect(_:_:)' will always pass here; use 'Bool(true)' to silence this warning (from macro 'expect')
        #expect(true, "Test fix suggestions generated")
                ^~~~

SwiftDriverJobDiscovery normal arm64 Compiling CoreDataUserTagsRepositoryTests.swift, GlassItemRepositoryTests.swift, InventoryRepositoryTests.swift (in target 'RepositoryTests' from project 'Molten')

SwiftCompile normal arm64 Compiling\ RealisticLoadTests.swift /Users/binde/projects/classes/Molten/Tests/PerformanceTests/RealisticLoadTests.swift (in target 'PerformanceTests' from project 'Molten')

SwiftCompile normal arm64 /Users/binde/projects/classes/Molten/Tests/PerformanceTests/RealisticLoadTests.swift (in target 'PerformanceTests' from project 'Molten')
    cd /Users/binde/projects/classes
    
/Users/binde/projects/classes/Molten/Tests/PerformanceTests/RealisticLoadTests.swift:31:13: warning: initialization of immutable value 'locationRepo' was never used; consider replacing with assignment to '_' or removing it
        let locationRepo = MockLocationRepository()
        ~~~~^~~~~~~~~~~~
        _
/Users/binde/projects/classes/Molten/Tests/PerformanceTests/RealisticLoadTests.swift:64:34: warning: no 'async' operations occur within 'await' expression
        let inventoryViewModel = await InventoryViewModel(inventoryTrackingService: inventoryTrackingService, catalogService: catalogService)
                                 ^
/Users/binde/projects/classes/Molten/Tests/PerformanceTests/RealisticLoadTests.swift:148:30: warning: immutable value 'inventoryTrackingService' was never used; consider replacing with '_' or removing it
        let (catalogService, inventoryTrackingService, inventoryViewModel) = await createTestServices()
                             ^~~~~~~~~~~~~~~~~~~~~~~~
                             _
/Users/binde/projects/classes/Molten/Tests/PerformanceTests/RealisticLoadTests.swift:148:56: warning: immutable value 'inventoryViewModel' was never used; consider replacing with '_' or removing it
        let (catalogService, inventoryTrackingService, inventoryViewModel) = await createTestServices()
                                                       ^~~~~~~~~~~~~~~~~~
                                                       _
/Users/binde/projects/classes/Molten/Tests/PerformanceTests/RealisticLoadTests.swift:204:30: warning: immutable value 'inventoryTrackingService' was never used; consider replacing with '_' or removing it
        let (catalogService, inventoryTrackingService, inventoryViewModel) = await createTestServices()
                             ^~~~~~~~~~~~~~~~~~~~~~~~
                             _
/Users/binde/projects/classes/Molten/Tests/PerformanceTests/RealisticLoadTests.swift:204:56: warning: immutable value 'inventoryViewModel' was never used; consider replacing with '_' or removing it
        let (catalogService, inventoryTrackingService, inventoryViewModel) = await createTestServices()
                                                       ^~~~~~~~~~~~~~~~~~
                                                       _

SwiftDriverJobDiscovery normal arm64 Compiling CoreDataHelpersTests.swift, CoreDataInventoryLocationTests.swift, CoreDataInventoryRepositoryTests.swift (in target 'RepositoryTests' from project 'Molten')

SwiftDriverJobDiscovery normal arm64 Compiling CoreDataItemTagsRepositoryTests.swift, CoreDataLocationRepositoryTests.swift, CoreDataLogbookRepositoryTests.swift (in target 'RepositoryTests' from project 'Molten')

SwiftCompile normal arm64 Compiling\ PerformanceTests.swift /Users/binde/projects/classes/Molten/Tests/PerformanceTests/PerformanceTests.swift (in target 'PerformanceTests' from project 'Molten')

SwiftCompile normal arm64 /Users/binde/projects/classes/Molten/Tests/PerformanceTests/PerformanceTests.swift (in target 'PerformanceTests' from project 'Molten')
    cd /Users/binde/projects/classes
    
/Users/binde/projects/classes/Molten/Tests/PerformanceTests/PerformanceTests.swift:35:13: warning: initialization of immutable value 'locationRepo' was never used; consider replacing with assignment to '_' or removing it
        let locationRepo = MockLocationRepository()
        ~~~~^~~~~~~~~~~~
        _
/Users/binde/projects/classes/Molten/Tests/PerformanceTests/PerformanceTests.swift:207:30: warning: immutable value 'inventoryTrackingService' was never used; consider replacing with '_' or removing it
        let (catalogService, inventoryTrackingService, shoppingListService) = await createTestServices()
                             ^~~~~~~~~~~~~~~~~~~~~~~~
                             _
/Users/binde/projects/classes/Molten/Tests/PerformanceTests/PerformanceTests.swift:207:56: warning: immutable value 'shoppingListService' was never used; consider replacing with '_' or removing it
        let (catalogService, inventoryTrackingService, shoppingListService) = await createTestServices()
                                                       ^~~~~~~~~~~~~~~~~~~
                                                       _
/Users/binde/projects/classes/Molten/Tests/PerformanceTests/PerformanceTests.swift:247:30: warning: immutable value 'inventoryTrackingService' was never used; consider replacing with '_' or removing it
        let (catalogService, inventoryTrackingService, _) = await createTestServices()
                             ^~~~~~~~~~~~~~~~~~~~~~~~
                             _
/Users/binde/projects/classes/Molten/Tests/PerformanceTests/PerformanceTests.swift:384:17: warning: initialization of immutable value 'item' was never used; consider replacing with assignment to '_' or removing it
            let item = GlassItemModel(
            ~~~~^~~~
            _
/Users/binde/projects/classes/Molten/Tests/PerformanceTests/PerformanceTests.swift:438:30: warning: immutable value 'inventoryTrackingService' was never used; consider replacing with '_' or removing it
        let (catalogService, inventoryTrackingService, _) = await createTestServices()
                             ^~~~~~~~~~~~~~~~~~~~~~~~
                             _
/Users/binde/projects/classes/Molten/Tests/PerformanceTests/PerformanceTests.swift:497:30: warning: immutable value 'inventoryTrackingService' was never used; consider replacing with '_' or removing it
        let (catalogService, inventoryTrackingService, _) = await createTestServices()
                             ^~~~~~~~~~~~~~~~~~~~~~~~
                             _

SwiftCompile normal arm64 Compiling\ AppLaunchUITests.swift /Users/binde/projects/classes/Molten/Tests/MoltenUITests/AppLaunchUITests.swift (in target 'MoltenUITests' from project 'Molten')

SwiftCompile normal arm64 /Users/binde/projects/classes/Molten/Tests/MoltenUITests/AppLaunchUITests.swift (in target 'MoltenUITests' from project 'Molten')
    cd /Users/binde/projects/classes
    
/Users/binde/projects/classes/Molten/Tests/MoltenUITests/AppLaunchUITests.swift:17:27: warning: main actor-isolated property 'exists' can not be referenced from a nonisolated autoclosure
        XCTAssertTrue(app.exists, "App should exist after launch")
                          ^
/Applications/Xcode.app/Contents/Developer/Platforms/iPhoneSimulator.platform/Developer/Library/Frameworks/XCUIAutomation.framework/Headers/XCUIElement.h:54:27: note: property declared here
@property (readonly) BOOL exists;
                          ^
/Users/binde/projects/classes/Molten/Tests/MoltenUITests/AppLaunchUITests.swift:22:34: warning: main actor-isolated property 'firstMatch' can not be referenced from a nonisolated context
        let tabBar = app.tabBars.firstMatch
                                 ^
/Applications/Xcode.app/Contents/Developer/Platforms/iPhoneSimulator.platform/Developer/Library/Frameworks/XCUIAutomation.framework/Headers/XCUIElementTypeQueryProvider.h:105:35: note: property declared here
@property (readonly) XCUIElement *firstMatch;
                                  ^
/Users/binde/projects/classes/Molten/Tests/MoltenUITests/AppLaunchUITests.swift:20:10: note: add '@MainActor' to make instance method 'testTabBarExists()' part of global actor 'MainActor'
    func testTabBarExists() throws {
         ^
    @MainActor 
/Users/binde/projects/classes/Molten/Tests/MoltenUITests/AppLaunchUITests.swift:22:26: warning: main actor-isolated property 'tabBars' can not be referenced from a nonisolated context
        let tabBar = app.tabBars.firstMatch
                         ^
/Applications/Xcode.app/Contents/Developer/Platforms/iPhoneSimulator.platform/Developer/Library/Frameworks/XCUIAutomation.framework/Headers/XCUIElementTypeQueryProvider.h:35:46: note: property declared here
@property (readonly, copy) XCUIElementQuery *tabBars;
                                             ^
/Users/binde/projects/classes/Molten/Tests/MoltenUITests/AppLaunchUITests.swift:20:10: note: add '@MainActor' to make instance method 'testTabBarExists()' part of global actor 'MainActor'
    func testTabBarExists() throws {
         ^
    @MainActor 
/Users/binde/projects/classes/Molten/Tests/MoltenUITests/AppLaunchUITests.swift:23:29: warning: call to main actor-isolated instance method 'waitForExistence(timeout:)' in a synchronous nonisolated context
        let exists = tabBar.waitForExistence(timeout: 10)
                            ^
XCUIAutomation.XCUIElement.waitForExistence:2:22: note: calls to instance method 'waitForExistence(timeout:)' from outside of its actor context are implicitly asynchronous
@MainActor open func waitForExistence(timeout: TimeInterval) -> Bool}
                     ^
/Users/binde/projects/classes/Molten/Tests/MoltenUITests/AppLaunchUITests.swift:20:10: note: add '@MainActor' to make instance method 'testTabBarExists()' part of global actor 'MainActor'
    func testTabBarExists() throws {
         ^
    @MainActor 
/Users/binde/projects/classes/Molten/Tests/MoltenUITests/AppLaunchUITests.swift:32:34: warning: main actor-isolated property 'firstMatch' can not be referenced from a nonisolated context
        let tabBar = app.tabBars.firstMatch
                                 ^
/Applications/Xcode.app/Contents/Developer/Platforms/iPhoneSimulator.platform/Developer/Library/Frameworks/XCUIAutomation.framework/Headers/XCUIElementTypeQueryProvider.h:105:35: note: property declared here
@property (readonly) XCUIElement *firstMatch;
                                  ^
/Users/binde/projects/classes/Molten/Tests/MoltenUITests/AppLaunchUITests.swift:28:10: note: add '@MainActor' to make instance method 'testMainTabsExist()' part of global actor 'MainActor'
    func testMainTabsExist() throws {
         ^
    @MainActor 
/Users/binde/projects/classes/Molten/Tests/MoltenUITests/AppLaunchUITests.swift:32:26: warning: main actor-isolated property 'tabBars' can not be referenced from a nonisolated context
        let tabBar = app.tabBars.firstMatch
                         ^
/Applications/Xcode.app/Contents/Developer/Platforms/iPhoneSimulator.platform/Developer/Library/Frameworks/XCUIAutomation.framework/Headers/XCUIElementTypeQueryProvider.h:35:46: note: property declared here
@property (readonly, copy) XCUIElementQuery *tabBars;
                                             ^
/Users/binde/projects/classes/Molten/Tests/MoltenUITests/AppLaunchUITests.swift:28:10: note: add '@MainActor' to make instance method 'testMainTabsExist()' part of global actor 'MainActor'
    func testMainTabsExist() throws {
         ^
    @MainActor 
/Users/binde/projects/classes/Molten/Tests/MoltenUITests/AppLaunchUITests.swift:33:30: warning: call to main actor-isolated instance method 'waitForExistence(timeout:)' in a synchronous nonisolated context
        XCTAssertTrue(tabBar.waitForExistence(timeout: 10), "Tab bar should load")
                             ^
XCUIAutomation.XCUIElement.waitForExistence:2:22: note: calls to instance method 'waitForExistence(timeout:)' from outside of its actor context are implicitly asynchronous
@MainActor open func waitForExistence(timeout: TimeInterval) -> Bool}
                     ^
/Users/binde/projects/classes/Molten/Tests/MoltenUITests/AppLaunchUITests.swift:37:37: warning: main actor-isolated subscript 'subscript(_:)' can not be referenced from a nonisolated context
        let catalogTab = app.buttons["Catalog"]
                                    ^
XCUIAutomation.XCUIElementQuery.subscript:2:17: note: subscript declared here
@MainActor open subscript(key: String) -> XCUIElement { get }}
                ^
/Users/binde/projects/classes/Molten/Tests/MoltenUITests/AppLaunchUITests.swift:28:10: note: add '@MainActor' to make instance method 'testMainTabsExist()' part of global actor 'MainActor'
    func testMainTabsExist() throws {
         ^
    @MainActor 
/Users/binde/projects/classes/Molten/Tests/MoltenUITests/AppLaunchUITests.swift:37:30: warning: main actor-isolated property 'buttons' can not be referenced from a nonisolated context
        let catalogTab = app.buttons["Catalog"]
                             ^
/Applications/Xcode.app/Contents/Developer/Platforms/iPhoneSimulator.platform/Developer/Library/Frameworks/XCUIAutomation.framework/Headers/XCUIElementTypeQueryProvider.h:22:46: note: property declared here
@property (readonly, copy) XCUIElementQuery *buttons;
                                             ^
/Users/binde/projects/classes/Molten/Tests/MoltenUITests/AppLaunchUITests.swift:28:10: note: add '@MainActor' to make instance method 'testMainTabsExist()' part of global actor 'MainActor'
    func testMainTabsExist() throws {
         ^
    @MainActor 
/Users/binde/projects/classes/Molten/Tests/MoltenUITests/AppLaunchUITests.swift:38:39: warning: main actor-isolated subscript 'subscript(_:)' can not be referenced from a nonisolated context
        let inventoryTab = app.buttons["Inventory"]
                                      ^
XCUIAutomation.XCUIElementQuery.subscript:2:17: note: subscript declared here
@MainActor open subscript(key: String) -> XCUIElement { get }}
                ^
/Users/binde/projects/classes/Molten/Tests/MoltenUITests/AppLaunchUITests.swift:28:10: note: add '@MainActor' to make instance method 'testMainTabsExist()' part of global actor 'MainActor'
    func testMainTabsExist() throws {
         ^
    @MainActor 
/Users/binde/projects/classes/Molten/Tests/MoltenUITests/AppLaunchUITests.swift:38:32: warning: main actor-isolated property 'buttons' can not be referenced from a nonisolated context
        let inventoryTab = app.buttons["Inventory"]
                               ^
/Applications/Xcode.app/Contents/Developer/Platforms/iPhoneSimulator.platform/Developer/Library/Frameworks/XCUIAutomation.framework/Headers/XCUIElementTypeQueryProvider.h:22:46: note: property declared here
@property (readonly, copy) XCUIElementQuery *buttons;
                                             ^
/Users/binde/projects/classes/Molten/Tests/MoltenUITests/AppLaunchUITests.swift:28:10: note: add '@MainActor' to make instance method 'testMainTabsExist()' part of global actor 'MainActor'
    func testMainTabsExist() throws {
         ^
    @MainActor 
/Users/binde/projects/classes/Molten/Tests/MoltenUITests/AppLaunchUITests.swift:39:39: warning: main actor-isolated subscript 'subscript(_:)' can not be referenced from a nonisolated context
        let purchasesTab = app.buttons["Purchases"]
                                      ^
XCUIAutomation.XCUIElementQuery.subscript:2:17: note: subscript declared here
@MainActor open subscript(key: String) -> XCUIElement { get }}
                ^
/Users/binde/projects/classes/Molten/Tests/MoltenUITests/AppLaunchUITests.swift:28:10: note: add '@MainActor' to make instance method 'testMainTabsExist()' part of global actor 'MainActor'
    func testMainTabsExist() throws {
         ^
    @MainActor 
/Users/binde/projects/classes/Molten/Tests/MoltenUITests/AppLaunchUITests.swift:39:32: warning: main actor-isolated property 'buttons' can not be referenced from a nonisolated context
        let purchasesTab = app.buttons["Purchases"]
                               ^
/Applications/Xcode.app/Contents/Developer/Platforms/iPhoneSimulator.platform/Developer/Library/Frameworks/XCUIAutomation.framework/Headers/XCUIElementTypeQueryProvider.h:22:46: note: property declared here
@property (readonly, copy) XCUIElementQuery *buttons;
                                             ^
/Users/binde/projects/classes/Molten/Tests/MoltenUITests/AppLaunchUITests.swift:28:10: note: add '@MainActor' to make instance method 'testMainTabsExist()' part of global actor 'MainActor'
    func testMainTabsExist() throws {
         ^
    @MainActor 
/Users/binde/projects/classes/Molten/Tests/MoltenUITests/AppLaunchUITests.swift:40:35: warning: main actor-isolated subscript 'subscript(_:)' can not be referenced from a nonisolated context
        let plansTab = app.buttons["Plans"]
                                  ^
XCUIAutomation.XCUIElementQuery.subscript:2:17: note: subscript declared here
@MainActor open subscript(key: String) -> XCUIElement { get }}
                ^
/Users/binde/projects/classes/Molten/Tests/MoltenUITests/AppLaunchUITests.swift:28:10: note: add '@MainActor' to make instance method 'testMainTabsExist()' part of global actor 'MainActor'
    func testMainTabsExist() throws {
         ^
    @MainActor 
/Users/binde/projects/classes/Molten/Tests/MoltenUITests/AppLaunchUITests.swift:40:28: warning: main actor-isolated property 'buttons' can not be referenced from a nonisolated context
        let plansTab = app.buttons["Plans"]
                           ^
/Applications/Xcode.app/Contents/Developer/Platforms/iPhoneSimulator.platform/Developer/Library/Frameworks/XCUIAutomation.framework/Headers/XCUIElementTypeQueryProvider.h:22:46: note: property declared here
@property (readonly, copy) XCUIElementQuery *buttons;
                                             ^
/Users/binde/projects/classes/Molten/Tests/MoltenUITests/AppLaunchUITests.swift:28:10: note: add '@MainActor' to make instance method 'testMainTabsExist()' part of global actor 'MainActor'
    func testMainTabsExist() throws {
         ^
    @MainActor 
/Users/binde/projects/classes/Molten/Tests/MoltenUITests/AppLaunchUITests.swift:42:34: warning: main actor-isolated property 'exists' can not be referenced from a nonisolated autoclosure
        XCTAssertTrue(catalogTab.exists, "Catalog tab should exist")
                                 ^
/Applications/Xcode.app/Contents/Developer/Platforms/iPhoneSimulator.platform/Developer/Library/Frameworks/XCUIAutomation.framework/Headers/XCUIElement.h:54:27: note: property declared here
@property (readonly) BOOL exists;
                          ^
/Users/binde/projects/classes/Molten/Tests/MoltenUITests/AppLaunchUITests.swift:43:36: warning: main actor-isolated property 'exists' can not be referenced from a nonisolated autoclosure
        XCTAssertTrue(inventoryTab.exists, "Inventory tab should exist")
                                   ^
/Applications/Xcode.app/Contents/Developer/Platforms/iPhoneSimulator.platform/Developer/Library/Frameworks/XCUIAutomation.framework/Headers/XCUIElement.h:54:27: note: property declared here
@property (readonly) BOOL exists;
                          ^
/Users/binde/projects/classes/Molten/Tests/MoltenUITests/AppLaunchUITests.swift:44:36: warning: main actor-isolated property 'exists' can not be referenced from a nonisolated autoclosure
        XCTAssertTrue(purchasesTab.exists, "Purchases tab should exist")
                                   ^
/Applications/Xcode.app/Contents/Developer/Platforms/iPhoneSimulator.platform/Developer/Library/Frameworks/XCUIAutomation.framework/Headers/XCUIElement.h:54:27: note: property declared here
@property (readonly) BOOL exists;
                          ^
/Users/binde/projects/classes/Molten/Tests/MoltenUITests/AppLaunchUITests.swift:45:32: warning: main actor-isolated property 'exists' can not be referenced from a nonisolated autoclosure
        XCTAssertTrue(plansTab.exists, "Plans tab should exist")
                               ^
/Applications/Xcode.app/Contents/Developer/Platforms/iPhoneSimulator.platform/Developer/Library/Frameworks/XCUIAutomation.framework/Headers/XCUIElement.h:54:27: note: property declared here
@property (readonly) BOOL exists;
                          ^
/Users/binde/projects/classes/Molten/Tests/MoltenUITests/AppLaunchUITests.swift:49:34: warning: main actor-isolated property 'firstMatch' can not be referenced from a nonisolated context
        let tabBar = app.tabBars.firstMatch
                                 ^
/Applications/Xcode.app/Contents/Developer/Platforms/iPhoneSimulator.platform/Developer/Library/Frameworks/XCUIAutomation.framework/Headers/XCUIElementTypeQueryProvider.h:105:35: note: property declared here
@property (readonly) XCUIElement *firstMatch;
                                  ^
/Users/binde/projects/classes/Molten/Tests/MoltenUITests/AppLaunchUITests.swift:48:10: note: add '@MainActor' to make instance method 'testCanSwitchTabs()' part of global actor 'MainActor'
    func testCanSwitchTabs() throws {
         ^
    @MainActor 
/Users/binde/projects/classes/Molten/Tests/MoltenUITests/AppLaunchUITests.swift:49:26: warning: main actor-isolated property 'tabBars' can not be referenced from a nonisolated context
        let tabBar = app.tabBars.firstMatch
                         ^
/Applications/Xcode.app/Contents/Developer/Platforms/iPhoneSimulator.platform/Developer/Library/Frameworks/XCUIAutomation.framework/Headers/XCUIElementTypeQueryProvider.h:35:46: note: property declared here
@property (readonly, copy) XCUIElementQuery *tabBars;
                                             ^
/Users/binde/projects/classes/Molten/Tests/MoltenUITests/AppLaunchUITests.swift:48:10: note: add '@MainActor' to make instance method 'testCanSwitchTabs()' part of global actor 'MainActor'
    func testCanSwitchTabs() throws {
         ^
    @MainActor 
/Users/binde/projects/classes/Molten/Tests/MoltenUITests/AppLaunchUITests.swift:50:30: warning: call to main actor-isolated instance method 'waitForExistence(timeout:)' in a synchronous nonisolated context
        XCTAssertTrue(tabBar.waitForExistence(timeout: 10), "Tab bar should load")
                             ^
XCUIAutomation.XCUIElement.waitForExistence:2:22: note: calls to instance method 'waitForExistence(timeout:)' from outside of its actor context are implicitly asynchronous
@MainActor open func waitForExistence(timeout: TimeInterval) -> Bool}
                     ^

SwiftDriverJobDiscovery normal arm64 Compiling ItemMinimumRepositoryIntegrationTests.swift, LocationRepositoryCompilationTest.swift, LogbookRepositoryTests.swift (in target 'RepositoryTests' from project 'Molten')

SwiftCompile normal arm64 Compiling\ FlameworkerUITests.swift /Users/binde/projects/classes/Molten/Tests/MoltenUITests/FlameworkerUITests.swift (in target 'MoltenUITests' from project 'Molten')

SwiftCompile normal arm64 /Users/binde/projects/classes/Molten/Tests/MoltenUITests/FlameworkerUITests.swift (in target 'MoltenUITests' from project 'Molten')
    cd /Users/binde/projects/classes
    

SwiftDriverJobDiscovery normal arm64 Compiling AppLaunchUITests.swift (in target 'MoltenUITests' from project 'Molten')

SwiftCompile normal arm64 Compiling\ ProjectsUITests.swift /Users/binde/projects/classes/Molten/Tests/MoltenUITests/ProjectsUITests.swift (in target 'MoltenUITests' from project 'Molten')

SwiftCompile normal arm64 /Users/binde/projects/classes/Molten/Tests/MoltenUITests/ProjectsUITests.swift (in target 'MoltenUITests' from project 'Molten')
    cd /Users/binde/projects/classes
    
/Users/binde/projects/classes/Molten/Tests/MoltenUITests/ProjectsUITests.swift:19:34: warning: main actor-isolated property 'firstMatch' can not be referenced from a nonisolated context
        let tabBar = app.tabBars.firstMatch
                                 ^
/Applications/Xcode.app/Contents/Developer/Platforms/iPhoneSimulator.platform/Developer/Library/Frameworks/XCUIAutomation.framework/Headers/XCUIElementTypeQueryProvider.h:105:35: note: property declared here
@property (readonly) XCUIElement *firstMatch;
                                  ^
/Users/binde/projects/classes/Molten/Tests/MoltenUITests/ProjectsUITests.swift:17:10: note: add '@MainActor' to make instance method 'testCreatePlanFromEmptyStateNavigates()' part of global actor 'MainActor'
    func testCreatePlanFromEmptyStateNavigates() throws {
         ^
    @MainActor 
/Users/binde/projects/classes/Molten/Tests/MoltenUITests/ProjectsUITests.swift:19:26: warning: main actor-isolated property 'tabBars' can not be referenced from a nonisolated context
        let tabBar = app.tabBars.firstMatch
                         ^
/Applications/Xcode.app/Contents/Developer/Platforms/iPhoneSimulator.platform/Developer/Library/Frameworks/XCUIAutomation.framework/Headers/XCUIElementTypeQueryProvider.h:35:46: note: property declared here
@property (readonly, copy) XCUIElementQuery *tabBars;
                                             ^
/Users/binde/projects/classes/Molten/Tests/MoltenUITests/ProjectsUITests.swift:17:10: note: add '@MainActor' to make instance method 'testCreatePlanFromEmptyStateNavigates()' part of global actor 'MainActor'
    func testCreatePlanFromEmptyStateNavigates() throws {
         ^
    @MainActor 
/Users/binde/projects/classes/Molten/Tests/MoltenUITests/ProjectsUITests.swift:20:30: warning: call to main actor-isolated instance method 'waitToExist(timeout:)' in a synchronous nonisolated context
        XCTAssertTrue(tabBar.waitToExist(timeout: 10), "Tab bar should load")
                             ^
/Users/binde/projects/classes/Molten/Tests/MoltenUITests/Helpers/XCUIElement+Helpers.swift:36:10: note: calls to instance method 'waitToExist(timeout:)' from outside of its actor context are implicitly asynchronous
    func waitToExist(timeout: TimeInterval = 5) -> Bool {
         ^
/Users/binde/projects/classes/Molten/Tests/MoltenUITests/ProjectsUITests.swift:24:35: warning: main actor-isolated subscript 'subscript(_:)' can not be referenced from a nonisolated context
        let plansTab = app.buttons["Plans"]
                                  ^
XCUIAutomation.XCUIElementQuery.subscript:2:17: note: subscript declared here
@MainActor open subscript(key: String) -> XCUIElement { get }}
                ^
/Users/binde/projects/classes/Molten/Tests/MoltenUITests/ProjectsUITests.swift:17:10: note: add '@MainActor' to make instance method 'testCreatePlanFromEmptyStateNavigates()' part of global actor 'MainActor'
    func testCreatePlanFromEmptyStateNavigates() throws {
         ^
    @MainActor 
/Users/binde/projects/classes/Molten/Tests/MoltenUITests/ProjectsUITests.swift:24:28: warning: main actor-isolated property 'buttons' can not be referenced from a nonisolated context
        let plansTab = app.buttons["Plans"]
                           ^
/Applications/Xcode.app/Contents/Developer/Platforms/iPhoneSimulator.platform/Developer/Library/Frameworks/XCUIAutomation.framework/Headers/XCUIElementTypeQueryProvider.h:22:46: note: property declared here
@property (readonly, copy) XCUIElementQuery *buttons;
                                             ^
/Users/binde/projects/classes/Molten/Tests/MoltenUITests/ProjectsUITests.swift:17:10: note: add '@MainActor' to make instance method 'testCreatePlanFromEmptyStateNavigates()' part of global actor 'MainActor'
    func testCreatePlanFromEmptyStateNavigates() throws {
         ^
    @MainActor 
/Users/binde/projects/classes/Molten/Tests/MoltenUITests/ProjectsUITests.swift:25:38: warning: main actor-isolated subscript 'subscript(_:)' can not be referenced from a nonisolated context
        let projectsTab = app.buttons["Projects"]
                                     ^
XCUIAutomation.XCUIElementQuery.subscript:2:17: note: subscript declared here
@MainActor open subscript(key: String) -> XCUIElement { get }}
                ^
/Users/binde/projects/classes/Molten/Tests/MoltenUITests/ProjectsUITests.swift:17:10: note: add '@MainActor' to make instance method 'testCreatePlanFromEmptyStateNavigates()' part of global actor 'MainActor'
    func testCreatePlanFromEmptyStateNavigates() throws {
         ^
    @MainActor 
/Users/binde/projects/classes/Molten/Tests/MoltenUITests/ProjectsUITests.swift:25:31: warning: main actor-isolated property 'buttons' can not be referenced from a nonisolated context
        let projectsTab = app.buttons["Projects"]
                              ^
/Applications/Xcode.app/Contents/Developer/Platforms/iPhoneSimulator.platform/Developer/Library/Frameworks/XCUIAutomation.framework/Headers/XCUIElementTypeQueryProvider.h:22:46: note: property declared here
@property (readonly, copy) XCUIElementQuery *buttons;
                                             ^
/Users/binde/projects/classes/Molten/Tests/MoltenUITests/ProjectsUITests.swift:17:10: note: add '@MainActor' to make instance method 'testCreatePlanFromEmptyStateNavigates()' part of global actor 'MainActor'
    func testCreatePlanFromEmptyStateNavigates() throws {
         ^
    @MainActor 
/Users/binde/projects/classes/Molten/Tests/MoltenUITests/ProjectsUITests.swift:27:21: warning: main actor-isolated property 'exists' can not be referenced from a nonisolated context
        if plansTab.exists {
                    ^
/Applications/Xcode.app/Contents/Developer/Platforms/iPhoneSimulator.platform/Developer/Library/Frameworks/XCUIAutomation.framework/Headers/XCUIElement.h:54:27: note: property declared here
@property (readonly) BOOL exists;
                          ^
/Users/binde/projects/classes/Molten/Tests/MoltenUITests/ProjectsUITests.swift:17:10: note: add '@MainActor' to make instance method 'testCreatePlanFromEmptyStateNavigates()' part of global actor 'MainActor'
    func testCreatePlanFromEmptyStateNavigates() throws {
         ^
    @MainActor 
/Users/binde/projects/classes/Molten/Tests/MoltenUITests/ProjectsUITests.swift:28:22: warning: call to main actor-isolated instance method 'tapWhenHittable(timeout:)' in a synchronous nonisolated context
            plansTab.tapWhenHittable()
                     ^
/Users/binde/projects/classes/Molten/Tests/MoltenUITests/Helpers/XCUIElement+Helpers.swift:24:10: note: calls to instance method 'tapWhenHittable(timeout:)' from outside of its actor context are implicitly asynchronous
    func tapWhenHittable(timeout: TimeInterval = 5) {
         ^
/Users/binde/projects/classes/Molten/Tests/MoltenUITests/ProjectsUITests.swift:17:10: note: add '@MainActor' to make instance method 'testCreatePlanFromEmptyStateNavigates()' part of global actor 'MainActor'
    func testCreatePlanFromEmptyStateNavigates() throws {
         ^
    @MainActor 
/Users/binde/projects/classes/Molten/Tests/MoltenUITests/ProjectsUITests.swift:29:31: warning: main actor-isolated property 'exists' can not be referenced from a nonisolated context
        } else if projectsTab.exists {
                              ^
/Applications/Xcode.app/Contents/Developer/Platforms/iPhoneSimulator.platform/Developer/Library/Frameworks/XCUIAutomation.framework/Headers/XCUIElement.h:54:27: note: property declared here
@property (readonly) BOOL exists;
                          ^
/Users/binde/projects/classes/Molten/Tests/MoltenUITests/ProjectsUITests.swift:17:10: note: add '@MainActor' to make instance method 'testCreatePlanFromEmptyStateNavigates()' part of global actor 'MainActor'
    func testCreatePlanFromEmptyStateNavigates() throws {
         ^
    @MainActor 
/Users/binde/projects/classes/Molten/Tests/MoltenUITests/ProjectsUITests.swift:30:25: warning: call to main actor-isolated instance method 'tapWhenHittable(timeout:)' in a synchronous nonisolated context
            projectsTab.tapWhenHittable()
                        ^
/Users/binde/projects/classes/Molten/Tests/MoltenUITests/Helpers/XCUIElement+Helpers.swift:24:10: note: calls to instance method 'tapWhenHittable(timeout:)' from outside of its actor context are implicitly asynchronous
    func tapWhenHittable(timeout: TimeInterval = 5) {
         ^
/Users/binde/projects/classes/Molten/Tests/MoltenUITests/ProjectsUITests.swift:17:10: note: add '@MainActor' to make instance method 'testCreatePlanFromEmptyStateNavigates()' part of global actor 'MainActor'
    func testCreatePlanFromEmptyStateNavigates() throws {
         ^
    @MainActor 
/Users/binde/projects/classes/Molten/Tests/MoltenUITests/ProjectsUITests.swift:32:54: warning: main actor-isolated property 'firstMatch' can not be referenced from a nonisolated context
            let plansMenuItem = app.buttons["Plans"].firstMatch
                                                     ^
/Applications/Xcode.app/Contents/Developer/Platforms/iPhoneSimulator.platform/Developer/Library/Frameworks/XCUIAutomation.framework/Headers/XCUIElementTypeQueryProvider.h:105:35: note: property declared here
@property (readonly) XCUIElement *firstMatch;
                                  ^
/Users/binde/projects/classes/Molten/Tests/MoltenUITests/ProjectsUITests.swift:17:10: note: add '@MainActor' to make instance method 'testCreatePlanFromEmptyStateNavigates()' part of global actor 'MainActor'
    func testCreatePlanFromEmptyStateNavigates() throws {
         ^
    @MainActor 
/Users/binde/projects/classes/Molten/Tests/MoltenUITests/ProjectsUITests.swift:32:44: warning: main actor-isolated subscript 'subscript(_:)' can not be referenced from a nonisolated context
            let plansMenuItem = app.buttons["Plans"].firstMatch
                                           ^
XCUIAutomation.XCUIElementQuery.subscript:2:17: note: subscript declared here
@MainActor open subscript(key: String) -> XCUIElement { get }}
                ^
/Users/binde/projects/classes/Molten/Tests/MoltenUITests/ProjectsUITests.swift:17:10: note: add '@MainActor' to make instance method 'testCreatePlanFromEmptyStateNavigates()' part of global actor 'MainActor'
    func testCreatePlanFromEmptyStateNavigates() throws {
         ^
    @MainActor 
/Users/binde/projects/classes/Molten/Tests/MoltenUITests/ProjectsUITests.swift:32:37: warning: main actor-isolated property 'buttons' can not be referenced from a nonisolated context
            let plansMenuItem = app.buttons["Plans"].firstMatch
                                    ^
/Applications/Xcode.app/Contents/Developer/Platforms/iPhoneSimulator.platform/Developer/Library/Frameworks/XCUIAutomation.framework/Headers/XCUIElementTypeQueryProvider.h:22:46: note: property declared here
@property (readonly, copy) XCUIElementQuery *buttons;
                                             ^
/Users/binde/projects/classes/Molten/Tests/MoltenUITests/ProjectsUITests.swift:17:10: note: add '@MainActor' to make instance method 'testCreatePlanFromEmptyStateNavigates()' part of global actor 'MainActor'
    func testCreatePlanFromEmptyStateNavigates() throws {
         ^
    @MainActor 
/Users/binde/projects/classes/Molten/Tests/MoltenUITests/ProjectsUITests.swift:33:30: warning: call to main actor-isolated instance method 'waitToExist(timeout:)' in a synchronous nonisolated context
            if plansMenuItem.waitToExist(timeout: 2) {
                             ^
/Users/binde/projects/classes/Molten/Tests/MoltenUITests/Helpers/XCUIElement+Helpers.swift:36:10: note: calls to instance method 'waitToExist(timeout:)' from outside of its actor context are implicitly asynchronous
    func waitToExist(timeout: TimeInterval = 5) -> Bool {
         ^
/Users/binde/projects/classes/Molten/Tests/MoltenUITests/ProjectsUITests.swift:17:10: note: add '@MainActor' to make instance method 'testCreatePlanFromEmptyStateNavigates()' part of global actor 'MainActor'
    func testCreatePlanFromEmptyStateNavigates() throws {
         ^
    @MainActor 
/Users/binde/projects/classes/Molten/Tests/MoltenUITests/ProjectsUITests.swift:34:31: warning: call to main actor-isolated instance method 'tapWhenHittable(timeout:)' in a synchronous nonisolated context
                plansMenuItem.tapWhenHittable()
                              ^
/Users/binde/projects/classes/Molten/Tests/MoltenUITests/Helpers/XCUIElement+Helpers.swift:24:10: note: calls to instance method 'tapWhenHittable(timeout:)' from outside of its actor context are implicitly asynchronous
    func tapWhenHittable(timeout: TimeInterval = 5) {
         ^
/Users/binde/projects/classes/Molten/Tests/MoltenUITests/ProjectsUITests.swift:17:10: note: add '@MainActor' to make instance method 'testCreatePlanFromEmptyStateNavigates()' part of global actor 'MainActor'
    func testCreatePlanFromEmptyStateNavigates() throws {
         ^
    @MainActor 
/Users/binde/projects/classes/Molten/Tests/MoltenUITests/ProjectsUITests.swift:45:48: warning: main actor-isolated subscript 'subscript(_:)' can not be referenced from a nonisolated context
        let createFirstPlanButton = app.buttons["Create Your First Plan"]
                                               ^
XCUIAutomation.XCUIElementQuery.subscript:2:17: note: subscript declared here
@MainActor open subscript(key: String) -> XCUIElement { get }}
                ^
/Users/binde/projects/classes/Molten/Tests/MoltenUITests/ProjectsUITests.swift:17:10: note: add '@MainActor' to make instance method 'testCreatePlanFromEmptyStateNavigates()' part of global actor 'MainActor'
    func testCreatePlanFromEmptyStateNavigates() throws {
         ^
    @MainActor 
/Users/binde/projects/classes/Molten/Tests/MoltenUITests/ProjectsUITests.swift:45:41: warning: main actor-isolated property 'buttons' can not be referenced from a nonisolated context
        let createFirstPlanButton = app.buttons["Create Your First Plan"]
                                        ^
/Applications/Xcode.app/Contents/Developer/Platforms/iPhoneSimulator.platform/Developer/Library/Frameworks/XCUIAutomation.framework/Headers/XCUIElementTypeQueryProvider.h:22:46: note: property declared here
@property (readonly, copy) XCUIElementQuery *buttons;
                                             ^
/Users/binde/projects/classes/Molten/Tests/MoltenUITests/ProjectsUITests.swift:17:10: note: add '@MainActor' to make instance method 'testCreatePlanFromEmptyStateNavigates()' part of global actor 'MainActor'
    func testCreatePlanFromEmptyStateNavigates() throws {
         ^
    @MainActor 
/Users/binde/projects/classes/Molten/Tests/MoltenUITests/ProjectsUITests.swift:46:36: warning: main actor-isolated subscript 'subscript(_:)' can not be referenced from a nonisolated context
        let addButton = app.buttons["Add Plan"]
                                   ^
XCUIAutomation.XCUIElementQuery.subscript:2:17: note: subscript declared here
@MainActor open subscript(key: String) -> XCUIElement { get }}
                ^
/Users/binde/projects/classes/Molten/Tests/MoltenUITests/ProjectsUITests.swift:17:10: note: add '@MainActor' to make instance method 'testCreatePlanFromEmptyStateNavigates()' part of global actor 'MainActor'
    func testCreatePlanFromEmptyStateNavigates() throws {
         ^
    @MainActor 
/Users/binde/projects/classes/Molten/Tests/MoltenUITests/ProjectsUITests.swift:46:29: warning: main actor-isolated property 'buttons' can not be referenced from a nonisolated context
        let addButton = app.buttons["Add Plan"]
                            ^
/Applications/Xcode.app/Contents/Developer/Platforms/iPhoneSimulator.platform/Developer/Library/Frameworks/XCUIAutomation.framework/Headers/XCUIElementTypeQueryProvider.h:22:46: note: property declared here
@property (readonly, copy) XCUIElementQuery *buttons;
                                             ^
/Users/binde/projects/classes/Molten/Tests/MoltenUITests/ProjectsUITests.swift:17:10: note: add '@MainActor' to make instance method 'testCreatePlanFromEmptyStateNavigates()' part of global actor 'MainActor'
    func testCreatePlanFromEmptyStateNavigates() throws {
         ^
    @MainActor 
/Users/binde/projects/classes/Molten/Tests/MoltenUITests/ProjectsUITests.swift:48:34: warning: main actor-isolated property 'exists' can not be referenced from a nonisolated context
        if createFirstPlanButton.exists {
                                 ^
/Applications/Xcode.app/Contents/Developer/Platforms/iPhoneSimulator.platform/Developer/Library/Frameworks/XCUIAutomation.framework/Headers/XCUIElement.h:54:27: note: property declared here
@property (readonly) BOOL exists;
                          ^
/Users/binde/projects/classes/Molten/Tests/MoltenUITests/ProjectsUITests.swift:17:10: note: add '@MainActor' to make instance method 'testCreatePlanFromEmptyStateNavigates()' part of global actor 'MainActor'
    func testCreatePlanFromEmptyStateNavigates() throws {
         ^
    @MainActor 
/Users/binde/projects/classes/Molten/Tests/MoltenUITests/ProjectsUITests.swift:50:35: warning: call to main actor-isolated instance method 'tapWhenHittable(timeout:)' in a synchronous nonisolated context
            createFirstPlanButton.tapWhenHittable()
                                  ^
/Users/binde/projects/classes/Molten/Tests/MoltenUITests/Helpers/XCUIElement+Helpers.swift:24:10: note: calls to instance method 'tapWhenHittable(timeout:)' from outside of its actor context are implicitly asynchronous
    func tapWhenHittable(timeout: TimeInterval = 5) {
         ^
/Users/binde/projects/classes/Molten/Tests/MoltenUITests/ProjectsUITests.swift:17:10: note: add '@MainActor' to make instance method 'testCreatePlanFromEmptyStateNavigates()' part of global actor 'MainActor'
    func testCreatePlanFromEmptyStateNavigates() throws {
         ^
    @MainActor 
/Users/binde/projects/classes/Molten/Tests/MoltenUITests/ProjectsUITests.swift:51:29: warning: main actor-isolated property 'exists' can not be referenced from a nonisolated context
        } else if addButton.exists {
                            ^
/Applications/Xcode.app/Contents/Developer/Platforms/iPhoneSimulator.platform/Developer/Library/Frameworks/XCUIAutomation.framework/Headers/XCUIElement.h:54:27: note: property declared here
@property (readonly) BOOL exists;
                          ^
/Users/binde/projects/classes/Molten/Tests/MoltenUITests/ProjectsUITests.swift:17:10: note: add '@MainActor' to make instance method 'testCreatePlanFromEmptyStateNavigates()' part of global actor 'MainActor'
    func testCreatePlanFromEmptyStateNavigates() throws {
         ^
    @MainActor 
/Users/binde/projects/classes/Molten/Tests/MoltenUITests/ProjectsUITests.swift:53:23: warning: call to main actor-isolated instance method 'tapWhenHittable(timeout:)' in a synchronous nonisolated context
            addButton.tapWhenHittable()
                      ^
/Users/binde/projects/classes/Molten/Tests/MoltenUITests/Helpers/XCUIElement+Helpers.swift:24:10: note: calls to instance method 'tapWhenHittable(timeout:)' from outside of its actor context are implicitly asynchronous
    func tapWhenHittable(timeout: TimeInterval = 5) {
         ^
/Users/binde/projects/classes/Molten/Tests/MoltenUITests/ProjectsUITests.swift:17:10: note: add '@MainActor' to make instance method 'testCreatePlanFromEmptyStateNavigates()' part of global actor 'MainActor'
    func testCreatePlanFromEmptyStateNavigates() throws {
         ^
    @MainActor 
/Users/binde/projects/classes/Molten/Tests/MoltenUITests/ProjectsUITests.swift:60:150: warning: main actor-isolated property 'firstMatch' can not be referenced from a nonisolated context
        let newPlanTitle = app.navigationBars.containing(NSPredicate(format: "identifier CONTAINS 'New Project' OR identifier CONTAINS 'Untitled'")).firstMatch
                                                                                                                                                     ^
/Applications/Xcode.app/Contents/Developer/Platforms/iPhoneSimulator.platform/Developer/Library/Frameworks/XCUIAutomation.framework/Headers/XCUIElementTypeQueryProvider.h:105:35: note: property declared here
@property (readonly) XCUIElement *firstMatch;
                                  ^
/Users/binde/projects/classes/Molten/Tests/MoltenUITests/ProjectsUITests.swift:17:10: note: add '@MainActor' to make instance method 'testCreatePlanFromEmptyStateNavigates()' part of global actor 'MainActor'
    func testCreatePlanFromEmptyStateNavigates() throws {
         ^
    @MainActor 
/Users/binde/projects/classes/Molten/Tests/MoltenUITests/ProjectsUITests.swift:60:47: warning: call to main actor-isolated instance method 'containing' in a synchronous nonisolated context
        let newPlanTitle = app.navigationBars.containing(NSPredicate(format: "identifier CONTAINS 'New Project' OR identifier CONTAINS 'Untitled'")).firstMatch
                                              ^
XCUIAutomation.XCUIElementQuery.containing:2:22: note: calls to instance method 'containing' from outside of its actor context are implicitly asynchronous
@MainActor open func containing(_ predicate: NSPredicate) -> XCUIElementQuery}
                     ^
XCUIAutomation.XCUIElementQuery.containing:2:22: note: main actor isolation inferred from conformance to protocol 'XCUIElementTypeQueryProvider'
@MainActor open func containing(_ predicate: NSPredicate) -> XCUIElementQuery}
                     ^
/Users/binde/projects/classes/Molten/Tests/MoltenUITests/ProjectsUITests.swift:17:10: note: add '@MainActor' to make instance method 'testCreatePlanFromEmptyStateNavigates()' part of global actor 'MainActor'
    func testCreatePlanFromEmptyStateNavigates() throws {
         ^
    @MainActor 
/Users/binde/projects/classes/Molten/Tests/MoltenUITests/ProjectsUITests.swift:60:32: warning: main actor-isolated property 'navigationBars' can not be referenced from a nonisolated context
        let newPlanTitle = app.navigationBars.containing(NSPredicate(format: "identifier CONTAINS 'New Project' OR identifier CONTAINS 'Untitled'")).firstMatch
                               ^
/Applications/Xcode.app/Contents/Developer/Platforms/iPhoneSimulator.platform/Developer/Library/Frameworks/XCUIAutomation.framework/Headers/XCUIElementTypeQueryProvider.h:34:46: note: property declared here
@property (readonly, copy) XCUIElementQuery *navigationBars;
                                             ^
/Users/binde/projects/classes/Molten/Tests/MoltenUITests/ProjectsUITests.swift:17:10: note: add '@MainActor' to make instance method 'testCreatePlanFromEmptyStateNavigates()' part of global actor 'MainActor'
    func testCreatePlanFromEmptyStateNavigates() throws {
         ^
    @MainActor 
/Users/binde/projects/classes/Molten/Tests/MoltenUITests/ProjectsUITests.swift:61:40: warning: main actor-isolated subscript 'subscript(_:)' can not be referenced from a nonisolated context
        let titleField = app.textFields["Enter plan title"]
                                       ^
XCUIAutomation.XCUIElementQuery.subscript:2:17: note: subscript declared here
@MainActor open subscript(key: String) -> XCUIElement { get }}
                ^
/Users/binde/projects/classes/Molten/Tests/MoltenUITests/ProjectsUITests.swift:17:10: note: add '@MainActor' to make instance method 'testCreatePlanFromEmptyStateNavigates()' part of global actor 'MainActor'
    func testCreatePlanFromEmptyStateNavigates() throws {
         ^
    @MainActor 
/Users/binde/projects/classes/Molten/Tests/MoltenUITests/ProjectsUITests.swift:61:30: warning: main actor-isolated property 'textFields' can not be referenced from a nonisolated context
        let titleField = app.textFields["Enter plan title"]
                             ^
/Applications/Xcode.app/Contents/Developer/Platforms/iPhoneSimulator.platform/Developer/Library/Frameworks/XCUIAutomation.framework/Headers/XCUIElementTypeQueryProvider.h:63:46: note: property declared here
@property (readonly, copy) XCUIElementQuery *textFields;
                                             ^
/Users/binde/projects/classes/Molten/Tests/MoltenUITests/ProjectsUITests.swift:17:10: note: add '@MainActor' to make instance method 'testCreatePlanFromEmptyStateNavigates()' part of global actor 'MainActor'
    func testCreatePlanFromEmptyStateNavigates() throws {
         ^
    @MainActor 
/Users/binde/projects/classes/Molten/Tests/MoltenUITests/ProjectsUITests.swift:65:43: warning: call to main actor-isolated instance method 'waitToExist(timeout:)' in a synchronous nonisolated context
        let titleFieldExists = titleField.waitToExist(timeout: 3)
                                          ^
/Users/binde/projects/classes/Molten/Tests/MoltenUITests/Helpers/XCUIElement+Helpers.swift:36:10: note: calls to instance method 'waitToExist(timeout:)' from outside of its actor context are implicitly asynchronous
    func waitToExist(timeout: TimeInterval = 5) -> Bool {
         ^
/Users/binde/projects/classes/Molten/Tests/MoltenUITests/ProjectsUITests.swift:17:10: note: add '@MainActor' to make instance method 'testCreatePlanFromEmptyStateNavigates()' part of global actor 'MainActor'
    func testCreatePlanFromEmptyStateNavigates() throws {
         ^
    @MainActor 
/Users/binde/projects/classes/Molten/Tests/MoltenUITests/ProjectsUITests.swift:66:41: warning: call to main actor-isolated instance method 'waitToExist(timeout:)' in a synchronous nonisolated context
        let navBarExists = newPlanTitle.waitToExist(timeout: 1)
                                        ^
/Users/binde/projects/classes/Molten/Tests/MoltenUITests/Helpers/XCUIElement+Helpers.swift:36:10: note: calls to instance method 'waitToExist(timeout:)' from outside of its actor context are implicitly asynchronous
    func waitToExist(timeout: TimeInterval = 5) -> Bool {
         ^
/Users/binde/projects/classes/Molten/Tests/MoltenUITests/ProjectsUITests.swift:17:10: note: add '@MainActor' to make instance method 'testCreatePlanFromEmptyStateNavigates()' part of global actor 'MainActor'
    func testCreatePlanFromEmptyStateNavigates() throws {
         ^
    @MainActor 
/Users/binde/projects/classes/Molten/Tests/MoltenUITests/ProjectsUITests.swift:73:37: warning: main actor-isolated property 'firstMatch' can not be referenced from a nonisolated context
        let errorAlert = app.alerts.firstMatch
                                    ^
/Applications/Xcode.app/Contents/Developer/Platforms/iPhoneSimulator.platform/Developer/Library/Frameworks/XCUIAutomation.framework/Headers/XCUIElementTypeQueryProvider.h:105:35: note: property declared here
@property (readonly) XCUIElement *firstMatch;
                                  ^
/Users/binde/projects/classes/Molten/Tests/MoltenUITests/ProjectsUITests.swift:17:10: note: add '@MainActor' to make instance method 'testCreatePlanFromEmptyStateNavigates()' part of global actor 'MainActor'
    func testCreatePlanFromEmptyStateNavigates() throws {
         ^
    @MainActor 
/Users/binde/projects/classes/Molten/Tests/MoltenUITests/ProjectsUITests.swift:73:30: warning: main actor-isolated property 'alerts' can not be referenced from a nonisolated context
        let errorAlert = app.alerts.firstMatch
                             ^
/Applications/Xcode.app/Contents/Developer/Platforms/iPhoneSimulator.platform/Developer/Library/Frameworks/XCUIAutomation.framework/Headers/XCUIElementTypeQueryProvider.h:20:46: note: property declared here
@property (readonly, copy) XCUIElementQuery *alerts;
                                             ^
/Users/binde/projects/classes/Molten/Tests/MoltenUITests/ProjectsUITests.swift:17:10: note: add '@MainActor' to make instance method 'testCreatePlanFromEmptyStateNavigates()' part of global actor 'MainActor'
    func testCreatePlanFromEmptyStateNavigates() throws {
         ^
    @MainActor 
/Users/binde/projects/classes/Molten/Tests/MoltenUITests/ProjectsUITests.swift:74:35: warning: main actor-isolated property 'exists' can not be referenced from a nonisolated autoclosure
        XCTAssertFalse(errorAlert.exists, "Should not show error alert when creating new project")
                                  ^
/Applications/Xcode.app/Contents/Developer/Platforms/iPhoneSimulator.platform/Developer/Library/Frameworks/XCUIAutomation.framework/Headers/XCUIElement.h:54:27: note: property declared here
@property (readonly) BOOL exists;
                          ^
/Users/binde/projects/classes/Molten/Tests/MoltenUITests/ProjectsUITests.swift:81:34: warning: main actor-isolated property 'firstMatch' can not be referenced from a nonisolated context
        let tabBar = app.tabBars.firstMatch
                                 ^
/Applications/Xcode.app/Contents/Developer/Platforms/iPhoneSimulator.platform/Developer/Library/Frameworks/XCUIAutomation.framework/Headers/XCUIElementTypeQueryProvider.h:105:35: note: property declared here
@property (readonly) XCUIElement *firstMatch;
                                  ^
/Users/binde/projects/classes/Molten/Tests/MoltenUITests/ProjectsUITests.swift:79:10: note: add '@MainActor' to make instance method 'testNavigationDestinationRegisteredInEmptyState()' part of global actor 'MainActor'
    func testNavigationDestinationRegisteredInEmptyState() throws {
         ^
    @MainActor 
/Users/binde/projects/classes/Molten/Tests/MoltenUITests/ProjectsUITests.swift:81:26: warning: main actor-isolated property 'tabBars' can not be referenced from a nonisolated context
        let tabBar = app.tabBars.firstMatch
                         ^
/Applications/Xcode.app/Contents/Developer/Platforms/iPhoneSimulator.platform/Developer/Library/Frameworks/XCUIAutomation.framework/Headers/XCUIElementTypeQueryProvider.h:35:46: note: property declared here
@property (readonly, copy) XCUIElementQuery *tabBars;
                                             ^
/Users/binde/projects/classes/Molten/Tests/MoltenUITests/ProjectsUITests.swift:79:10: note: add '@MainActor' to make instance method 'testNavigationDestinationRegisteredInEmptyState()' part of global actor 'MainActor'
    func testNavigationDestinationRegisteredInEmptyState() throws {
         ^
    @MainActor 
/Users/binde/projects/classes/Molten/Tests/MoltenUITests/ProjectsUITests.swift:82:30: warning: call to main actor-isolated instance method 'waitToExist(timeout:)' in a synchronous nonisolated context
        XCTAssertTrue(tabBar.waitToExist(timeout: 10), "Tab bar should load")
                             ^
/Users/binde/projects/classes/Molten/Tests/MoltenUITests/Helpers/XCUIElement+Helpers.swift:36:10: note: calls to instance method 'waitToExist(timeout:)' from outside of its actor context are implicitly asynchronous
    func waitToExist(timeout: TimeInterval = 5) -> Bool {
         ^
/Users/binde/projects/classes/Molten/Tests/MoltenUITests/ProjectsUITests.swift:84:35: warning: main actor-isolated subscript 'subscript(_:)' can not be referenced from a nonisolated context
        let plansTab = app.buttons["Plans"]
                                  ^
XCUIAutomation.XCUIElementQuery.subscript:2:17: note: subscript declared here
@MainActor open subscript(key: String) -> XCUIElement { get }}
                ^
/Users/binde/projects/classes/Molten/Tests/MoltenUITests/ProjectsUITests.swift:79:10: note: add '@MainActor' to make instance method 'testNavigationDestinationRegisteredInEmptyState()' part of global actor 'MainActor'
    func testNavigationDestinationRegisteredInEmptyState() throws {
         ^
    @MainActor 
/Users/binde/projects/classes/Molten/Tests/MoltenUITests/ProjectsUITests.swift:84:28: warning: main actor-isolated property 'buttons' can not be referenced from a nonisolated context
        let plansTab = app.buttons["Plans"]
                           ^
/Applications/Xcode.app/Contents/Developer/Platforms/iPhoneSimulator.platform/Developer/Library/Frameworks/XCUIAutomation.framework/Headers/XCUIElementTypeQueryProvider.h:22:46: note: property declared here
@property (readonly, copy) XCUIElementQuery *buttons;
                                             ^
/Users/binde/projects/classes/Molten/Tests/MoltenUITests/ProjectsUITests.swift:79:10: note: add '@MainActor' to make instance method 'testNavigationDestinationRegisteredInEmptyState()' part of global actor 'MainActor'
    func testNavigationDestinationRegisteredInEmptyState() throws {
         ^
    @MainActor 
/Users/binde/projects/classes/Molten/Tests/MoltenUITests/ProjectsUITests.swift:85:38: warning: main actor-isolated subscript 'subscript(_:)' can not be referenced from a nonisolated context
        let projectsTab = app.buttons["Projects"]
                                     ^
XCUIAutomation.XCUIElementQuery.subscript:2:17: note: subscript declared here
@MainActor open subscript(key: String) -> XCUIElement { get }}
                ^
/Users/binde/projects/classes/Molten/Tests/MoltenUITests/ProjectsUITests.swift:79:10: note: add '@MainActor' to make instance method 'testNavigationDestinationRegisteredInEmptyState()' part of global actor 'MainActor'
    func testNavigationDestinationRegisteredInEmptyState() throws {
         ^
    @MainActor 
/Users/binde/projects/classes/Molten/Tests/MoltenUITests/ProjectsUITests.swift:85:31: warning: main actor-isolated property 'buttons' can not be referenced from a nonisolated context
        let projectsTab = app.buttons["Projects"]
                              ^
/Applications/Xcode.app/Contents/Developer/Platforms/iPhoneSimulator.platform/Developer/Library/Frameworks/XCUIAutomation.framework/Headers/XCUIElementTypeQueryProvider.h:22:46: note: property declared here
@property (readonly, copy) XCUIElementQuery *buttons;
                                             ^
/Users/binde/projects/classes/Molten/Tests/MoltenUITests/ProjectsUITests.swift:79:10: note: add '@MainActor' to make instance method 'testNavigationDestinationRegisteredInEmptyState()' part of global actor 'MainActor'
    func testNavigationDestinationRegisteredInEmptyState() throws {
         ^
    @MainActor 
/Users/binde/projects/classes/Molten/Tests/MoltenUITests/ProjectsUITests.swift:87:21: warning: main actor-isolated property 'exists' can not be referenced from a nonisolated context
        if plansTab.exists {
                    ^
/Applications/Xcode.app/Contents/Developer/Platforms/iPhoneSimulator.platform/Developer/Library/Frameworks/XCUIAutomation.framework/Headers/XCUIElement.h:54:27: note: property declared here
@property (readonly) BOOL exists;
                          ^
/Users/binde/projects/classes/Molten/Tests/MoltenUITests/ProjectsUITests.swift:79:10: note: add '@MainActor' to make instance method 'testNavigationDestinationRegisteredInEmptyState()' part of global actor 'MainActor'
    func testNavigationDestinationRegisteredInEmptyState() throws {
         ^
    @MainActor 
/Users/binde/projects/classes/Molten/Tests/MoltenUITests/ProjectsUITests.swift:88:22: warning: call to main actor-isolated instance method 'tapWhenHittable(timeout:)' in a synchronous nonisolated context
            plansTab.tapWhenHittable()
                     ^
/Users/binde/projects/classes/Molten/Tests/MoltenUITests/Helpers/XCUIElement+Helpers.swift:24:10: note: calls to instance method 'tapWhenHittable(timeout:)' from outside of its actor context are implicitly asynchronous
    func tapWhenHittable(timeout: TimeInterval = 5) {
         ^
/Users/binde/projects/classes/Molten/Tests/MoltenUITests/ProjectsUITests.swift:79:10: note: add '@MainActor' to make instance method 'testNavigationDestinationRegisteredInEmptyState()' part of global actor 'MainActor'
    func testNavigationDestinationRegisteredInEmptyState() throws {
         ^
    @MainActor 
/Users/binde/projects/classes/Molten/Tests/MoltenUITests/ProjectsUITests.swift:89:31: warning: main actor-isolated property 'exists' can not be referenced from a nonisolated context
        } else if projectsTab.exists {
                              ^
/Applications/Xcode.app/Contents/Developer/Platforms/iPhoneSimulator.platform/Developer/Library/Frameworks/XCUIAutomation.framework/Headers/XCUIElement.h:54:27: note: property declared here
@property (readonly) BOOL exists;
                          ^
/Users/binde/projects/classes/Molten/Tests/MoltenUITests/ProjectsUITests.swift:79:10: note: add '@MainActor' to make instance method 'testNavigationDestinationRegisteredInEmptyState()' part of global actor 'MainActor'
    func testNavigationDestinationRegisteredInEmptyState() throws {
         ^
    @MainActor 
/Users/binde/projects/classes/Molten/Tests/MoltenUITests/ProjectsUITests.swift:90:25: warning: call to main actor-isolated instance method 'tapWhenHittable(timeout:)' in a synchronous nonisolated context
            projectsTab.tapWhenHittable()
                        ^
/Users/binde/projects/classes/Molten/Tests/MoltenUITests/Helpers/XCUIElement+Helpers.swift:24:10: note: calls to instance method 'tapWhenHittable(timeout:)' from outside of its actor context are implicitly asynchronous
    func tapWhenHittable(timeout: TimeInterval = 5) {
         ^
/Users/binde/projects/classes/Molten/Tests/MoltenUITests/ProjectsUITests.swift:79:10: note: add '@MainActor' to make instance method 'testNavigationDestinationRegisteredInEmptyState()' part of global actor 'MainActor'
    func testNavigationDestinationRegisteredInEmptyState() throws {
         ^
    @MainActor 
/Users/binde/projects/classes/Molten/Tests/MoltenUITests/ProjectsUITests.swift:91:54: warning: main actor-isolated property 'firstMatch' can not be referenced from a nonisolated context
            let plansMenuItem = app.buttons["Plans"].firstMatch
                                                     ^
/Applications/Xcode.app/Contents/Developer/Platforms/iPhoneSimulator.platform/Developer/Library/Frameworks/XCUIAutomation.framework/Headers/XCUIElementTypeQueryProvider.h:105:35: note: property declared here
@property (readonly) XCUIElement *firstMatch;
                                  ^
/Users/binde/projects/classes/Molten/Tests/MoltenUITests/ProjectsUITests.swift:79:10: note: add '@MainActor' to make instance method 'testNavigationDestinationRegisteredInEmptyState()' part of global actor 'MainActor'
    func testNavigationDestinationRegisteredInEmptyState() throws {
         ^
    @MainActor 
/Users/binde/projects/classes/Molten/Tests/MoltenUITests/ProjectsUITests.swift:91:44: warning: main actor-isolated subscript 'subscript(_:)' can not be referenced from a nonisolated context
            let plansMenuItem = app.buttons["Plans"].firstMatch
                                           ^
XCUIAutomation.XCUIElementQuery.subscript:2:17: note: subscript declared here
@MainActor open subscript(key: String) -> XCUIElement { get }}
                ^
/Users/binde/projects/classes/Molten/Tests/MoltenUITests/ProjectsUITests.swift:79:10: note: add '@MainActor' to make instance method 'testNavigationDestinationRegisteredInEmptyState()' part of global actor 'MainActor'
    func testNavigationDestinationRegisteredInEmptyState() throws {
         ^
    @MainActor 
/Users/binde/projects/classes/Molten/Tests/MoltenUITests/ProjectsUITests.swift:91:37: warning: main actor-isolated property 'buttons' can not be referenced from a nonisolated context
            let plansMenuItem = app.buttons["Plans"].firstMatch
                                    ^
/Applications/Xcode.app/Contents/Developer/Platforms/iPhoneSimulator.platform/Developer/Library/Frameworks/XCUIAutomation.framework/Headers/XCUIElementTypeQueryProvider.h:22:46: note: property declared here
@property (readonly, copy) XCUIElementQuery *buttons;
                                             ^
/Users/binde/projects/classes/Molten/Tests/MoltenUITests/ProjectsUITests.swift:79:10: note: add '@MainActor' to make instance method 'testNavigationDestinationRegisteredInEmptyState()' part of global actor 'MainActor'
    func testNavigationDestinationRegisteredInEmptyState() throws {
         ^
    @MainActor 
/Users/binde/projects/classes/Molten/Tests/MoltenUITests/ProjectsUITests.swift:92:30: warning: call to main actor-isolated instance method 'waitToExist(timeout:)' in a synchronous nonisolated context
            if plansMenuItem.waitToExist(timeout: 2) {
                             ^
/Users/binde/projects/classes/Molten/Tests/MoltenUITests/Helpers/XCUIElement+Helpers.swift:36:10: note: calls to instance method 'waitToExist(timeout:)' from outside of its actor context are implicitly asynchronous
    func waitToExist(timeout: TimeInterval = 5) -> Bool {
         ^
/Users/binde/projects/classes/Molten/Tests/MoltenUITests/ProjectsUITests.swift:79:10: note: add '@MainActor' to make instance method 'testNavigationDestinationRegisteredInEmptyState()' part of global actor 'MainActor'
    func testNavigationDestinationRegisteredInEmptyState() throws {
         ^
    @MainActor 
/Users/binde/projects/classes/Molten/Tests/MoltenUITests/ProjectsUITests.swift:93:31: warning: call to main actor-isolated instance method 'tapWhenHittable(timeout:)' in a synchronous nonisolated context
                plansMenuItem.tapWhenHittable()
                              ^
/Users/binde/projects/classes/Molten/Tests/MoltenUITests/Helpers/XCUIElement+Helpers.swift:24:10: note: calls to instance method 'tapWhenHittable(timeout:)' from outside of its actor context are implicitly asynchronous
    func tapWhenHittable(timeout: TimeInterval = 5) {
         ^
/Users/binde/projects/classes/Molten/Tests/MoltenUITests/ProjectsUITests.swift:79:10: note: add '@MainActor' to make instance method 'testNavigationDestinationRegisteredInEmptyState()' part of global actor 'MainActor'
    func testNavigationDestinationRegisteredInEmptyState() throws {
         ^
    @MainActor 
/Users/binde/projects/classes/Molten/Tests/MoltenUITests/ProjectsUITests.swift:101:39: warning: main actor-isolated subscript 'subscript(_:)' can not be referenced from a nonisolated context
        let createButton = app.buttons["Create Your First Plan"]
                                      ^
XCUIAutomation.XCUIElementQuery.subscript:2:17: note: subscript declared here
@MainActor open subscript(key: String) -> XCUIElement { get }}
                ^
/Users/binde/projects/classes/Molten/Tests/MoltenUITests/ProjectsUITests.swift:79:10: note: add '@MainActor' to make instance method 'testNavigationDestinationRegisteredInEmptyState()' part of global actor 'MainActor'
    func testNavigationDestinationRegisteredInEmptyState() throws {
         ^
    @MainActor 
/Users/binde/projects/classes/Molten/Tests/MoltenUITests/ProjectsUITests.swift:101:32: warning: main actor-isolated property 'buttons' can not be referenced from a nonisolated context
        let createButton = app.buttons["Create Your First Plan"]
                               ^
/Applications/Xcode.app/Contents/Developer/Platforms/iPhoneSimulator.platform/Developer/Library/Frameworks/XCUIAutomation.framework/Headers/XCUIElementTypeQueryProvider.h:22:46: note: property declared here
@property (readonly, copy) XCUIElementQuery *buttons;
                                             ^
/Users/binde/projects/classes/Molten/Tests/MoltenUITests/ProjectsUITests.swift:79:10: note: add '@MainActor' to make instance method 'testNavigationDestinationRegisteredInEmptyState()' part of global actor 'MainActor'
    func testNavigationDestinationRegisteredInEmptyState() throws {
         ^
    @MainActor 
/Users/binde/projects/classes/Molten/Tests/MoltenUITests/ProjectsUITests.swift:102:25: warning: main actor-isolated property 'exists' can not be referenced from a nonisolated context
        if createButton.exists {
                        ^
/Applications/Xcode.app/Contents/Developer/Platforms/iPhoneSimulator.platform/Developer/Library/Frameworks/XCUIAutomation.framework/Headers/XCUIElement.h:54:27: note: property declared here
@property (readonly) BOOL exists;
                          ^
/Users/binde/projects/classes/Molten/Tests/MoltenUITests/ProjectsUITests.swift:79:10: note: add '@MainActor' to make instance method 'testNavigationDestinationRegisteredInEmptyState()' part of global actor 'MainActor'
    func testNavigationDestinationRegisteredInEmptyState() throws {
         ^
    @MainActor 
/Users/binde/projects/classes/Molten/Tests/MoltenUITests/ProjectsUITests.swift:103:26: warning: call to main actor-isolated instance method 'tapWhenHittable(timeout:)' in a synchronous nonisolated context
            createButton.tapWhenHittable()
                         ^
/Users/binde/projects/classes/Molten/Tests/MoltenUITests/Helpers/XCUIElement+Helpers.swift:24:10: note: calls to instance method 'tapWhenHittable(timeout:)' from outside of its actor context are implicitly asynchronous
    func tapWhenHittable(timeout: TimeInterval = 5) {
         ^
/Users/binde/projects/classes/Molten/Tests/MoltenUITests/ProjectsUITests.swift:79:10: note: add '@MainActor' to make instance method 'testNavigationDestinationRegisteredInEmptyState()' part of global actor 'MainActor'
    func testNavigationDestinationRegisteredInEmptyState() throws {
         ^
    @MainActor 
/Users/binde/projects/classes/Molten/Tests/MoltenUITests/ProjectsUITests.swift:107:45: warning: main actor-isolated property 'count' can not be referenced from a nonisolated context
            let hasContent = app.textFields.count > 0 ||
                                            ^
/Applications/Xcode.app/Contents/Developer/Platforms/iPhoneSimulator.platform/Developer/Library/Frameworks/XCUIAutomation.framework/Headers/XCUIElementQuery.h:29:33: note: property declared here
@property (readonly) NSUInteger count;
                                ^
/Users/binde/projects/classes/Molten/Tests/MoltenUITests/ProjectsUITests.swift:79:10: note: add '@MainActor' to make instance method 'testNavigationDestinationRegisteredInEmptyState()' part of global actor 'MainActor'
    func testNavigationDestinationRegisteredInEmptyState() throws {
         ^
    @MainActor 
/Users/binde/projects/classes/Molten/Tests/MoltenUITests/ProjectsUITests.swift:107:34: warning: main actor-isolated property 'textFields' can not be referenced from a nonisolated context
            let hasContent = app.textFields.count > 0 ||
                                 ^
/Applications/Xcode.app/Contents/Developer/Platforms/iPhoneSimulator.platform/Developer/Library/Frameworks/XCUIAutomation.framework/Headers/XCUIElementTypeQueryProvider.h:63:46: note: property declared here
@property (readonly, copy) XCUIElementQuery *textFields;
                                             ^
/Users/binde/projects/classes/Molten/Tests/MoltenUITests/ProjectsUITests.swift:79:10: note: add '@MainActor' to make instance method 'testNavigationDestinationRegisteredInEmptyState()' part of global actor 'MainActor'
    func testNavigationDestinationRegisteredInEmptyState() throws {
         ^
    @MainActor 
/Users/binde/projects/classes/Molten/Tests/MoltenUITests/ProjectsUITests.swift:108:42: warning: main actor-isolated property 'count' can not be referenced from a nonisolated autoclosure
                           app.textViews.count > 0 ||
                                         ^
/Applications/Xcode.app/Contents/Developer/Platforms/iPhoneSimulator.platform/Developer/Library/Frameworks/XCUIAutomation.framework/Headers/XCUIElementQuery.h:29:33: note: property declared here
@property (readonly) NSUInteger count;
                                ^
/Users/binde/projects/classes/Molten/Tests/MoltenUITests/ProjectsUITests.swift:108:32: warning: main actor-isolated property 'textViews' can not be referenced from a nonisolated autoclosure
                           app.textViews.count > 0 ||
                               ^
/Applications/Xcode.app/Contents/Developer/Platforms/iPhoneSimulator.platform/Developer/Library/Frameworks/XCUIAutomation.framework/Headers/XCUIElementTypeQueryProvider.h:66:46: note: property declared here
@property (readonly, copy) XCUIElementQuery *textViews;
                                             ^
/Users/binde/projects/classes/Molten/Tests/MoltenUITests/ProjectsUITests.swift:109:39: warning: main actor-isolated property 'count' can not be referenced from a nonisolated autoclosure
                           app.tables.count > 0
                                      ^
/Applications/Xcode.app/Contents/Developer/Platforms/iPhoneSimulator.platform/Developer/Library/Frameworks/XCUIAutomation.framework/Headers/XCUIElementQuery.h:29:33: note: property declared here
@property (readonly) NSUInteger count;
                                ^
/Users/binde/projects/classes/Molten/Tests/MoltenUITests/ProjectsUITests.swift:109:32: warning: main actor-isolated property 'tables' can not be referenced from a nonisolated autoclosure
                           app.tables.count > 0
                               ^
/Applications/Xcode.app/Contents/Developer/Platforms/iPhoneSimulator.platform/Developer/Library/Frameworks/XCUIAutomation.framework/Headers/XCUIElementTypeQueryProvider.h:39:46: note: property declared here
@property (readonly, copy) XCUIElementQuery *tables;
                                             ^
/Users/binde/projects/classes/Molten/Tests/MoltenUITests/ProjectsUITests.swift:115:40: warning: main actor-isolated subscript 'subscript(_:)' can not be referenced from a nonisolated context
            let addButton = app.buttons["Add Plan"]
                                       ^
XCUIAutomation.XCUIElementQuery.subscript:2:17: note: subscript declared here
@MainActor open subscript(key: String) -> XCUIElement { get }}
                ^
/Users/binde/projects/classes/Molten/Tests/MoltenUITests/ProjectsUITests.swift:79:10: note: add '@MainActor' to make instance method 'testNavigationDestinationRegisteredInEmptyState()' part of global actor 'MainActor'
    func testNavigationDestinationRegisteredInEmptyState() throws {
         ^
    @MainActor 
/Users/binde/projects/classes/Molten/Tests/MoltenUITests/ProjectsUITests.swift:115:33: warning: main actor-isolated property 'buttons' can not be referenced from a nonisolated context
            let addButton = app.buttons["Add Plan"]
                                ^
/Applications/Xcode.app/Contents/Developer/Platforms/iPhoneSimulator.platform/Developer/Library/Frameworks/XCUIAutomation.framework/Headers/XCUIElementTypeQueryProvider.h:22:46: note: property declared here
@property (readonly, copy) XCUIElementQuery *buttons;
                                             ^
/Users/binde/projects/classes/Molten/Tests/MoltenUITests/ProjectsUITests.swift:79:10: note: add '@MainActor' to make instance method 'testNavigationDestinationRegisteredInEmptyState()' part of global actor 'MainActor'
    func testNavigationDestinationRegisteredInEmptyState() throws {
         ^
    @MainActor 
/Users/binde/projects/classes/Molten/Tests/MoltenUITests/ProjectsUITests.swift:116:26: warning: main actor-isolated property 'exists' can not be referenced from a nonisolated context
            if addButton.exists {
                         ^
/Applications/Xcode.app/Contents/Developer/Platforms/iPhoneSimulator.platform/Developer/Library/Frameworks/XCUIAutomation.framework/Headers/XCUIElement.h:54:27: note: property declared here
@property (readonly) BOOL exists;
                          ^
/Users/binde/projects/classes/Molten/Tests/MoltenUITests/ProjectsUITests.swift:79:10: note: add '@MainActor' to make instance method 'testNavigationDestinationRegisteredInEmptyState()' part of global actor 'MainActor'
    func testNavigationDestinationRegisteredInEmptyState() throws {
         ^
    @MainActor 
/Users/binde/projects/classes/Molten/Tests/MoltenUITests/ProjectsUITests.swift:117:27: warning: call to main actor-isolated instance method 'tapWhenHittable(timeout:)' in a synchronous nonisolated context
                addButton.tapWhenHittable()
                          ^
/Users/binde/projects/classes/Molten/Tests/MoltenUITests/Helpers/XCUIElement+Helpers.swift:24:10: note: calls to instance method 'tapWhenHittable(timeout:)' from outside of its actor context are implicitly asynchronous
    func tapWhenHittable(timeout: TimeInterval = 5) {
         ^
/Users/binde/projects/classes/Molten/Tests/MoltenUITests/ProjectsUITests.swift:79:10: note: add '@MainActor' to make instance method 'testNavigationDestinationRegisteredInEmptyState()' part of global actor 'MainActor'
    func testNavigationDestinationRegisteredInEmptyState() throws {
         ^
    @MainActor 
/Users/binde/projects/classes/Molten/Tests/MoltenUITests/ProjectsUITests.swift:119:49: warning: main actor-isolated property 'count' can not be referenced from a nonisolated context
                let hasContent = app.textFields.count > 0 ||
                                                ^
/Applications/Xcode.app/Contents/Developer/Platforms/iPhoneSimulator.platform/Developer/Library/Frameworks/XCUIAutomation.framework/Headers/XCUIElementQuery.h:29:33: note: property declared here
@property (readonly) NSUInteger count;
                                ^
/Users/binde/projects/classes/Molten/Tests/MoltenUITests/ProjectsUITests.swift:79:10: note: add '@MainActor' to make instance method 'testNavigationDestinationRegisteredInEmptyState()' part of global actor 'MainActor'
    func testNavigationDestinationRegisteredInEmptyState() throws {
         ^
    @MainActor 
/Users/binde/projects/classes/Molten/Tests/MoltenUITests/ProjectsUITests.swift:119:38: warning: main actor-isolated property 'textFields' can not be referenced from a nonisolated context
                let hasContent = app.textFields.count > 0 ||
                                     ^
/Applications/Xcode.app/Contents/Developer/Platforms/iPhoneSimulator.platform/Developer/Library/Frameworks/XCUIAutomation.framework/Headers/XCUIElementTypeQueryProvider.h:63:46: note: property declared here
@property (readonly, copy) XCUIElementQuery *textFields;
                                             ^
/Users/binde/projects/classes/Molten/Tests/MoltenUITests/ProjectsUITests.swift:79:10: note: add '@MainActor' to make instance method 'testNavigationDestinationRegisteredInEmptyState()' part of global actor 'MainActor'
    func testNavigationDestinationRegisteredInEmptyState() throws {
         ^
    @MainActor 
/Users/binde/projects/classes/Molten/Tests/MoltenUITests/ProjectsUITests.swift:120:46: warning: main actor-isolated property 'count' can not be referenced from a nonisolated autoclosure
                               app.textViews.count > 0 ||
                                             ^
/Applications/Xcode.app/Contents/Developer/Platforms/iPhoneSimulator.platform/Developer/Library/Frameworks/XCUIAutomation.framework/Headers/XCUIElementQuery.h:29:33: note: property declared here
@property (readonly) NSUInteger count;
                                ^
/Users/binde/projects/classes/Molten/Tests/MoltenUITests/ProjectsUITests.swift:120:36: warning: main actor-isolated property 'textViews' can not be referenced from a nonisolated autoclosure
                               app.textViews.count > 0 ||
                                   ^
/Applications/Xcode.app/Contents/Developer/Platforms/iPhoneSimulator.platform/Developer/Library/Frameworks/XCUIAutomation.framework/Headers/XCUIElementTypeQueryProvider.h:66:46: note: property declared here
@property (readonly, copy) XCUIElementQuery *textViews;
                                             ^
/Users/binde/projects/classes/Molten/Tests/MoltenUITests/ProjectsUITests.swift:121:43: warning: main actor-isolated property 'count' can not be referenced from a nonisolated autoclosure
                               app.tables.count > 0
                                          ^
/Applications/Xcode.app/Contents/Developer/Platforms/iPhoneSimulator.platform/Developer/Library/Frameworks/XCUIAutomation.framework/Headers/XCUIElementQuery.h:29:33: note: property declared here
@property (readonly) NSUInteger count;
                                ^
/Users/binde/projects/classes/Molten/Tests/MoltenUITests/ProjectsUITests.swift:121:36: warning: main actor-isolated property 'tables' can not be referenced from a nonisolated autoclosure
                               app.tables.count > 0
                                   ^
/Applications/Xcode.app/Contents/Developer/Platforms/iPhoneSimulator.platform/Developer/Library/Frameworks/XCUIAutomation.framework/Headers/XCUIElementTypeQueryProvider.h:39:46: note: property declared here
@property (readonly, copy) XCUIElementQuery *tables;
                                             ^

SwiftDriverJobDiscovery normal arm64 Compiling FlameworkerUITests.swift (in target 'MoltenUITests' from project 'Molten')

SwiftCompile normal arm64 Compiling\ XCUIElement+Helpers.swift /Users/binde/projects/classes/Molten/Tests/MoltenUITests/Helpers/XCUIElement+Helpers.swift (in target 'MoltenUITests' from project 'Molten')

SwiftCompile normal arm64 /Users/binde/projects/classes/Molten/Tests/MoltenUITests/Helpers/XCUIElement+Helpers.swift (in target 'MoltenUITests' from project 'Molten')
    cd /Users/binde/projects/classes
    

SwiftDriverJobDiscovery normal arm64 Compiling ProjectsUITests.swift (in target 'MoltenUITests' from project 'Molten')

SwiftCompile normal arm64 Compiling\ BaseUITest.swift /Users/binde/projects/classes/Molten/Tests/MoltenUITests/Helpers/BaseUITest.swift (in target 'MoltenUITests' from project 'Molten')

SwiftCompile normal arm64 /Users/binde/projects/classes/Molten/Tests/MoltenUITests/Helpers/BaseUITest.swift (in target 'MoltenUITests' from project 'Molten')
    cd /Users/binde/projects/classes
    
/Users/binde/projects/classes/Molten/Tests/MoltenUITests/Helpers/BaseUITest.swift:26:15: warning: call to main actor-isolated initializer 'init()' in a synchronous nonisolated context
        app = XCUIApplication()
              ^
/Applications/Xcode.app/Contents/Developer/Platforms/iPhoneSimulator.platform/Developer/Library/Frameworks/XCUIAutomation.framework/Headers/XCUIApplication.h:29:1: note: calls to initializer 'init()' from outside of its actor context are implicitly asynchronous
- (instancetype)init NS_DESIGNATED_INITIALIZER;
^
/Users/binde/projects/classes/Molten/Tests/MoltenUITests/Helpers/BaseUITest.swift:29:13: warning: main actor-isolated property 'launchArguments' can not be mutated from a nonisolated context
        app.launchArguments = [
            ^
/Applications/Xcode.app/Contents/Developer/Platforms/iPhoneSimulator.platform/Developer/Library/Frameworks/XCUIAutomation.framework/Headers/XCUIApplication.h:93:51: note: mutation of this property is only permitted within the actor
@property (nonatomic, copy) NSArray <NSString *> *launchArguments;
                                                  ^
/Users/binde/projects/classes/Molten/Tests/MoltenUITests/Helpers/BaseUITest.swift:37:13: warning: call to main actor-isolated instance method 'launch()' in a synchronous nonisolated context
        app.launch()
            ^
XCUIAutomation.XCUIApplication.launch:2:22: note: calls to instance method 'launch()' from outside of its actor context are implicitly asynchronous
@MainActor open func launch()}
                     ^
/Users/binde/projects/classes/Molten/Tests/MoltenUITests/Helpers/BaseUITest.swift:40:46: warning: call to main actor-isolated instance method 'waitForExistence(timeout:)' in a synchronous nonisolated context
        XCTAssertTrue(app.tabBars.firstMatch.waitForExistence(timeout: 10),
                                             ^
XCUIAutomation.XCUIElement.waitForExistence:2:22: note: calls to instance method 'waitForExistence(timeout:)' from outside of its actor context are implicitly asynchronous
@MainActor open func waitForExistence(timeout: TimeInterval) -> Bool}
                     ^
/Users/binde/projects/classes/Molten/Tests/MoltenUITests/Helpers/BaseUITest.swift:40:35: warning: main actor-isolated property 'firstMatch' can not be referenced from a nonisolated autoclosure
        XCTAssertTrue(app.tabBars.firstMatch.waitForExistence(timeout: 10),
                                  ^
/Applications/Xcode.app/Contents/Developer/Platforms/iPhoneSimulator.platform/Developer/Library/Frameworks/XCUIAutomation.framework/Headers/XCUIElementTypeQueryProvider.h:105:35: note: property declared here
@property (readonly) XCUIElement *firstMatch;
                                  ^
/Users/binde/projects/classes/Molten/Tests/MoltenUITests/Helpers/BaseUITest.swift:40:27: warning: main actor-isolated property 'tabBars' can not be referenced from a nonisolated autoclosure
        XCTAssertTrue(app.tabBars.firstMatch.waitForExistence(timeout: 10),
                          ^
/Applications/Xcode.app/Contents/Developer/Platforms/iPhoneSimulator.platform/Developer/Library/Frameworks/XCUIAutomation.framework/Headers/XCUIElementTypeQueryProvider.h:35:46: note: property declared here
@property (readonly, copy) XCUIElementQuery *tabBars;
                                             ^
/Users/binde/projects/classes/Molten/Tests/MoltenUITests/Helpers/BaseUITest.swift:52:32: warning: call to main actor-isolated instance method 'tapWhenHittable(timeout:)' in a synchronous nonisolated context
        app.buttons["Catalog"].tapWhenHittable()
                               ^
/Users/binde/projects/classes/Molten/Tests/MoltenUITests/Helpers/XCUIElement+Helpers.swift:24:10: note: calls to instance method 'tapWhenHittable(timeout:)' from outside of its actor context are implicitly asynchronous
    func tapWhenHittable(timeout: TimeInterval = 5) {
         ^
/Users/binde/projects/classes/Molten/Tests/MoltenUITests/Helpers/BaseUITest.swift:51:10: note: add '@MainActor' to make instance method 'navigateToCatalog()' part of global actor 'MainActor'
    func navigateToCatalog() {
         ^
    @MainActor 
/Users/binde/projects/classes/Molten/Tests/MoltenUITests/Helpers/BaseUITest.swift:52:20: warning: main actor-isolated subscript 'subscript(_:)' can not be referenced from a nonisolated context
        app.buttons["Catalog"].tapWhenHittable()
                   ^
XCUIAutomation.XCUIElementQuery.subscript:2:17: note: subscript declared here
@MainActor open subscript(key: String) -> XCUIElement { get }}
                ^
/Users/binde/projects/classes/Molten/Tests/MoltenUITests/Helpers/BaseUITest.swift:51:10: note: add '@MainActor' to make instance method 'navigateToCatalog()' part of global actor 'MainActor'
    func navigateToCatalog() {
         ^
    @MainActor 
/Users/binde/projects/classes/Molten/Tests/MoltenUITests/Helpers/BaseUITest.swift:52:13: warning: main actor-isolated property 'buttons' can not be referenced from a nonisolated context
        app.buttons["Catalog"].tapWhenHittable()
            ^
/Applications/Xcode.app/Contents/Developer/Platforms/iPhoneSimulator.platform/Developer/Library/Frameworks/XCUIAutomation.framework/Headers/XCUIElementTypeQueryProvider.h:22:46: note: property declared here
@property (readonly, copy) XCUIElementQuery *buttons;
                                             ^
/Users/binde/projects/classes/Molten/Tests/MoltenUITests/Helpers/BaseUITest.swift:51:10: note: add '@MainActor' to make instance method 'navigateToCatalog()' part of global actor 'MainActor'
    func navigateToCatalog() {
         ^
    @MainActor 
/Users/binde/projects/classes/Molten/Tests/MoltenUITests/Helpers/BaseUITest.swift:57:34: warning: call to main actor-isolated instance method 'tapWhenHittable(timeout:)' in a synchronous nonisolated context
        app.buttons["Inventory"].tapWhenHittable()
                                 ^
/Users/binde/projects/classes/Molten/Tests/MoltenUITests/Helpers/XCUIElement+Helpers.swift:24:10: note: calls to instance method 'tapWhenHittable(timeout:)' from outside of its actor context are implicitly asynchronous
    func tapWhenHittable(timeout: TimeInterval = 5) {
         ^
/Users/binde/projects/classes/Molten/Tests/MoltenUITests/Helpers/BaseUITest.swift:56:10: note: add '@MainActor' to make instance method 'navigateToInventory()' part of global actor 'MainActor'
    func navigateToInventory() {
         ^
    @MainActor 
/Users/binde/projects/classes/Molten/Tests/MoltenUITests/Helpers/BaseUITest.swift:57:20: warning: main actor-isolated subscript 'subscript(_:)' can not be referenced from a nonisolated context
        app.buttons["Inventory"].tapWhenHittable()
                   ^
XCUIAutomation.XCUIElementQuery.subscript:2:17: note: subscript declared here
@MainActor open subscript(key: String) -> XCUIElement { get }}
                ^
/Users/binde/projects/classes/Molten/Tests/MoltenUITests/Helpers/BaseUITest.swift:56:10: note: add '@MainActor' to make instance method 'navigateToInventory()' part of global actor 'MainActor'
    func navigateToInventory() {
         ^
    @MainActor 
/Users/binde/projects/classes/Molten/Tests/MoltenUITests/Helpers/BaseUITest.swift:57:13: warning: main actor-isolated property 'buttons' can not be referenced from a nonisolated context
        app.buttons["Inventory"].tapWhenHittable()
            ^
/Applications/Xcode.app/Contents/Developer/Platforms/iPhoneSimulator.platform/Developer/Library/Frameworks/XCUIAutomation.framework/Headers/XCUIElementTypeQueryProvider.h:22:46: note: property declared here
@property (readonly, copy) XCUIElementQuery *buttons;
                                             ^
/Users/binde/projects/classes/Molten/Tests/MoltenUITests/Helpers/BaseUITest.swift:56:10: note: add '@MainActor' to make instance method 'navigateToInventory()' part of global actor 'MainActor'
    func navigateToInventory() {
         ^
    @MainActor 
/Users/binde/projects/classes/Molten/Tests/MoltenUITests/Helpers/BaseUITest.swift:62:34: warning: call to main actor-isolated instance method 'tapWhenHittable(timeout:)' in a synchronous nonisolated context
        app.buttons["Purchases"].tapWhenHittable()
                                 ^
/Users/binde/projects/classes/Molten/Tests/MoltenUITests/Helpers/XCUIElement+Helpers.swift:24:10: note: calls to instance method 'tapWhenHittable(timeout:)' from outside of its actor context are implicitly asynchronous
    func tapWhenHittable(timeout: TimeInterval = 5) {
         ^
/Users/binde/projects/classes/Molten/Tests/MoltenUITests/Helpers/BaseUITest.swift:61:10: note: add '@MainActor' to make instance method 'navigateToPurchases()' part of global actor 'MainActor'
    func navigateToPurchases() {
         ^
    @MainActor 
/Users/binde/projects/classes/Molten/Tests/MoltenUITests/Helpers/BaseUITest.swift:62:20: warning: main actor-isolated subscript 'subscript(_:)' can not be referenced from a nonisolated context
        app.buttons["Purchases"].tapWhenHittable()
                   ^
XCUIAutomation.XCUIElementQuery.subscript:2:17: note: subscript declared here
@MainActor open subscript(key: String) -> XCUIElement { get }}
                ^
/Users/binde/projects/classes/Molten/Tests/MoltenUITests/Helpers/BaseUITest.swift:61:10: note: add '@MainActor' to make instance method 'navigateToPurchases()' part of global actor 'MainActor'
    func navigateToPurchases() {
         ^
    @MainActor 
/Users/binde/projects/classes/Molten/Tests/MoltenUITests/Helpers/BaseUITest.swift:62:13: warning: main actor-isolated property 'buttons' can not be referenced from a nonisolated context
        app.buttons["Purchases"].tapWhenHittable()
            ^
/Applications/Xcode.app/Contents/Developer/Platforms/iPhoneSimulator.platform/Developer/Library/Frameworks/XCUIAutomation.framework/Headers/XCUIElementTypeQueryProvider.h:22:46: note: property declared here
@property (readonly, copy) XCUIElementQuery *buttons;
                                             ^
/Users/binde/projects/classes/Molten/Tests/MoltenUITests/Helpers/BaseUITest.swift:61:10: note: add '@MainActor' to make instance method 'navigateToPurchases()' part of global actor 'MainActor'
    func navigateToPurchases() {
         ^
    @MainActor 
/Users/binde/projects/classes/Molten/Tests/MoltenUITests/Helpers/BaseUITest.swift:67:36: warning: call to main actor-isolated instance method 'tapWhenHittable(timeout:)' in a synchronous nonisolated context
        app.buttons["Project Log"].tapWhenHittable()
                                   ^
/Users/binde/projects/classes/Molten/Tests/MoltenUITests/Helpers/XCUIElement+Helpers.swift:24:10: note: calls to instance method 'tapWhenHittable(timeout:)' from outside of its actor context are implicitly asynchronous
    func tapWhenHittable(timeout: TimeInterval = 5) {
         ^
/Users/binde/projects/classes/Molten/Tests/MoltenUITests/Helpers/BaseUITest.swift:66:10: note: add '@MainActor' to make instance method 'navigateToProjectLog()' part of global actor 'MainActor'
    func navigateToProjectLog() {
         ^
    @MainActor 
/Users/binde/projects/classes/Molten/Tests/MoltenUITests/Helpers/BaseUITest.swift:67:20: warning: main actor-isolated subscript 'subscript(_:)' can not be referenced from a nonisolated context
        app.buttons["Project Log"].tapWhenHittable()
                   ^
XCUIAutomation.XCUIElementQuery.subscript:2:17: note: subscript declared here
@MainActor open subscript(key: String) -> XCUIElement { get }}
                ^
/Users/binde/projects/classes/Molten/Tests/MoltenUITests/Helpers/BaseUITest.swift:66:10: note: add '@MainActor' to make instance method 'navigateToProjectLog()' part of global actor 'MainActor'
    func navigateToProjectLog() {
         ^
    @MainActor 
/Users/binde/projects/classes/Molten/Tests/MoltenUITests/Helpers/BaseUITest.swift:67:13: warning: main actor-isolated property 'buttons' can not be referenced from a nonisolated context
        app.buttons["Project Log"].tapWhenHittable()
            ^
/Applications/Xcode.app/Contents/Developer/Platforms/iPhoneSimulator.platform/Developer/Library/Frameworks/XCUIAutomation.framework/Headers/XCUIElementTypeQueryProvider.h:22:46: note: property declared here
@property (readonly, copy) XCUIElementQuery *buttons;
                                             ^
/Users/binde/projects/classes/Molten/Tests/MoltenUITests/Helpers/BaseUITest.swift:66:10: note: add '@MainActor' to make instance method 'navigateToProjectLog()' part of global actor 'MainActor'
    func navigateToProjectLog() {
         ^
    @MainActor 
/Users/binde/projects/classes/Molten/Tests/MoltenUITests/Helpers/BaseUITest.swift:72:33: warning: call to main actor-isolated instance method 'tapWhenHittable(timeout:)' in a synchronous nonisolated context
        app.buttons["Settings"].tapWhenHittable()
                                ^
/Users/binde/projects/classes/Molten/Tests/MoltenUITests/Helpers/XCUIElement+Helpers.swift:24:10: note: calls to instance method 'tapWhenHittable(timeout:)' from outside of its actor context are implicitly asynchronous
    func tapWhenHittable(timeout: TimeInterval = 5) {
         ^
/Users/binde/projects/classes/Molten/Tests/MoltenUITests/Helpers/BaseUITest.swift:71:10: note: add '@MainActor' to make instance method 'navigateToSettings()' part of global actor 'MainActor'
    func navigateToSettings() {
         ^
    @MainActor 
/Users/binde/projects/classes/Molten/Tests/MoltenUITests/Helpers/BaseUITest.swift:72:20: warning: main actor-isolated subscript 'subscript(_:)' can not be referenced from a nonisolated context
        app.buttons["Settings"].tapWhenHittable()
                   ^
XCUIAutomation.XCUIElementQuery.subscript:2:17: note: subscript declared here
@MainActor open subscript(key: String) -> XCUIElement { get }}
                ^
/Users/binde/projects/classes/Molten/Tests/MoltenUITests/Helpers/BaseUITest.swift:71:10: note: add '@MainActor' to make instance method 'navigateToSettings()' part of global actor 'MainActor'
    func navigateToSettings() {
         ^
    @MainActor 
/Users/binde/projects/classes/Molten/Tests/MoltenUITests/Helpers/BaseUITest.swift:72:13: warning: main actor-isolated property 'buttons' can not be referenced from a nonisolated context
        app.buttons["Settings"].tapWhenHittable()
            ^
/Applications/Xcode.app/Contents/Developer/Platforms/iPhoneSimulator.platform/Developer/Library/Frameworks/XCUIAutomation.framework/Headers/XCUIElementTypeQueryProvider.h:22:46: note: property declared here
@property (readonly, copy) XCUIElementQuery *buttons;
                                             ^
/Users/binde/projects/classes/Molten/Tests/MoltenUITests/Helpers/BaseUITest.swift:71:10: note: add '@MainActor' to make instance method 'navigateToSettings()' part of global actor 'MainActor'
    func navigateToSettings() {
         ^
    @MainActor 
/Users/binde/projects/classes/Molten/Tests/MoltenUITests/Helpers/BaseUITest.swift:80:50: warning: main actor-isolated property 'firstMatch' can not be referenced from a nonisolated context
        let addButton = app.buttons["addButton"].firstMatch
                                                 ^
/Applications/Xcode.app/Contents/Developer/Platforms/iPhoneSimulator.platform/Developer/Library/Frameworks/XCUIAutomation.framework/Headers/XCUIElementTypeQueryProvider.h:105:35: note: property declared here
@property (readonly) XCUIElement *firstMatch;
                                  ^
/Users/binde/projects/classes/Molten/Tests/MoltenUITests/Helpers/BaseUITest.swift:78:10: note: add '@MainActor' to make instance method 'tapAddButton()' part of global actor 'MainActor'
    func tapAddButton() {
         ^
    @MainActor 
/Users/binde/projects/classes/Molten/Tests/MoltenUITests/Helpers/BaseUITest.swift:80:36: warning: main actor-isolated subscript 'subscript(_:)' can not be referenced from a nonisolated context
        let addButton = app.buttons["addButton"].firstMatch
                                   ^
XCUIAutomation.XCUIElementQuery.subscript:2:17: note: subscript declared here
@MainActor open subscript(key: String) -> XCUIElement { get }}
                ^
/Users/binde/projects/classes/Molten/Tests/MoltenUITests/Helpers/BaseUITest.swift:78:10: note: add '@MainActor' to make instance method 'tapAddButton()' part of global actor 'MainActor'
    func tapAddButton() {
         ^
    @MainActor 
/Users/binde/projects/classes/Molten/Tests/MoltenUITests/Helpers/BaseUITest.swift:80:29: warning: main actor-isolated property 'buttons' can not be referenced from a nonisolated context
        let addButton = app.buttons["addButton"].firstMatch
                            ^
/Applications/Xcode.app/Contents/Developer/Platforms/iPhoneSimulator.platform/Developer/Library/Frameworks/XCUIAutomation.framework/Headers/XCUIElementTypeQueryProvider.h:22:46: note: property declared here
@property (readonly, copy) XCUIElementQuery *buttons;
                                             ^
/Users/binde/projects/classes/Molten/Tests/MoltenUITests/Helpers/BaseUITest.swift:78:10: note: add '@MainActor' to make instance method 'tapAddButton()' part of global actor 'MainActor'
    func tapAddButton() {
         ^
    @MainActor 
/Users/binde/projects/classes/Molten/Tests/MoltenUITests/Helpers/BaseUITest.swift:81:22: warning: main actor-isolated property 'exists' can not be referenced from a nonisolated context
        if addButton.exists {
                     ^
/Applications/Xcode.app/Contents/Developer/Platforms/iPhoneSimulator.platform/Developer/Library/Frameworks/XCUIAutomation.framework/Headers/XCUIElement.h:54:27: note: property declared here
@property (readonly) BOOL exists;
                          ^
/Users/binde/projects/classes/Molten/Tests/MoltenUITests/Helpers/BaseUITest.swift:78:10: note: add '@MainActor' to make instance method 'tapAddButton()' part of global actor 'MainActor'
    func tapAddButton() {
         ^
    @MainActor 
/Users/binde/projects/classes/Molten/Tests/MoltenUITests/Helpers/BaseUITest.swift:82:23: warning: call to main actor-isolated instance method 'tapWhenHittable(timeout:)' in a synchronous nonisolated context
            addButton.tapWhenHittable()
                      ^
/Users/binde/projects/classes/Molten/Tests/MoltenUITests/Helpers/XCUIElement+Helpers.swift:24:10: note: calls to instance method 'tapWhenHittable(timeout:)' from outside of its actor context are implicitly asynchronous
    func tapWhenHittable(timeout: TimeInterval = 5) {
         ^
/Users/binde/projects/classes/Molten/Tests/MoltenUITests/Helpers/BaseUITest.swift:78:10: note: add '@MainActor' to make instance method 'tapAddButton()' part of global actor 'MainActor'
    func tapAddButton() {
         ^
    @MainActor 
/Users/binde/projects/classes/Molten/Tests/MoltenUITests/Helpers/BaseUITest.swift:85:79: warning: call to main actor-isolated instance method 'tapWhenHittable(timeout:)' in a synchronous nonisolated context
            app.navigationBars.buttons.matching(identifier: "Add").firstMatch.tapWhenHittable()
                                                                              ^
/Users/binde/projects/classes/Molten/Tests/MoltenUITests/Helpers/XCUIElement+Helpers.swift:24:10: note: calls to instance method 'tapWhenHittable(timeout:)' from outside of its actor context are implicitly asynchronous
    func tapWhenHittable(timeout: TimeInterval = 5) {
         ^
/Users/binde/projects/classes/Molten/Tests/MoltenUITests/Helpers/BaseUITest.swift:78:10: note: add '@MainActor' to make instance method 'tapAddButton()' part of global actor 'MainActor'
    func tapAddButton() {
         ^
    @MainActor 
/Users/binde/projects/classes/Molten/Tests/MoltenUITests/Helpers/BaseUITest.swift:85:68: warning: main actor-isolated property 'firstMatch' can not be referenced from a nonisolated context
            app.navigationBars.buttons.matching(identifier: "Add").firstMatch.tapWhenHittable()
                                                                   ^
/Applications/Xcode.app/Contents/Developer/Platforms/iPhoneSimulator.platform/Developer/Library/Frameworks/XCUIAutomation.framework/Headers/XCUIElementTypeQueryProvider.h:105:35: note: property declared here
@property (readonly) XCUIElement *firstMatch;
                                  ^
/Users/binde/projects/classes/Molten/Tests/MoltenUITests/Helpers/BaseUITest.swift:78:10: note: add '@MainActor' to make instance method 'tapAddButton()' part of global actor 'MainActor'
    func tapAddButton() {
         ^
    @MainActor 
/Users/binde/projects/classes/Molten/Tests/MoltenUITests/Helpers/BaseUITest.swift:85:40: warning: call to main actor-isolated instance method 'matching(identifier:)' in a synchronous nonisolated context
            app.navigationBars.buttons.matching(identifier: "Add").firstMatch.tapWhenHittable()
                                       ^
XCUIAutomation.XCUIElementQuery.matching:2:22: note: calls to instance method 'matching(identifier:)' from outside of its actor context are implicitly asynchronous
@MainActor open func matching(identifier: String) -> XCUIElementQuery}
                     ^
XCUIAutomation.XCUIElementQuery.matching:2:22: note: main actor isolation inferred from conformance to protocol 'XCUIElementTypeQueryProvider'
@MainActor open func matching(identifier: String) -> XCUIElementQuery}
                     ^
/Users/binde/projects/classes/Molten/Tests/MoltenUITests/Helpers/BaseUITest.swift:78:10: note: add '@MainActor' to make instance method 'tapAddButton()' part of global actor 'MainActor'
    func tapAddButton() {
         ^
    @MainActor 
/Users/binde/projects/classes/Molten/Tests/MoltenUITests/Helpers/BaseUITest.swift:85:32: warning: main actor-isolated property 'buttons' can not be referenced from a nonisolated context
            app.navigationBars.buttons.matching(identifier: "Add").firstMatch.tapWhenHittable()
                               ^
/Applications/Xcode.app/Contents/Developer/Platforms/iPhoneSimulator.platform/Developer/Library/Frameworks/XCUIAutomation.framework/Headers/XCUIElementTypeQueryProvider.h:22:46: note: property declared here
@property (readonly, copy) XCUIElementQuery *buttons;
                                             ^
/Users/binde/projects/classes/Molten/Tests/MoltenUITests/Helpers/BaseUITest.swift:78:10: note: add '@MainActor' to make instance method 'tapAddButton()' part of global actor 'MainActor'
    func tapAddButton() {
         ^
    @MainActor 
/Users/binde/projects/classes/Molten/Tests/MoltenUITests/Helpers/BaseUITest.swift:85:17: warning: main actor-isolated property 'navigationBars' can not be referenced from a nonisolated context
            app.navigationBars.buttons.matching(identifier: "Add").firstMatch.tapWhenHittable()
                ^
/Applications/Xcode.app/Contents/Developer/Platforms/iPhoneSimulator.platform/Developer/Library/Frameworks/XCUIAutomation.framework/Headers/XCUIElementTypeQueryProvider.h:34:46: note: property declared here
@property (readonly, copy) XCUIElementQuery *navigationBars;
                                             ^
/Users/binde/projects/classes/Molten/Tests/MoltenUITests/Helpers/BaseUITest.swift:78:10: note: add '@MainActor' to make instance method 'tapAddButton()' part of global actor 'MainActor'
    func tapAddButton() {
         ^
    @MainActor 
/Users/binde/projects/classes/Molten/Tests/MoltenUITests/Helpers/BaseUITest.swift:91:92: warning: call to main actor-isolated instance method 'tapWhenHittable(timeout:)' in a synchronous nonisolated context
        app.buttons.matching(NSPredicate(format: "label CONTAINS[c] 'cancel'")).firstMatch.tapWhenHittable()
                                                                                           ^
/Users/binde/projects/classes/Molten/Tests/MoltenUITests/Helpers/XCUIElement+Helpers.swift:24:10: note: calls to instance method 'tapWhenHittable(timeout:)' from outside of its actor context are implicitly asynchronous
    func tapWhenHittable(timeout: TimeInterval = 5) {
         ^
/Users/binde/projects/classes/Molten/Tests/MoltenUITests/Helpers/BaseUITest.swift:90:10: note: add '@MainActor' to make instance method 'tapCancelButton()' part of global actor 'MainActor'
    func tapCancelButton() {
         ^
    @MainActor 
/Users/binde/projects/classes/Molten/Tests/MoltenUITests/Helpers/BaseUITest.swift:91:81: warning: main actor-isolated property 'firstMatch' can not be referenced from a nonisolated context
        app.buttons.matching(NSPredicate(format: "label CONTAINS[c] 'cancel'")).firstMatch.tapWhenHittable()
                                                                                ^
/Applications/Xcode.app/Contents/Developer/Platforms/iPhoneSimulator.platform/Developer/Library/Frameworks/XCUIAutomation.framework/Headers/XCUIElementTypeQueryProvider.h:105:35: note: property declared here
@property (readonly) XCUIElement *firstMatch;
                                  ^
/Users/binde/projects/classes/Molten/Tests/MoltenUITests/Helpers/BaseUITest.swift:90:10: note: add '@MainActor' to make instance method 'tapCancelButton()' part of global actor 'MainActor'
    func tapCancelButton() {
         ^
    @MainActor 
/Users/binde/projects/classes/Molten/Tests/MoltenUITests/Helpers/BaseUITest.swift:91:21: warning: call to main actor-isolated instance method 'matching' in a synchronous nonisolated context
        app.buttons.matching(NSPredicate(format: "label CONTAINS[c] 'cancel'")).firstMatch.tapWhenHittable()
                    ^
XCUIAutomation.XCUIElementQuery.matching:2:22: note: calls to instance method 'matching' from outside of its actor context are implicitly asynchronous
@MainActor open func matching(_ predicate: NSPredicate) -> XCUIElementQuery}
                     ^
XCUIAutomation.XCUIElementQuery.matching:2:22: note: main actor isolation inferred from conformance to protocol 'XCUIElementTypeQueryProvider'
@MainActor open func matching(_ predicate: NSPredicate) -> XCUIElementQuery}
                     ^
/Users/binde/projects/classes/Molten/Tests/MoltenUITests/Helpers/BaseUITest.swift:90:10: note: add '@MainActor' to make instance method 'tapCancelButton()' part of global actor 'MainActor'
    func tapCancelButton() {
         ^
    @MainActor 
/Users/binde/projects/classes/Molten/Tests/MoltenUITests/Helpers/BaseUITest.swift:91:13: warning: main actor-isolated property 'buttons' can not be referenced from a nonisolated context
        app.buttons.matching(NSPredicate(format: "label CONTAINS[c] 'cancel'")).firstMatch.tapWhenHittable()
            ^
/Applications/Xcode.app/Contents/Developer/Platforms/iPhoneSimulator.platform/Developer/Library/Frameworks/XCUIAutomation.framework/Headers/XCUIElementTypeQueryProvider.h:22:46: note: property declared here
@property (readonly, copy) XCUIElementQuery *buttons;
                                             ^
/Users/binde/projects/classes/Molten/Tests/MoltenUITests/Helpers/BaseUITest.swift:90:10: note: add '@MainActor' to make instance method 'tapCancelButton()' part of global actor 'MainActor'
    func tapCancelButton() {
         ^
    @MainActor 
/Users/binde/projects/classes/Molten/Tests/MoltenUITests/Helpers/BaseUITest.swift:96:90: warning: call to main actor-isolated instance method 'tapWhenHittable(timeout:)' in a synchronous nonisolated context
        app.buttons.matching(NSPredicate(format: "label CONTAINS[c] 'save'")).firstMatch.tapWhenHittable()
                                                                                         ^
/Users/binde/projects/classes/Molten/Tests/MoltenUITests/Helpers/XCUIElement+Helpers.swift:24:10: note: calls to instance method 'tapWhenHittable(timeout:)' from outside of its actor context are implicitly asynchronous
    func tapWhenHittable(timeout: TimeInterval = 5) {
         ^
/Users/binde/projects/classes/Molten/Tests/MoltenUITests/Helpers/BaseUITest.swift:95:10: note: add '@MainActor' to make instance method 'tapSaveButton()' part of global actor 'MainActor'
    func tapSaveButton() {
         ^
    @MainActor 
/Users/binde/projects/classes/Molten/Tests/MoltenUITests/Helpers/BaseUITest.swift:96:79: warning: main actor-isolated property 'firstMatch' can not be referenced from a nonisolated context
        app.buttons.matching(NSPredicate(format: "label CONTAINS[c] 'save'")).firstMatch.tapWhenHittable()
                                                                              ^
/Applications/Xcode.app/Contents/Developer/Platforms/iPhoneSimulator.platform/Developer/Library/Frameworks/XCUIAutomation.framework/Headers/XCUIElementTypeQueryProvider.h:105:35: note: property declared here
@property (readonly) XCUIElement *firstMatch;
                                  ^
/Users/binde/projects/classes/Molten/Tests/MoltenUITests/Helpers/BaseUITest.swift:95:10: note: add '@MainActor' to make instance method 'tapSaveButton()' part of global actor 'MainActor'
    func tapSaveButton() {
         ^
    @MainActor 
/Users/binde/projects/classes/Molten/Tests/MoltenUITests/Helpers/BaseUITest.swift:96:21: warning: call to main actor-isolated instance method 'matching' in a synchronous nonisolated context
        app.buttons.matching(NSPredicate(format: "label CONTAINS[c] 'save'")).firstMatch.tapWhenHittable()
                    ^
XCUIAutomation.XCUIElementQuery.matching:2:22: note: calls to instance method 'matching' from outside of its actor context are implicitly asynchronous
@MainActor open func matching(_ predicate: NSPredicate) -> XCUIElementQuery}
                     ^
XCUIAutomation.XCUIElementQuery.matching:2:22: note: main actor isolation inferred from conformance to protocol 'XCUIElementTypeQueryProvider'
@MainActor open func matching(_ predicate: NSPredicate) -> XCUIElementQuery}
                     ^
/Users/binde/projects/classes/Molten/Tests/MoltenUITests/Helpers/BaseUITest.swift:95:10: note: add '@MainActor' to make instance method 'tapSaveButton()' part of global actor 'MainActor'
    func tapSaveButton() {
         ^
    @MainActor 
/Users/binde/projects/classes/Molten/Tests/MoltenUITests/Helpers/BaseUITest.swift:96:13: warning: main actor-isolated property 'buttons' can not be referenced from a nonisolated context
        app.buttons.matching(NSPredicate(format: "label CONTAINS[c] 'save'")).firstMatch.tapWhenHittable()
            ^
/Applications/Xcode.app/Contents/Developer/Platforms/iPhoneSimulator.platform/Developer/Library/Frameworks/XCUIAutomation.framework/Headers/XCUIElementTypeQueryProvider.h:22:46: note: property declared here
@property (readonly, copy) XCUIElementQuery *buttons;
                                             ^
/Users/binde/projects/classes/Molten/Tests/MoltenUITests/Helpers/BaseUITest.swift:95:10: note: add '@MainActor' to make instance method 'tapSaveButton()' part of global actor 'MainActor'
    func tapSaveButton() {
         ^
    @MainActor 
/Users/binde/projects/classes/Molten/Tests/MoltenUITests/Helpers/BaseUITest.swift:104:55: warning: main actor-isolated property 'firstMatch' can not be referenced from a nonisolated context
        let loadingIndicator = app.activityIndicators.firstMatch
                                                      ^
/Applications/Xcode.app/Contents/Developer/Platforms/iPhoneSimulator.platform/Developer/Library/Frameworks/XCUIAutomation.framework/Headers/XCUIElementTypeQueryProvider.h:105:35: note: property declared here
@property (readonly) XCUIElement *firstMatch;
                                  ^
/Users/binde/projects/classes/Molten/Tests/MoltenUITests/Helpers/BaseUITest.swift:103:10: note: add '@MainActor' to make instance method 'waitForLoadingToComplete(timeout:)' part of global actor 'MainActor'
    func waitForLoadingToComplete(timeout: TimeInterval = 5) {
         ^
    @MainActor 
/Users/binde/projects/classes/Molten/Tests/MoltenUITests/Helpers/BaseUITest.swift:104:36: warning: main actor-isolated property 'activityIndicators' can not be referenced from a nonisolated context
        let loadingIndicator = app.activityIndicators.firstMatch
                                   ^
/Applications/Xcode.app/Contents/Developer/Platforms/iPhoneSimulator.platform/Developer/Library/Frameworks/XCUIAutomation.framework/Headers/XCUIElementTypeQueryProvider.h:50:46: note: property declared here
@property (readonly, copy) XCUIElementQuery *activityIndicators;
                                             ^
/Users/binde/projects/classes/Molten/Tests/MoltenUITests/Helpers/BaseUITest.swift:103:10: note: add '@MainActor' to make instance method 'waitForLoadingToComplete(timeout:)' part of global actor 'MainActor'
    func waitForLoadingToComplete(timeout: TimeInterval = 5) {
         ^
    @MainActor 
/Users/binde/projects/classes/Molten/Tests/MoltenUITests/Helpers/BaseUITest.swift:105:29: warning: main actor-isolated property 'exists' can not be referenced from a nonisolated context
        if loadingIndicator.exists {
                            ^
/Applications/Xcode.app/Contents/Developer/Platforms/iPhoneSimulator.platform/Developer/Library/Frameworks/XCUIAutomation.framework/Headers/XCUIElement.h:54:27: note: property declared here
@property (readonly) BOOL exists;
                          ^
/Users/binde/projects/classes/Molten/Tests/MoltenUITests/Helpers/BaseUITest.swift:103:10: note: add '@MainActor' to make instance method 'waitForLoadingToComplete(timeout:)' part of global actor 'MainActor'
    func waitForLoadingToComplete(timeout: TimeInterval = 5) {
         ^
    @MainActor 
/Users/binde/projects/classes/Molten/Tests/MoltenUITests/Helpers/BaseUITest.swift:106:34: warning: call to main actor-isolated instance method 'waitToDisappear(timeout:)' in a synchronous nonisolated context
            _ = loadingIndicator.waitToDisappear(timeout: timeout)
                                 ^
/Users/binde/projects/classes/Molten/Tests/MoltenUITests/Helpers/XCUIElement+Helpers.swift:44:10: note: calls to instance method 'waitToDisappear(timeout:)' from outside of its actor context are implicitly asynchronous
    func waitToDisappear(timeout: TimeInterval = 5) -> Bool {
         ^
/Users/binde/projects/classes/Molten/Tests/MoltenUITests/Helpers/BaseUITest.swift:103:10: note: add '@MainActor' to make instance method 'waitForLoadingToComplete(timeout:)' part of global actor 'MainActor'
    func waitForLoadingToComplete(timeout: TimeInterval = 5) {
         ^
    @MainActor 
/Users/binde/projects/classes/Molten/Tests/MoltenUITests/Helpers/BaseUITest.swift:115:40: warning: main actor-isolated subscript 'subscript(_:)' can not be referenced from a nonisolated context
        let navBar = app.navigationBars[title]
                                       ^
XCUIAutomation.XCUIElementQuery.subscript:2:17: note: subscript declared here
@MainActor open subscript(key: String) -> XCUIElement { get }}
                ^
/Users/binde/projects/classes/Molten/Tests/MoltenUITests/Helpers/BaseUITest.swift:114:10: note: add '@MainActor' to make instance method 'waitForNavigationTitle(_:timeout:)' part of global actor 'MainActor'
    func waitForNavigationTitle(_ title: String, timeout: TimeInterval = 5) {
         ^
    @MainActor 
/Users/binde/projects/classes/Molten/Tests/MoltenUITests/Helpers/BaseUITest.swift:115:26: warning: main actor-isolated property 'navigationBars' can not be referenced from a nonisolated context
        let navBar = app.navigationBars[title]
                         ^
/Applications/Xcode.app/Contents/Developer/Platforms/iPhoneSimulator.platform/Developer/Library/Frameworks/XCUIAutomation.framework/Headers/XCUIElementTypeQueryProvider.h:34:46: note: property declared here
@property (readonly, copy) XCUIElementQuery *navigationBars;
                                             ^
/Users/binde/projects/classes/Molten/Tests/MoltenUITests/Helpers/BaseUITest.swift:114:10: note: add '@MainActor' to make instance method 'waitForNavigationTitle(_:timeout:)' part of global actor 'MainActor'
    func waitForNavigationTitle(_ title: String, timeout: TimeInterval = 5) {
         ^
    @MainActor 
/Users/binde/projects/classes/Molten/Tests/MoltenUITests/Helpers/BaseUITest.swift:116:30: warning: call to main actor-isolated instance method 'waitToExist(timeout:)' in a synchronous nonisolated context
        XCTAssertTrue(navBar.waitToExist(timeout: timeout),
                             ^
/Users/binde/projects/classes/Molten/Tests/MoltenUITests/Helpers/XCUIElement+Helpers.swift:36:10: note: calls to instance method 'waitToExist(timeout:)' from outside of its actor context are implicitly asynchronous
    func waitToExist(timeout: TimeInterval = 5) -> Bool {
         ^
/Users/binde/projects/classes/Molten/Tests/MoltenUITests/Helpers/BaseUITest.swift:125:31: warning: main actor-isolated subscript 'subscript(_:)' can not be referenced from a nonisolated context
        let alert = app.alerts[title]
                              ^
XCUIAutomation.XCUIElementQuery.subscript:2:17: note: subscript declared here
@MainActor open subscript(key: String) -> XCUIElement { get }}
                ^
/Users/binde/projects/classes/Molten/Tests/MoltenUITests/Helpers/BaseUITest.swift:124:10: note: add '@MainActor' to make instance method 'assertAlertAppeared(withTitle:)' part of global actor 'MainActor'
    func assertAlertAppeared(withTitle title: String) {
         ^
    @MainActor 
/Users/binde/projects/classes/Molten/Tests/MoltenUITests/Helpers/BaseUITest.swift:125:25: warning: main actor-isolated property 'alerts' can not be referenced from a nonisolated context
        let alert = app.alerts[title]
                        ^
/Applications/Xcode.app/Contents/Developer/Platforms/iPhoneSimulator.platform/Developer/Library/Frameworks/XCUIAutomation.framework/Headers/XCUIElementTypeQueryProvider.h:20:46: note: property declared here
@property (readonly, copy) XCUIElementQuery *alerts;
                                             ^
/Users/binde/projects/classes/Molten/Tests/MoltenUITests/Helpers/BaseUITest.swift:124:10: note: add '@MainActor' to make instance method 'assertAlertAppeared(withTitle:)' part of global actor 'MainActor'
    func assertAlertAppeared(withTitle title: String) {
         ^
    @MainActor 
/Users/binde/projects/classes/Molten/Tests/MoltenUITests/Helpers/BaseUITest.swift:126:29: warning: call to main actor-isolated instance method 'waitToExist(timeout:)' in a synchronous nonisolated context
        XCTAssertTrue(alert.waitToExist(timeout: 3),
                            ^
/Users/binde/projects/classes/Molten/Tests/MoltenUITests/Helpers/XCUIElement+Helpers.swift:36:10: note: calls to instance method 'waitToExist(timeout:)' from outside of its actor context are implicitly asynchronous
    func waitToExist(timeout: TimeInterval = 5) -> Bool {
         ^
/Users/binde/projects/classes/Molten/Tests/MoltenUITests/Helpers/BaseUITest.swift:133:30: warning: main actor-isolated subscript 'subscript(_:)' can not be referenced from a nonisolated context
        let tab = app.buttons[tabName]
                             ^
XCUIAutomation.XCUIElementQuery.subscript:2:17: note: subscript declared here
@MainActor open subscript(key: String) -> XCUIElement { get }}
                ^
/Users/binde/projects/classes/Molten/Tests/MoltenUITests/Helpers/BaseUITest.swift:132:10: note: add '@MainActor' to make instance method 'assertOnTab' part of global actor 'MainActor'
    func assertOnTab(_ tabName: String) {
         ^
    @MainActor 
/Users/binde/projects/classes/Molten/Tests/MoltenUITests/Helpers/BaseUITest.swift:133:23: warning: main actor-isolated property 'buttons' can not be referenced from a nonisolated context
        let tab = app.buttons[tabName]
                      ^
/Applications/Xcode.app/Contents/Developer/Platforms/iPhoneSimulator.platform/Developer/Library/Frameworks/XCUIAutomation.framework/Headers/XCUIElementTypeQueryProvider.h:22:46: note: property declared here
@property (readonly, copy) XCUIElementQuery *buttons;
                                             ^
/Users/binde/projects/classes/Molten/Tests/MoltenUITests/Helpers/BaseUITest.swift:132:10: note: add '@MainActor' to make instance method 'assertOnTab' part of global actor 'MainActor'
    func assertOnTab(_ tabName: String) {
         ^
    @MainActor 
/Users/binde/projects/classes/Molten/Tests/MoltenUITests/Helpers/BaseUITest.swift:134:27: warning: main actor-isolated property 'isSelected' can not be referenced from a nonisolated autoclosure
        XCTAssertTrue(tab.isSelected, "Should be on '\(tabName)' tab")
                          ^
/Applications/Xcode.app/Contents/Developer/Platforms/iPhoneSimulator.platform/Developer/Library/Frameworks/XCUIAutomation.framework/Headers/XCUIElementAttributes.h:65:48: note: property declared here
@property (readonly, getter = isSelected) BOOL selected;
                                               ^

SwiftDriverJobDiscovery normal arm64 Compiling ProjectRepositoryTechniqueTypeTests.swift, PurchaseRecordRepositoryTests.swift, RepositoryTests.swift (in target 'RepositoryTests' from project 'Molten')

SwiftCompile normal arm64 Compiling\ FlameworkerUITestsLaunchTests.swift /Users/binde/projects/classes/Molten/Tests/MoltenUITests/FlameworkerUITestsLaunchTests.swift (in target 'MoltenUITests' from project 'Molten')

SwiftCompile normal arm64 /Users/binde/projects/classes/Molten/Tests/MoltenUITests/FlameworkerUITestsLaunchTests.swift (in target 'MoltenUITests' from project 'Molten')
    cd /Users/binde/projects/classes
    

SwiftDriverJobDiscovery normal arm64 Compiling XCUIElement+Helpers.swift (in target 'MoltenUITests' from project 'Molten')

SwiftCompile normal arm64 Compiling\ ErrorHandlingTests.swift,\ FilterUtilitiesTests.swift,\ ImageHelpersTests.swift,\ ImageLoadingTests.swift,\ ImagePermissionTests.swift,\ ImageTextExtractionTests.swift,\ NetworkSimulationTests.swift,\ SearchTextParserTests.swift,\ SearchUtilitiesConfigurationTests.swift,\ SearchUtilitiesTests.swift,\ SortUtilitiesTests.swift /Users/binde/projects/classes/Molten/Tests/MoltenTests/Utilities/ErrorHandlingTests.swift /Users/binde/projects/classes/Molten/Tests/MoltenTests/Utilities/FilterUtilitiesTests.swift /Users/binde/projects/classes/Molten/Tests/MoltenTests/Utilities/ImageHelpersTests.swift /Users/binde/projects/classes/Molten/Tests/MoltenTests/Utilities/ImageLoadingTests.swift /Users/binde/projects/classes/Molten/Tests/MoltenTests/Utilities/ImagePermissionTests.swift /Users/binde/projects/classes/Molten/Tests/MoltenTests/Utilities/ImageTextExtractionTests.swift /Users/binde/projects/classes/Molten/Tests/MoltenTests/Utilities/NetworkSimulationTests.swift /Users/binde/projects/classes/Molten/Tests/MoltenTests/Utilities/SearchTextParserTests.swift /Users/binde/projects/classes/Molten/Tests/MoltenTests/Utilities/SearchUtilitiesConfigurationTests.swift /Users/binde/projects/classes/Molten/Tests/MoltenTests/Utilities/SearchUtilitiesTests.swift /Users/binde/projects/classes/Molten/Tests/MoltenTests/Utilities/SortUtilitiesTests.swift (in target 'MoltenTests' from project 'Molten')
SwiftCompile normal arm64 /Users/binde/projects/classes/Molten/Tests/MoltenTests/Utilities/ErrorHandlingTests.swift (in target 'MoltenTests' from project 'Molten')
    cd /Users/binde/projects/classes
    
/Users/binde/projects/classes/Molten/Tests/MoltenTests/Utilities/FilterUtilitiesTests.swift:157:38: warning: 'is' test is always true
        #expect(enabledManufacturers is Set<String>, "Should return a Set of String")
                                     ^
/Users/binde/projects/classes/Molten/Tests/MoltenTests/Utilities/FilterUtilitiesTests.swift:232:38: warning: 'filterCatalogByManufacturers(_:enabledManufacturers:)' is deprecated: Use filterGlassItemsByManufacturers instead
        let result = FilterUtilities.filterCatalogByManufacturers(items, enabledManufacturers: enabledManufacturers)
                                     ^
/Users/binde/projects/classes/Molten/Tests/MoltenTests/Utilities/FilterUtilitiesTests.swift:240:43: warning: 'filterCatalogByManufacturers(_:enabledManufacturers:)' is deprecated: Use filterGlassItemsByManufacturers instead
        let emptyResult = FilterUtilities.filterCatalogByManufacturers(items, enabledManufacturers: emptyEnabledSet)
                                          ^
/Users/binde/projects/classes/Molten/Tests/MoltenTests/Utilities/FilterUtilitiesTests.swift:245:49: warning: 'filterCatalogByManufacturers(_:enabledManufacturers:)' is deprecated: Use filterGlassItemsByManufacturers instead
        let nonEmptySetResult = FilterUtilities.filterCatalogByManufacturers(items, enabledManufacturers: nonEmptyEnabledSet)
                                                ^
/Users/binde/projects/classes/Molten/Tests/MoltenTests/Utilities/FilterUtilitiesTests.swift:253:13: warning: 'init(id:name:rawCode:manufacturer:tags:units:)' is deprecated: Use parent-child initializer instead
            CatalogItemModel(name: "Effetre Glass", rawCode: "EG-001", manufacturer: "Effetre"), // COE 104
            ^
/Users/binde/projects/classes/Molten/Tests/MoltenTests/Utilities/FilterUtilitiesTests.swift:254:13: warning: 'init(id:name:rawCode:manufacturer:tags:units:)' is deprecated: Use parent-child initializer instead
            CatalogItemModel(name: "Bullseye Glass", rawCode: "BG-002", manufacturer: "Bullseye"), // COE 90
            ^
/Users/binde/projects/classes/Molten/Tests/MoltenTests/Utilities/FilterUtilitiesTests.swift:255:13: warning: 'init(id:name:rawCode:manufacturer:tags:units:)' is deprecated: Use parent-child initializer instead
            CatalogItemModel(name: "Spectrum Glass", rawCode: "SG-003", manufacturer: "Spectrum"), // COE 96
            ^
/Users/binde/projects/classes/Molten/Tests/MoltenTests/Utilities/FilterUtilitiesTests.swift:256:13: warning: 'init(id:name:rawCode:manufacturer:tags:units:)' is deprecated: Use parent-child initializer instead
            CatalogItemModel(name: "Unknown Glass", rawCode: "UG-004", manufacturer: "Unknown"), // Unknown manufacturer
            ^
/Users/binde/projects/classes/Molten/Tests/MoltenTests/Utilities/FilterUtilitiesTests.swift:257:13: warning: 'init(id:name:rawCode:manufacturer:tags:units:)' is deprecated: Use parent-child initializer instead
            CatalogItemModel(name: "Empty Manufacturer", rawCode: "EM-005", manufacturer: ""), // empty manufacturer
            ^
/Users/binde/projects/classes/Molten/Tests/MoltenTests/Utilities/FilterUtilitiesTests.swift:261:44: warning: 'filterCatalogByCOE(_:selectedCOE:)' is deprecated: Use filterGlassItemsByCOE instead
        let coe104Result = FilterUtilities.filterCatalogByCOE(items, selectedCOE: 104)
                                           ^
/Users/binde/projects/classes/Molten/Tests/MoltenTests/Utilities/FilterUtilitiesTests.swift:265:44: warning: 'filterCatalogByCOE(_:selectedCOE:)' is deprecated: Use filterGlassItemsByCOE instead
        let nilCOEResult = FilterUtilities.filterCatalogByCOE(items, selectedCOE: nil)
                                           ^
/Users/binde/projects/classes/Molten/Tests/MoltenTests/Utilities/FilterUtilitiesTests.swift:269:43: warning: 'filterCatalogByCOE(_:selectedCOE:)' is deprecated: Use filterGlassItemsByCOE instead
        let coe96Result = FilterUtilities.filterCatalogByCOE(items, selectedCOE: 96)
                                          ^
/Users/binde/projects/classes/Molten/Tests/MoltenTests/Utilities/FilterUtilitiesTests.swift:277:13: warning: 'init(id:name:rawCode:manufacturer:tags:units:)' is deprecated: Use parent-child initializer instead
            CatalogItemModel(name: "Effetre Glass", rawCode: "EG-001", manufacturer: "Effetre"), // COE 104
            ^
/Users/binde/projects/classes/Molten/Tests/MoltenTests/Utilities/FilterUtilitiesTests.swift:278:13: warning: 'init(id:name:rawCode:manufacturer:tags:units:)' is deprecated: Use parent-child initializer instead
            CatalogItemModel(name: "Bullseye Glass", rawCode: "BG-002", manufacturer: "Bullseye"), // COE 90
            ^
/Users/binde/projects/classes/Molten/Tests/MoltenTests/Utilities/FilterUtilitiesTests.swift:279:13: warning: 'init(id:name:rawCode:manufacturer:tags:units:)' is deprecated: Use parent-child initializer instead
            CatalogItemModel(name: "Spectrum Glass", rawCode: "SG-003", manufacturer: "Spectrum"), // COE 96
            ^
/Users/binde/projects/classes/Molten/Tests/MoltenTests/Utilities/FilterUtilitiesTests.swift:280:13: warning: 'init(id:name:rawCode:manufacturer:tags:units:)' is deprecated: Use parent-child initializer instead
            CatalogItemModel(name: "Test Corp Glass", rawCode: "TCG-004", manufacturer: "TestCorp"), // Unknown
            ^
/Users/binde/projects/classes/Molten/Tests/MoltenTests/Utilities/FilterUtilitiesTests.swift:281:13: warning: 'init(id:name:rawCode:manufacturer:tags:units:)' is deprecated: Use parent-child initializer instead
            CatalogItemModel(name: "Empty Manufacturer", rawCode: "EM-005", manufacturer: ""), // Empty manufacturer
            ^
/Users/binde/projects/classes/Molten/Tests/MoltenTests/Utilities/FilterUtilitiesTests.swift:286:49: warning: 'filterCatalogByMultipleCOE(_:selectedCOETypes:)' is deprecated: Use filterGlassItemsByCOE instead
        let multipleCOEResult = FilterUtilities.filterCatalogByMultipleCOE(items, selectedCOETypes: multipleCOE)
                                                ^
/Users/binde/projects/classes/Molten/Tests/MoltenTests/Utilities/FilterUtilitiesTests.swift:291:46: warning: 'filterCatalogByMultipleCOE(_:selectedCOETypes:)' is deprecated: Use filterGlassItemsByCOE instead
        let emptyCOEResult = FilterUtilities.filterCatalogByMultipleCOE(items, selectedCOETypes: emptyCOESet)
                                             ^
/Users/binde/projects/classes/Molten/Tests/MoltenTests/Utilities/FilterUtilitiesTests.swift:296:44: warning: 'filterCatalogByMultipleCOE(_:selectedCOETypes:)' is deprecated: Use filterGlassItemsByCOE instead
        let allCOEResult = FilterUtilities.filterCatalogByMultipleCOE(items, selectedCOETypes: allCOETypes)
                                           ^
/Users/binde/projects/classes/Molten/Tests/MoltenTests/Utilities/FilterUtilitiesTests.swift:301:47: warning: 'filterCatalogByMultipleCOE(_:selectedCOETypes:)' is deprecated: Use filterGlassItemsByCOE instead
        let singleCOEResult = FilterUtilities.filterCatalogByMultipleCOE(items, selectedCOETypes: singleCOE)
                                              ^
/Users/binde/projects/classes/Molten/Tests/MoltenTests/Utilities/FilterUtilitiesTests.swift:313:38: warning: 'filterCatalogByTags(_:selectedTags:)' is deprecated: Use appropriate GlassItem filtering methods instead
        let result = FilterUtilities.filterCatalogByTags(items, selectedTags: selectedTags)
                                     ^
/Users/binde/projects/classes/Molten/Tests/MoltenTests/Utilities/FilterUtilitiesTests.swift:320:47: warning: 'filterCatalogByTags(_:selectedTags:)' is deprecated: Use appropriate GlassItem filtering methods instead
        let emptyTagsResult = FilterUtilities.filterCatalogByTags(items, selectedTags: emptyTags)
                                              ^
/Users/binde/projects/classes/Molten/Tests/MoltenTests/Utilities/FilterUtilitiesTests.swift:351:38: warning: 'filterCatalogByManufacturers(_:enabledManufacturers:)' is deprecated: Use filterGlassItemsByManufacturers instead
        let result = FilterUtilities.filterCatalogByManufacturers(emptyItems, enabledManufacturers: enabledManufacturers)
                                     ^
/Users/binde/projects/classes/Molten/Tests/MoltenTests/Utilities/FilterUtilitiesTests.swift:364:46: warning: 'filterCatalogByManufacturers(_:enabledManufacturers:)' is deprecated: Use filterGlassItemsByManufacturers instead
        let largeSetResult = FilterUtilities.filterCatalogByManufacturers(emptyItems, enabledManufacturers: largeEnabledSet)
                                             ^
/Users/binde/projects/classes/Molten/Tests/MoltenTests/Utilities/FilterUtilitiesTests.swift:377:37: warning: 'filterCatalogByManufacturers(_:enabledManufacturers:)' is deprecated: Use filterGlassItemsByManufacturers instead
            let _ = FilterUtilities.filterCatalogByManufacturers(emptyItems, enabledManufacturers: testSet)
                                    ^
/Users/binde/projects/classes/Molten/Tests/MoltenTests/Utilities/FilterUtilitiesTests.swift:395:44: warning: 'filterCatalogByManufacturers(_:enabledManufacturers:)' is deprecated: Use filterGlassItemsByManufacturers instead
        let frenchResult = FilterUtilities.filterCatalogByManufacturers(emptyItems, enabledManufacturers: frenchSet)
                                           ^
/Users/binde/projects/classes/Molten/Tests/MoltenTests/Utilities/FilterUtilitiesTests.swift:399:46: warning: 'filterCatalogByManufacturers(_:enabledManufacturers:)' is deprecated: Use filterGlassItemsByManufacturers instead
        let japaneseResult = FilterUtilities.filterCatalogByManufacturers(emptyItems, enabledManufacturers: japaneseSet)
                                             ^
/Users/binde/projects/classes/Molten/Tests/MoltenTests/Utilities/FilterUtilitiesTests.swift:403:49: warning: 'filterCatalogByManufacturers(_:enabledManufacturers:)' is deprecated: Use filterGlassItemsByManufacturers instead
        let specialCharResult = FilterUtilities.filterCatalogByManufacturers(emptyItems, enabledManufacturers: specialCharSet)
                                                ^
/Users/binde/projects/classes/Molten/Tests/MoltenTests/Utilities/FilterUtilitiesTests.swift:407:43: warning: 'filterCatalogByManufacturers(_:enabledManufacturers:)' is deprecated: Use filterGlassItemsByManufacturers instead
        let emojiResult = FilterUtilities.filterCatalogByManufacturers(emptyItems, enabledManufacturers: emojiSet)
                                          ^
/Users/binde/projects/classes/Molten/Tests/MoltenTests/Utilities/FilterUtilitiesTests.swift:420:45: warning: 'filterCatalogByManufacturers(_:enabledManufacturers:)' is deprecated: Use filterGlassItemsByManufacturers instead
        let complexResult = FilterUtilities.filterCatalogByManufacturers(emptyItems, enabledManufacturers: complexSet)
                                            ^
/Users/binde/projects/classes/Molten/Tests/MoltenTests/Utilities/FilterUtilitiesTests.swift:430:49: warning: 'filterCatalogByManufacturers(_:enabledManufacturers:)' is deprecated: Use filterGlassItemsByManufacturers instead
        let longUnicodeResult = FilterUtilities.filterCatalogByManufacturers(emptyItems, enabledManufacturers: longUnicodeSet)
                                                ^
/Users/binde/projects/classes/Molten/Tests/MoltenTests/Utilities/ImageHelpersTests.swift:104:17: note: '#expect(_:_:)' will always pass here; use 'Bool(true)' to silence this warning (from macro 'expect')
        #expect(true, "Nil manufacturer should not crash (result: \(result1 == nil ? "nil" : "image"))")
                ^~~~
/Users/binde/projects/classes/Molten/Tests/MoltenTests/Utilities/ImageHelpersTests.swift:108:17: note: '#expect(_:_:)' will always pass here; use 'Bool(true)' to silence this warning (from macro 'expect')
        #expect(true, "Empty manufacturer should not crash (result: \(result2 == nil ? "nil" : "image"))")
                ^~~~
/Users/binde/projects/classes/Molten/Tests/MoltenTests/Utilities/ImageHelpersTests.swift:112:17: note: '#expect(_:_:)' will always pass here; use 'Bool(true)' to silence this warning (from macro 'expect')
        #expect(true, "Whitespace manufacturer should not crash (result: \(result3 == nil ? "nil" : "image"))")
                ^~~~
/Users/binde/projects/classes/Molten/Tests/MoltenTests/Utilities/ImageHelpersTests.swift:197:17: note: '#expect(_:_:)' will always pass here; use 'Bool(true)' to silence this warning (from macro 'expect')
        #expect(true, "Different manufacturer parameters should use separate cache entries")
                ^~~~

SwiftCompile normal arm64 /Users/binde/projects/classes/Molten/Tests/MoltenTests/Utilities/FilterUtilitiesTests.swift (in target 'MoltenTests' from project 'Molten')
    cd /Users/binde/projects/classes
    
/Users/binde/projects/classes/Molten/Tests/MoltenTests/Utilities/FilterUtilitiesTests.swift:157:38: warning: 'is' test is always true
        #expect(enabledManufacturers is Set<String>, "Should return a Set of String")
                                     ^
/Users/binde/projects/classes/Molten/Tests/MoltenTests/Utilities/FilterUtilitiesTests.swift:232:38: warning: 'filterCatalogByManufacturers(_:enabledManufacturers:)' is deprecated: Use filterGlassItemsByManufacturers instead
        let result = FilterUtilities.filterCatalogByManufacturers(items, enabledManufacturers: enabledManufacturers)
                                     ^
/Users/binde/projects/classes/Molten/Tests/MoltenTests/Utilities/FilterUtilitiesTests.swift:240:43: warning: 'filterCatalogByManufacturers(_:enabledManufacturers:)' is deprecated: Use filterGlassItemsByManufacturers instead
        let emptyResult = FilterUtilities.filterCatalogByManufacturers(items, enabledManufacturers: emptyEnabledSet)
                                          ^
/Users/binde/projects/classes/Molten/Tests/MoltenTests/Utilities/FilterUtilitiesTests.swift:245:49: warning: 'filterCatalogByManufacturers(_:enabledManufacturers:)' is deprecated: Use filterGlassItemsByManufacturers instead
        let nonEmptySetResult = FilterUtilities.filterCatalogByManufacturers(items, enabledManufacturers: nonEmptyEnabledSet)
                                                ^
/Users/binde/projects/classes/Molten/Tests/MoltenTests/Utilities/FilterUtilitiesTests.swift:253:13: warning: 'init(id:name:rawCode:manufacturer:tags:units:)' is deprecated: Use parent-child initializer instead
            CatalogItemModel(name: "Effetre Glass", rawCode: "EG-001", manufacturer: "Effetre"), // COE 104
            ^
/Users/binde/projects/classes/Molten/Tests/MoltenTests/Utilities/FilterUtilitiesTests.swift:254:13: warning: 'init(id:name:rawCode:manufacturer:tags:units:)' is deprecated: Use parent-child initializer instead
            CatalogItemModel(name: "Bullseye Glass", rawCode: "BG-002", manufacturer: "Bullseye"), // COE 90
            ^
/Users/binde/projects/classes/Molten/Tests/MoltenTests/Utilities/FilterUtilitiesTests.swift:255:13: warning: 'init(id:name:rawCode:manufacturer:tags:units:)' is deprecated: Use parent-child initializer instead
            CatalogItemModel(name: "Spectrum Glass", rawCode: "SG-003", manufacturer: "Spectrum"), // COE 96
            ^
/Users/binde/projects/classes/Molten/Tests/MoltenTests/Utilities/FilterUtilitiesTests.swift:256:13: warning: 'init(id:name:rawCode:manufacturer:tags:units:)' is deprecated: Use parent-child initializer instead
            CatalogItemModel(name: "Unknown Glass", rawCode: "UG-004", manufacturer: "Unknown"), // Unknown manufacturer
            ^
/Users/binde/projects/classes/Molten/Tests/MoltenTests/Utilities/FilterUtilitiesTests.swift:257:13: warning: 'init(id:name:rawCode:manufacturer:tags:units:)' is deprecated: Use parent-child initializer instead
            CatalogItemModel(name: "Empty Manufacturer", rawCode: "EM-005", manufacturer: ""), // empty manufacturer
            ^
/Users/binde/projects/classes/Molten/Tests/MoltenTests/Utilities/FilterUtilitiesTests.swift:261:44: warning: 'filterCatalogByCOE(_:selectedCOE:)' is deprecated: Use filterGlassItemsByCOE instead
        let coe104Result = FilterUtilities.filterCatalogByCOE(items, selectedCOE: 104)
                                           ^
/Users/binde/projects/classes/Molten/Tests/MoltenTests/Utilities/FilterUtilitiesTests.swift:265:44: warning: 'filterCatalogByCOE(_:selectedCOE:)' is deprecated: Use filterGlassItemsByCOE instead
        let nilCOEResult = FilterUtilities.filterCatalogByCOE(items, selectedCOE: nil)
                                           ^
/Users/binde/projects/classes/Molten/Tests/MoltenTests/Utilities/FilterUtilitiesTests.swift:269:43: warning: 'filterCatalogByCOE(_:selectedCOE:)' is deprecated: Use filterGlassItemsByCOE instead
        let coe96Result = FilterUtilities.filterCatalogByCOE(items, selectedCOE: 96)
                                          ^
/Users/binde/projects/classes/Molten/Tests/MoltenTests/Utilities/FilterUtilitiesTests.swift:277:13: warning: 'init(id:name:rawCode:manufacturer:tags:units:)' is deprecated: Use parent-child initializer instead
            CatalogItemModel(name: "Effetre Glass", rawCode: "EG-001", manufacturer: "Effetre"), // COE 104
            ^
/Users/binde/projects/classes/Molten/Tests/MoltenTests/Utilities/FilterUtilitiesTests.swift:278:13: warning: 'init(id:name:rawCode:manufacturer:tags:units:)' is deprecated: Use parent-child initializer instead
            CatalogItemModel(name: "Bullseye Glass", rawCode: "BG-002", manufacturer: "Bullseye"), // COE 90
            ^
/Users/binde/projects/classes/Molten/Tests/MoltenTests/Utilities/FilterUtilitiesTests.swift:279:13: warning: 'init(id:name:rawCode:manufacturer:tags:units:)' is deprecated: Use parent-child initializer instead
            CatalogItemModel(name: "Spectrum Glass", rawCode: "SG-003", manufacturer: "Spectrum"), // COE 96
            ^
/Users/binde/projects/classes/Molten/Tests/MoltenTests/Utilities/FilterUtilitiesTests.swift:280:13: warning: 'init(id:name:rawCode:manufacturer:tags:units:)' is deprecated: Use parent-child initializer instead
            CatalogItemModel(name: "Test Corp Glass", rawCode: "TCG-004", manufacturer: "TestCorp"), // Unknown
            ^
/Users/binde/projects/classes/Molten/Tests/MoltenTests/Utilities/FilterUtilitiesTests.swift:281:13: warning: 'init(id:name:rawCode:manufacturer:tags:units:)' is deprecated: Use parent-child initializer instead
            CatalogItemModel(name: "Empty Manufacturer", rawCode: "EM-005", manufacturer: ""), // Empty manufacturer
            ^
/Users/binde/projects/classes/Molten/Tests/MoltenTests/Utilities/FilterUtilitiesTests.swift:286:49: warning: 'filterCatalogByMultipleCOE(_:selectedCOETypes:)' is deprecated: Use filterGlassItemsByCOE instead
        let multipleCOEResult = FilterUtilities.filterCatalogByMultipleCOE(items, selectedCOETypes: multipleCOE)
                                                ^
/Users/binde/projects/classes/Molten/Tests/MoltenTests/Utilities/FilterUtilitiesTests.swift:291:46: warning: 'filterCatalogByMultipleCOE(_:selectedCOETypes:)' is deprecated: Use filterGlassItemsByCOE instead
        let emptyCOEResult = FilterUtilities.filterCatalogByMultipleCOE(items, selectedCOETypes: emptyCOESet)
                                             ^
/Users/binde/projects/classes/Molten/Tests/MoltenTests/Utilities/FilterUtilitiesTests.swift:296:44: warning: 'filterCatalogByMultipleCOE(_:selectedCOETypes:)' is deprecated: Use filterGlassItemsByCOE instead
        let allCOEResult = FilterUtilities.filterCatalogByMultipleCOE(items, selectedCOETypes: allCOETypes)
                                           ^
/Users/binde/projects/classes/Molten/Tests/MoltenTests/Utilities/FilterUtilitiesTests.swift:301:47: warning: 'filterCatalogByMultipleCOE(_:selectedCOETypes:)' is deprecated: Use filterGlassItemsByCOE instead
        let singleCOEResult = FilterUtilities.filterCatalogByMultipleCOE(items, selectedCOETypes: singleCOE)
                                              ^
/Users/binde/projects/classes/Molten/Tests/MoltenTests/Utilities/FilterUtilitiesTests.swift:313:38: warning: 'filterCatalogByTags(_:selectedTags:)' is deprecated: Use appropriate GlassItem filtering methods instead
        let result = FilterUtilities.filterCatalogByTags(items, selectedTags: selectedTags)
                                     ^
/Users/binde/projects/classes/Molten/Tests/MoltenTests/Utilities/FilterUtilitiesTests.swift:320:47: warning: 'filterCatalogByTags(_:selectedTags:)' is deprecated: Use appropriate GlassItem filtering methods instead
        let emptyTagsResult = FilterUtilities.filterCatalogByTags(items, selectedTags: emptyTags)
                                              ^
/Users/binde/projects/classes/Molten/Tests/MoltenTests/Utilities/FilterUtilitiesTests.swift:351:38: warning: 'filterCatalogByManufacturers(_:enabledManufacturers:)' is deprecated: Use filterGlassItemsByManufacturers instead
        let result = FilterUtilities.filterCatalogByManufacturers(emptyItems, enabledManufacturers: enabledManufacturers)
                                     ^
/Users/binde/projects/classes/Molten/Tests/MoltenTests/Utilities/FilterUtilitiesTests.swift:364:46: warning: 'filterCatalogByManufacturers(_:enabledManufacturers:)' is deprecated: Use filterGlassItemsByManufacturers instead
        let largeSetResult = FilterUtilities.filterCatalogByManufacturers(emptyItems, enabledManufacturers: largeEnabledSet)
                                             ^
/Users/binde/projects/classes/Molten/Tests/MoltenTests/Utilities/FilterUtilitiesTests.swift:377:37: warning: 'filterCatalogByManufacturers(_:enabledManufacturers:)' is deprecated: Use filterGlassItemsByManufacturers instead
            let _ = FilterUtilities.filterCatalogByManufacturers(emptyItems, enabledManufacturers: testSet)
                                    ^
/Users/binde/projects/classes/Molten/Tests/MoltenTests/Utilities/FilterUtilitiesTests.swift:395:44: warning: 'filterCatalogByManufacturers(_:enabledManufacturers:)' is deprecated: Use filterGlassItemsByManufacturers instead
        let frenchResult = FilterUtilities.filterCatalogByManufacturers(emptyItems, enabledManufacturers: frenchSet)
                                           ^
/Users/binde/projects/classes/Molten/Tests/MoltenTests/Utilities/FilterUtilitiesTests.swift:399:46: warning: 'filterCatalogByManufacturers(_:enabledManufacturers:)' is deprecated: Use filterGlassItemsByManufacturers instead
        let japaneseResult = FilterUtilities.filterCatalogByManufacturers(emptyItems, enabledManufacturers: japaneseSet)
                                             ^
/Users/binde/projects/classes/Molten/Tests/MoltenTests/Utilities/FilterUtilitiesTests.swift:403:49: warning: 'filterCatalogByManufacturers(_:enabledManufacturers:)' is deprecated: Use filterGlassItemsByManufacturers instead
        let specialCharResult = FilterUtilities.filterCatalogByManufacturers(emptyItems, enabledManufacturers: specialCharSet)
                                                ^
/Users/binde/projects/classes/Molten/Tests/MoltenTests/Utilities/FilterUtilitiesTests.swift:407:43: warning: 'filterCatalogByManufacturers(_:enabledManufacturers:)' is deprecated: Use filterGlassItemsByManufacturers instead
        let emojiResult = FilterUtilities.filterCatalogByManufacturers(emptyItems, enabledManufacturers: emojiSet)
                                          ^
/Users/binde/projects/classes/Molten/Tests/MoltenTests/Utilities/FilterUtilitiesTests.swift:420:45: warning: 'filterCatalogByManufacturers(_:enabledManufacturers:)' is deprecated: Use filterGlassItemsByManufacturers instead
        let complexResult = FilterUtilities.filterCatalogByManufacturers(emptyItems, enabledManufacturers: complexSet)
                                            ^
/Users/binde/projects/classes/Molten/Tests/MoltenTests/Utilities/FilterUtilitiesTests.swift:430:49: warning: 'filterCatalogByManufacturers(_:enabledManufacturers:)' is deprecated: Use filterGlassItemsByManufacturers instead
        let longUnicodeResult = FilterUtilities.filterCatalogByManufacturers(emptyItems, enabledManufacturers: longUnicodeSet)
                                                ^
/Users/binde/projects/classes/Molten/Tests/MoltenTests/Utilities/ImageHelpersTests.swift:104:17: note: '#expect(_:_:)' will always pass here; use 'Bool(true)' to silence this warning (from macro 'expect')
        #expect(true, "Nil manufacturer should not crash (result: \(result1 == nil ? "nil" : "image"))")
                ^~~~
/Users/binde/projects/classes/Molten/Tests/MoltenTests/Utilities/ImageHelpersTests.swift:108:17: note: '#expect(_:_:)' will always pass here; use 'Bool(true)' to silence this warning (from macro 'expect')
        #expect(true, "Empty manufacturer should not crash (result: \(result2 == nil ? "nil" : "image"))")
                ^~~~
/Users/binde/projects/classes/Molten/Tests/MoltenTests/Utilities/ImageHelpersTests.swift:112:17: note: '#expect(_:_:)' will always pass here; use 'Bool(true)' to silence this warning (from macro 'expect')
        #expect(true, "Whitespace manufacturer should not crash (result: \(result3 == nil ? "nil" : "image"))")
                ^~~~
/Users/binde/projects/classes/Molten/Tests/MoltenTests/Utilities/ImageHelpersTests.swift:197:17: note: '#expect(_:_:)' will always pass here; use 'Bool(true)' to silence this warning (from macro 'expect')
        #expect(true, "Different manufacturer parameters should use separate cache entries")
                ^~~~

SwiftCompile normal arm64 /Users/binde/projects/classes/Molten/Tests/MoltenTests/Utilities/ImageHelpersTests.swift (in target 'MoltenTests' from project 'Molten')
    cd /Users/binde/projects/classes
    
/Users/binde/projects/classes/Molten/Tests/MoltenTests/Utilities/FilterUtilitiesTests.swift:157:38: warning: 'is' test is always true
        #expect(enabledManufacturers is Set<String>, "Should return a Set of String")
                                     ^
/Users/binde/projects/classes/Molten/Tests/MoltenTests/Utilities/FilterUtilitiesTests.swift:232:38: warning: 'filterCatalogByManufacturers(_:enabledManufacturers:)' is deprecated: Use filterGlassItemsByManufacturers instead
        let result = FilterUtilities.filterCatalogByManufacturers(items, enabledManufacturers: enabledManufacturers)
                                     ^
/Users/binde/projects/classes/Molten/Tests/MoltenTests/Utilities/FilterUtilitiesTests.swift:240:43: warning: 'filterCatalogByManufacturers(_:enabledManufacturers:)' is deprecated: Use filterGlassItemsByManufacturers instead
        let emptyResult = FilterUtilities.filterCatalogByManufacturers(items, enabledManufacturers: emptyEnabledSet)
                                          ^
/Users/binde/projects/classes/Molten/Tests/MoltenTests/Utilities/FilterUtilitiesTests.swift:245:49: warning: 'filterCatalogByManufacturers(_:enabledManufacturers:)' is deprecated: Use filterGlassItemsByManufacturers instead
        let nonEmptySetResult = FilterUtilities.filterCatalogByManufacturers(items, enabledManufacturers: nonEmptyEnabledSet)
                                                ^
/Users/binde/projects/classes/Molten/Tests/MoltenTests/Utilities/FilterUtilitiesTests.swift:253:13: warning: 'init(id:name:rawCode:manufacturer:tags:units:)' is deprecated: Use parent-child initializer instead
            CatalogItemModel(name: "Effetre Glass", rawCode: "EG-001", manufacturer: "Effetre"), // COE 104
            ^
/Users/binde/projects/classes/Molten/Tests/MoltenTests/Utilities/FilterUtilitiesTests.swift:254:13: warning: 'init(id:name:rawCode:manufacturer:tags:units:)' is deprecated: Use parent-child initializer instead
            CatalogItemModel(name: "Bullseye Glass", rawCode: "BG-002", manufacturer: "Bullseye"), // COE 90
            ^
/Users/binde/projects/classes/Molten/Tests/MoltenTests/Utilities/FilterUtilitiesTests.swift:255:13: warning: 'init(id:name:rawCode:manufacturer:tags:units:)' is deprecated: Use parent-child initializer instead
            CatalogItemModel(name: "Spectrum Glass", rawCode: "SG-003", manufacturer: "Spectrum"), // COE 96
            ^
/Users/binde/projects/classes/Molten/Tests/MoltenTests/Utilities/FilterUtilitiesTests.swift:256:13: warning: 'init(id:name:rawCode:manufacturer:tags:units:)' is deprecated: Use parent-child initializer instead
            CatalogItemModel(name: "Unknown Glass", rawCode: "UG-004", manufacturer: "Unknown"), // Unknown manufacturer
            ^
/Users/binde/projects/classes/Molten/Tests/MoltenTests/Utilities/FilterUtilitiesTests.swift:257:13: warning: 'init(id:name:rawCode:manufacturer:tags:units:)' is deprecated: Use parent-child initializer instead
            CatalogItemModel(name: "Empty Manufacturer", rawCode: "EM-005", manufacturer: ""), // empty manufacturer
            ^
/Users/binde/projects/classes/Molten/Tests/MoltenTests/Utilities/FilterUtilitiesTests.swift:261:44: warning: 'filterCatalogByCOE(_:selectedCOE:)' is deprecated: Use filterGlassItemsByCOE instead
        let coe104Result = FilterUtilities.filterCatalogByCOE(items, selectedCOE: 104)
                                           ^
/Users/binde/projects/classes/Molten/Tests/MoltenTests/Utilities/FilterUtilitiesTests.swift:265:44: warning: 'filterCatalogByCOE(_:selectedCOE:)' is deprecated: Use filterGlassItemsByCOE instead
        let nilCOEResult = FilterUtilities.filterCatalogByCOE(items, selectedCOE: nil)
                                           ^
/Users/binde/projects/classes/Molten/Tests/MoltenTests/Utilities/FilterUtilitiesTests.swift:269:43: warning: 'filterCatalogByCOE(_:selectedCOE:)' is deprecated: Use filterGlassItemsByCOE instead
        let coe96Result = FilterUtilities.filterCatalogByCOE(items, selectedCOE: 96)
                                          ^
/Users/binde/projects/classes/Molten/Tests/MoltenTests/Utilities/FilterUtilitiesTests.swift:277:13: warning: 'init(id:name:rawCode:manufacturer:tags:units:)' is deprecated: Use parent-child initializer instead
            CatalogItemModel(name: "Effetre Glass", rawCode: "EG-001", manufacturer: "Effetre"), // COE 104
            ^
/Users/binde/projects/classes/Molten/Tests/MoltenTests/Utilities/FilterUtilitiesTests.swift:278:13: warning: 'init(id:name:rawCode:manufacturer:tags:units:)' is deprecated: Use parent-child initializer instead
            CatalogItemModel(name: "Bullseye Glass", rawCode: "BG-002", manufacturer: "Bullseye"), // COE 90
            ^
/Users/binde/projects/classes/Molten/Tests/MoltenTests/Utilities/FilterUtilitiesTests.swift:279:13: warning: 'init(id:name:rawCode:manufacturer:tags:units:)' is deprecated: Use parent-child initializer instead
            CatalogItemModel(name: "Spectrum Glass", rawCode: "SG-003", manufacturer: "Spectrum"), // COE 96
            ^
/Users/binde/projects/classes/Molten/Tests/MoltenTests/Utilities/FilterUtilitiesTests.swift:280:13: warning: 'init(id:name:rawCode:manufacturer:tags:units:)' is deprecated: Use parent-child initializer instead
            CatalogItemModel(name: "Test Corp Glass", rawCode: "TCG-004", manufacturer: "TestCorp"), // Unknown
            ^
/Users/binde/projects/classes/Molten/Tests/MoltenTests/Utilities/FilterUtilitiesTests.swift:281:13: warning: 'init(id:name:rawCode:manufacturer:tags:units:)' is deprecated: Use parent-child initializer instead
            CatalogItemModel(name: "Empty Manufacturer", rawCode: "EM-005", manufacturer: ""), // Empty manufacturer
            ^
/Users/binde/projects/classes/Molten/Tests/MoltenTests/Utilities/FilterUtilitiesTests.swift:286:49: warning: 'filterCatalogByMultipleCOE(_:selectedCOETypes:)' is deprecated: Use filterGlassItemsByCOE instead
        let multipleCOEResult = FilterUtilities.filterCatalogByMultipleCOE(items, selectedCOETypes: multipleCOE)
                                                ^
/Users/binde/projects/classes/Molten/Tests/MoltenTests/Utilities/FilterUtilitiesTests.swift:291:46: warning: 'filterCatalogByMultipleCOE(_:selectedCOETypes:)' is deprecated: Use filterGlassItemsByCOE instead
        let emptyCOEResult = FilterUtilities.filterCatalogByMultipleCOE(items, selectedCOETypes: emptyCOESet)
                                             ^
/Users/binde/projects/classes/Molten/Tests/MoltenTests/Utilities/FilterUtilitiesTests.swift:296:44: warning: 'filterCatalogByMultipleCOE(_:selectedCOETypes:)' is deprecated: Use filterGlassItemsByCOE instead
        let allCOEResult = FilterUtilities.filterCatalogByMultipleCOE(items, selectedCOETypes: allCOETypes)
                                           ^
/Users/binde/projects/classes/Molten/Tests/MoltenTests/Utilities/FilterUtilitiesTests.swift:301:47: warning: 'filterCatalogByMultipleCOE(_:selectedCOETypes:)' is deprecated: Use filterGlassItemsByCOE instead
        let singleCOEResult = FilterUtilities.filterCatalogByMultipleCOE(items, selectedCOETypes: singleCOE)
                                              ^
/Users/binde/projects/classes/Molten/Tests/MoltenTests/Utilities/FilterUtilitiesTests.swift:313:38: warning: 'filterCatalogByTags(_:selectedTags:)' is deprecated: Use appropriate GlassItem filtering methods instead
        let result = FilterUtilities.filterCatalogByTags(items, selectedTags: selectedTags)
                                     ^
/Users/binde/projects/classes/Molten/Tests/MoltenTests/Utilities/FilterUtilitiesTests.swift:320:47: warning: 'filterCatalogByTags(_:selectedTags:)' is deprecated: Use appropriate GlassItem filtering methods instead
        let emptyTagsResult = FilterUtilities.filterCatalogByTags(items, selectedTags: emptyTags)
                                              ^
/Users/binde/projects/classes/Molten/Tests/MoltenTests/Utilities/FilterUtilitiesTests.swift:351:38: warning: 'filterCatalogByManufacturers(_:enabledManufacturers:)' is deprecated: Use filterGlassItemsByManufacturers instead
        let result = FilterUtilities.filterCatalogByManufacturers(emptyItems, enabledManufacturers: enabledManufacturers)
                                     ^
/Users/binde/projects/classes/Molten/Tests/MoltenTests/Utilities/FilterUtilitiesTests.swift:364:46: warning: 'filterCatalogByManufacturers(_:enabledManufacturers:)' is deprecated: Use filterGlassItemsByManufacturers instead
        let largeSetResult = FilterUtilities.filterCatalogByManufacturers(emptyItems, enabledManufacturers: largeEnabledSet)
                                             ^
/Users/binde/projects/classes/Molten/Tests/MoltenTests/Utilities/FilterUtilitiesTests.swift:377:37: warning: 'filterCatalogByManufacturers(_:enabledManufacturers:)' is deprecated: Use filterGlassItemsByManufacturers instead
            let _ = FilterUtilities.filterCatalogByManufacturers(emptyItems, enabledManufacturers: testSet)
                                    ^
/Users/binde/projects/classes/Molten/Tests/MoltenTests/Utilities/FilterUtilitiesTests.swift:395:44: warning: 'filterCatalogByManufacturers(_:enabledManufacturers:)' is deprecated: Use filterGlassItemsByManufacturers instead
        let frenchResult = FilterUtilities.filterCatalogByManufacturers(emptyItems, enabledManufacturers: frenchSet)
                                           ^
/Users/binde/projects/classes/Molten/Tests/MoltenTests/Utilities/FilterUtilitiesTests.swift:399:46: warning: 'filterCatalogByManufacturers(_:enabledManufacturers:)' is deprecated: Use filterGlassItemsByManufacturers instead
        let japaneseResult = FilterUtilities.filterCatalogByManufacturers(emptyItems, enabledManufacturers: japaneseSet)
                                             ^
/Users/binde/projects/classes/Molten/Tests/MoltenTests/Utilities/FilterUtilitiesTests.swift:403:49: warning: 'filterCatalogByManufacturers(_:enabledManufacturers:)' is deprecated: Use filterGlassItemsByManufacturers instead
        let specialCharResult = FilterUtilities.filterCatalogByManufacturers(emptyItems, enabledManufacturers: specialCharSet)
                                                ^
/Users/binde/projects/classes/Molten/Tests/MoltenTests/Utilities/FilterUtilitiesTests.swift:407:43: warning: 'filterCatalogByManufacturers(_:enabledManufacturers:)' is deprecated: Use filterGlassItemsByManufacturers instead
        let emojiResult = FilterUtilities.filterCatalogByManufacturers(emptyItems, enabledManufacturers: emojiSet)
                                          ^
/Users/binde/projects/classes/Molten/Tests/MoltenTests/Utilities/FilterUtilitiesTests.swift:420:45: warning: 'filterCatalogByManufacturers(_:enabledManufacturers:)' is deprecated: Use filterGlassItemsByManufacturers instead
        let complexResult = FilterUtilities.filterCatalogByManufacturers(emptyItems, enabledManufacturers: complexSet)
                                            ^
/Users/binde/projects/classes/Molten/Tests/MoltenTests/Utilities/FilterUtilitiesTests.swift:430:49: warning: 'filterCatalogByManufacturers(_:enabledManufacturers:)' is deprecated: Use filterGlassItemsByManufacturers instead
        let longUnicodeResult = FilterUtilities.filterCatalogByManufacturers(emptyItems, enabledManufacturers: longUnicodeSet)
                                                ^
/Users/binde/projects/classes/Molten/Tests/MoltenTests/Utilities/ImageHelpersTests.swift:104:17: note: '#expect(_:_:)' will always pass here; use 'Bool(true)' to silence this warning (from macro 'expect')
        #expect(true, "Nil manufacturer should not crash (result: \(result1 == nil ? "nil" : "image"))")
                ^~~~
/Users/binde/projects/classes/Molten/Tests/MoltenTests/Utilities/ImageHelpersTests.swift:108:17: note: '#expect(_:_:)' will always pass here; use 'Bool(true)' to silence this warning (from macro 'expect')
        #expect(true, "Empty manufacturer should not crash (result: \(result2 == nil ? "nil" : "image"))")
                ^~~~
/Users/binde/projects/classes/Molten/Tests/MoltenTests/Utilities/ImageHelpersTests.swift:112:17: note: '#expect(_:_:)' will always pass here; use 'Bool(true)' to silence this warning (from macro 'expect')
        #expect(true, "Whitespace manufacturer should not crash (result: \(result3 == nil ? "nil" : "image"))")
                ^~~~
/Users/binde/projects/classes/Molten/Tests/MoltenTests/Utilities/ImageHelpersTests.swift:197:17: note: '#expect(_:_:)' will always pass here; use 'Bool(true)' to silence this warning (from macro 'expect')
        #expect(true, "Different manufacturer parameters should use separate cache entries")
                ^~~~
/Users/binde/projects/classes/Molten/Tests/MoltenTests/Utilities/ImageHelpersTests.swift:194:13: warning: initialization of immutable value 'withoutMfg' was never used; consider replacing with assignment to '_' or removing it
        let withoutMfg = ImageHelpers.loadProductImage(for: testCode, manufacturer: nil)
        ~~~~^~~~~~~~~~
        _
/Users/binde/projects/classes/Molten/Tests/MoltenTests/Utilities/ImageHelpersTests.swift:221:17: note: '#expect(_:_:)' will always pass here; use 'Bool(true)' to silence this warning (from macro 'expect')
        #expect(true, "Multiple extension search should complete without crashing")
                ^~~~
/Users/binde/projects/classes/Molten/Tests/MoltenTests/Utilities/ImageHelpersTests.swift:227:21: note: '#expect(_:_:)' will always pass here; use 'Bool(true)' to silence this warning (from macro 'expect')
            #expect(true, "Extension search for '\(code)' should not crash")
                    ^~~~
/Users/binde/projects/classes/Molten/Tests/MoltenTests/Utilities/ImageHelpersTests.swift:214:13: warning: initialization of immutable value 'expectedExtensions' was never used; consider replacing with assignment to '_' or removing it
        let expectedExtensions = ["jpg", "jpeg", "png", "PNG", "JPG", "JPEG"]
        ~~~~^~~~~~~~~~~~~~~~~~
        _
/Users/binde/projects/classes/Molten/Tests/MoltenTests/Utilities/ImageHelpersTests.swift:217:13: warning: initialization of immutable value 'result' was never used; consider replacing with assignment to '_' or removing it
        let result = ImageHelpers.loadProductImage(for: testCode)
        ~~~~^~~~~~
        _
/Users/binde/projects/classes/Molten/Tests/MoltenTests/Utilities/ImageHelpersTests.swift:226:17: warning: initialization of immutable value 'result' was never used; consider replacing with assignment to '_' or removing it
            let result = ImageHelpers.loadProductImage(for: code)
            ~~~~^~~~~~
            _
/Users/binde/projects/classes/Molten/Tests/MoltenTests/Utilities/ImageHelpersTests.swift:243:17: note: '#expect(_:_:)' will always pass here; use 'Bool(true)' to silence this warning (from macro 'expect')
        #expect(true, "Manufacturer prefix logic should handle both cases")
                ^~~~
/Users/binde/projects/classes/Molten/Tests/MoltenTests/Utilities/ImageHelpersTests.swift:248:17: note: '#expect(_:_:)' will always pass here; use 'Bool(true)' to silence this warning (from macro 'expect')
        #expect(true, "Special characters in manufacturer should be handled")
                ^~~~
/Users/binde/projects/classes/Molten/Tests/MoltenTests/Utilities/ImageHelpersTests.swift:237:13: warning: initialization of immutable value 'withMfg' was never used; consider replacing with assignment to '_' or removing it
        let withMfg = ImageHelpers.loadProductImage(for: testCode, manufacturer: manufacturer)
        ~~~~^~~~~~~
        _
/Users/binde/projects/classes/Molten/Tests/MoltenTests/Utilities/ImageHelpersTests.swift:240:13: warning: initialization of immutable value 'withoutMfg' was never used; consider replacing with assignment to '_' or removing it
        let withoutMfg = ImageHelpers.loadProductImage(for: testCode, manufacturer: nil)
        ~~~~^~~~~~~~~~
        _
/Users/binde/projects/classes/Molten/Tests/MoltenTests/Utilities/ImageHelpersTests.swift:247:13: warning: initialization of immutable value 'withSpecialMfg' was never used; consider replacing with assignment to '_' or removing it
        let withSpecialMfg = ImageHelpers.loadProductImage(for: testCode, manufacturer: specialMfg)
        ~~~~^~~~~~~~~~~~~~
        _
/Users/binde/projects/classes/Molten/Tests/MoltenTests/Utilities/ImageHelpersTests.swift:266:21: note: '#expect(_:_:)' will always pass here; use 'Bool(true)' to silence this warning (from macro 'expect')
            #expect(true, "Path construction for code '\(code)', mfg '\(manufacturer ?? "nil")' should not crash")
                    ^~~~
/Users/binde/projects/classes/Molten/Tests/MoltenTests/Utilities/ImageHelpersTests.swift:265:17: warning: initialization of immutable value 'result' was never used; consider replacing with assignment to '_' or removing it
            let result = ImageHelpers.loadProductImage(for: code, manufacturer: manufacturer)
            ~~~~^~~~~~
            _
/Users/binde/projects/classes/Molten/Tests/MoltenTests/Utilities/ImageHelpersTests.swift:329:17: note: '#expect(_:_:)' will always pass here; use 'Bool(true)' to silence this warning (from macro 'expect')
        #expect(true, "Should handle many image requests without memory issues")
                ^~~~
/Users/binde/projects/classes/Molten/Tests/MoltenTests/Utilities/ImageHelpersTests.swift:338:17: note: '#expect(_:_:)' will always pass here; use 'Bool(true)' to silence this warning (from macro 'expect')
        #expect(true, "Should initialize ProductImageView with default parameters")
                ^~~~
/Users/binde/projects/classes/Molten/Tests/MoltenTests/Utilities/ImageHelpersTests.swift:342:17: note: '#expect(_:_:)' will always pass here; use 'Bool(true)' to silence this warning (from macro 'expect')
        #expect(true, "Should initialize ProductImageView with manufacturer")
                ^~~~
/Users/binde/projects/classes/Molten/Tests/MoltenTests/Utilities/ImageHelpersTests.swift:346:17: note: '#expect(_:_:)' will always pass here; use 'Bool(true)' to silence this warning (from macro 'expect')
        #expect(true, "Should initialize ProductImageView with custom size")
                ^~~~
/Users/binde/projects/classes/Molten/Tests/MoltenTests/Utilities/ImageHelpersTests.swift:350:17: note: '#expect(_:_:)' will always pass here; use 'Bool(true)' to silence this warning (from macro 'expect')
        #expect(true, "Should initialize ProductImageView with all parameters")
                ^~~~
/Users/binde/projects/classes/Molten/Tests/MoltenTests/Utilities/ImageHelpersTests.swift:337:13: warning: initialization of immutable value 'defaultView' was never used; consider replacing with assignment to '_' or removing it
        let defaultView = ProductImageView(itemCode: "TEST-001")
        ~~~~^~~~~~~~~~~
        _
/Users/binde/projects/classes/Molten/Tests/MoltenTests/Utilities/ImageHelpersTests.swift:341:13: warning: initialization of immutable value 'withManufacturer' was never used; consider replacing with assignment to '_' or removing it
        let withManufacturer = ProductImageView(itemCode: "TEST-002", manufacturer: "TestMfg")
        ~~~~^~~~~~~~~~~~~~~~
        _
/Users/binde/projects/classes/Molten/Tests/MoltenTests/Utilities/ImageHelpersTests.swift:345:13: warning: initialization of immutable value 'customSize' was never used; consider replacing with assignment to '_' or removing it
        let customSize = ProductImageView(itemCode: "TEST-003", size: 120)
        ~~~~^~~~~~~~~~
        _
/Users/binde/projects/classes/Molten/Tests/MoltenTests/Utilities/ImageHelpersTests.swift:349:13: warning: initialization of immutable value 'fullInit' was never used; consider replacing with assignment to '_' or removing it
        let fullInit = ProductImageView(itemCode: "TEST-004", manufacturer: "TestMfg", size: 80)
        ~~~~^~~~~~~~
        _
/Users/binde/projects/classes/Molten/Tests/MoltenTests/Utilities/ImageHelpersTests.swift:337:27: warning: call to main actor-isolated initializer 'init(itemCode:manufacturer:stableId:imagePath:size:)' in a synchronous nonisolated context
        let defaultView = ProductImageView(itemCode: "TEST-001")
                          ^
Molten.ProductImageView.init:2:21: note: calls to initializer 'init(itemCode:manufacturer:stableId:imagePath:size:)' from outside of its actor context are implicitly asynchronous
@MainActor internal init(itemCode: String, manufacturer: String? = nil, stableId: String? = nil, imagePath: String? = nil, size: CGFloat = 60)}
                    ^
/Users/binde/projects/classes/Molten/Tests/MoltenTests/Utilities/ImageHelpersTests.swift:335:10: note: add '@MainActor' to make instance method 'testProductImageViewInitialization()' part of global actor 'MainActor'
    func testProductImageViewInitialization() {
         ^
/Users/binde/projects/classes/Molten/Tests/MoltenTests/Utilities/ImageHelpersTests.swift:341:32: warning: call to main actor-isolated initializer 'init(itemCode:manufacturer:stableId:imagePath:size:)' in a synchronous nonisolated context
        let withManufacturer = ProductImageView(itemCode: "TEST-002", manufacturer: "TestMfg")
                               ^
Molten.ProductImageView.init:2:21: note: calls to initializer 'init(itemCode:manufacturer:stableId:imagePath:size:)' from outside of its actor context are implicitly asynchronous
@MainActor internal init(itemCode: String, manufacturer: String? = nil, stableId: String? = nil, imagePath: String? = nil, size: CGFloat = 60)}
                    ^
/Users/binde/projects/classes/Molten/Tests/MoltenTests/Utilities/ImageHelpersTests.swift:335:10: note: add '@MainActor' to make instance method 'testProductImageViewInitialization()' part of global actor 'MainActor'
    func testProductImageViewInitialization() {
         ^
/Users/binde/projects/classes/Molten/Tests/MoltenTests/Utilities/ImageHelpersTests.swift:345:26: warning: call to main actor-isolated initializer 'init(itemCode:manufacturer:stableId:imagePath:size:)' in a synchronous nonisolated context
        let customSize = ProductImageView(itemCode: "TEST-003", size: 120)
                         ^
Molten.ProductImageView.init:2:21: note: calls to initializer 'init(itemCode:manufacturer:stableId:imagePath:size:)' from outside of its actor context are implicitly asynchronous
@MainActor internal init(itemCode: String, manufacturer: String? = nil, stableId: String? = nil, imagePath: String? = nil, size: CGFloat = 60)}
                    ^
/Users/binde/projects/classes/Molten/Tests/MoltenTests/Utilities/ImageHelpersTests.swift:335:10: note: add '@MainActor' to make instance method 'testProductImageViewInitialization()' part of global actor 'MainActor'
    func testProductImageViewInitialization() {
         ^
/Users/binde/projects/classes/Molten/Tests/MoltenTests/Utilities/ImageHelpersTests.swift:349:24: warning: call to main actor-isolated initializer 'init(itemCode:manufacturer:stableId:imagePath:size:)' in a synchronous nonisolated context
        let fullInit = ProductImageView(itemCode: "TEST-004", manufacturer: "TestMfg", size: 80)
                       ^
Molten.ProductImageView.init:2:21: note: calls to initializer 'init(itemCode:manufacturer:stableId:imagePath:size:)' from outside of its actor context are implicitly asynchronous
@MainActor internal init(itemCode: String, manufacturer: String? = nil, stableId: String? = nil, imagePath: String? = nil, size: CGFloat = 60)}
                    ^
/Users/binde/projects/classes/Molten/Tests/MoltenTests/Utilities/ImageHelpersTests.swift:335:10: note: add '@MainActor' to make instance method 'testProductImageViewInitialization()' part of global actor 'MainActor'
    func testProductImageViewInitialization() {
         ^
/Users/binde/projects/classes/Molten/Tests/MoltenTests/Utilities/ImageHelpersTests.swift:357:17: note: '#expect(_:_:)' will always pass here; use 'Bool(true)' to silence this warning (from macro 'expect')
        #expect(true, "Should initialize ProductImageThumbnail with default size")
                ^~~~
/Users/binde/projects/classes/Molten/Tests/MoltenTests/Utilities/ImageHelpersTests.swift:361:17: note: '#expect(_:_:)' will always pass here; use 'Bool(true)' to silence this warning (from macro 'expect')
        #expect(true, "Should initialize ProductImageThumbnail with manufacturer")
                ^~~~
/Users/binde/projects/classes/Molten/Tests/MoltenTests/Utilities/ImageHelpersTests.swift:365:17: note: '#expect(_:_:)' will always pass here; use 'Bool(true)' to silence this warning (from macro 'expect')
        #expect(true, "Should initialize ProductImageThumbnail with custom size")
                ^~~~
/Users/binde/projects/classes/Molten/Tests/MoltenTests/Utilities/ImageHelpersTests.swift:356:13: warning: initialization of immutable value 'defaultThumbnail' was never used; consider replacing with assignment to '_' or removing it
        let defaultThumbnail = ProductImageThumbnail(itemCode: "THUMB-001")
        ~~~~^~~~~~~~~~~~~~~~
        _
/Users/binde/projects/classes/Molten/Tests/MoltenTests/Utilities/ImageHelpersTests.swift:360:13: warning: initialization of immutable value 'withMfg' was never used; consider replacing with assignment to '_' or removing it
        let withMfg = ProductImageThumbnail(itemCode: "THUMB-002", manufacturer: "TestMfg")
        ~~~~^~~~~~~
        _
/Users/binde/projects/classes/Molten/Tests/MoltenTests/Utilities/ImageHelpersTests.swift:364:13: warning: initialization of immutable value 'customSize' was never used; consider replacing with assignment to '_' or removing it
        let customSize = ProductImageThumbnail(itemCode: "THUMB-003", size: 60)
        ~~~~^~~~~~~~~~
        _
/Users/binde/projects/classes/Molten/Tests/MoltenTests/Utilities/ImageHelpersTests.swift:356:32: warning: call to main actor-isolated initializer 'init(itemCode:manufacturer:stableId:imagePath:size:)' in a synchronous nonisolated context
        let defaultThumbnail = ProductImageThumbnail(itemCode: "THUMB-001")
                               ^
Molten.ProductImageThumbnail.init:2:21: note: calls to initializer 'init(itemCode:manufacturer:stableId:imagePath:size:)' from outside of its actor context are implicitly asynchronous
@MainActor internal init(itemCode: String, manufacturer: String? = nil, stableId: String? = nil, imagePath: String? = nil, size: CGFloat = 40)}
                    ^
/Users/binde/projects/classes/Molten/Tests/MoltenTests/Utilities/ImageHelpersTests.swift:354:10: note: add '@MainActor' to make instance method 'testProductImageThumbnailInitialization()' part of global actor 'MainActor'
    func testProductImageThumbnailInitialization() {
         ^
/Users/binde/projects/classes/Molten/Tests/MoltenTests/Utilities/ImageHelpersTests.swift:360:23: warning: call to main actor-isolated initializer 'init(itemCode:manufacturer:stableId:imagePath:size:)' in a synchronous nonisolated context
        let withMfg = ProductImageThumbnail(itemCode: "THUMB-002", manufacturer: "TestMfg")
                      ^
Molten.ProductImageThumbnail.init:2:21: note: calls to initializer 'init(itemCode:manufacturer:stableId:imagePath:size:)' from outside of its actor context are implicitly asynchronous
@MainActor internal init(itemCode: String, manufacturer: String? = nil, stableId: String? = nil, imagePath: String? = nil, size: CGFloat = 40)}
                    ^
/Users/binde/projects/classes/Molten/Tests/MoltenTests/Utilities/ImageHelpersTests.swift:354:10: note: add '@MainActor' to make instance method 'testProductImageThumbnailInitialization()' part of global actor 'MainActor'
    func testProductImageThumbnailInitialization() {
         ^
/Users/binde/projects/classes/Molten/Tests/MoltenTests/Utilities/ImageHelpersTests.swift:364:26: warning: call to main actor-isolated initializer 'init(itemCode:manufacturer:stableId:imagePath:size:)' in a synchronous nonisolated context
        let customSize = ProductImageThumbnail(itemCode: "THUMB-003", size: 60)
                         ^
Molten.ProductImageThumbnail.init:2:21: note: calls to initializer 'init(itemCode:manufacturer:stableId:imagePath:size:)' from outside of its actor context are implicitly asynchronous
@MainActor internal init(itemCode: String, manufacturer: String? = nil, stableId: String? = nil, imagePath: String? = nil, size: CGFloat = 40)}
                    ^
/Users/binde/projects/classes/Molten/Tests/MoltenTests/Utilities/ImageHelpersTests.swift:354:10: note: add '@MainActor' to make instance method 'testProductImageThumbnailInitialization()' part of global actor 'MainActor'
    func testProductImageThumbnailInitialization() {
         ^
/Users/binde/projects/classes/Molten/Tests/MoltenTests/Utilities/ImageHelpersTests.swift:372:17: note: '#expect(_:_:)' will always pass here; use 'Bool(true)' to silence this warning (from macro 'expect')
        #expect(true, "Should initialize ProductImageDetail with default max size")
                ^~~~
/Users/binde/projects/classes/Molten/Tests/MoltenTests/Utilities/ImageHelpersTests.swift:376:17: note: '#expect(_:_:)' will always pass here; use 'Bool(true)' to silence this warning (from macro 'expect')
        #expect(true, "Should initialize ProductImageDetail with manufacturer")
                ^~~~
/Users/binde/projects/classes/Molten/Tests/MoltenTests/Utilities/ImageHelpersTests.swift:380:17: note: '#expect(_:_:)' will always pass here; use 'Bool(true)' to silence this warning (from macro 'expect')
        #expect(true, "Should initialize ProductImageDetail with custom max size")
                ^~~~
/Users/binde/projects/classes/Molten/Tests/MoltenTests/Utilities/ImageHelpersTests.swift:371:13: warning: initialization of immutable value 'defaultDetail' was never used; consider replacing with assignment to '_' or removing it
        let defaultDetail = ProductImageDetail(itemCode: "DETAIL-001")
        ~~~~^~~~~~~~~~~~~
        _
/Users/binde/projects/classes/Molten/Tests/MoltenTests/Utilities/ImageHelpersTests.swift:375:13: warning: initialization of immutable value 'withMfg' was never used; consider replacing with assignment to '_' or removing it
        let withMfg = ProductImageDetail(itemCode: "DETAIL-002", manufacturer: "TestMfg")
        ~~~~^~~~~~~
        _
/Users/binde/projects/classes/Molten/Tests/MoltenTests/Utilities/ImageHelpersTests.swift:379:13: warning: initialization of immutable value 'customMaxSize' was never used; consider replacing with assignment to '_' or removing it
        let customMaxSize = ProductImageDetail(itemCode: "DETAIL-003", maxSize: 300)
        ~~~~^~~~~~~~~~~~~
        _
/Users/binde/projects/classes/Molten/Tests/MoltenTests/Utilities/ImageHelpersTests.swift:371:29: warning: call to main actor-isolated initializer 'init(itemCode:manufacturer:stableId:imagePath:maxSize:allowImageUpload:onImageUploaded:)' in a synchronous nonisolated context
        let defaultDetail = ProductImageDetail(itemCode: "DETAIL-001")
                            ^
Molten.ProductImageDetail.init:2:21: note: calls to initializer 'init(itemCode:manufacturer:stableId:imagePath:maxSize:allowImageUpload:onImageUploaded:)' from outside of its actor context are implicitly asynchronous
@MainActor internal init(itemCode: String, manufacturer: String? = nil, stableId: String? = nil, imagePath: String? = nil, maxSize: CGFloat = 200, allowImageUpload: Bool = false, onImageUploaded: (() -> Void)? = nil)}
                    ^
/Users/binde/projects/classes/Molten/Tests/MoltenTests/Utilities/ImageHelpersTests.swift:369:10: note: add '@MainActor' to make instance method 'testProductImageDetailInitialization()' part of global actor 'MainActor'
    func testProductImageDetailInitialization() {
         ^
/Users/binde/projects/classes/Molten/Tests/MoltenTests/Utilities/ImageHelpersTests.swift:375:23: warning: call to main actor-isolated initializer 'init(itemCode:manufacturer:stableId:imagePath:maxSize:allowImageUpload:onImageUploaded:)' in a synchronous nonisolated context
        let withMfg = ProductImageDetail(itemCode: "DETAIL-002", manufacturer: "TestMfg")
                      ^
Molten.ProductImageDetail.init:2:21: note: calls to initializer 'init(itemCode:manufacturer:stableId:imagePath:maxSize:allowImageUpload:onImageUploaded:)' from outside of its actor context are implicitly asynchronous
@MainActor internal init(itemCode: String, manufacturer: String? = nil, stableId: String? = nil, imagePath: String? = nil, maxSize: CGFloat = 200, allowImageUpload: Bool = false, onImageUploaded: (() -> Void)? = nil)}
                    ^
/Users/binde/projects/classes/Molten/Tests/MoltenTests/Utilities/ImageHelpersTests.swift:369:10: note: add '@MainActor' to make instance method 'testProductImageDetailInitialization()' part of global actor 'MainActor'
    func testProductImageDetailInitialization() {
         ^
/Users/binde/projects/classes/Molten/Tests/MoltenTests/Utilities/ImageHelpersTests.swift:379:29: warning: call to main actor-isolated initializer 'init(itemCode:manufacturer:stableId:imagePath:maxSize:allowImageUpload:onImageUploaded:)' in a synchronous nonisolated context
        let customMaxSize = ProductImageDetail(itemCode: "DETAIL-003", maxSize: 300)
                            ^
Molten.ProductImageDetail.init:2:21: note: calls to initializer 'init(itemCode:manufacturer:stableId:imagePath:maxSize:allowImageUpload:onImageUploaded:)' from outside of its actor context are implicitly asynchronous
@MainActor internal init(itemCode: String, manufacturer: String? = nil, stableId: String? = nil, imagePath: String? = nil, maxSize: CGFloat = 200, allowImageUpload: Bool = false, onImageUploaded: (() -> Void)? = nil)}
                    ^
/Users/binde/projects/classes/Molten/Tests/MoltenTests/Utilities/ImageHelpersTests.swift:369:10: note: add '@MainActor' to make instance method 'testProductImageDetailInitialization()' part of global actor 'MainActor'
    func testProductImageDetailInitialization() {
         ^
/Users/binde/projects/classes/Molten/Tests/MoltenTests/Utilities/ImageHelpersTests.swift:391:21: note: '#expect(_:_:)' will always pass here; use 'Bool(true)' to silence this warning (from macro 'expect')
            #expect(true, "Should handle size \(size) without issues")
                    ^~~~
/Users/binde/projects/classes/Molten/Tests/MoltenTests/Utilities/ImageHelpersTests.swift:394:21: note: '#expect(_:_:)' will always pass here; use 'Bool(true)' to silence this warning (from macro 'expect')
            #expect(true, "Should handle thumbnail size \(size) without issues")
                    ^~~~
/Users/binde/projects/classes/Molten/Tests/MoltenTests/Utilities/ImageHelpersTests.swift:397:21: note: '#expect(_:_:)' will always pass here; use 'Bool(true)' to silence this warning (from macro 'expect')
            #expect(true, "Should handle detail max size \(size) without issues")
                    ^~~~
/Users/binde/projects/classes/Molten/Tests/MoltenTests/Utilities/ImageHelpersTests.swift:390:17: warning: initialization of immutable value 'view' was never used; consider replacing with assignment to '_' or removing it
            let view = ProductImageView(itemCode: "SIZE-TEST", size: size)
            ~~~~^~~~
            _
/Users/binde/projects/classes/Molten/Tests/MoltenTests/Utilities/ImageHelpersTests.swift:393:17: warning: initialization of immutable value 'thumbnail' was never used; consider replacing with assignment to '_' or removing it
            let thumbnail = ProductImageThumbnail(itemCode: "SIZE-TEST", size: size)
            ~~~~^~~~~~~~~
            _
/Users/binde/projects/classes/Molten/Tests/MoltenTests/Utilities/ImageHelpersTests.swift:396:17: warning: initialization of immutable value 'detail' was never used; consider replacing with assignment to '_' or removing it
            let detail = ProductImageDetail(itemCode: "SIZE-TEST", maxSize: size)
            ~~~~^~~~~~
            _
/Users/binde/projects/classes/Molten/Tests/MoltenTests/Utilities/ImageHelpersTests.swift:390:24: warning: call to main actor-isolated initializer 'init(itemCode:manufacturer:stableId:imagePath:size:)' in a synchronous nonisolated context
            let view = ProductImageView(itemCode: "SIZE-TEST", size: size)
                       ^
Molten.ProductImageView.init:2:21: note: calls to initializer 'init(itemCode:manufacturer:stableId:imagePath:size:)' from outside of its actor context are implicitly asynchronous
@MainActor internal init(itemCode: String, manufacturer: String? = nil, stableId: String? = nil, imagePath: String? = nil, size: CGFloat = 60)}
                    ^
/Users/binde/projects/classes/Molten/Tests/MoltenTests/Utilities/ImageHelpersTests.swift:386:10: note: add '@MainActor' to make instance method 'testSizeConfigurations()' part of global actor 'MainActor'
    func testSizeConfigurations() {
         ^
/Users/binde/projects/classes/Molten/Tests/MoltenTests/Utilities/ImageHelpersTests.swift:393:29: warning: call to main actor-isolated initializer 'init(itemCode:manufacturer:stableId:imagePath:size:)' in a synchronous nonisolated context
            let thumbnail = ProductImageThumbnail(itemCode: "SIZE-TEST", size: size)
                            ^
Molten.ProductImageThumbnail.init:2:21: note: calls to initializer 'init(itemCode:manufacturer:stableId:imagePath:size:)' from outside of its actor context are implicitly asynchronous
@MainActor internal init(itemCode: String, manufacturer: String? = nil, stableId: String? = nil, imagePath: String? = nil, size: CGFloat = 40)}
                    ^
/Users/binde/projects/classes/Molten/Tests/MoltenTests/Utilities/ImageHelpersTests.swift:386:10: note: add '@MainActor' to make instance method 'testSizeConfigurations()' part of global actor 'MainActor'
    func testSizeConfigurations() {
         ^
/Users/binde/projects/classes/Molten/Tests/MoltenTests/Utilities/ImageHelpersTests.swift:396:26: warning: call to main actor-isolated initializer 'init(itemCode:manufacturer:stableId:imagePath:maxSize:allowImageUpload:onImageUploaded:)' in a synchronous nonisolated context
            let detail = ProductImageDetail(itemCode: "SIZE-TEST", maxSize: size)
                         ^
Molten.ProductImageDetail.init:2:21: note: calls to initializer 'init(itemCode:manufacturer:stableId:imagePath:maxSize:allowImageUpload:onImageUploaded:)' from outside of its actor context are implicitly asynchronous
@MainActor internal init(itemCode: String, manufacturer: String? = nil, stableId: String? = nil, imagePath: String? = nil, maxSize: CGFloat = 200, allowImageUpload: Bool = false, onImageUploaded: (() -> Void)? = nil)}
                    ^
/Users/binde/projects/classes/Molten/Tests/MoltenTests/Utilities/ImageHelpersTests.swift:386:10: note: add '@MainActor' to make instance method 'testSizeConfigurations()' part of global actor 'MainActor'
    func testSizeConfigurations() {
         ^
/Users/binde/projects/classes/Molten/Tests/MoltenTests/Utilities/ImageHelpersTests.swift:407:21: note: '#expect(_:_:)' will always pass here; use 'Bool(true)' to silence this warning (from macro 'expect')
            #expect(true, "Should handle edge case size \(size) without crashing")
                    ^~~~
/Users/binde/projects/classes/Molten/Tests/MoltenTests/Utilities/ImageHelpersTests.swift:406:17: warning: initialization of immutable value 'view' was never used; consider replacing with assignment to '_' or removing it
            let view = ProductImageView(itemCode: "EDGE-SIZE", size: size)
            ~~~~^~~~
            _
/Users/binde/projects/classes/Molten/Tests/MoltenTests/Utilities/ImageHelpersTests.swift:406:24: warning: call to main actor-isolated initializer 'init(itemCode:manufacturer:stableId:imagePath:size:)' in a synchronous nonisolated context
            let view = ProductImageView(itemCode: "EDGE-SIZE", size: size)
                       ^
Molten.ProductImageView.init:2:21: note: calls to initializer 'init(itemCode:manufacturer:stableId:imagePath:size:)' from outside of its actor context are implicitly asynchronous
@MainActor internal init(itemCode: String, manufacturer: String? = nil, stableId: String? = nil, imagePath: String? = nil, size: CGFloat = 60)}
                    ^
/Users/binde/projects/classes/Molten/Tests/MoltenTests/Utilities/ImageHelpersTests.swift:402:10: note: add '@MainActor' to make instance method 'testEdgeCaseSizes()' part of global actor 'MainActor'
    func testEdgeCaseSizes() {
         ^
/Users/binde/projects/classes/Molten/Tests/MoltenTests/Utilities/ImageHelpersTests.swift:428:21: note: '#expect(_:_:)' will always pass here; use 'Bool(true)' to silence this warning (from macro 'expect')
            #expect(true, "Should handle invalid code '\(code)' gracefully (result: \(result == nil ? "nil" : "image"))")
                    ^~~~
/Users/binde/projects/classes/Molten/Tests/MoltenTests/Utilities/ImageHelpersTests.swift:431:21: note: '#expect(_:_:)' will always pass here; use 'Bool(true)' to silence this warning (from macro 'expect')
            #expect(true, "Should handle existence check for invalid code gracefully")
                    ^~~~
/Users/binde/projects/classes/Molten/Tests/MoltenTests/Utilities/ImageHelpersTests.swift:434:21: note: '#expect(_:_:)' will always pass here; use 'Bool(true)' to silence this warning (from macro 'expect')
            #expect(true, "Should handle name retrieval for invalid code gracefully")
                    ^~~~
/Users/binde/projects/classes/Molten/Tests/MoltenTests/Utilities/ImageHelpersTests.swift:430:17: warning: initialization of immutable value 'exists' was never used; consider replacing with assignment to '_' or removing it
            let exists = ImageHelpers.productImageExists(for: code)
            ~~~~^~~~~~
            _
/Users/binde/projects/classes/Molten/Tests/MoltenTests/Utilities/ImageHelpersTests.swift:433:17: warning: initialization of immutable value 'name' was never used; consider replacing with assignment to '_' or removing it
            let name = ImageHelpers.getProductImageName(for: code)
            ~~~~^~~~
            _
/Users/binde/projects/classes/Molten/Tests/MoltenTests/Utilities/ImageHelpersTests.swift:458:17: note: '#expect(_:_:)' will always pass here; use 'Bool(true)' to silence this warning (from macro 'expect')
        #expect(true, "Concurrent access should complete without crashes")
                ^~~~
/Users/binde/projects/classes/Molten/Tests/MoltenTests/Utilities/ImageHelpersTests.swift:479:21: note: '#expect(_:_:)' will always pass here; use 'Bool(true)' to silence this warning (from macro 'expect')
            #expect(true, "Image loading should handle special characters in codes")
                    ^~~~
/Users/binde/projects/classes/Molten/Tests/MoltenTests/Utilities/ImageHelpersTests.swift:475:17: warning: initialization of immutable value 'image' was never used; consider replacing with assignment to '_' or removing it
            let image = ImageHelpers.loadProductImage(for: code)
            ~~~~^~~~~
            _

SwiftCompile normal arm64 /Users/binde/projects/classes/Molten/Tests/MoltenTests/Utilities/ImageLoadingTests.swift (in target 'MoltenTests' from project 'Molten')
    cd /Users/binde/projects/classes
    
/Users/binde/projects/classes/Molten/Tests/MoltenTests/Utilities/FilterUtilitiesTests.swift:157:38: warning: 'is' test is always true
        #expect(enabledManufacturers is Set<String>, "Should return a Set of String")
                                     ^
/Users/binde/projects/classes/Molten/Tests/MoltenTests/Utilities/FilterUtilitiesTests.swift:232:38: warning: 'filterCatalogByManufacturers(_:enabledManufacturers:)' is deprecated: Use filterGlassItemsByManufacturers instead
        let result = FilterUtilities.filterCatalogByManufacturers(items, enabledManufacturers: enabledManufacturers)
                                     ^
/Users/binde/projects/classes/Molten/Tests/MoltenTests/Utilities/FilterUtilitiesTests.swift:240:43: warning: 'filterCatalogByManufacturers(_:enabledManufacturers:)' is deprecated: Use filterGlassItemsByManufacturers instead
        let emptyResult = FilterUtilities.filterCatalogByManufacturers(items, enabledManufacturers: emptyEnabledSet)
                                          ^
/Users/binde/projects/classes/Molten/Tests/MoltenTests/Utilities/FilterUtilitiesTests.swift:245:49: warning: 'filterCatalogByManufacturers(_:enabledManufacturers:)' is deprecated: Use filterGlassItemsByManufacturers instead
        let nonEmptySetResult = FilterUtilities.filterCatalogByManufacturers(items, enabledManufacturers: nonEmptyEnabledSet)
                                                ^
/Users/binde/projects/classes/Molten/Tests/MoltenTests/Utilities/FilterUtilitiesTests.swift:253:13: warning: 'init(id:name:rawCode:manufacturer:tags:units:)' is deprecated: Use parent-child initializer instead
            CatalogItemModel(name: "Effetre Glass", rawCode: "EG-001", manufacturer: "Effetre"), // COE 104
            ^
/Users/binde/projects/classes/Molten/Tests/MoltenTests/Utilities/FilterUtilitiesTests.swift:254:13: warning: 'init(id:name:rawCode:manufacturer:tags:units:)' is deprecated: Use parent-child initializer instead
            CatalogItemModel(name: "Bullseye Glass", rawCode: "BG-002", manufacturer: "Bullseye"), // COE 90
            ^
/Users/binde/projects/classes/Molten/Tests/MoltenTests/Utilities/FilterUtilitiesTests.swift:255:13: warning: 'init(id:name:rawCode:manufacturer:tags:units:)' is deprecated: Use parent-child initializer instead
            CatalogItemModel(name: "Spectrum Glass", rawCode: "SG-003", manufacturer: "Spectrum"), // COE 96
            ^
/Users/binde/projects/classes/Molten/Tests/MoltenTests/Utilities/FilterUtilitiesTests.swift:256:13: warning: 'init(id:name:rawCode:manufacturer:tags:units:)' is deprecated: Use parent-child initializer instead
            CatalogItemModel(name: "Unknown Glass", rawCode: "UG-004", manufacturer: "Unknown"), // Unknown manufacturer
            ^
/Users/binde/projects/classes/Molten/Tests/MoltenTests/Utilities/FilterUtilitiesTests.swift:257:13: warning: 'init(id:name:rawCode:manufacturer:tags:units:)' is deprecated: Use parent-child initializer instead
            CatalogItemModel(name: "Empty Manufacturer", rawCode: "EM-005", manufacturer: ""), // empty manufacturer
            ^
/Users/binde/projects/classes/Molten/Tests/MoltenTests/Utilities/FilterUtilitiesTests.swift:261:44: warning: 'filterCatalogByCOE(_:selectedCOE:)' is deprecated: Use filterGlassItemsByCOE instead
        let coe104Result = FilterUtilities.filterCatalogByCOE(items, selectedCOE: 104)
                                           ^
/Users/binde/projects/classes/Molten/Tests/MoltenTests/Utilities/FilterUtilitiesTests.swift:265:44: warning: 'filterCatalogByCOE(_:selectedCOE:)' is deprecated: Use filterGlassItemsByCOE instead
        let nilCOEResult = FilterUtilities.filterCatalogByCOE(items, selectedCOE: nil)
                                           ^
/Users/binde/projects/classes/Molten/Tests/MoltenTests/Utilities/FilterUtilitiesTests.swift:269:43: warning: 'filterCatalogByCOE(_:selectedCOE:)' is deprecated: Use filterGlassItemsByCOE instead
        let coe96Result = FilterUtilities.filterCatalogByCOE(items, selectedCOE: 96)
                                          ^
/Users/binde/projects/classes/Molten/Tests/MoltenTests/Utilities/FilterUtilitiesTests.swift:277:13: warning: 'init(id:name:rawCode:manufacturer:tags:units:)' is deprecated: Use parent-child initializer instead
            CatalogItemModel(name: "Effetre Glass", rawCode: "EG-001", manufacturer: "Effetre"), // COE 104
            ^
/Users/binde/projects/classes/Molten/Tests/MoltenTests/Utilities/FilterUtilitiesTests.swift:278:13: warning: 'init(id:name:rawCode:manufacturer:tags:units:)' is deprecated: Use parent-child initializer instead
            CatalogItemModel(name: "Bullseye Glass", rawCode: "BG-002", manufacturer: "Bullseye"), // COE 90
            ^
/Users/binde/projects/classes/Molten/Tests/MoltenTests/Utilities/FilterUtilitiesTests.swift:279:13: warning: 'init(id:name:rawCode:manufacturer:tags:units:)' is deprecated: Use parent-child initializer instead
            CatalogItemModel(name: "Spectrum Glass", rawCode: "SG-003", manufacturer: "Spectrum"), // COE 96
            ^
/Users/binde/projects/classes/Molten/Tests/MoltenTests/Utilities/FilterUtilitiesTests.swift:280:13: warning: 'init(id:name:rawCode:manufacturer:tags:units:)' is deprecated: Use parent-child initializer instead
            CatalogItemModel(name: "Test Corp Glass", rawCode: "TCG-004", manufacturer: "TestCorp"), // Unknown
            ^
/Users/binde/projects/classes/Molten/Tests/MoltenTests/Utilities/FilterUtilitiesTests.swift:281:13: warning: 'init(id:name:rawCode:manufacturer:tags:units:)' is deprecated: Use parent-child initializer instead
            CatalogItemModel(name: "Empty Manufacturer", rawCode: "EM-005", manufacturer: ""), // Empty manufacturer
            ^
/Users/binde/projects/classes/Molten/Tests/MoltenTests/Utilities/FilterUtilitiesTests.swift:286:49: warning: 'filterCatalogByMultipleCOE(_:selectedCOETypes:)' is deprecated: Use filterGlassItemsByCOE instead
        let multipleCOEResult = FilterUtilities.filterCatalogByMultipleCOE(items, selectedCOETypes: multipleCOE)
                                                ^
/Users/binde/projects/classes/Molten/Tests/MoltenTests/Utilities/FilterUtilitiesTests.swift:291:46: warning: 'filterCatalogByMultipleCOE(_:selectedCOETypes:)' is deprecated: Use filterGlassItemsByCOE instead
        let emptyCOEResult = FilterUtilities.filterCatalogByMultipleCOE(items, selectedCOETypes: emptyCOESet)
                                             ^
/Users/binde/projects/classes/Molten/Tests/MoltenTests/Utilities/FilterUtilitiesTests.swift:296:44: warning: 'filterCatalogByMultipleCOE(_:selectedCOETypes:)' is deprecated: Use filterGlassItemsByCOE instead
        let allCOEResult = FilterUtilities.filterCatalogByMultipleCOE(items, selectedCOETypes: allCOETypes)
                                           ^
/Users/binde/projects/classes/Molten/Tests/MoltenTests/Utilities/FilterUtilitiesTests.swift:301:47: warning: 'filterCatalogByMultipleCOE(_:selectedCOETypes:)' is deprecated: Use filterGlassItemsByCOE instead
        let singleCOEResult = FilterUtilities.filterCatalogByMultipleCOE(items, selectedCOETypes: singleCOE)
                                              ^
/Users/binde/projects/classes/Molten/Tests/MoltenTests/Utilities/FilterUtilitiesTests.swift:313:38: warning: 'filterCatalogByTags(_:selectedTags:)' is deprecated: Use appropriate GlassItem filtering methods instead
        let result = FilterUtilities.filterCatalogByTags(items, selectedTags: selectedTags)
                                     ^
/Users/binde/projects/classes/Molten/Tests/MoltenTests/Utilities/FilterUtilitiesTests.swift:320:47: warning: 'filterCatalogByTags(_:selectedTags:)' is deprecated: Use appropriate GlassItem filtering methods instead
        let emptyTagsResult = FilterUtilities.filterCatalogByTags(items, selectedTags: emptyTags)
                                              ^
/Users/binde/projects/classes/Molten/Tests/MoltenTests/Utilities/FilterUtilitiesTests.swift:351:38: warning: 'filterCatalogByManufacturers(_:enabledManufacturers:)' is deprecated: Use filterGlassItemsByManufacturers instead
        let result = FilterUtilities.filterCatalogByManufacturers(emptyItems, enabledManufacturers: enabledManufacturers)
                                     ^
/Users/binde/projects/classes/Molten/Tests/MoltenTests/Utilities/FilterUtilitiesTests.swift:364:46: warning: 'filterCatalogByManufacturers(_:enabledManufacturers:)' is deprecated: Use filterGlassItemsByManufacturers instead
        let largeSetResult = FilterUtilities.filterCatalogByManufacturers(emptyItems, enabledManufacturers: largeEnabledSet)
                                             ^
/Users/binde/projects/classes/Molten/Tests/MoltenTests/Utilities/FilterUtilitiesTests.swift:377:37: warning: 'filterCatalogByManufacturers(_:enabledManufacturers:)' is deprecated: Use filterGlassItemsByManufacturers instead
            let _ = FilterUtilities.filterCatalogByManufacturers(emptyItems, enabledManufacturers: testSet)
                                    ^
/Users/binde/projects/classes/Molten/Tests/MoltenTests/Utilities/FilterUtilitiesTests.swift:395:44: warning: 'filterCatalogByManufacturers(_:enabledManufacturers:)' is deprecated: Use filterGlassItemsByManufacturers instead
        let frenchResult = FilterUtilities.filterCatalogByManufacturers(emptyItems, enabledManufacturers: frenchSet)
                                           ^
/Users/binde/projects/classes/Molten/Tests/MoltenTests/Utilities/FilterUtilitiesTests.swift:399:46: warning: 'filterCatalogByManufacturers(_:enabledManufacturers:)' is deprecated: Use filterGlassItemsByManufacturers instead
        let japaneseResult = FilterUtilities.filterCatalogByManufacturers(emptyItems, enabledManufacturers: japaneseSet)
                                             ^
/Users/binde/projects/classes/Molten/Tests/MoltenTests/Utilities/FilterUtilitiesTests.swift:403:49: warning: 'filterCatalogByManufacturers(_:enabledManufacturers:)' is deprecated: Use filterGlassItemsByManufacturers instead
        let specialCharResult = FilterUtilities.filterCatalogByManufacturers(emptyItems, enabledManufacturers: specialCharSet)
                                                ^
/Users/binde/projects/classes/Molten/Tests/MoltenTests/Utilities/FilterUtilitiesTests.swift:407:43: warning: 'filterCatalogByManufacturers(_:enabledManufacturers:)' is deprecated: Use filterGlassItemsByManufacturers instead
        let emojiResult = FilterUtilities.filterCatalogByManufacturers(emptyItems, enabledManufacturers: emojiSet)
                                          ^
/Users/binde/projects/classes/Molten/Tests/MoltenTests/Utilities/FilterUtilitiesTests.swift:420:45: warning: 'filterCatalogByManufacturers(_:enabledManufacturers:)' is deprecated: Use filterGlassItemsByManufacturers instead
        let complexResult = FilterUtilities.filterCatalogByManufacturers(emptyItems, enabledManufacturers: complexSet)
                                            ^
/Users/binde/projects/classes/Molten/Tests/MoltenTests/Utilities/FilterUtilitiesTests.swift:430:49: warning: 'filterCatalogByManufacturers(_:enabledManufacturers:)' is deprecated: Use filterGlassItemsByManufacturers instead
        let longUnicodeResult = FilterUtilities.filterCatalogByManufacturers(emptyItems, enabledManufacturers: longUnicodeSet)
                                                ^
/Users/binde/projects/classes/Molten/Tests/MoltenTests/Utilities/ImageHelpersTests.swift:104:17: note: '#expect(_:_:)' will always pass here; use 'Bool(true)' to silence this warning (from macro 'expect')
        #expect(true, "Nil manufacturer should not crash (result: \(result1 == nil ? "nil" : "image"))")
                ^~~~
/Users/binde/projects/classes/Molten/Tests/MoltenTests/Utilities/ImageHelpersTests.swift:108:17: note: '#expect(_:_:)' will always pass here; use 'Bool(true)' to silence this warning (from macro 'expect')
        #expect(true, "Empty manufacturer should not crash (result: \(result2 == nil ? "nil" : "image"))")
                ^~~~
/Users/binde/projects/classes/Molten/Tests/MoltenTests/Utilities/ImageHelpersTests.swift:112:17: note: '#expect(_:_:)' will always pass here; use 'Bool(true)' to silence this warning (from macro 'expect')
        #expect(true, "Whitespace manufacturer should not crash (result: \(result3 == nil ? "nil" : "image"))")
                ^~~~
/Users/binde/projects/classes/Molten/Tests/MoltenTests/Utilities/ImageHelpersTests.swift:197:17: note: '#expect(_:_:)' will always pass here; use 'Bool(true)' to silence this warning (from macro 'expect')
        #expect(true, "Different manufacturer parameters should use separate cache entries")
                ^~~~

SwiftCompile normal arm64 /Users/binde/projects/classes/Molten/Tests/MoltenTests/Utilities/ImagePermissionTests.swift (in target 'MoltenTests' from project 'Molten')
    cd /Users/binde/projects/classes
    
/Users/binde/projects/classes/Molten/Tests/MoltenTests/Utilities/FilterUtilitiesTests.swift:157:38: warning: 'is' test is always true
        #expect(enabledManufacturers is Set<String>, "Should return a Set of String")
                                     ^
/Users/binde/projects/classes/Molten/Tests/MoltenTests/Utilities/FilterUtilitiesTests.swift:232:38: warning: 'filterCatalogByManufacturers(_:enabledManufacturers:)' is deprecated: Use filterGlassItemsByManufacturers instead
        let result = FilterUtilities.filterCatalogByManufacturers(items, enabledManufacturers: enabledManufacturers)
                                     ^
/Users/binde/projects/classes/Molten/Tests/MoltenTests/Utilities/FilterUtilitiesTests.swift:240:43: warning: 'filterCatalogByManufacturers(_:enabledManufacturers:)' is deprecated: Use filterGlassItemsByManufacturers instead
        let emptyResult = FilterUtilities.filterCatalogByManufacturers(items, enabledManufacturers: emptyEnabledSet)
                                          ^
/Users/binde/projects/classes/Molten/Tests/MoltenTests/Utilities/FilterUtilitiesTests.swift:245:49: warning: 'filterCatalogByManufacturers(_:enabledManufacturers:)' is deprecated: Use filterGlassItemsByManufacturers instead
        let nonEmptySetResult = FilterUtilities.filterCatalogByManufacturers(items, enabledManufacturers: nonEmptyEnabledSet)
                                                ^
/Users/binde/projects/classes/Molten/Tests/MoltenTests/Utilities/FilterUtilitiesTests.swift:253:13: warning: 'init(id:name:rawCode:manufacturer:tags:units:)' is deprecated: Use parent-child initializer instead
            CatalogItemModel(name: "Effetre Glass", rawCode: "EG-001", manufacturer: "Effetre"), // COE 104
            ^
/Users/binde/projects/classes/Molten/Tests/MoltenTests/Utilities/FilterUtilitiesTests.swift:254:13: warning: 'init(id:name:rawCode:manufacturer:tags:units:)' is deprecated: Use parent-child initializer instead
            CatalogItemModel(name: "Bullseye Glass", rawCode: "BG-002", manufacturer: "Bullseye"), // COE 90
            ^
/Users/binde/projects/classes/Molten/Tests/MoltenTests/Utilities/FilterUtilitiesTests.swift:255:13: warning: 'init(id:name:rawCode:manufacturer:tags:units:)' is deprecated: Use parent-child initializer instead
            CatalogItemModel(name: "Spectrum Glass", rawCode: "SG-003", manufacturer: "Spectrum"), // COE 96
            ^
/Users/binde/projects/classes/Molten/Tests/MoltenTests/Utilities/FilterUtilitiesTests.swift:256:13: warning: 'init(id:name:rawCode:manufacturer:tags:units:)' is deprecated: Use parent-child initializer instead
            CatalogItemModel(name: "Unknown Glass", rawCode: "UG-004", manufacturer: "Unknown"), // Unknown manufacturer
            ^
/Users/binde/projects/classes/Molten/Tests/MoltenTests/Utilities/FilterUtilitiesTests.swift:257:13: warning: 'init(id:name:rawCode:manufacturer:tags:units:)' is deprecated: Use parent-child initializer instead
            CatalogItemModel(name: "Empty Manufacturer", rawCode: "EM-005", manufacturer: ""), // empty manufacturer
            ^
/Users/binde/projects/classes/Molten/Tests/MoltenTests/Utilities/FilterUtilitiesTests.swift:261:44: warning: 'filterCatalogByCOE(_:selectedCOE:)' is deprecated: Use filterGlassItemsByCOE instead
        let coe104Result = FilterUtilities.filterCatalogByCOE(items, selectedCOE: 104)
                                           ^
/Users/binde/projects/classes/Molten/Tests/MoltenTests/Utilities/FilterUtilitiesTests.swift:265:44: warning: 'filterCatalogByCOE(_:selectedCOE:)' is deprecated: Use filterGlassItemsByCOE instead
        let nilCOEResult = FilterUtilities.filterCatalogByCOE(items, selectedCOE: nil)
                                           ^
/Users/binde/projects/classes/Molten/Tests/MoltenTests/Utilities/FilterUtilitiesTests.swift:269:43: warning: 'filterCatalogByCOE(_:selectedCOE:)' is deprecated: Use filterGlassItemsByCOE instead
        let coe96Result = FilterUtilities.filterCatalogByCOE(items, selectedCOE: 96)
                                          ^
/Users/binde/projects/classes/Molten/Tests/MoltenTests/Utilities/FilterUtilitiesTests.swift:277:13: warning: 'init(id:name:rawCode:manufacturer:tags:units:)' is deprecated: Use parent-child initializer instead
            CatalogItemModel(name: "Effetre Glass", rawCode: "EG-001", manufacturer: "Effetre"), // COE 104
            ^
/Users/binde/projects/classes/Molten/Tests/MoltenTests/Utilities/FilterUtilitiesTests.swift:278:13: warning: 'init(id:name:rawCode:manufacturer:tags:units:)' is deprecated: Use parent-child initializer instead
            CatalogItemModel(name: "Bullseye Glass", rawCode: "BG-002", manufacturer: "Bullseye"), // COE 90
            ^
/Users/binde/projects/classes/Molten/Tests/MoltenTests/Utilities/FilterUtilitiesTests.swift:279:13: warning: 'init(id:name:rawCode:manufacturer:tags:units:)' is deprecated: Use parent-child initializer instead
            CatalogItemModel(name: "Spectrum Glass", rawCode: "SG-003", manufacturer: "Spectrum"), // COE 96
            ^
/Users/binde/projects/classes/Molten/Tests/MoltenTests/Utilities/FilterUtilitiesTests.swift:280:13: warning: 'init(id:name:rawCode:manufacturer:tags:units:)' is deprecated: Use parent-child initializer instead
            CatalogItemModel(name: "Test Corp Glass", rawCode: "TCG-004", manufacturer: "TestCorp"), // Unknown
            ^
/Users/binde/projects/classes/Molten/Tests/MoltenTests/Utilities/FilterUtilitiesTests.swift:281:13: warning: 'init(id:name:rawCode:manufacturer:tags:units:)' is deprecated: Use parent-child initializer instead
            CatalogItemModel(name: "Empty Manufacturer", rawCode: "EM-005", manufacturer: ""), // Empty manufacturer
            ^
/Users/binde/projects/classes/Molten/Tests/MoltenTests/Utilities/FilterUtilitiesTests.swift:286:49: warning: 'filterCatalogByMultipleCOE(_:selectedCOETypes:)' is deprecated: Use filterGlassItemsByCOE instead
        let multipleCOEResult = FilterUtilities.filterCatalogByMultipleCOE(items, selectedCOETypes: multipleCOE)
                                                ^
/Users/binde/projects/classes/Molten/Tests/MoltenTests/Utilities/FilterUtilitiesTests.swift:291:46: warning: 'filterCatalogByMultipleCOE(_:selectedCOETypes:)' is deprecated: Use filterGlassItemsByCOE instead
        let emptyCOEResult = FilterUtilities.filterCatalogByMultipleCOE(items, selectedCOETypes: emptyCOESet)
                                             ^
/Users/binde/projects/classes/Molten/Tests/MoltenTests/Utilities/FilterUtilitiesTests.swift:296:44: warning: 'filterCatalogByMultipleCOE(_:selectedCOETypes:)' is deprecated: Use filterGlassItemsByCOE instead
        let allCOEResult = FilterUtilities.filterCatalogByMultipleCOE(items, selectedCOETypes: allCOETypes)
                                           ^
/Users/binde/projects/classes/Molten/Tests/MoltenTests/Utilities/FilterUtilitiesTests.swift:301:47: warning: 'filterCatalogByMultipleCOE(_:selectedCOETypes:)' is deprecated: Use filterGlassItemsByCOE instead
        let singleCOEResult = FilterUtilities.filterCatalogByMultipleCOE(items, selectedCOETypes: singleCOE)
                                              ^
/Users/binde/projects/classes/Molten/Tests/MoltenTests/Utilities/FilterUtilitiesTests.swift:313:38: warning: 'filterCatalogByTags(_:selectedTags:)' is deprecated: Use appropriate GlassItem filtering methods instead
        let result = FilterUtilities.filterCatalogByTags(items, selectedTags: selectedTags)
                                     ^
/Users/binde/projects/classes/Molten/Tests/MoltenTests/Utilities/FilterUtilitiesTests.swift:320:47: warning: 'filterCatalogByTags(_:selectedTags:)' is deprecated: Use appropriate GlassItem filtering methods instead
        let emptyTagsResult = FilterUtilities.filterCatalogByTags(items, selectedTags: emptyTags)
                                              ^
/Users/binde/projects/classes/Molten/Tests/MoltenTests/Utilities/FilterUtilitiesTests.swift:351:38: warning: 'filterCatalogByManufacturers(_:enabledManufacturers:)' is deprecated: Use filterGlassItemsByManufacturers instead
        let result = FilterUtilities.filterCatalogByManufacturers(emptyItems, enabledManufacturers: enabledManufacturers)
                                     ^
/Users/binde/projects/classes/Molten/Tests/MoltenTests/Utilities/FilterUtilitiesTests.swift:364:46: warning: 'filterCatalogByManufacturers(_:enabledManufacturers:)' is deprecated: Use filterGlassItemsByManufacturers instead
        let largeSetResult = FilterUtilities.filterCatalogByManufacturers(emptyItems, enabledManufacturers: largeEnabledSet)
                                             ^
/Users/binde/projects/classes/Molten/Tests/MoltenTests/Utilities/FilterUtilitiesTests.swift:377:37: warning: 'filterCatalogByManufacturers(_:enabledManufacturers:)' is deprecated: Use filterGlassItemsByManufacturers instead
            let _ = FilterUtilities.filterCatalogByManufacturers(emptyItems, enabledManufacturers: testSet)
                                    ^
/Users/binde/projects/classes/Molten/Tests/MoltenTests/Utilities/FilterUtilitiesTests.swift:395:44: warning: 'filterCatalogByManufacturers(_:enabledManufacturers:)' is deprecated: Use filterGlassItemsByManufacturers instead
        let frenchResult = FilterUtilities.filterCatalogByManufacturers(emptyItems, enabledManufacturers: frenchSet)
                                           ^
/Users/binde/projects/classes/Molten/Tests/MoltenTests/Utilities/FilterUtilitiesTests.swift:399:46: warning: 'filterCatalogByManufacturers(_:enabledManufacturers:)' is deprecated: Use filterGlassItemsByManufacturers instead
        let japaneseResult = FilterUtilities.filterCatalogByManufacturers(emptyItems, enabledManufacturers: japaneseSet)
                                             ^
/Users/binde/projects/classes/Molten/Tests/MoltenTests/Utilities/FilterUtilitiesTests.swift:403:49: warning: 'filterCatalogByManufacturers(_:enabledManufacturers:)' is deprecated: Use filterGlassItemsByManufacturers instead
        let specialCharResult = FilterUtilities.filterCatalogByManufacturers(emptyItems, enabledManufacturers: specialCharSet)
                                                ^
/Users/binde/projects/classes/Molten/Tests/MoltenTests/Utilities/FilterUtilitiesTests.swift:407:43: warning: 'filterCatalogByManufacturers(_:enabledManufacturers:)' is deprecated: Use filterGlassItemsByManufacturers instead
        let emojiResult = FilterUtilities.filterCatalogByManufacturers(emptyItems, enabledManufacturers: emojiSet)
                                          ^
/Users/binde/projects/classes/Molten/Tests/MoltenTests/Utilities/FilterUtilitiesTests.swift:420:45: warning: 'filterCatalogByManufacturers(_:enabledManufacturers:)' is deprecated: Use filterGlassItemsByManufacturers instead
        let complexResult = FilterUtilities.filterCatalogByManufacturers(emptyItems, enabledManufacturers: complexSet)
                                            ^
/Users/binde/projects/classes/Molten/Tests/MoltenTests/Utilities/FilterUtilitiesTests.swift:430:49: warning: 'filterCatalogByManufacturers(_:enabledManufacturers:)' is deprecated: Use filterGlassItemsByManufacturers instead
        let longUnicodeResult = FilterUtilities.filterCatalogByManufacturers(emptyItems, enabledManufacturers: longUnicodeSet)
                                                ^
/Users/binde/projects/classes/Molten/Tests/MoltenTests/Utilities/ImageHelpersTests.swift:104:17: note: '#expect(_:_:)' will always pass here; use 'Bool(true)' to silence this warning (from macro 'expect')
        #expect(true, "Nil manufacturer should not crash (result: \(result1 == nil ? "nil" : "image"))")
                ^~~~
/Users/binde/projects/classes/Molten/Tests/MoltenTests/Utilities/ImageHelpersTests.swift:108:17: note: '#expect(_:_:)' will always pass here; use 'Bool(true)' to silence this warning (from macro 'expect')
        #expect(true, "Empty manufacturer should not crash (result: \(result2 == nil ? "nil" : "image"))")
                ^~~~
/Users/binde/projects/classes/Molten/Tests/MoltenTests/Utilities/ImageHelpersTests.swift:112:17: note: '#expect(_:_:)' will always pass here; use 'Bool(true)' to silence this warning (from macro 'expect')
        #expect(true, "Whitespace manufacturer should not crash (result: \(result3 == nil ? "nil" : "image"))")
                ^~~~
/Users/binde/projects/classes/Molten/Tests/MoltenTests/Utilities/ImageHelpersTests.swift:197:17: note: '#expect(_:_:)' will always pass here; use 'Bool(true)' to silence this warning (from macro 'expect')
        #expect(true, "Different manufacturer parameters should use separate cache entries")
                ^~~~

SwiftCompile normal arm64 /Users/binde/projects/classes/Molten/Tests/MoltenTests/Utilities/ImageTextExtractionTests.swift (in target 'MoltenTests' from project 'Molten')
    cd /Users/binde/projects/classes
    
/Users/binde/projects/classes/Molten/Tests/MoltenTests/Utilities/FilterUtilitiesTests.swift:157:38: warning: 'is' test is always true
        #expect(enabledManufacturers is Set<String>, "Should return a Set of String")
                                     ^
/Users/binde/projects/classes/Molten/Tests/MoltenTests/Utilities/FilterUtilitiesTests.swift:232:38: warning: 'filterCatalogByManufacturers(_:enabledManufacturers:)' is deprecated: Use filterGlassItemsByManufacturers instead
        let result = FilterUtilities.filterCatalogByManufacturers(items, enabledManufacturers: enabledManufacturers)
                                     ^
/Users/binde/projects/classes/Molten/Tests/MoltenTests/Utilities/FilterUtilitiesTests.swift:240:43: warning: 'filterCatalogByManufacturers(_:enabledManufacturers:)' is deprecated: Use filterGlassItemsByManufacturers instead
        let emptyResult = FilterUtilities.filterCatalogByManufacturers(items, enabledManufacturers: emptyEnabledSet)
                                          ^
/Users/binde/projects/classes/Molten/Tests/MoltenTests/Utilities/FilterUtilitiesTests.swift:245:49: warning: 'filterCatalogByManufacturers(_:enabledManufacturers:)' is deprecated: Use filterGlassItemsByManufacturers instead
        let nonEmptySetResult = FilterUtilities.filterCatalogByManufacturers(items, enabledManufacturers: nonEmptyEnabledSet)
                                                ^
/Users/binde/projects/classes/Molten/Tests/MoltenTests/Utilities/FilterUtilitiesTests.swift:253:13: warning: 'init(id:name:rawCode:manufacturer:tags:units:)' is deprecated: Use parent-child initializer instead
            CatalogItemModel(name: "Effetre Glass", rawCode: "EG-001", manufacturer: "Effetre"), // COE 104
            ^
/Users/binde/projects/classes/Molten/Tests/MoltenTests/Utilities/FilterUtilitiesTests.swift:254:13: warning: 'init(id:name:rawCode:manufacturer:tags:units:)' is deprecated: Use parent-child initializer instead
            CatalogItemModel(name: "Bullseye Glass", rawCode: "BG-002", manufacturer: "Bullseye"), // COE 90
            ^
/Users/binde/projects/classes/Molten/Tests/MoltenTests/Utilities/FilterUtilitiesTests.swift:255:13: warning: 'init(id:name:rawCode:manufacturer:tags:units:)' is deprecated: Use parent-child initializer instead
            CatalogItemModel(name: "Spectrum Glass", rawCode: "SG-003", manufacturer: "Spectrum"), // COE 96
            ^
/Users/binde/projects/classes/Molten/Tests/MoltenTests/Utilities/FilterUtilitiesTests.swift:256:13: warning: 'init(id:name:rawCode:manufacturer:tags:units:)' is deprecated: Use parent-child initializer instead
            CatalogItemModel(name: "Unknown Glass", rawCode: "UG-004", manufacturer: "Unknown"), // Unknown manufacturer
            ^
/Users/binde/projects/classes/Molten/Tests/MoltenTests/Utilities/FilterUtilitiesTests.swift:257:13: warning: 'init(id:name:rawCode:manufacturer:tags:units:)' is deprecated: Use parent-child initializer instead
            CatalogItemModel(name: "Empty Manufacturer", rawCode: "EM-005", manufacturer: ""), // empty manufacturer
            ^
/Users/binde/projects/classes/Molten/Tests/MoltenTests/Utilities/FilterUtilitiesTests.swift:261:44: warning: 'filterCatalogByCOE(_:selectedCOE:)' is deprecated: Use filterGlassItemsByCOE instead
        let coe104Result = FilterUtilities.filterCatalogByCOE(items, selectedCOE: 104)
                                           ^
/Users/binde/projects/classes/Molten/Tests/MoltenTests/Utilities/FilterUtilitiesTests.swift:265:44: warning: 'filterCatalogByCOE(_:selectedCOE:)' is deprecated: Use filterGlassItemsByCOE instead
        let nilCOEResult = FilterUtilities.filterCatalogByCOE(items, selectedCOE: nil)
                                           ^
/Users/binde/projects/classes/Molten/Tests/MoltenTests/Utilities/FilterUtilitiesTests.swift:269:43: warning: 'filterCatalogByCOE(_:selectedCOE:)' is deprecated: Use filterGlassItemsByCOE instead
        let coe96Result = FilterUtilities.filterCatalogByCOE(items, selectedCOE: 96)
                                          ^
/Users/binde/projects/classes/Molten/Tests/MoltenTests/Utilities/FilterUtilitiesTests.swift:277:13: warning: 'init(id:name:rawCode:manufacturer:tags:units:)' is deprecated: Use parent-child initializer instead
            CatalogItemModel(name: "Effetre Glass", rawCode: "EG-001", manufacturer: "Effetre"), // COE 104
            ^
/Users/binde/projects/classes/Molten/Tests/MoltenTests/Utilities/FilterUtilitiesTests.swift:278:13: warning: 'init(id:name:rawCode:manufacturer:tags:units:)' is deprecated: Use parent-child initializer instead
            CatalogItemModel(name: "Bullseye Glass", rawCode: "BG-002", manufacturer: "Bullseye"), // COE 90
            ^
/Users/binde/projects/classes/Molten/Tests/MoltenTests/Utilities/FilterUtilitiesTests.swift:279:13: warning: 'init(id:name:rawCode:manufacturer:tags:units:)' is deprecated: Use parent-child initializer instead
            CatalogItemModel(name: "Spectrum Glass", rawCode: "SG-003", manufacturer: "Spectrum"), // COE 96
            ^
/Users/binde/projects/classes/Molten/Tests/MoltenTests/Utilities/FilterUtilitiesTests.swift:280:13: warning: 'init(id:name:rawCode:manufacturer:tags:units:)' is deprecated: Use parent-child initializer instead
            CatalogItemModel(name: "Test Corp Glass", rawCode: "TCG-004", manufacturer: "TestCorp"), // Unknown
            ^
/Users/binde/projects/classes/Molten/Tests/MoltenTests/Utilities/FilterUtilitiesTests.swift:281:13: warning: 'init(id:name:rawCode:manufacturer:tags:units:)' is deprecated: Use parent-child initializer instead
            CatalogItemModel(name: "Empty Manufacturer", rawCode: "EM-005", manufacturer: ""), // Empty manufacturer
            ^
/Users/binde/projects/classes/Molten/Tests/MoltenTests/Utilities/FilterUtilitiesTests.swift:286:49: warning: 'filterCatalogByMultipleCOE(_:selectedCOETypes:)' is deprecated: Use filterGlassItemsByCOE instead
        let multipleCOEResult = FilterUtilities.filterCatalogByMultipleCOE(items, selectedCOETypes: multipleCOE)
                                                ^
/Users/binde/projects/classes/Molten/Tests/MoltenTests/Utilities/FilterUtilitiesTests.swift:291:46: warning: 'filterCatalogByMultipleCOE(_:selectedCOETypes:)' is deprecated: Use filterGlassItemsByCOE instead
        let emptyCOEResult = FilterUtilities.filterCatalogByMultipleCOE(items, selectedCOETypes: emptyCOESet)
                                             ^
/Users/binde/projects/classes/Molten/Tests/MoltenTests/Utilities/FilterUtilitiesTests.swift:296:44: warning: 'filterCatalogByMultipleCOE(_:selectedCOETypes:)' is deprecated: Use filterGlassItemsByCOE instead
        let allCOEResult = FilterUtilities.filterCatalogByMultipleCOE(items, selectedCOETypes: allCOETypes)
                                           ^
/Users/binde/projects/classes/Molten/Tests/MoltenTests/Utilities/FilterUtilitiesTests.swift:301:47: warning: 'filterCatalogByMultipleCOE(_:selectedCOETypes:)' is deprecated: Use filterGlassItemsByCOE instead
        let singleCOEResult = FilterUtilities.filterCatalogByMultipleCOE(items, selectedCOETypes: singleCOE)
                                              ^
/Users/binde/projects/classes/Molten/Tests/MoltenTests/Utilities/FilterUtilitiesTests.swift:313:38: warning: 'filterCatalogByTags(_:selectedTags:)' is deprecated: Use appropriate GlassItem filtering methods instead
        let result = FilterUtilities.filterCatalogByTags(items, selectedTags: selectedTags)
                                     ^
/Users/binde/projects/classes/Molten/Tests/MoltenTests/Utilities/FilterUtilitiesTests.swift:320:47: warning: 'filterCatalogByTags(_:selectedTags:)' is deprecated: Use appropriate GlassItem filtering methods instead
        let emptyTagsResult = FilterUtilities.filterCatalogByTags(items, selectedTags: emptyTags)
                                              ^
/Users/binde/projects/classes/Molten/Tests/MoltenTests/Utilities/FilterUtilitiesTests.swift:351:38: warning: 'filterCatalogByManufacturers(_:enabledManufacturers:)' is deprecated: Use filterGlassItemsByManufacturers instead
        let result = FilterUtilities.filterCatalogByManufacturers(emptyItems, enabledManufacturers: enabledManufacturers)
                                     ^
/Users/binde/projects/classes/Molten/Tests/MoltenTests/Utilities/FilterUtilitiesTests.swift:364:46: warning: 'filterCatalogByManufacturers(_:enabledManufacturers:)' is deprecated: Use filterGlassItemsByManufacturers instead
        let largeSetResult = FilterUtilities.filterCatalogByManufacturers(emptyItems, enabledManufacturers: largeEnabledSet)
                                             ^
/Users/binde/projects/classes/Molten/Tests/MoltenTests/Utilities/FilterUtilitiesTests.swift:377:37: warning: 'filterCatalogByManufacturers(_:enabledManufacturers:)' is deprecated: Use filterGlassItemsByManufacturers instead
            let _ = FilterUtilities.filterCatalogByManufacturers(emptyItems, enabledManufacturers: testSet)
                                    ^
/Users/binde/projects/classes/Molten/Tests/MoltenTests/Utilities/FilterUtilitiesTests.swift:395:44: warning: 'filterCatalogByManufacturers(_:enabledManufacturers:)' is deprecated: Use filterGlassItemsByManufacturers instead
        let frenchResult = FilterUtilities.filterCatalogByManufacturers(emptyItems, enabledManufacturers: frenchSet)
                                           ^
/Users/binde/projects/classes/Molten/Tests/MoltenTests/Utilities/FilterUtilitiesTests.swift:399:46: warning: 'filterCatalogByManufacturers(_:enabledManufacturers:)' is deprecated: Use filterGlassItemsByManufacturers instead
        let japaneseResult = FilterUtilities.filterCatalogByManufacturers(emptyItems, enabledManufacturers: japaneseSet)
                                             ^
/Users/binde/projects/classes/Molten/Tests/MoltenTests/Utilities/FilterUtilitiesTests.swift:403:49: warning: 'filterCatalogByManufacturers(_:enabledManufacturers:)' is deprecated: Use filterGlassItemsByManufacturers instead
        let specialCharResult = FilterUtilities.filterCatalogByManufacturers(emptyItems, enabledManufacturers: specialCharSet)
                                                ^
/Users/binde/projects/classes/Molten/Tests/MoltenTests/Utilities/FilterUtilitiesTests.swift:407:43: warning: 'filterCatalogByManufacturers(_:enabledManufacturers:)' is deprecated: Use filterGlassItemsByManufacturers instead
        let emojiResult = FilterUtilities.filterCatalogByManufacturers(emptyItems, enabledManufacturers: emojiSet)
                                          ^
/Users/binde/projects/classes/Molten/Tests/MoltenTests/Utilities/FilterUtilitiesTests.swift:420:45: warning: 'filterCatalogByManufacturers(_:enabledManufacturers:)' is deprecated: Use filterGlassItemsByManufacturers instead
        let complexResult = FilterUtilities.filterCatalogByManufacturers(emptyItems, enabledManufacturers: complexSet)
                                            ^
/Users/binde/projects/classes/Molten/Tests/MoltenTests/Utilities/FilterUtilitiesTests.swift:430:49: warning: 'filterCatalogByManufacturers(_:enabledManufacturers:)' is deprecated: Use filterGlassItemsByManufacturers instead
        let longUnicodeResult = FilterUtilities.filterCatalogByManufacturers(emptyItems, enabledManufacturers: longUnicodeSet)
                                                ^
/Users/binde/projects/classes/Molten/Tests/MoltenTests/Utilities/ImageHelpersTests.swift:104:17: note: '#expect(_:_:)' will always pass here; use 'Bool(true)' to silence this warning (from macro 'expect')
        #expect(true, "Nil manufacturer should not crash (result: \(result1 == nil ? "nil" : "image"))")
                ^~~~
/Users/binde/projects/classes/Molten/Tests/MoltenTests/Utilities/ImageHelpersTests.swift:108:17: note: '#expect(_:_:)' will always pass here; use 'Bool(true)' to silence this warning (from macro 'expect')
        #expect(true, "Empty manufacturer should not crash (result: \(result2 == nil ? "nil" : "image"))")
                ^~~~
/Users/binde/projects/classes/Molten/Tests/MoltenTests/Utilities/ImageHelpersTests.swift:112:17: note: '#expect(_:_:)' will always pass here; use 'Bool(true)' to silence this warning (from macro 'expect')
        #expect(true, "Whitespace manufacturer should not crash (result: \(result3 == nil ? "nil" : "image"))")
                ^~~~
/Users/binde/projects/classes/Molten/Tests/MoltenTests/Utilities/ImageHelpersTests.swift:197:17: note: '#expect(_:_:)' will always pass here; use 'Bool(true)' to silence this warning (from macro 'expect')
        #expect(true, "Different manufacturer parameters should use separate cache entries")
                ^~~~

SwiftCompile normal arm64 /Users/binde/projects/classes/Molten/Tests/MoltenTests/Utilities/NetworkSimulationTests.swift (in target 'MoltenTests' from project 'Molten')
    cd /Users/binde/projects/classes
    
/Users/binde/projects/classes/Molten/Tests/MoltenTests/Utilities/FilterUtilitiesTests.swift:157:38: warning: 'is' test is always true
        #expect(enabledManufacturers is Set<String>, "Should return a Set of String")
                                     ^
/Users/binde/projects/classes/Molten/Tests/MoltenTests/Utilities/FilterUtilitiesTests.swift:232:38: warning: 'filterCatalogByManufacturers(_:enabledManufacturers:)' is deprecated: Use filterGlassItemsByManufacturers instead
        let result = FilterUtilities.filterCatalogByManufacturers(items, enabledManufacturers: enabledManufacturers)
                                     ^
/Users/binde/projects/classes/Molten/Tests/MoltenTests/Utilities/FilterUtilitiesTests.swift:240:43: warning: 'filterCatalogByManufacturers(_:enabledManufacturers:)' is deprecated: Use filterGlassItemsByManufacturers instead
        let emptyResult = FilterUtilities.filterCatalogByManufacturers(items, enabledManufacturers: emptyEnabledSet)
                                          ^
/Users/binde/projects/classes/Molten/Tests/MoltenTests/Utilities/FilterUtilitiesTests.swift:245:49: warning: 'filterCatalogByManufacturers(_:enabledManufacturers:)' is deprecated: Use filterGlassItemsByManufacturers instead
        let nonEmptySetResult = FilterUtilities.filterCatalogByManufacturers(items, enabledManufacturers: nonEmptyEnabledSet)
                                                ^
/Users/binde/projects/classes/Molten/Tests/MoltenTests/Utilities/FilterUtilitiesTests.swift:253:13: warning: 'init(id:name:rawCode:manufacturer:tags:units:)' is deprecated: Use parent-child initializer instead
            CatalogItemModel(name: "Effetre Glass", rawCode: "EG-001", manufacturer: "Effetre"), // COE 104
            ^
/Users/binde/projects/classes/Molten/Tests/MoltenTests/Utilities/FilterUtilitiesTests.swift:254:13: warning: 'init(id:name:rawCode:manufacturer:tags:units:)' is deprecated: Use parent-child initializer instead
            CatalogItemModel(name: "Bullseye Glass", rawCode: "BG-002", manufacturer: "Bullseye"), // COE 90
            ^
/Users/binde/projects/classes/Molten/Tests/MoltenTests/Utilities/FilterUtilitiesTests.swift:255:13: warning: 'init(id:name:rawCode:manufacturer:tags:units:)' is deprecated: Use parent-child initializer instead
            CatalogItemModel(name: "Spectrum Glass", rawCode: "SG-003", manufacturer: "Spectrum"), // COE 96
            ^
/Users/binde/projects/classes/Molten/Tests/MoltenTests/Utilities/FilterUtilitiesTests.swift:256:13: warning: 'init(id:name:rawCode:manufacturer:tags:units:)' is deprecated: Use parent-child initializer instead
            CatalogItemModel(name: "Unknown Glass", rawCode: "UG-004", manufacturer: "Unknown"), // Unknown manufacturer
            ^
/Users/binde/projects/classes/Molten/Tests/MoltenTests/Utilities/FilterUtilitiesTests.swift:257:13: warning: 'init(id:name:rawCode:manufacturer:tags:units:)' is deprecated: Use parent-child initializer instead
            CatalogItemModel(name: "Empty Manufacturer", rawCode: "EM-005", manufacturer: ""), // empty manufacturer
            ^
/Users/binde/projects/classes/Molten/Tests/MoltenTests/Utilities/FilterUtilitiesTests.swift:261:44: warning: 'filterCatalogByCOE(_:selectedCOE:)' is deprecated: Use filterGlassItemsByCOE instead
        let coe104Result = FilterUtilities.filterCatalogByCOE(items, selectedCOE: 104)
                                           ^
/Users/binde/projects/classes/Molten/Tests/MoltenTests/Utilities/FilterUtilitiesTests.swift:265:44: warning: 'filterCatalogByCOE(_:selectedCOE:)' is deprecated: Use filterGlassItemsByCOE instead
        let nilCOEResult = FilterUtilities.filterCatalogByCOE(items, selectedCOE: nil)
                                           ^
/Users/binde/projects/classes/Molten/Tests/MoltenTests/Utilities/FilterUtilitiesTests.swift:269:43: warning: 'filterCatalogByCOE(_:selectedCOE:)' is deprecated: Use filterGlassItemsByCOE instead
        let coe96Result = FilterUtilities.filterCatalogByCOE(items, selectedCOE: 96)
                                          ^
/Users/binde/projects/classes/Molten/Tests/MoltenTests/Utilities/FilterUtilitiesTests.swift:277:13: warning: 'init(id:name:rawCode:manufacturer:tags:units:)' is deprecated: Use parent-child initializer instead
            CatalogItemModel(name: "Effetre Glass", rawCode: "EG-001", manufacturer: "Effetre"), // COE 104
            ^
/Users/binde/projects/classes/Molten/Tests/MoltenTests/Utilities/FilterUtilitiesTests.swift:278:13: warning: 'init(id:name:rawCode:manufacturer:tags:units:)' is deprecated: Use parent-child initializer instead
            CatalogItemModel(name: "Bullseye Glass", rawCode: "BG-002", manufacturer: "Bullseye"), // COE 90
            ^
/Users/binde/projects/classes/Molten/Tests/MoltenTests/Utilities/FilterUtilitiesTests.swift:279:13: warning: 'init(id:name:rawCode:manufacturer:tags:units:)' is deprecated: Use parent-child initializer instead
            CatalogItemModel(name: "Spectrum Glass", rawCode: "SG-003", manufacturer: "Spectrum"), // COE 96
            ^
/Users/binde/projects/classes/Molten/Tests/MoltenTests/Utilities/FilterUtilitiesTests.swift:280:13: warning: 'init(id:name:rawCode:manufacturer:tags:units:)' is deprecated: Use parent-child initializer instead
            CatalogItemModel(name: "Test Corp Glass", rawCode: "TCG-004", manufacturer: "TestCorp"), // Unknown
            ^
/Users/binde/projects/classes/Molten/Tests/MoltenTests/Utilities/FilterUtilitiesTests.swift:281:13: warning: 'init(id:name:rawCode:manufacturer:tags:units:)' is deprecated: Use parent-child initializer instead
            CatalogItemModel(name: "Empty Manufacturer", rawCode: "EM-005", manufacturer: ""), // Empty manufacturer
            ^
/Users/binde/projects/classes/Molten/Tests/MoltenTests/Utilities/FilterUtilitiesTests.swift:286:49: warning: 'filterCatalogByMultipleCOE(_:selectedCOETypes:)' is deprecated: Use filterGlassItemsByCOE instead
        let multipleCOEResult = FilterUtilities.filterCatalogByMultipleCOE(items, selectedCOETypes: multipleCOE)
                                                ^
/Users/binde/projects/classes/Molten/Tests/MoltenTests/Utilities/FilterUtilitiesTests.swift:291:46: warning: 'filterCatalogByMultipleCOE(_:selectedCOETypes:)' is deprecated: Use filterGlassItemsByCOE instead
        let emptyCOEResult = FilterUtilities.filterCatalogByMultipleCOE(items, selectedCOETypes: emptyCOESet)
                                             ^
/Users/binde/projects/classes/Molten/Tests/MoltenTests/Utilities/FilterUtilitiesTests.swift:296:44: warning: 'filterCatalogByMultipleCOE(_:selectedCOETypes:)' is deprecated: Use filterGlassItemsByCOE instead
        let allCOEResult = FilterUtilities.filterCatalogByMultipleCOE(items, selectedCOETypes: allCOETypes)
                                           ^
/Users/binde/projects/classes/Molten/Tests/MoltenTests/Utilities/FilterUtilitiesTests.swift:301:47: warning: 'filterCatalogByMultipleCOE(_:selectedCOETypes:)' is deprecated: Use filterGlassItemsByCOE instead
        let singleCOEResult = FilterUtilities.filterCatalogByMultipleCOE(items, selectedCOETypes: singleCOE)
                                              ^
/Users/binde/projects/classes/Molten/Tests/MoltenTests/Utilities/FilterUtilitiesTests.swift:313:38: warning: 'filterCatalogByTags(_:selectedTags:)' is deprecated: Use appropriate GlassItem filtering methods instead
        let result = FilterUtilities.filterCatalogByTags(items, selectedTags: selectedTags)
                                     ^
/Users/binde/projects/classes/Molten/Tests/MoltenTests/Utilities/FilterUtilitiesTests.swift:320:47: warning: 'filterCatalogByTags(_:selectedTags:)' is deprecated: Use appropriate GlassItem filtering methods instead
        let emptyTagsResult = FilterUtilities.filterCatalogByTags(items, selectedTags: emptyTags)
                                              ^
/Users/binde/projects/classes/Molten/Tests/MoltenTests/Utilities/FilterUtilitiesTests.swift:351:38: warning: 'filterCatalogByManufacturers(_:enabledManufacturers:)' is deprecated: Use filterGlassItemsByManufacturers instead
        let result = FilterUtilities.filterCatalogByManufacturers(emptyItems, enabledManufacturers: enabledManufacturers)
                                     ^
/Users/binde/projects/classes/Molten/Tests/MoltenTests/Utilities/FilterUtilitiesTests.swift:364:46: warning: 'filterCatalogByManufacturers(_:enabledManufacturers:)' is deprecated: Use filterGlassItemsByManufacturers instead
        let largeSetResult = FilterUtilities.filterCatalogByManufacturers(emptyItems, enabledManufacturers: largeEnabledSet)
                                             ^
/Users/binde/projects/classes/Molten/Tests/MoltenTests/Utilities/FilterUtilitiesTests.swift:377:37: warning: 'filterCatalogByManufacturers(_:enabledManufacturers:)' is deprecated: Use filterGlassItemsByManufacturers instead
            let _ = FilterUtilities.filterCatalogByManufacturers(emptyItems, enabledManufacturers: testSet)
                                    ^
/Users/binde/projects/classes/Molten/Tests/MoltenTests/Utilities/FilterUtilitiesTests.swift:395:44: warning: 'filterCatalogByManufacturers(_:enabledManufacturers:)' is deprecated: Use filterGlassItemsByManufacturers instead
        let frenchResult = FilterUtilities.filterCatalogByManufacturers(emptyItems, enabledManufacturers: frenchSet)
                                           ^
/Users/binde/projects/classes/Molten/Tests/MoltenTests/Utilities/FilterUtilitiesTests.swift:399:46: warning: 'filterCatalogByManufacturers(_:enabledManufacturers:)' is deprecated: Use filterGlassItemsByManufacturers instead
        let japaneseResult = FilterUtilities.filterCatalogByManufacturers(emptyItems, enabledManufacturers: japaneseSet)
                                             ^
/Users/binde/projects/classes/Molten/Tests/MoltenTests/Utilities/FilterUtilitiesTests.swift:403:49: warning: 'filterCatalogByManufacturers(_:enabledManufacturers:)' is deprecated: Use filterGlassItemsByManufacturers instead
        let specialCharResult = FilterUtilities.filterCatalogByManufacturers(emptyItems, enabledManufacturers: specialCharSet)
                                                ^
/Users/binde/projects/classes/Molten/Tests/MoltenTests/Utilities/FilterUtilitiesTests.swift:407:43: warning: 'filterCatalogByManufacturers(_:enabledManufacturers:)' is deprecated: Use filterGlassItemsByManufacturers instead
        let emojiResult = FilterUtilities.filterCatalogByManufacturers(emptyItems, enabledManufacturers: emojiSet)
                                          ^
/Users/binde/projects/classes/Molten/Tests/MoltenTests/Utilities/FilterUtilitiesTests.swift:420:45: warning: 'filterCatalogByManufacturers(_:enabledManufacturers:)' is deprecated: Use filterGlassItemsByManufacturers instead
        let complexResult = FilterUtilities.filterCatalogByManufacturers(emptyItems, enabledManufacturers: complexSet)
                                            ^
/Users/binde/projects/classes/Molten/Tests/MoltenTests/Utilities/FilterUtilitiesTests.swift:430:49: warning: 'filterCatalogByManufacturers(_:enabledManufacturers:)' is deprecated: Use filterGlassItemsByManufacturers instead
        let longUnicodeResult = FilterUtilities.filterCatalogByManufacturers(emptyItems, enabledManufacturers: longUnicodeSet)
                                                ^
/Users/binde/projects/classes/Molten/Tests/MoltenTests/Utilities/ImageHelpersTests.swift:104:17: note: '#expect(_:_:)' will always pass here; use 'Bool(true)' to silence this warning (from macro 'expect')
        #expect(true, "Nil manufacturer should not crash (result: \(result1 == nil ? "nil" : "image"))")
                ^~~~
/Users/binde/projects/classes/Molten/Tests/MoltenTests/Utilities/ImageHelpersTests.swift:108:17: note: '#expect(_:_:)' will always pass here; use 'Bool(true)' to silence this warning (from macro 'expect')
        #expect(true, "Empty manufacturer should not crash (result: \(result2 == nil ? "nil" : "image"))")
                ^~~~
/Users/binde/projects/classes/Molten/Tests/MoltenTests/Utilities/ImageHelpersTests.swift:112:17: note: '#expect(_:_:)' will always pass here; use 'Bool(true)' to silence this warning (from macro 'expect')
        #expect(true, "Whitespace manufacturer should not crash (result: \(result3 == nil ? "nil" : "image"))")
                ^~~~
/Users/binde/projects/classes/Molten/Tests/MoltenTests/Utilities/ImageHelpersTests.swift:197:17: note: '#expect(_:_:)' will always pass here; use 'Bool(true)' to silence this warning (from macro 'expect')
        #expect(true, "Different manufacturer parameters should use separate cache entries")
                ^~~~
/Users/binde/projects/classes/Molten/Tests/MoltenTests/Utilities/NetworkSimulationTests.swift:34:21: warning: '#expect(_:_:)' will always fail here; use 'Bool(false)' to silence this warning (from macro 'expect')
            #expect(false, "Should have timed out")
                    ^~~~~
/Users/binde/projects/classes/Molten/Tests/MoltenTests/Utilities/NetworkSimulationTests.swift:237:13: warning: initialization of immutable value 'startTime' was never used; consider replacing with assignment to '_' or removing it
        let startTime = Date()
        ~~~~^~~~~~~~~
        _

SwiftCompile normal arm64 /Users/binde/projects/classes/Molten/Tests/MoltenTests/Utilities/SearchTextParserTests.swift (in target 'MoltenTests' from project 'Molten')
    cd /Users/binde/projects/classes
    
/Users/binde/projects/classes/Molten/Tests/MoltenTests/Utilities/FilterUtilitiesTests.swift:157:38: warning: 'is' test is always true
        #expect(enabledManufacturers is Set<String>, "Should return a Set of String")
                                     ^
/Users/binde/projects/classes/Molten/Tests/MoltenTests/Utilities/FilterUtilitiesTests.swift:232:38: warning: 'filterCatalogByManufacturers(_:enabledManufacturers:)' is deprecated: Use filterGlassItemsByManufacturers instead
        let result = FilterUtilities.filterCatalogByManufacturers(items, enabledManufacturers: enabledManufacturers)
                                     ^
/Users/binde/projects/classes/Molten/Tests/MoltenTests/Utilities/FilterUtilitiesTests.swift:240:43: warning: 'filterCatalogByManufacturers(_:enabledManufacturers:)' is deprecated: Use filterGlassItemsByManufacturers instead
        let emptyResult = FilterUtilities.filterCatalogByManufacturers(items, enabledManufacturers: emptyEnabledSet)
                                          ^
/Users/binde/projects/classes/Molten/Tests/MoltenTests/Utilities/FilterUtilitiesTests.swift:245:49: warning: 'filterCatalogByManufacturers(_:enabledManufacturers:)' is deprecated: Use filterGlassItemsByManufacturers instead
        let nonEmptySetResult = FilterUtilities.filterCatalogByManufacturers(items, enabledManufacturers: nonEmptyEnabledSet)
                                                ^
/Users/binde/projects/classes/Molten/Tests/MoltenTests/Utilities/FilterUtilitiesTests.swift:253:13: warning: 'init(id:name:rawCode:manufacturer:tags:units:)' is deprecated: Use parent-child initializer instead
            CatalogItemModel(name: "Effetre Glass", rawCode: "EG-001", manufacturer: "Effetre"), // COE 104
            ^
/Users/binde/projects/classes/Molten/Tests/MoltenTests/Utilities/FilterUtilitiesTests.swift:254:13: warning: 'init(id:name:rawCode:manufacturer:tags:units:)' is deprecated: Use parent-child initializer instead
            CatalogItemModel(name: "Bullseye Glass", rawCode: "BG-002", manufacturer: "Bullseye"), // COE 90
            ^
/Users/binde/projects/classes/Molten/Tests/MoltenTests/Utilities/FilterUtilitiesTests.swift:255:13: warning: 'init(id:name:rawCode:manufacturer:tags:units:)' is deprecated: Use parent-child initializer instead
            CatalogItemModel(name: "Spectrum Glass", rawCode: "SG-003", manufacturer: "Spectrum"), // COE 96
            ^
/Users/binde/projects/classes/Molten/Tests/MoltenTests/Utilities/FilterUtilitiesTests.swift:256:13: warning: 'init(id:name:rawCode:manufacturer:tags:units:)' is deprecated: Use parent-child initializer instead
            CatalogItemModel(name: "Unknown Glass", rawCode: "UG-004", manufacturer: "Unknown"), // Unknown manufacturer
            ^
/Users/binde/projects/classes/Molten/Tests/MoltenTests/Utilities/FilterUtilitiesTests.swift:257:13: warning: 'init(id:name:rawCode:manufacturer:tags:units:)' is deprecated: Use parent-child initializer instead
            CatalogItemModel(name: "Empty Manufacturer", rawCode: "EM-005", manufacturer: ""), // empty manufacturer
            ^
/Users/binde/projects/classes/Molten/Tests/MoltenTests/Utilities/FilterUtilitiesTests.swift:261:44: warning: 'filterCatalogByCOE(_:selectedCOE:)' is deprecated: Use filterGlassItemsByCOE instead
        let coe104Result = FilterUtilities.filterCatalogByCOE(items, selectedCOE: 104)
                                           ^
/Users/binde/projects/classes/Molten/Tests/MoltenTests/Utilities/FilterUtilitiesTests.swift:265:44: warning: 'filterCatalogByCOE(_:selectedCOE:)' is deprecated: Use filterGlassItemsByCOE instead
        let nilCOEResult = FilterUtilities.filterCatalogByCOE(items, selectedCOE: nil)
                                           ^
/Users/binde/projects/classes/Molten/Tests/MoltenTests/Utilities/FilterUtilitiesTests.swift:269:43: warning: 'filterCatalogByCOE(_:selectedCOE:)' is deprecated: Use filterGlassItemsByCOE instead
        let coe96Result = FilterUtilities.filterCatalogByCOE(items, selectedCOE: 96)
                                          ^
/Users/binde/projects/classes/Molten/Tests/MoltenTests/Utilities/FilterUtilitiesTests.swift:277:13: warning: 'init(id:name:rawCode:manufacturer:tags:units:)' is deprecated: Use parent-child initializer instead
            CatalogItemModel(name: "Effetre Glass", rawCode: "EG-001", manufacturer: "Effetre"), // COE 104
            ^
/Users/binde/projects/classes/Molten/Tests/MoltenTests/Utilities/FilterUtilitiesTests.swift:278:13: warning: 'init(id:name:rawCode:manufacturer:tags:units:)' is deprecated: Use parent-child initializer instead
            CatalogItemModel(name: "Bullseye Glass", rawCode: "BG-002", manufacturer: "Bullseye"), // COE 90
            ^
/Users/binde/projects/classes/Molten/Tests/MoltenTests/Utilities/FilterUtilitiesTests.swift:279:13: warning: 'init(id:name:rawCode:manufacturer:tags:units:)' is deprecated: Use parent-child initializer instead
            CatalogItemModel(name: "Spectrum Glass", rawCode: "SG-003", manufacturer: "Spectrum"), // COE 96
            ^
/Users/binde/projects/classes/Molten/Tests/MoltenTests/Utilities/FilterUtilitiesTests.swift:280:13: warning: 'init(id:name:rawCode:manufacturer:tags:units:)' is deprecated: Use parent-child initializer instead
            CatalogItemModel(name: "Test Corp Glass", rawCode: "TCG-004", manufacturer: "TestCorp"), // Unknown
            ^
/Users/binde/projects/classes/Molten/Tests/MoltenTests/Utilities/FilterUtilitiesTests.swift:281:13: warning: 'init(id:name:rawCode:manufacturer:tags:units:)' is deprecated: Use parent-child initializer instead
            CatalogItemModel(name: "Empty Manufacturer", rawCode: "EM-005", manufacturer: ""), // Empty manufacturer
            ^
/Users/binde/projects/classes/Molten/Tests/MoltenTests/Utilities/FilterUtilitiesTests.swift:286:49: warning: 'filterCatalogByMultipleCOE(_:selectedCOETypes:)' is deprecated: Use filterGlassItemsByCOE instead
        let multipleCOEResult = FilterUtilities.filterCatalogByMultipleCOE(items, selectedCOETypes: multipleCOE)
                                                ^
/Users/binde/projects/classes/Molten/Tests/MoltenTests/Utilities/FilterUtilitiesTests.swift:291:46: warning: 'filterCatalogByMultipleCOE(_:selectedCOETypes:)' is deprecated: Use filterGlassItemsByCOE instead
        let emptyCOEResult = FilterUtilities.filterCatalogByMultipleCOE(items, selectedCOETypes: emptyCOESet)
                                             ^
/Users/binde/projects/classes/Molten/Tests/MoltenTests/Utilities/FilterUtilitiesTests.swift:296:44: warning: 'filterCatalogByMultipleCOE(_:selectedCOETypes:)' is deprecated: Use filterGlassItemsByCOE instead
        let allCOEResult = FilterUtilities.filterCatalogByMultipleCOE(items, selectedCOETypes: allCOETypes)
                                           ^
/Users/binde/projects/classes/Molten/Tests/MoltenTests/Utilities/FilterUtilitiesTests.swift:301:47: warning: 'filterCatalogByMultipleCOE(_:selectedCOETypes:)' is deprecated: Use filterGlassItemsByCOE instead
        let singleCOEResult = FilterUtilities.filterCatalogByMultipleCOE(items, selectedCOETypes: singleCOE)
                                              ^
/Users/binde/projects/classes/Molten/Tests/MoltenTests/Utilities/FilterUtilitiesTests.swift:313:38: warning: 'filterCatalogByTags(_:selectedTags:)' is deprecated: Use appropriate GlassItem filtering methods instead
        let result = FilterUtilities.filterCatalogByTags(items, selectedTags: selectedTags)
                                     ^
/Users/binde/projects/classes/Molten/Tests/MoltenTests/Utilities/FilterUtilitiesTests.swift:320:47: warning: 'filterCatalogByTags(_:selectedTags:)' is deprecated: Use appropriate GlassItem filtering methods instead
        let emptyTagsResult = FilterUtilities.filterCatalogByTags(items, selectedTags: emptyTags)
                                              ^
/Users/binde/projects/classes/Molten/Tests/MoltenTests/Utilities/FilterUtilitiesTests.swift:351:38: warning: 'filterCatalogByManufacturers(_:enabledManufacturers:)' is deprecated: Use filterGlassItemsByManufacturers instead
        let result = FilterUtilities.filterCatalogByManufacturers(emptyItems, enabledManufacturers: enabledManufacturers)
                                     ^
/Users/binde/projects/classes/Molten/Tests/MoltenTests/Utilities/FilterUtilitiesTests.swift:364:46: warning: 'filterCatalogByManufacturers(_:enabledManufacturers:)' is deprecated: Use filterGlassItemsByManufacturers instead
        let largeSetResult = FilterUtilities.filterCatalogByManufacturers(emptyItems, enabledManufacturers: largeEnabledSet)
                                             ^
/Users/binde/projects/classes/Molten/Tests/MoltenTests/Utilities/FilterUtilitiesTests.swift:377:37: warning: 'filterCatalogByManufacturers(_:enabledManufacturers:)' is deprecated: Use filterGlassItemsByManufacturers instead
            let _ = FilterUtilities.filterCatalogByManufacturers(emptyItems, enabledManufacturers: testSet)
                                    ^
/Users/binde/projects/classes/Molten/Tests/MoltenTests/Utilities/FilterUtilitiesTests.swift:395:44: warning: 'filterCatalogByManufacturers(_:enabledManufacturers:)' is deprecated: Use filterGlassItemsByManufacturers instead
        let frenchResult = FilterUtilities.filterCatalogByManufacturers(emptyItems, enabledManufacturers: frenchSet)
                                           ^
/Users/binde/projects/classes/Molten/Tests/MoltenTests/Utilities/FilterUtilitiesTests.swift:399:46: warning: 'filterCatalogByManufacturers(_:enabledManufacturers:)' is deprecated: Use filterGlassItemsByManufacturers instead
        let japaneseResult = FilterUtilities.filterCatalogByManufacturers(emptyItems, enabledManufacturers: japaneseSet)
                                             ^
/Users/binde/projects/classes/Molten/Tests/MoltenTests/Utilities/FilterUtilitiesTests.swift:403:49: warning: 'filterCatalogByManufacturers(_:enabledManufacturers:)' is deprecated: Use filterGlassItemsByManufacturers instead
        let specialCharResult = FilterUtilities.filterCatalogByManufacturers(emptyItems, enabledManufacturers: specialCharSet)
                                                ^
/Users/binde/projects/classes/Molten/Tests/MoltenTests/Utilities/FilterUtilitiesTests.swift:407:43: warning: 'filterCatalogByManufacturers(_:enabledManufacturers:)' is deprecated: Use filterGlassItemsByManufacturers instead
        let emojiResult = FilterUtilities.filterCatalogByManufacturers(emptyItems, enabledManufacturers: emojiSet)
                                          ^
/Users/binde/projects/classes/Molten/Tests/MoltenTests/Utilities/FilterUtilitiesTests.swift:420:45: warning: 'filterCatalogByManufacturers(_:enabledManufacturers:)' is deprecated: Use filterGlassItemsByManufacturers instead
        let complexResult = FilterUtilities.filterCatalogByManufacturers(emptyItems, enabledManufacturers: complexSet)
                                            ^
/Users/binde/projects/classes/Molten/Tests/MoltenTests/Utilities/FilterUtilitiesTests.swift:430:49: warning: 'filterCatalogByManufacturers(_:enabledManufacturers:)' is deprecated: Use filterGlassItemsByManufacturers instead
        let longUnicodeResult = FilterUtilities.filterCatalogByManufacturers(emptyItems, enabledManufacturers: longUnicodeSet)
                                                ^
/Users/binde/projects/classes/Molten/Tests/MoltenTests/Utilities/ImageHelpersTests.swift:104:17: note: '#expect(_:_:)' will always pass here; use 'Bool(true)' to silence this warning (from macro 'expect')
        #expect(true, "Nil manufacturer should not crash (result: \(result1 == nil ? "nil" : "image"))")
                ^~~~
/Users/binde/projects/classes/Molten/Tests/MoltenTests/Utilities/ImageHelpersTests.swift:108:17: note: '#expect(_:_:)' will always pass here; use 'Bool(true)' to silence this warning (from macro 'expect')
        #expect(true, "Empty manufacturer should not crash (result: \(result2 == nil ? "nil" : "image"))")
                ^~~~
/Users/binde/projects/classes/Molten/Tests/MoltenTests/Utilities/ImageHelpersTests.swift:112:17: note: '#expect(_:_:)' will always pass here; use 'Bool(true)' to silence this warning (from macro 'expect')
        #expect(true, "Whitespace manufacturer should not crash (result: \(result3 == nil ? "nil" : "image"))")
                ^~~~
/Users/binde/projects/classes/Molten/Tests/MoltenTests/Utilities/ImageHelpersTests.swift:197:17: note: '#expect(_:_:)' will always pass here; use 'Bool(true)' to silence this warning (from macro 'expect')
        #expect(true, "Different manufacturer parameters should use separate cache entries")
                ^~~~

SwiftCompile normal arm64 /Users/binde/projects/classes/Molten/Tests/MoltenTests/Utilities/SearchUtilitiesConfigurationTests.swift (in target 'MoltenTests' from project 'Molten')
    cd /Users/binde/projects/classes
    
/Users/binde/projects/classes/Molten/Tests/MoltenTests/Utilities/FilterUtilitiesTests.swift:157:38: warning: 'is' test is always true
        #expect(enabledManufacturers is Set<String>, "Should return a Set of String")
                                     ^
/Users/binde/projects/classes/Molten/Tests/MoltenTests/Utilities/FilterUtilitiesTests.swift:232:38: warning: 'filterCatalogByManufacturers(_:enabledManufacturers:)' is deprecated: Use filterGlassItemsByManufacturers instead
        let result = FilterUtilities.filterCatalogByManufacturers(items, enabledManufacturers: enabledManufacturers)
                                     ^
/Users/binde/projects/classes/Molten/Tests/MoltenTests/Utilities/FilterUtilitiesTests.swift:240:43: warning: 'filterCatalogByManufacturers(_:enabledManufacturers:)' is deprecated: Use filterGlassItemsByManufacturers instead
        let emptyResult = FilterUtilities.filterCatalogByManufacturers(items, enabledManufacturers: emptyEnabledSet)
                                          ^
/Users/binde/projects/classes/Molten/Tests/MoltenTests/Utilities/FilterUtilitiesTests.swift:245:49: warning: 'filterCatalogByManufacturers(_:enabledManufacturers:)' is deprecated: Use filterGlassItemsByManufacturers instead
        let nonEmptySetResult = FilterUtilities.filterCatalogByManufacturers(items, enabledManufacturers: nonEmptyEnabledSet)
                                                ^
/Users/binde/projects/classes/Molten/Tests/MoltenTests/Utilities/FilterUtilitiesTests.swift:253:13: warning: 'init(id:name:rawCode:manufacturer:tags:units:)' is deprecated: Use parent-child initializer instead
            CatalogItemModel(name: "Effetre Glass", rawCode: "EG-001", manufacturer: "Effetre"), // COE 104
            ^
/Users/binde/projects/classes/Molten/Tests/MoltenTests/Utilities/FilterUtilitiesTests.swift:254:13: warning: 'init(id:name:rawCode:manufacturer:tags:units:)' is deprecated: Use parent-child initializer instead
            CatalogItemModel(name: "Bullseye Glass", rawCode: "BG-002", manufacturer: "Bullseye"), // COE 90
            ^
/Users/binde/projects/classes/Molten/Tests/MoltenTests/Utilities/FilterUtilitiesTests.swift:255:13: warning: 'init(id:name:rawCode:manufacturer:tags:units:)' is deprecated: Use parent-child initializer instead
            CatalogItemModel(name: "Spectrum Glass", rawCode: "SG-003", manufacturer: "Spectrum"), // COE 96
            ^
/Users/binde/projects/classes/Molten/Tests/MoltenTests/Utilities/FilterUtilitiesTests.swift:256:13: warning: 'init(id:name:rawCode:manufacturer:tags:units:)' is deprecated: Use parent-child initializer instead
            CatalogItemModel(name: "Unknown Glass", rawCode: "UG-004", manufacturer: "Unknown"), // Unknown manufacturer
            ^
/Users/binde/projects/classes/Molten/Tests/MoltenTests/Utilities/FilterUtilitiesTests.swift:257:13: warning: 'init(id:name:rawCode:manufacturer:tags:units:)' is deprecated: Use parent-child initializer instead
            CatalogItemModel(name: "Empty Manufacturer", rawCode: "EM-005", manufacturer: ""), // empty manufacturer
            ^
/Users/binde/projects/classes/Molten/Tests/MoltenTests/Utilities/FilterUtilitiesTests.swift:261:44: warning: 'filterCatalogByCOE(_:selectedCOE:)' is deprecated: Use filterGlassItemsByCOE instead
        let coe104Result = FilterUtilities.filterCatalogByCOE(items, selectedCOE: 104)
                                           ^
/Users/binde/projects/classes/Molten/Tests/MoltenTests/Utilities/FilterUtilitiesTests.swift:265:44: warning: 'filterCatalogByCOE(_:selectedCOE:)' is deprecated: Use filterGlassItemsByCOE instead
        let nilCOEResult = FilterUtilities.filterCatalogByCOE(items, selectedCOE: nil)
                                           ^
/Users/binde/projects/classes/Molten/Tests/MoltenTests/Utilities/FilterUtilitiesTests.swift:269:43: warning: 'filterCatalogByCOE(_:selectedCOE:)' is deprecated: Use filterGlassItemsByCOE instead
        let coe96Result = FilterUtilities.filterCatalogByCOE(items, selectedCOE: 96)
                                          ^
/Users/binde/projects/classes/Molten/Tests/MoltenTests/Utilities/FilterUtilitiesTests.swift:277:13: warning: 'init(id:name:rawCode:manufacturer:tags:units:)' is deprecated: Use parent-child initializer instead
            CatalogItemModel(name: "Effetre Glass", rawCode: "EG-001", manufacturer: "Effetre"), // COE 104
            ^
/Users/binde/projects/classes/Molten/Tests/MoltenTests/Utilities/FilterUtilitiesTests.swift:278:13: warning: 'init(id:name:rawCode:manufacturer:tags:units:)' is deprecated: Use parent-child initializer instead
            CatalogItemModel(name: "Bullseye Glass", rawCode: "BG-002", manufacturer: "Bullseye"), // COE 90
            ^
/Users/binde/projects/classes/Molten/Tests/MoltenTests/Utilities/FilterUtilitiesTests.swift:279:13: warning: 'init(id:name:rawCode:manufacturer:tags:units:)' is deprecated: Use parent-child initializer instead
            CatalogItemModel(name: "Spectrum Glass", rawCode: "SG-003", manufacturer: "Spectrum"), // COE 96
            ^
/Users/binde/projects/classes/Molten/Tests/MoltenTests/Utilities/FilterUtilitiesTests.swift:280:13: warning: 'init(id:name:rawCode:manufacturer:tags:units:)' is deprecated: Use parent-child initializer instead
            CatalogItemModel(name: "Test Corp Glass", rawCode: "TCG-004", manufacturer: "TestCorp"), // Unknown
            ^
/Users/binde/projects/classes/Molten/Tests/MoltenTests/Utilities/FilterUtilitiesTests.swift:281:13: warning: 'init(id:name:rawCode:manufacturer:tags:units:)' is deprecated: Use parent-child initializer instead
            CatalogItemModel(name: "Empty Manufacturer", rawCode: "EM-005", manufacturer: ""), // Empty manufacturer
            ^
/Users/binde/projects/classes/Molten/Tests/MoltenTests/Utilities/FilterUtilitiesTests.swift:286:49: warning: 'filterCatalogByMultipleCOE(_:selectedCOETypes:)' is deprecated: Use filterGlassItemsByCOE instead
        let multipleCOEResult = FilterUtilities.filterCatalogByMultipleCOE(items, selectedCOETypes: multipleCOE)
                                                ^
/Users/binde/projects/classes/Molten/Tests/MoltenTests/Utilities/FilterUtilitiesTests.swift:291:46: warning: 'filterCatalogByMultipleCOE(_:selectedCOETypes:)' is deprecated: Use filterGlassItemsByCOE instead
        let emptyCOEResult = FilterUtilities.filterCatalogByMultipleCOE(items, selectedCOETypes: emptyCOESet)
                                             ^
/Users/binde/projects/classes/Molten/Tests/MoltenTests/Utilities/FilterUtilitiesTests.swift:296:44: warning: 'filterCatalogByMultipleCOE(_:selectedCOETypes:)' is deprecated: Use filterGlassItemsByCOE instead
        let allCOEResult = FilterUtilities.filterCatalogByMultipleCOE(items, selectedCOETypes: allCOETypes)
                                           ^
/Users/binde/projects/classes/Molten/Tests/MoltenTests/Utilities/FilterUtilitiesTests.swift:301:47: warning: 'filterCatalogByMultipleCOE(_:selectedCOETypes:)' is deprecated: Use filterGlassItemsByCOE instead
        let singleCOEResult = FilterUtilities.filterCatalogByMultipleCOE(items, selectedCOETypes: singleCOE)
                                              ^
/Users/binde/projects/classes/Molten/Tests/MoltenTests/Utilities/FilterUtilitiesTests.swift:313:38: warning: 'filterCatalogByTags(_:selectedTags:)' is deprecated: Use appropriate GlassItem filtering methods instead
        let result = FilterUtilities.filterCatalogByTags(items, selectedTags: selectedTags)
                                     ^
/Users/binde/projects/classes/Molten/Tests/MoltenTests/Utilities/FilterUtilitiesTests.swift:320:47: warning: 'filterCatalogByTags(_:selectedTags:)' is deprecated: Use appropriate GlassItem filtering methods instead
        let emptyTagsResult = FilterUtilities.filterCatalogByTags(items, selectedTags: emptyTags)
                                              ^
/Users/binde/projects/classes/Molten/Tests/MoltenTests/Utilities/FilterUtilitiesTests.swift:351:38: warning: 'filterCatalogByManufacturers(_:enabledManufacturers:)' is deprecated: Use filterGlassItemsByManufacturers instead
        let result = FilterUtilities.filterCatalogByManufacturers(emptyItems, enabledManufacturers: enabledManufacturers)
                                     ^
/Users/binde/projects/classes/Molten/Tests/MoltenTests/Utilities/FilterUtilitiesTests.swift:364:46: warning: 'filterCatalogByManufacturers(_:enabledManufacturers:)' is deprecated: Use filterGlassItemsByManufacturers instead
        let largeSetResult = FilterUtilities.filterCatalogByManufacturers(emptyItems, enabledManufacturers: largeEnabledSet)
                                             ^
/Users/binde/projects/classes/Molten/Tests/MoltenTests/Utilities/FilterUtilitiesTests.swift:377:37: warning: 'filterCatalogByManufacturers(_:enabledManufacturers:)' is deprecated: Use filterGlassItemsByManufacturers instead
            let _ = FilterUtilities.filterCatalogByManufacturers(emptyItems, enabledManufacturers: testSet)
                                    ^
/Users/binde/projects/classes/Molten/Tests/MoltenTests/Utilities/FilterUtilitiesTests.swift:395:44: warning: 'filterCatalogByManufacturers(_:enabledManufacturers:)' is deprecated: Use filterGlassItemsByManufacturers instead
        let frenchResult = FilterUtilities.filterCatalogByManufacturers(emptyItems, enabledManufacturers: frenchSet)
                                           ^
/Users/binde/projects/classes/Molten/Tests/MoltenTests/Utilities/FilterUtilitiesTests.swift:399:46: warning: 'filterCatalogByManufacturers(_:enabledManufacturers:)' is deprecated: Use filterGlassItemsByManufacturers instead
        let japaneseResult = FilterUtilities.filterCatalogByManufacturers(emptyItems, enabledManufacturers: japaneseSet)
                                             ^
/Users/binde/projects/classes/Molten/Tests/MoltenTests/Utilities/FilterUtilitiesTests.swift:403:49: warning: 'filterCatalogByManufacturers(_:enabledManufacturers:)' is deprecated: Use filterGlassItemsByManufacturers instead
        let specialCharResult = FilterUtilities.filterCatalogByManufacturers(emptyItems, enabledManufacturers: specialCharSet)
                                                ^
/Users/binde/projects/classes/Molten/Tests/MoltenTests/Utilities/FilterUtilitiesTests.swift:407:43: warning: 'filterCatalogByManufacturers(_:enabledManufacturers:)' is deprecated: Use filterGlassItemsByManufacturers instead
        let emojiResult = FilterUtilities.filterCatalogByManufacturers(emptyItems, enabledManufacturers: emojiSet)
                                          ^
/Users/binde/projects/classes/Molten/Tests/MoltenTests/Utilities/FilterUtilitiesTests.swift:420:45: warning: 'filterCatalogByManufacturers(_:enabledManufacturers:)' is deprecated: Use filterGlassItemsByManufacturers instead
        let complexResult = FilterUtilities.filterCatalogByManufacturers(emptyItems, enabledManufacturers: complexSet)
                                            ^
/Users/binde/projects/classes/Molten/Tests/MoltenTests/Utilities/FilterUtilitiesTests.swift:430:49: warning: 'filterCatalogByManufacturers(_:enabledManufacturers:)' is deprecated: Use filterGlassItemsByManufacturers instead
        let longUnicodeResult = FilterUtilities.filterCatalogByManufacturers(emptyItems, enabledManufacturers: longUnicodeSet)
                                                ^
/Users/binde/projects/classes/Molten/Tests/MoltenTests/Utilities/ImageHelpersTests.swift:104:17: note: '#expect(_:_:)' will always pass here; use 'Bool(true)' to silence this warning (from macro 'expect')
        #expect(true, "Nil manufacturer should not crash (result: \(result1 == nil ? "nil" : "image"))")
                ^~~~
/Users/binde/projects/classes/Molten/Tests/MoltenTests/Utilities/ImageHelpersTests.swift:108:17: note: '#expect(_:_:)' will always pass here; use 'Bool(true)' to silence this warning (from macro 'expect')
        #expect(true, "Empty manufacturer should not crash (result: \(result2 == nil ? "nil" : "image"))")
                ^~~~
/Users/binde/projects/classes/Molten/Tests/MoltenTests/Utilities/ImageHelpersTests.swift:112:17: note: '#expect(_:_:)' will always pass here; use 'Bool(true)' to silence this warning (from macro 'expect')
        #expect(true, "Whitespace manufacturer should not crash (result: \(result3 == nil ? "nil" : "image"))")
                ^~~~
/Users/binde/projects/classes/Molten/Tests/MoltenTests/Utilities/ImageHelpersTests.swift:197:17: note: '#expect(_:_:)' will always pass here; use 'Bool(true)' to silence this warning (from macro 'expect')
        #expect(true, "Different manufacturer parameters should use separate cache entries")
                ^~~~

SwiftCompile normal arm64 /Users/binde/projects/classes/Molten/Tests/MoltenTests/Utilities/SearchUtilitiesTests.swift (in target 'MoltenTests' from project 'Molten')
    cd /Users/binde/projects/classes
    
/Users/binde/projects/classes/Molten/Tests/MoltenTests/Utilities/FilterUtilitiesTests.swift:157:38: warning: 'is' test is always true
        #expect(enabledManufacturers is Set<String>, "Should return a Set of String")
                                     ^
/Users/binde/projects/classes/Molten/Tests/MoltenTests/Utilities/FilterUtilitiesTests.swift:232:38: warning: 'filterCatalogByManufacturers(_:enabledManufacturers:)' is deprecated: Use filterGlassItemsByManufacturers instead
        let result = FilterUtilities.filterCatalogByManufacturers(items, enabledManufacturers: enabledManufacturers)
                                     ^
/Users/binde/projects/classes/Molten/Tests/MoltenTests/Utilities/FilterUtilitiesTests.swift:240:43: warning: 'filterCatalogByManufacturers(_:enabledManufacturers:)' is deprecated: Use filterGlassItemsByManufacturers instead
        let emptyResult = FilterUtilities.filterCatalogByManufacturers(items, enabledManufacturers: emptyEnabledSet)
                                          ^
/Users/binde/projects/classes/Molten/Tests/MoltenTests/Utilities/FilterUtilitiesTests.swift:245:49: warning: 'filterCatalogByManufacturers(_:enabledManufacturers:)' is deprecated: Use filterGlassItemsByManufacturers instead
        let nonEmptySetResult = FilterUtilities.filterCatalogByManufacturers(items, enabledManufacturers: nonEmptyEnabledSet)
                                                ^
/Users/binde/projects/classes/Molten/Tests/MoltenTests/Utilities/FilterUtilitiesTests.swift:253:13: warning: 'init(id:name:rawCode:manufacturer:tags:units:)' is deprecated: Use parent-child initializer instead
            CatalogItemModel(name: "Effetre Glass", rawCode: "EG-001", manufacturer: "Effetre"), // COE 104
            ^
/Users/binde/projects/classes/Molten/Tests/MoltenTests/Utilities/FilterUtilitiesTests.swift:254:13: warning: 'init(id:name:rawCode:manufacturer:tags:units:)' is deprecated: Use parent-child initializer instead
            CatalogItemModel(name: "Bullseye Glass", rawCode: "BG-002", manufacturer: "Bullseye"), // COE 90
            ^
/Users/binde/projects/classes/Molten/Tests/MoltenTests/Utilities/FilterUtilitiesTests.swift:255:13: warning: 'init(id:name:rawCode:manufacturer:tags:units:)' is deprecated: Use parent-child initializer instead
            CatalogItemModel(name: "Spectrum Glass", rawCode: "SG-003", manufacturer: "Spectrum"), // COE 96
            ^
/Users/binde/projects/classes/Molten/Tests/MoltenTests/Utilities/FilterUtilitiesTests.swift:256:13: warning: 'init(id:name:rawCode:manufacturer:tags:units:)' is deprecated: Use parent-child initializer instead
            CatalogItemModel(name: "Unknown Glass", rawCode: "UG-004", manufacturer: "Unknown"), // Unknown manufacturer
            ^
/Users/binde/projects/classes/Molten/Tests/MoltenTests/Utilities/FilterUtilitiesTests.swift:257:13: warning: 'init(id:name:rawCode:manufacturer:tags:units:)' is deprecated: Use parent-child initializer instead
            CatalogItemModel(name: "Empty Manufacturer", rawCode: "EM-005", manufacturer: ""), // empty manufacturer
            ^
/Users/binde/projects/classes/Molten/Tests/MoltenTests/Utilities/FilterUtilitiesTests.swift:261:44: warning: 'filterCatalogByCOE(_:selectedCOE:)' is deprecated: Use filterGlassItemsByCOE instead
        let coe104Result = FilterUtilities.filterCatalogByCOE(items, selectedCOE: 104)
                                           ^
/Users/binde/projects/classes/Molten/Tests/MoltenTests/Utilities/FilterUtilitiesTests.swift:265:44: warning: 'filterCatalogByCOE(_:selectedCOE:)' is deprecated: Use filterGlassItemsByCOE instead
        let nilCOEResult = FilterUtilities.filterCatalogByCOE(items, selectedCOE: nil)
                                           ^
/Users/binde/projects/classes/Molten/Tests/MoltenTests/Utilities/FilterUtilitiesTests.swift:269:43: warning: 'filterCatalogByCOE(_:selectedCOE:)' is deprecated: Use filterGlassItemsByCOE instead
        let coe96Result = FilterUtilities.filterCatalogByCOE(items, selectedCOE: 96)
                                          ^
/Users/binde/projects/classes/Molten/Tests/MoltenTests/Utilities/FilterUtilitiesTests.swift:277:13: warning: 'init(id:name:rawCode:manufacturer:tags:units:)' is deprecated: Use parent-child initializer instead
            CatalogItemModel(name: "Effetre Glass", rawCode: "EG-001", manufacturer: "Effetre"), // COE 104
            ^
/Users/binde/projects/classes/Molten/Tests/MoltenTests/Utilities/FilterUtilitiesTests.swift:278:13: warning: 'init(id:name:rawCode:manufacturer:tags:units:)' is deprecated: Use parent-child initializer instead
            CatalogItemModel(name: "Bullseye Glass", rawCode: "BG-002", manufacturer: "Bullseye"), // COE 90
            ^
/Users/binde/projects/classes/Molten/Tests/MoltenTests/Utilities/FilterUtilitiesTests.swift:279:13: warning: 'init(id:name:rawCode:manufacturer:tags:units:)' is deprecated: Use parent-child initializer instead
            CatalogItemModel(name: "Spectrum Glass", rawCode: "SG-003", manufacturer: "Spectrum"), // COE 96
            ^
/Users/binde/projects/classes/Molten/Tests/MoltenTests/Utilities/FilterUtilitiesTests.swift:280:13: warning: 'init(id:name:rawCode:manufacturer:tags:units:)' is deprecated: Use parent-child initializer instead
            CatalogItemModel(name: "Test Corp Glass", rawCode: "TCG-004", manufacturer: "TestCorp"), // Unknown
            ^
/Users/binde/projects/classes/Molten/Tests/MoltenTests/Utilities/FilterUtilitiesTests.swift:281:13: warning: 'init(id:name:rawCode:manufacturer:tags:units:)' is deprecated: Use parent-child initializer instead
            CatalogItemModel(name: "Empty Manufacturer", rawCode: "EM-005", manufacturer: ""), // Empty manufacturer
            ^
/Users/binde/projects/classes/Molten/Tests/MoltenTests/Utilities/FilterUtilitiesTests.swift:286:49: warning: 'filterCatalogByMultipleCOE(_:selectedCOETypes:)' is deprecated: Use filterGlassItemsByCOE instead
        let multipleCOEResult = FilterUtilities.filterCatalogByMultipleCOE(items, selectedCOETypes: multipleCOE)
                                                ^
/Users/binde/projects/classes/Molten/Tests/MoltenTests/Utilities/FilterUtilitiesTests.swift:291:46: warning: 'filterCatalogByMultipleCOE(_:selectedCOETypes:)' is deprecated: Use filterGlassItemsByCOE instead
        let emptyCOEResult = FilterUtilities.filterCatalogByMultipleCOE(items, selectedCOETypes: emptyCOESet)
                                             ^
/Users/binde/projects/classes/Molten/Tests/MoltenTests/Utilities/FilterUtilitiesTests.swift:296:44: warning: 'filterCatalogByMultipleCOE(_:selectedCOETypes:)' is deprecated: Use filterGlassItemsByCOE instead
        let allCOEResult = FilterUtilities.filterCatalogByMultipleCOE(items, selectedCOETypes: allCOETypes)
                                           ^
/Users/binde/projects/classes/Molten/Tests/MoltenTests/Utilities/FilterUtilitiesTests.swift:301:47: warning: 'filterCatalogByMultipleCOE(_:selectedCOETypes:)' is deprecated: Use filterGlassItemsByCOE instead
        let singleCOEResult = FilterUtilities.filterCatalogByMultipleCOE(items, selectedCOETypes: singleCOE)
                                              ^
/Users/binde/projects/classes/Molten/Tests/MoltenTests/Utilities/FilterUtilitiesTests.swift:313:38: warning: 'filterCatalogByTags(_:selectedTags:)' is deprecated: Use appropriate GlassItem filtering methods instead
        let result = FilterUtilities.filterCatalogByTags(items, selectedTags: selectedTags)
                                     ^
/Users/binde/projects/classes/Molten/Tests/MoltenTests/Utilities/FilterUtilitiesTests.swift:320:47: warning: 'filterCatalogByTags(_:selectedTags:)' is deprecated: Use appropriate GlassItem filtering methods instead
        let emptyTagsResult = FilterUtilities.filterCatalogByTags(items, selectedTags: emptyTags)
                                              ^
/Users/binde/projects/classes/Molten/Tests/MoltenTests/Utilities/FilterUtilitiesTests.swift:351:38: warning: 'filterCatalogByManufacturers(_:enabledManufacturers:)' is deprecated: Use filterGlassItemsByManufacturers instead
        let result = FilterUtilities.filterCatalogByManufacturers(emptyItems, enabledManufacturers: enabledManufacturers)
                                     ^
/Users/binde/projects/classes/Molten/Tests/MoltenTests/Utilities/FilterUtilitiesTests.swift:364:46: warning: 'filterCatalogByManufacturers(_:enabledManufacturers:)' is deprecated: Use filterGlassItemsByManufacturers instead
        let largeSetResult = FilterUtilities.filterCatalogByManufacturers(emptyItems, enabledManufacturers: largeEnabledSet)
                                             ^
/Users/binde/projects/classes/Molten/Tests/MoltenTests/Utilities/FilterUtilitiesTests.swift:377:37: warning: 'filterCatalogByManufacturers(_:enabledManufacturers:)' is deprecated: Use filterGlassItemsByManufacturers instead
            let _ = FilterUtilities.filterCatalogByManufacturers(emptyItems, enabledManufacturers: testSet)
                                    ^
/Users/binde/projects/classes/Molten/Tests/MoltenTests/Utilities/FilterUtilitiesTests.swift:395:44: warning: 'filterCatalogByManufacturers(_:enabledManufacturers:)' is deprecated: Use filterGlassItemsByManufacturers instead
        let frenchResult = FilterUtilities.filterCatalogByManufacturers(emptyItems, enabledManufacturers: frenchSet)
                                           ^
/Users/binde/projects/classes/Molten/Tests/MoltenTests/Utilities/FilterUtilitiesTests.swift:399:46: warning: 'filterCatalogByManufacturers(_:enabledManufacturers:)' is deprecated: Use filterGlassItemsByManufacturers instead
        let japaneseResult = FilterUtilities.filterCatalogByManufacturers(emptyItems, enabledManufacturers: japaneseSet)
                                             ^
/Users/binde/projects/classes/Molten/Tests/MoltenTests/Utilities/FilterUtilitiesTests.swift:403:49: warning: 'filterCatalogByManufacturers(_:enabledManufacturers:)' is deprecated: Use filterGlassItemsByManufacturers instead
        let specialCharResult = FilterUtilities.filterCatalogByManufacturers(emptyItems, enabledManufacturers: specialCharSet)
                                                ^
/Users/binde/projects/classes/Molten/Tests/MoltenTests/Utilities/FilterUtilitiesTests.swift:407:43: warning: 'filterCatalogByManufacturers(_:enabledManufacturers:)' is deprecated: Use filterGlassItemsByManufacturers instead
        let emojiResult = FilterUtilities.filterCatalogByManufacturers(emptyItems, enabledManufacturers: emojiSet)
                                          ^
/Users/binde/projects/classes/Molten/Tests/MoltenTests/Utilities/FilterUtilitiesTests.swift:420:45: warning: 'filterCatalogByManufacturers(_:enabledManufacturers:)' is deprecated: Use filterGlassItemsByManufacturers instead
        let complexResult = FilterUtilities.filterCatalogByManufacturers(emptyItems, enabledManufacturers: complexSet)
                                            ^
/Users/binde/projects/classes/Molten/Tests/MoltenTests/Utilities/FilterUtilitiesTests.swift:430:49: warning: 'filterCatalogByManufacturers(_:enabledManufacturers:)' is deprecated: Use filterGlassItemsByManufacturers instead
        let longUnicodeResult = FilterUtilities.filterCatalogByManufacturers(emptyItems, enabledManufacturers: longUnicodeSet)
                                                ^
/Users/binde/projects/classes/Molten/Tests/MoltenTests/Utilities/ImageHelpersTests.swift:104:17: note: '#expect(_:_:)' will always pass here; use 'Bool(true)' to silence this warning (from macro 'expect')
        #expect(true, "Nil manufacturer should not crash (result: \(result1 == nil ? "nil" : "image"))")
                ^~~~
/Users/binde/projects/classes/Molten/Tests/MoltenTests/Utilities/ImageHelpersTests.swift:108:17: note: '#expect(_:_:)' will always pass here; use 'Bool(true)' to silence this warning (from macro 'expect')
        #expect(true, "Empty manufacturer should not crash (result: \(result2 == nil ? "nil" : "image"))")
                ^~~~
/Users/binde/projects/classes/Molten/Tests/MoltenTests/Utilities/ImageHelpersTests.swift:112:17: note: '#expect(_:_:)' will always pass here; use 'Bool(true)' to silence this warning (from macro 'expect')
        #expect(true, "Whitespace manufacturer should not crash (result: \(result3 == nil ? "nil" : "image"))")
                ^~~~
/Users/binde/projects/classes/Molten/Tests/MoltenTests/Utilities/ImageHelpersTests.swift:197:17: note: '#expect(_:_:)' will always pass here; use 'Bool(true)' to silence this warning (from macro 'expect')
        #expect(true, "Different manufacturer parameters should use separate cache entries")
                ^~~~

SwiftCompile normal arm64 /Users/binde/projects/classes/Molten/Tests/MoltenTests/Utilities/SortUtilitiesTests.swift (in target 'MoltenTests' from project 'Molten')
    cd /Users/binde/projects/classes
    
/Users/binde/projects/classes/Molten/Tests/MoltenTests/Utilities/FilterUtilitiesTests.swift:157:38: warning: 'is' test is always true
        #expect(enabledManufacturers is Set<String>, "Should return a Set of String")
                                     ^
/Users/binde/projects/classes/Molten/Tests/MoltenTests/Utilities/FilterUtilitiesTests.swift:232:38: warning: 'filterCatalogByManufacturers(_:enabledManufacturers:)' is deprecated: Use filterGlassItemsByManufacturers instead
        let result = FilterUtilities.filterCatalogByManufacturers(items, enabledManufacturers: enabledManufacturers)
                                     ^
/Users/binde/projects/classes/Molten/Tests/MoltenTests/Utilities/FilterUtilitiesTests.swift:240:43: warning: 'filterCatalogByManufacturers(_:enabledManufacturers:)' is deprecated: Use filterGlassItemsByManufacturers instead
        let emptyResult = FilterUtilities.filterCatalogByManufacturers(items, enabledManufacturers: emptyEnabledSet)
                                          ^
/Users/binde/projects/classes/Molten/Tests/MoltenTests/Utilities/FilterUtilitiesTests.swift:245:49: warning: 'filterCatalogByManufacturers(_:enabledManufacturers:)' is deprecated: Use filterGlassItemsByManufacturers instead
        let nonEmptySetResult = FilterUtilities.filterCatalogByManufacturers(items, enabledManufacturers: nonEmptyEnabledSet)
                                                ^
/Users/binde/projects/classes/Molten/Tests/MoltenTests/Utilities/FilterUtilitiesTests.swift:253:13: warning: 'init(id:name:rawCode:manufacturer:tags:units:)' is deprecated: Use parent-child initializer instead
            CatalogItemModel(name: "Effetre Glass", rawCode: "EG-001", manufacturer: "Effetre"), // COE 104
            ^
/Users/binde/projects/classes/Molten/Tests/MoltenTests/Utilities/FilterUtilitiesTests.swift:254:13: warning: 'init(id:name:rawCode:manufacturer:tags:units:)' is deprecated: Use parent-child initializer instead
            CatalogItemModel(name: "Bullseye Glass", rawCode: "BG-002", manufacturer: "Bullseye"), // COE 90
            ^
/Users/binde/projects/classes/Molten/Tests/MoltenTests/Utilities/FilterUtilitiesTests.swift:255:13: warning: 'init(id:name:rawCode:manufacturer:tags:units:)' is deprecated: Use parent-child initializer instead
            CatalogItemModel(name: "Spectrum Glass", rawCode: "SG-003", manufacturer: "Spectrum"), // COE 96
            ^
/Users/binde/projects/classes/Molten/Tests/MoltenTests/Utilities/FilterUtilitiesTests.swift:256:13: warning: 'init(id:name:rawCode:manufacturer:tags:units:)' is deprecated: Use parent-child initializer instead
            CatalogItemModel(name: "Unknown Glass", rawCode: "UG-004", manufacturer: "Unknown"), // Unknown manufacturer
            ^
/Users/binde/projects/classes/Molten/Tests/MoltenTests/Utilities/FilterUtilitiesTests.swift:257:13: warning: 'init(id:name:rawCode:manufacturer:tags:units:)' is deprecated: Use parent-child initializer instead
            CatalogItemModel(name: "Empty Manufacturer", rawCode: "EM-005", manufacturer: ""), // empty manufacturer
            ^
/Users/binde/projects/classes/Molten/Tests/MoltenTests/Utilities/FilterUtilitiesTests.swift:261:44: warning: 'filterCatalogByCOE(_:selectedCOE:)' is deprecated: Use filterGlassItemsByCOE instead
        let coe104Result = FilterUtilities.filterCatalogByCOE(items, selectedCOE: 104)
                                           ^
/Users/binde/projects/classes/Molten/Tests/MoltenTests/Utilities/FilterUtilitiesTests.swift:265:44: warning: 'filterCatalogByCOE(_:selectedCOE:)' is deprecated: Use filterGlassItemsByCOE instead
        let nilCOEResult = FilterUtilities.filterCatalogByCOE(items, selectedCOE: nil)
                                           ^
/Users/binde/projects/classes/Molten/Tests/MoltenTests/Utilities/FilterUtilitiesTests.swift:269:43: warning: 'filterCatalogByCOE(_:selectedCOE:)' is deprecated: Use filterGlassItemsByCOE instead
        let coe96Result = FilterUtilities.filterCatalogByCOE(items, selectedCOE: 96)
                                          ^
/Users/binde/projects/classes/Molten/Tests/MoltenTests/Utilities/FilterUtilitiesTests.swift:277:13: warning: 'init(id:name:rawCode:manufacturer:tags:units:)' is deprecated: Use parent-child initializer instead
            CatalogItemModel(name: "Effetre Glass", rawCode: "EG-001", manufacturer: "Effetre"), // COE 104
            ^
/Users/binde/projects/classes/Molten/Tests/MoltenTests/Utilities/FilterUtilitiesTests.swift:278:13: warning: 'init(id:name:rawCode:manufacturer:tags:units:)' is deprecated: Use parent-child initializer instead
            CatalogItemModel(name: "Bullseye Glass", rawCode: "BG-002", manufacturer: "Bullseye"), // COE 90
            ^
/Users/binde/projects/classes/Molten/Tests/MoltenTests/Utilities/FilterUtilitiesTests.swift:279:13: warning: 'init(id:name:rawCode:manufacturer:tags:units:)' is deprecated: Use parent-child initializer instead
            CatalogItemModel(name: "Spectrum Glass", rawCode: "SG-003", manufacturer: "Spectrum"), // COE 96
            ^
/Users/binde/projects/classes/Molten/Tests/MoltenTests/Utilities/FilterUtilitiesTests.swift:280:13: warning: 'init(id:name:rawCode:manufacturer:tags:units:)' is deprecated: Use parent-child initializer instead
            CatalogItemModel(name: "Test Corp Glass", rawCode: "TCG-004", manufacturer: "TestCorp"), // Unknown
            ^
/Users/binde/projects/classes/Molten/Tests/MoltenTests/Utilities/FilterUtilitiesTests.swift:281:13: warning: 'init(id:name:rawCode:manufacturer:tags:units:)' is deprecated: Use parent-child initializer instead
            CatalogItemModel(name: "Empty Manufacturer", rawCode: "EM-005", manufacturer: ""), // Empty manufacturer
            ^
/Users/binde/projects/classes/Molten/Tests/MoltenTests/Utilities/FilterUtilitiesTests.swift:286:49: warning: 'filterCatalogByMultipleCOE(_:selectedCOETypes:)' is deprecated: Use filterGlassItemsByCOE instead
        let multipleCOEResult = FilterUtilities.filterCatalogByMultipleCOE(items, selectedCOETypes: multipleCOE)
                                                ^
/Users/binde/projects/classes/Molten/Tests/MoltenTests/Utilities/FilterUtilitiesTests.swift:291:46: warning: 'filterCatalogByMultipleCOE(_:selectedCOETypes:)' is deprecated: Use filterGlassItemsByCOE instead
        let emptyCOEResult = FilterUtilities.filterCatalogByMultipleCOE(items, selectedCOETypes: emptyCOESet)
                                             ^
/Users/binde/projects/classes/Molten/Tests/MoltenTests/Utilities/FilterUtilitiesTests.swift:296:44: warning: 'filterCatalogByMultipleCOE(_:selectedCOETypes:)' is deprecated: Use filterGlassItemsByCOE instead
        let allCOEResult = FilterUtilities.filterCatalogByMultipleCOE(items, selectedCOETypes: allCOETypes)
                                           ^
/Users/binde/projects/classes/Molten/Tests/MoltenTests/Utilities/FilterUtilitiesTests.swift:301:47: warning: 'filterCatalogByMultipleCOE(_:selectedCOETypes:)' is deprecated: Use filterGlassItemsByCOE instead
        let singleCOEResult = FilterUtilities.filterCatalogByMultipleCOE(items, selectedCOETypes: singleCOE)
                                              ^
/Users/binde/projects/classes/Molten/Tests/MoltenTests/Utilities/FilterUtilitiesTests.swift:313:38: warning: 'filterCatalogByTags(_:selectedTags:)' is deprecated: Use appropriate GlassItem filtering methods instead
        let result = FilterUtilities.filterCatalogByTags(items, selectedTags: selectedTags)
                                     ^
/Users/binde/projects/classes/Molten/Tests/MoltenTests/Utilities/FilterUtilitiesTests.swift:320:47: warning: 'filterCatalogByTags(_:selectedTags:)' is deprecated: Use appropriate GlassItem filtering methods instead
        let emptyTagsResult = FilterUtilities.filterCatalogByTags(items, selectedTags: emptyTags)
                                              ^
/Users/binde/projects/classes/Molten/Tests/MoltenTests/Utilities/FilterUtilitiesTests.swift:351:38: warning: 'filterCatalogByManufacturers(_:enabledManufacturers:)' is deprecated: Use filterGlassItemsByManufacturers instead
        let result = FilterUtilities.filterCatalogByManufacturers(emptyItems, enabledManufacturers: enabledManufacturers)
                                     ^
/Users/binde/projects/classes/Molten/Tests/MoltenTests/Utilities/FilterUtilitiesTests.swift:364:46: warning: 'filterCatalogByManufacturers(_:enabledManufacturers:)' is deprecated: Use filterGlassItemsByManufacturers instead
        let largeSetResult = FilterUtilities.filterCatalogByManufacturers(emptyItems, enabledManufacturers: largeEnabledSet)
                                             ^
/Users/binde/projects/classes/Molten/Tests/MoltenTests/Utilities/FilterUtilitiesTests.swift:377:37: warning: 'filterCatalogByManufacturers(_:enabledManufacturers:)' is deprecated: Use filterGlassItemsByManufacturers instead
            let _ = FilterUtilities.filterCatalogByManufacturers(emptyItems, enabledManufacturers: testSet)
                                    ^
/Users/binde/projects/classes/Molten/Tests/MoltenTests/Utilities/FilterUtilitiesTests.swift:395:44: warning: 'filterCatalogByManufacturers(_:enabledManufacturers:)' is deprecated: Use filterGlassItemsByManufacturers instead
        let frenchResult = FilterUtilities.filterCatalogByManufacturers(emptyItems, enabledManufacturers: frenchSet)
                                           ^
/Users/binde/projects/classes/Molten/Tests/MoltenTests/Utilities/FilterUtilitiesTests.swift:399:46: warning: 'filterCatalogByManufacturers(_:enabledManufacturers:)' is deprecated: Use filterGlassItemsByManufacturers instead
        let japaneseResult = FilterUtilities.filterCatalogByManufacturers(emptyItems, enabledManufacturers: japaneseSet)
                                             ^
/Users/binde/projects/classes/Molten/Tests/MoltenTests/Utilities/FilterUtilitiesTests.swift:403:49: warning: 'filterCatalogByManufacturers(_:enabledManufacturers:)' is deprecated: Use filterGlassItemsByManufacturers instead
        let specialCharResult = FilterUtilities.filterCatalogByManufacturers(emptyItems, enabledManufacturers: specialCharSet)
                                                ^
/Users/binde/projects/classes/Molten/Tests/MoltenTests/Utilities/FilterUtilitiesTests.swift:407:43: warning: 'filterCatalogByManufacturers(_:enabledManufacturers:)' is deprecated: Use filterGlassItemsByManufacturers instead
        let emojiResult = FilterUtilities.filterCatalogByManufacturers(emptyItems, enabledManufacturers: emojiSet)
                                          ^
/Users/binde/projects/classes/Molten/Tests/MoltenTests/Utilities/FilterUtilitiesTests.swift:420:45: warning: 'filterCatalogByManufacturers(_:enabledManufacturers:)' is deprecated: Use filterGlassItemsByManufacturers instead
        let complexResult = FilterUtilities.filterCatalogByManufacturers(emptyItems, enabledManufacturers: complexSet)
                                            ^
/Users/binde/projects/classes/Molten/Tests/MoltenTests/Utilities/FilterUtilitiesTests.swift:430:49: warning: 'filterCatalogByManufacturers(_:enabledManufacturers:)' is deprecated: Use filterGlassItemsByManufacturers instead
        let longUnicodeResult = FilterUtilities.filterCatalogByManufacturers(emptyItems, enabledManufacturers: longUnicodeSet)
                                                ^
/Users/binde/projects/classes/Molten/Tests/MoltenTests/Utilities/ImageHelpersTests.swift:104:17: note: '#expect(_:_:)' will always pass here; use 'Bool(true)' to silence this warning (from macro 'expect')
        #expect(true, "Nil manufacturer should not crash (result: \(result1 == nil ? "nil" : "image"))")
                ^~~~
/Users/binde/projects/classes/Molten/Tests/MoltenTests/Utilities/ImageHelpersTests.swift:108:17: note: '#expect(_:_:)' will always pass here; use 'Bool(true)' to silence this warning (from macro 'expect')
        #expect(true, "Empty manufacturer should not crash (result: \(result2 == nil ? "nil" : "image"))")
                ^~~~
/Users/binde/projects/classes/Molten/Tests/MoltenTests/Utilities/ImageHelpersTests.swift:112:17: note: '#expect(_:_:)' will always pass here; use 'Bool(true)' to silence this warning (from macro 'expect')
        #expect(true, "Whitespace manufacturer should not crash (result: \(result3 == nil ? "nil" : "image"))")
                ^~~~
/Users/binde/projects/classes/Molten/Tests/MoltenTests/Utilities/ImageHelpersTests.swift:197:17: note: '#expect(_:_:)' will always pass here; use 'Bool(true)' to silence this warning (from macro 'expect')
        #expect(true, "Different manufacturer parameters should use separate cache entries")
                ^~~~
/Users/binde/projects/classes/Molten/Tests/MoltenTests/Utilities/SortUtilitiesTests.swift:196:43: warning: 'sortCatalog(_:by:)' is deprecated: Use sortGlassItems instead
        let sortedCatalog = SortUtilities.sortCatalog(glassItems, by: "any")
                                          ^
/Users/binde/projects/classes/Molten/Tests/MoltenTests/Utilities/SortUtilitiesTests.swift:197:45: warning: 'sortInventory(_:by:)' is deprecated: Use sortInventoryModels instead
        let sortedInventory = SortUtilities.sortInventory(inventoryItems, by: "any")
                                            ^

SwiftDriverJobDiscovery normal arm64 Compiling BaseUITest.swift (in target 'MoltenUITests' from project 'Molten')

SwiftCompile normal arm64 Compiling\ LocationServiceTests.swift,\ ProjectExportServiceTests.swift,\ ProjectImportServiceTests.swift,\ ProjectServiceTests.swift,\ PurchaseRecordServiceTests.swift,\ ReportingServiceTests.swift,\ ServiceCoordinationTests.swift,\ ShoppingListServiceTests.swift,\ ArrayExtensionsTests.swift,\ CatalogFormattersTests.swift,\ ErrorBoundaryTests.swift /Users/binde/projects/classes/Molten/Tests/MoltenTests/Services/LocationServiceTests.swift /Users/binde/projects/classes/Molten/Tests/MoltenTests/Services/ProjectExportServiceTests.swift /Users/binde/projects/classes/Molten/Tests/MoltenTests/Services/ProjectImportServiceTests.swift /Users/binde/projects/classes/Molten/Tests/MoltenTests/Services/ProjectServiceTests.swift /Users/binde/projects/classes/Molten/Tests/MoltenTests/Services/PurchaseRecordServiceTests.swift /Users/binde/projects/classes/Molten/Tests/MoltenTests/Services/ReportingServiceTests.swift /Users/binde/projects/classes/Molten/Tests/MoltenTests/Services/ServiceCoordinationTests.swift /Users/binde/projects/classes/Molten/Tests/MoltenTests/Services/ShoppingListServiceTests.swift /Users/binde/projects/classes/Molten/Tests/MoltenTests/Utilities/ArrayExtensionsTests.swift /Users/binde/projects/classes/Molten/Tests/MoltenTests/Utilities/CatalogFormattersTests.swift /Users/binde/projects/classes/Molten/Tests/MoltenTests/Utilities/ErrorBoundaryTests.swift (in target 'MoltenTests' from project 'Molten')
SwiftCompile normal arm64 /Users/binde/projects/classes/Molten/Tests/MoltenTests/Services/LocationServiceTests.swift (in target 'MoltenTests' from project 'Molten')
    cd /Users/binde/projects/classes
    
/Users/binde/projects/classes/Molten/Tests/MoltenTests/Services/LocationServiceTests.swift:52:42: warning: comparing non-optional value of type 'InventoryTrackingService' to 'nil' always returns true
        #expect(inventoryTrackingService != nil, "InventoryTrackingService should be created with location repository support")
                ~~~~~~~~~~~~~~~~~~~~~~~~ ^  ~~~

SwiftCompile normal arm64 /Users/binde/projects/classes/Molten/Tests/MoltenTests/Services/ProjectExportServiceTests.swift (in target 'MoltenTests' from project 'Molten')
    cd /Users/binde/projects/classes
    
/Users/binde/projects/classes/Molten/Tests/MoltenTests/Services/LocationServiceTests.swift:52:42: warning: comparing non-optional value of type 'InventoryTrackingService' to 'nil' always returns true
        #expect(inventoryTrackingService != nil, "InventoryTrackingService should be created with location repository support")
                ~~~~~~~~~~~~~~~~~~~~~~~~ ^  ~~~

SwiftCompile normal arm64 /Users/binde/projects/classes/Molten/Tests/MoltenTests/Services/ProjectImportServiceTests.swift (in target 'MoltenTests' from project 'Molten')
    cd /Users/binde/projects/classes
    
/Users/binde/projects/classes/Molten/Tests/MoltenTests/Services/LocationServiceTests.swift:52:42: warning: comparing non-optional value of type 'InventoryTrackingService' to 'nil' always returns true
        #expect(inventoryTrackingService != nil, "InventoryTrackingService should be created with location repository support")
                ~~~~~~~~~~~~~~~~~~~~~~~~ ^  ~~~

SwiftCompile normal arm64 /Users/binde/projects/classes/Molten/Tests/MoltenTests/Services/ProjectServiceTests.swift (in target 'MoltenTests' from project 'Molten')
    cd /Users/binde/projects/classes
    
/Users/binde/projects/classes/Molten/Tests/MoltenTests/Services/LocationServiceTests.swift:52:42: warning: comparing non-optional value of type 'InventoryTrackingService' to 'nil' always returns true
        #expect(inventoryTrackingService != nil, "InventoryTrackingService should be created with location repository support")
                ~~~~~~~~~~~~~~~~~~~~~~~~ ^  ~~~
/Users/binde/projects/classes/Molten/Tests/MoltenTests/Services/ProjectServiceTests.swift:453:37: warning: comparing non-optional value of type 'Date' to 'nil' always returns true
        #expect(created.dateCreated != nil)
                ~~~~~~~~~~~~~~~~~~~ ^  ~~~
/Users/binde/projects/classes/Molten/Tests/MoltenTests/Services/ProjectServiceTests.swift:621:13: warning: initialization of immutable value 'log1' was never used; consider replacing with assignment to '_' or removing it
        let log1 = try await service.createLog(LogbookModel(
        ~~~~^~~~
        _
/Users/binde/projects/classes/Molten/Tests/MoltenTests/Services/ProjectServiceTests.swift:627:13: warning: initialization of immutable value 'log2' was never used; consider replacing with assignment to '_' or removing it
        let log2 = try await service.createLog(LogbookModel(
        ~~~~^~~~
        _
/Users/binde/projects/classes/Molten/Tests/MoltenTests/Services/ProjectServiceTests.swift:672:13: warning: initialization of immutable value 'plan1' was never used; consider replacing with assignment to '_' or removing it
        let plan1 = try await service.createProject(ProjectModel(
        ~~~~^~~~~
        _

SwiftCompile normal arm64 /Users/binde/projects/classes/Molten/Tests/MoltenTests/Services/PurchaseRecordServiceTests.swift (in target 'MoltenTests' from project 'Molten')
    cd /Users/binde/projects/classes
    
/Users/binde/projects/classes/Molten/Tests/MoltenTests/Services/LocationServiceTests.swift:52:42: warning: comparing non-optional value of type 'InventoryTrackingService' to 'nil' always returns true
        #expect(inventoryTrackingService != nil, "InventoryTrackingService should be created with location repository support")
                ~~~~~~~~~~~~~~~~~~~~~~~~ ^  ~~~

SwiftCompile normal arm64 /Users/binde/projects/classes/Molten/Tests/MoltenTests/Services/ReportingServiceTests.swift (in target 'MoltenTests' from project 'Molten')
    cd /Users/binde/projects/classes
    
/Users/binde/projects/classes/Molten/Tests/MoltenTests/Services/LocationServiceTests.swift:52:42: warning: comparing non-optional value of type 'InventoryTrackingService' to 'nil' always returns true
        #expect(inventoryTrackingService != nil, "InventoryTrackingService should be created with location repository support")
                ~~~~~~~~~~~~~~~~~~~~~~~~ ^  ~~~

SwiftCompile normal arm64 /Users/binde/projects/classes/Molten/Tests/MoltenTests/Services/ServiceCoordinationTests.swift (in target 'MoltenTests' from project 'Molten')
    cd /Users/binde/projects/classes
    
/Users/binde/projects/classes/Molten/Tests/MoltenTests/Services/LocationServiceTests.swift:52:42: warning: comparing non-optional value of type 'InventoryTrackingService' to 'nil' always returns true
        #expect(inventoryTrackingService != nil, "InventoryTrackingService should be created with location repository support")
                ~~~~~~~~~~~~~~~~~~~~~~~~ ^  ~~~
/Users/binde/projects/classes/Molten/Tests/MoltenTests/Services/ServiceCoordinationTests.swift:140:13: warning: 'init(id:name:rawCode:manufacturer:tags:units:)' is deprecated: Use parent-child initializer instead
            CatalogItemModel(name: "Bullseye Red", rawCode: "0124", manufacturer: "Bullseye"),
            ^
/Users/binde/projects/classes/Molten/Tests/MoltenTests/Services/ServiceCoordinationTests.swift:141:13: warning: 'init(id:name:rawCode:manufacturer:tags:units:)' is deprecated: Use parent-child initializer instead
            CatalogItemModel(name: "Spectrum Blue", rawCode: "125", manufacturer: "Spectrum"),
            ^
/Users/binde/projects/classes/Molten/Tests/MoltenTests/Services/ServiceCoordinationTests.swift:142:13: warning: 'init(id:name:rawCode:manufacturer:tags:units:)' is deprecated: Use parent-child initializer instead
            CatalogItemModel(name: "Uroboros Green", rawCode: "94-16", manufacturer: "Uroboros")
            ^
/Users/binde/projects/classes/Molten/Tests/MoltenTests/Services/ServiceCoordinationTests.swift:161:27: warning: 'init(id:name:rawCode:manufacturer:tags:units:)' is deprecated: Use parent-child initializer instead
        let catalogItem = CatalogItemModel(name: "Test Glass", rawCode: "001", manufacturer: "TestCorp")
                          ^
/Users/binde/projects/classes/Molten/Tests/MoltenTests/Services/ServiceCoordinationTests.swift:188:27: warning: 'init(id:name:rawCode:manufacturer:tags:units:)' is deprecated: Use parent-child initializer instead
        let catalogItem = CatalogItemModel(name: "Original Name", rawCode: "001", manufacturer: "TestCorp")
                          ^
/Users/binde/projects/classes/Molten/Tests/MoltenTests/Services/ServiceCoordinationTests.swift:242:27: warning: 'init(id:name:rawCode:manufacturer:tags:units:)' is deprecated: Use parent-child initializer instead
        let catalogItem = CatalogItemModel(name: "To Delete", rawCode: "001", manufacturer: "TestCorp")
                          ^
/Users/binde/projects/classes/Molten/Tests/MoltenTests/Services/ServiceCoordinationTests.swift:259:32: warning: 'init(id:name:rawCode:manufacturer:tags:units:)' is deprecated: Use parent-child initializer instead
        let otherCatalogItem = CatalogItemModel(name: "Keep This", rawCode: "002", manufacturer: "TestCorp")
                               ^
/Users/binde/projects/classes/Molten/Tests/MoltenTests/Services/ServiceCoordinationTests.swift:307:27: warning: 'init(id:name:rawCode:manufacturer:tags:units:)' is deprecated: Use parent-child initializer instead
        let catalogItem = CatalogItemModel(name: "Standalone Delete", rawCode: "SD-001", manufacturer: "TestCorp")
                          ^
/Users/binde/projects/classes/Molten/Tests/MoltenTests/Services/ServiceCoordinationTests.swift:364:32: warning: 'init(id:name:rawCode:manufacturer:tags:units:)' is deprecated: Use parent-child initializer instead
        let validCatalogItem = CatalogItemModel(name: "Valid Item", rawCode: "001", manufacturer: "TestCorp")
                               ^
/Users/binde/projects/classes/Molten/Tests/MoltenTests/Services/ServiceCoordinationTests.swift:456:25: note: '#expect(_:_:)' will always pass here; use 'Bool(true)' to silence this warning (from macro 'expect')
                #expect(true, "Concurrent operations may create temporary inconsistencies")
                        ^~~~
/Users/binde/projects/classes/Molten/Tests/MoltenTests/Services/ServiceCoordinationTests.swift:473:27: warning: 'init(id:name:rawCode:manufacturer:tags:units:)' is deprecated: Use parent-child initializer instead
        let catalogItem = CatalogItemModel(name: "Workflow Test", rawCode: "WT-001", manufacturer: "TestCorp")
                          ^
/Users/binde/projects/classes/Molten/Tests/MoltenTests/Services/ServiceCoordinationTests.swift:499:27: warning: comparing non-optional value of type 'any Error' to 'nil' always returns true
            #expect(error != nil, "Invalid item should cause error")
                    ~~~~~ ^  ~~~

SwiftCompile normal arm64 /Users/binde/projects/classes/Molten/Tests/MoltenTests/Services/ShoppingListServiceTests.swift (in target 'MoltenTests' from project 'Molten')
    cd /Users/binde/projects/classes
    
/Users/binde/projects/classes/Molten/Tests/MoltenTests/Services/LocationServiceTests.swift:52:42: warning: comparing non-optional value of type 'InventoryTrackingService' to 'nil' always returns true
        #expect(inventoryTrackingService != nil, "InventoryTrackingService should be created with location repository support")
                ~~~~~~~~~~~~~~~~~~~~~~~~ ^  ~~~
/Users/binde/projects/classes/Molten/Tests/MoltenTests/Services/ShoppingListServiceTests.swift:89:35: warning: result of call to 'createItem' is unused
        try await repos.glassItem.createItem(glassItem)
                                  ^         ~~~~~~~~~~~
/Users/binde/projects/classes/Molten/Tests/MoltenTests/Services/ShoppingListServiceTests.swift:97:35: warning: result of call to 'createInventory' is unused
        try await repos.inventory.createInventory(inventory)
                                  ^              ~~~~~~~~~~~
/Users/binde/projects/classes/Molten/Tests/MoltenTests/Services/ShoppingListServiceTests.swift:100:37: warning: result of call to 'setMinimumQuantity(_:forItem:type:store:)' is unused
        try await repos.itemMinimum.setMinimumQuantity(10.0, forItem: stableId, type: "rod", store: "Test Store")
                                    ^                 ~~~~~~~~~~~~~~~~~~~~~~~~~~~~~~~~~~~~~~~~~~~~~~~~~~~~~~~~~~~
/Users/binde/projects/classes/Molten/Tests/MoltenTests/Services/ShoppingListServiceTests.swift:125:35: warning: result of call to 'createItem' is unused
        try await repos.glassItem.createItem(glassItem)
                                  ^         ~~~~~~~~~~~
/Users/binde/projects/classes/Molten/Tests/MoltenTests/Services/ShoppingListServiceTests.swift:133:38: warning: result of call to 'createItem' is unused
        try await repos.shoppingList.createItem(shoppingItem)
                                     ^         ~~~~~~~~~~~~~~
/Users/binde/projects/classes/Molten/Tests/MoltenTests/Services/ShoppingListServiceTests.swift:155:35: warning: result of call to 'createItem' is unused
        try await repos.glassItem.createItem(item1)
                                  ^         ~~~~~~~
/Users/binde/projects/classes/Molten/Tests/MoltenTests/Services/ShoppingListServiceTests.swift:156:35: warning: result of call to 'createItem' is unused
        try await repos.glassItem.createItem(item2)
                                  ^         ~~~~~~~
/Users/binde/projects/classes/Molten/Tests/MoltenTests/Services/ShoppingListServiceTests.swift:160:35: warning: result of call to 'createInventory' is unused
        try await repos.inventory.createInventory(inventory1)
                                  ^              ~~~~~~~~~~~~
/Users/binde/projects/classes/Molten/Tests/MoltenTests/Services/ShoppingListServiceTests.swift:161:37: warning: result of call to 'setMinimumQuantity(_:forItem:type:store:)' is unused
        try await repos.itemMinimum.setMinimumQuantity(5.0, forItem: stableId1, type: "rod", store: "Store A")
                                    ^                 ~~~~~~~~~~~~~~~~~~~~~~~~~~~~~~~~~~~~~~~~~~~~~~~~~~~~~~~~
/Users/binde/projects/classes/Molten/Tests/MoltenTests/Services/ShoppingListServiceTests.swift:165:38: warning: result of call to 'createItem' is unused
        try await repos.shoppingList.createItem(shoppingItem)
                                     ^         ~~~~~~~~~~~~~~
/Users/binde/projects/classes/Molten/Tests/MoltenTests/Services/ShoppingListServiceTests.swift:194:35: warning: result of call to 'createItem' is unused
        try await repos.glassItem.createItem(glassItem)
                                  ^         ~~~~~~~~~~~
/Users/binde/projects/classes/Molten/Tests/MoltenTests/Services/ShoppingListServiceTests.swift:198:35: warning: result of call to 'createInventory' is unused
        try await repos.inventory.createInventory(inventory)
                                  ^              ~~~~~~~~~~~
/Users/binde/projects/classes/Molten/Tests/MoltenTests/Services/ShoppingListServiceTests.swift:201:37: warning: result of call to 'setMinimumQuantity(_:forItem:type:store:)' is unused
        try await repos.itemMinimum.setMinimumQuantity(8.0, forItem: stableId, type: "rod", store: "Same Store")
                                    ^                 ~~~~~~~~~~~~~~~~~~~~~~~~~~~~~~~~~~~~~~~~~~~~~~~~~~~~~~~~~~
/Users/binde/projects/classes/Molten/Tests/MoltenTests/Services/ShoppingListServiceTests.swift:205:38: warning: result of call to 'createItem' is unused
        try await repos.shoppingList.createItem(shoppingItem)
                                     ^         ~~~~~~~~~~~~~~
/Users/binde/projects/classes/Molten/Tests/MoltenTests/Services/ShoppingListServiceTests.swift:228:35: warning: result of call to 'createItem' is unused
        try await repos.glassItem.createItem(item1)
                                  ^         ~~~~~~~
/Users/binde/projects/classes/Molten/Tests/MoltenTests/Services/ShoppingListServiceTests.swift:229:35: warning: result of call to 'createItem' is unused
        try await repos.glassItem.createItem(item2)
                                  ^         ~~~~~~~
/Users/binde/projects/classes/Molten/Tests/MoltenTests/Services/ShoppingListServiceTests.swift:233:35: warning: result of call to 'createInventory' is unused
        try await repos.inventory.createInventory(inventory1)
                                  ^              ~~~~~~~~~~~~
/Users/binde/projects/classes/Molten/Tests/MoltenTests/Services/ShoppingListServiceTests.swift:234:37: warning: result of call to 'setMinimumQuantity(_:forItem:type:store:)' is unused
        try await repos.itemMinimum.setMinimumQuantity(5.0, forItem: stableIdA, type: "rod", store: "Store A")
                                    ^                 ~~~~~~~~~~~~~~~~~~~~~~~~~~~~~~~~~~~~~~~~~~~~~~~~~~~~~~~~
/Users/binde/projects/classes/Molten/Tests/MoltenTests/Services/ShoppingListServiceTests.swift:238:38: warning: result of call to 'createItem' is unused
        try await repos.shoppingList.createItem(shoppingItem)
                                     ^         ~~~~~~~~~~~~~~
/Users/binde/projects/classes/Molten/Tests/MoltenTests/Services/ShoppingListServiceTests.swift:266:35: warning: result of call to 'createItem' is unused
        try await repos.glassItem.createItem(glassItem)
                                  ^         ~~~~~~~~~~~
/Users/binde/projects/classes/Molten/Tests/MoltenTests/Services/ShoppingListServiceTests.swift:274:38: warning: result of call to 'createItem' is unused
        try await repos.shoppingList.createItem(shoppingItem)
                                     ^         ~~~~~~~~~~~~~~
/Users/binde/projects/classes/Molten/Tests/MoltenTests/Services/ShoppingListServiceTests.swift:300:35: warning: result of call to 'createItem' is unused
        try await repos.glassItem.createItem(glassItem)
                                  ^         ~~~~~~~~~~~
/Users/binde/projects/classes/Molten/Tests/MoltenTests/Services/ShoppingListServiceTests.swift:304:37: warning: result of call to 'setMinimumQuantity(_:forItem:type:store:)' is unused
        try await repos.itemMinimum.setMinimumQuantity(5.0, forItem: stableId, type: "rod", store: "Test Store")
                                    ^                 ~~~~~~~~~~~~~~~~~~~~~~~~~~~~~~~~~~~~~~~~~~~~~~~~~~~~~~~~~~
/Users/binde/projects/classes/Molten/Tests/MoltenTests/Services/ShoppingListServiceTests.swift:329:35: warning: result of call to 'createItem' is unused
        try await repos.glassItem.createItem(glassItem)
                                  ^         ~~~~~~~~~~~
/Users/binde/projects/classes/Molten/Tests/MoltenTests/Services/ShoppingListServiceTests.swift:333:35: warning: result of call to 'createInventory' is unused
        try await repos.inventory.createInventory(inventory)
                                  ^              ~~~~~~~~~~~
/Users/binde/projects/classes/Molten/Tests/MoltenTests/Services/ShoppingListServiceTests.swift:336:37: warning: result of call to 'setMinimumQuantity(_:forItem:type:store:)' is unused
        try await repos.itemMinimum.setMinimumQuantity(5.0, forItem: stableId, type: "rod", store: "Test Store")
                                    ^                 ~~~~~~~~~~~~~~~~~~~~~~~~~~~~~~~~~~~~~~~~~~~~~~~~~~~~~~~~~~
/Users/binde/projects/classes/Molten/Tests/MoltenTests/Services/ShoppingListServiceTests.swift:359:35: warning: result of call to 'createItem' is unused
        try await repos.glassItem.createItem(glassItem)
                                  ^         ~~~~~~~~~~~
/Users/binde/projects/classes/Molten/Tests/MoltenTests/Services/ShoppingListServiceTests.swift:366:38: warning: result of call to 'createItem' is unused
        try await repos.shoppingList.createItem(shoppingItem)
                                     ^         ~~~~~~~~~~~~~~
/Users/binde/projects/classes/Molten/Tests/MoltenTests/Services/ShoppingListServiceTests.swift:393:35: warning: result of call to 'createItem' is unused
        try await repos.glassItem.createItem(glassItem)
                                  ^         ~~~~~~~~~~~
/Users/binde/projects/classes/Molten/Tests/MoltenTests/Services/ShoppingListServiceTests.swift:400:38: warning: result of call to 'createItem' is unused
        try await repos.shoppingList.createItem(shoppingItem)
                                     ^         ~~~~~~~~~~~~~~
/Users/binde/projects/classes/Molten/Tests/MoltenTests/Services/ShoppingListServiceTests.swift:431:35: warning: result of call to 'createItem' is unused
        try await repos.glassItem.createItem(glassItem)
                                  ^         ~~~~~~~~~~~
/Users/binde/projects/classes/Molten/Tests/MoltenTests/Services/ShoppingListServiceTests.swift:438:38: warning: result of call to 'createItem' is unused
        try await repos.shoppingList.createItem(shoppingItem)
                                     ^         ~~~~~~~~~~~~~~
/Users/binde/projects/classes/Molten/Tests/MoltenTests/Services/ShoppingListServiceTests.swift:461:35: warning: result of call to 'createItem' is unused
        try await repos.glassItem.createItem(item1)
                                  ^         ~~~~~~~
/Users/binde/projects/classes/Molten/Tests/MoltenTests/Services/ShoppingListServiceTests.swift:462:35: warning: result of call to 'createItem' is unused
        try await repos.glassItem.createItem(item2)
                                  ^         ~~~~~~~
/Users/binde/projects/classes/Molten/Tests/MoltenTests/Services/ShoppingListServiceTests.swift:465:38: warning: result of call to 'createItem' is unused
        try await repos.shoppingList.createItem(ItemShoppingModel(item_stable_id: stableId1, quantity: 1.0, store: "Store"))
                                     ^         ~~~~~~~~~~~~~~~~~~~~~~~~~~~~~~~~~~~~~~~~~~~~~~~~~~~~~~~~~~~~~~~~~~~~~~~~~~~~~
/Users/binde/projects/classes/Molten/Tests/MoltenTests/Services/ShoppingListServiceTests.swift:466:38: warning: result of call to 'createItem' is unused
        try await repos.shoppingList.createItem(ItemShoppingModel(item_stable_id: stableId2, quantity: 1.0, store: "Store"))
                                     ^         ~~~~~~~~~~~~~~~~~~~~~~~~~~~~~~~~~~~~~~~~~~~~~~~~~~~~~~~~~~~~~~~~~~~~~~~~~~~~~

SwiftCompile normal arm64 /Users/binde/projects/classes/Molten/Tests/MoltenTests/Utilities/ArrayExtensionsTests.swift (in target 'MoltenTests' from project 'Molten')
    cd /Users/binde/projects/classes
    
/Users/binde/projects/classes/Molten/Tests/MoltenTests/Services/LocationServiceTests.swift:52:42: warning: comparing non-optional value of type 'InventoryTrackingService' to 'nil' always returns true
        #expect(inventoryTrackingService != nil, "InventoryTrackingService should be created with location repository support")
                ~~~~~~~~~~~~~~~~~~~~~~~~ ^  ~~~

SwiftCompile normal arm64 /Users/binde/projects/classes/Molten/Tests/MoltenTests/Utilities/CatalogFormattersTests.swift (in target 'MoltenTests' from project 'Molten')
    cd /Users/binde/projects/classes
    
/Users/binde/projects/classes/Molten/Tests/MoltenTests/Services/LocationServiceTests.swift:52:42: warning: comparing non-optional value of type 'InventoryTrackingService' to 'nil' always returns true
        #expect(inventoryTrackingService != nil, "InventoryTrackingService should be created with location repository support")
                ~~~~~~~~~~~~~~~~~~~~~~~~ ^  ~~~

SwiftCompile normal arm64 /Users/binde/projects/classes/Molten/Tests/MoltenTests/Utilities/ErrorBoundaryTests.swift (in target 'MoltenTests' from project 'Molten')
    cd /Users/binde/projects/classes
    
/Users/binde/projects/classes/Molten/Tests/MoltenTests/Services/LocationServiceTests.swift:52:42: warning: comparing non-optional value of type 'InventoryTrackingService' to 'nil' always returns true
        #expect(inventoryTrackingService != nil, "InventoryTrackingService should be created with location repository support")
                ~~~~~~~~~~~~~~~~~~~~~~~~ ^  ~~~
/Users/binde/projects/classes/Molten/Tests/MoltenTests/Utilities/ErrorBoundaryTests.swift:121:37: warning: immutable value 'inventoryService' was never used; consider replacing with '_' or removing it
        let (repos, catalogService, inventoryService, inventoryViewModel) = try await createTestServices()
                                    ^~~~~~~~~~~~~~~~
                                    _
/Users/binde/projects/classes/Molten/Tests/MoltenTests/Utilities/ErrorBoundaryTests.swift:168:37: warning: immutable value 'inventoryService' was never used; consider replacing with '_' or removing it
        let (repos, catalogService, inventoryService, _) = try await createTestServices()
                                    ^~~~~~~~~~~~~~~~
                                    _
/Users/binde/projects/classes/Molten/Tests/MoltenTests/Utilities/ErrorBoundaryTests.swift:214:21: warning: immutable value 'catalogService' was never used; consider replacing with '_' or removing it
        let (repos, catalogService, inventoryService, inventoryViewModel) = try await createTestServices()
                    ^~~~~~~~~~~~~~
                    _
/Users/binde/projects/classes/Molten/Tests/MoltenTests/Utilities/ErrorBoundaryTests.swift:214:37: warning: immutable value 'inventoryService' was never used; consider replacing with '_' or removing it
        let (repos, catalogService, inventoryService, inventoryViewModel) = try await createTestServices()
                                    ^~~~~~~~~~~~~~~~
                                    _
/Users/binde/projects/classes/Molten/Tests/MoltenTests/Utilities/ErrorBoundaryTests.swift:246:37: warning: immutable value 'inventoryService' was never used; consider replacing with '_' or removing it
        let (repos, catalogService, inventoryService, _) = try await createTestServices()
                                    ^~~~~~~~~~~~~~~~
                                    _
/Users/binde/projects/classes/Molten/Tests/MoltenTests/Utilities/ErrorBoundaryTests.swift:283:21: warning: immutable value 'catalogService' was never used; consider replacing with '_' or removing it
        let (repos, catalogService, inventoryService, _) = try await createTestServices()
                    ^~~~~~~~~~~~~~
                    _
/Users/binde/projects/classes/Molten/Tests/MoltenTests/Utilities/ErrorBoundaryTests.swift:283:37: warning: immutable value 'inventoryService' was never used; consider replacing with '_' or removing it
        let (repos, catalogService, inventoryService, _) = try await createTestServices()
                                    ^~~~~~~~~~~~~~~~
                                    _
/Users/binde/projects/classes/Molten/Tests/MoltenTests/Utilities/ErrorBoundaryTests.swift:336:21: warning: immutable value 'catalogService' was never used; consider replacing with '_' or removing it
        let (repos, catalogService, inventoryService, inventoryViewModel) = try await createTestServices()
                    ^~~~~~~~~~~~~~
                    _
/Users/binde/projects/classes/Molten/Tests/MoltenTests/Utilities/ErrorBoundaryTests.swift:336:37: warning: immutable value 'inventoryService' was never used; consider replacing with '_' or removing it
        let (repos, catalogService, inventoryService, inventoryViewModel) = try await createTestServices()
                                    ^~~~~~~~~~~~~~~~
                                    _
/Users/binde/projects/classes/Molten/Tests/MoltenTests/Utilities/ErrorBoundaryTests.swift:419:39: warning: result of call to 'createInventory' is unused
            try await repos.inventory.createInventory(InventoryModel(item_stable_id: "", type: "", quantity: -1))
                                      ^              ~~~~~~~~~~~~~~~~~~~~~~~~~~~~~~~~~~~~~~~~~~~~~~~~~~~~~~~~~~~~
/Users/binde/projects/classes/Molten/Tests/MoltenTests/Utilities/ErrorBoundaryTests.swift:426:39: warning: result of call to 'createItem' is unused
            try await repos.glassItem.createItem(catalogItems[0])
                                      ^         ~~~~~~~~~~~~~~~~~
/Users/binde/projects/classes/Molten/Tests/MoltenTests/Utilities/ErrorBoundaryTests.swift:399:37: warning: immutable value 'inventoryService' was never used; consider replacing with '_' or removing it
        let (repos, catalogService, inventoryService, inventoryViewModel) = try await createTestServices()
                                    ^~~~~~~~~~~~~~~~
                                    _

SwiftDriverJobDiscovery normal arm64 Compiling RealisticLoadTests.swift (in target 'PerformanceTests' from project 'Molten')

SwiftCompile normal arm64 Compiling\ ToolItemDataLoadingServiceTests.swift,\ AdvancedTestingUtilities.swift,\ CollectionSafetyUtilities.swift,\ NetworkSimulationUtilities.swift,\ StringValidationUtilities.swift,\ UIStateManagers.swift,\ CoreDataLeakDiagnostic.swift,\ CoreDataPreventionSystem.swift,\ DiagnosticTests.swift,\ MockRepositoryDebugTest.swift,\ NewTestTemplate.swift,\ RepositoryIdentityTest.swift /Users/binde/projects/classes/Molten/Tests/MoltenTests/Services/ToolItemDataLoadingServiceTests.swift /Users/binde/projects/classes/Molten/Sources/Utilities/AdvancedTestingUtilities.swift /Users/binde/projects/classes/Molten/Sources/Utilities/CollectionSafetyUtilities.swift /Users/binde/projects/classes/Molten/Sources/Utilities/NetworkSimulationUtilities.swift /Users/binde/projects/classes/Molten/Sources/Utilities/StringValidationUtilities.swift /Users/binde/projects/classes/Molten/Sources/Views/Shared/Helpers/UIStateManagers.swift /Users/binde/projects/classes/Molten/Tests/MoltenTests/Infrastructure/CoreDataLeakDiagnostic.swift /Users/binde/projects/classes/Molten/Tests/MoltenTests/Infrastructure/CoreDataPreventionSystem.swift /Users/binde/projects/classes/Molten/Tests/MoltenTests/Infrastructure/DiagnosticTests.swift /Users/binde/projects/classes/Molten/Tests/MoltenTests/Infrastructure/MockRepositoryDebugTest.swift /Users/binde/projects/classes/Molten/Tests/MoltenTests/Infrastructure/NewTestTemplate.swift /Users/binde/projects/classes/Molten/Tests/MoltenTests/Infrastructure/RepositoryIdentityTest.swift (in target 'MoltenTests' from project 'Molten')

SwiftCompile normal arm64 /Users/binde/projects/classes/Molten/Tests/MoltenTests/Services/ToolItemDataLoadingServiceTests.swift (in target 'MoltenTests' from project 'Molten')
    cd /Users/binde/projects/classes
    
/Users/binde/projects/classes/Molten/Tests/MoltenTests/Services/ToolItemDataLoadingServiceTests.swift:65:14: warning: immutable value 'service' was never used; consider replacing with '_' or removing it
        let (service, repository) = createTestService()
             ^~~~~~~
             _
/Users/binde/projects/classes/Molten/Tests/MoltenTests/Services/ToolItemDataLoadingServiceTests.swift:110:13: warning: initialization of immutable value 'jsonTools' was never used; consider replacing with assignment to '_' or removing it
        let jsonTools = [
        ~~~~^~~~~~~~~
        _

SwiftCompile normal arm64 /Users/binde/projects/classes/Molten/Sources/Utilities/AdvancedTestingUtilities.swift (in target 'MoltenTests' from project 'Molten')
    cd /Users/binde/projects/classes
    
/Users/binde/projects/classes/Molten/Tests/MoltenTests/Services/ToolItemDataLoadingServiceTests.swift:65:14: warning: immutable value 'service' was never used; consider replacing with '_' or removing it
        let (service, repository) = createTestService()
             ^~~~~~~
             _
/Users/binde/projects/classes/Molten/Tests/MoltenTests/Services/ToolItemDataLoadingServiceTests.swift:110:13: warning: initialization of immutable value 'jsonTools' was never used; consider replacing with assignment to '_' or removing it
        let jsonTools = [
        ~~~~^~~~~~~~~
        _

SwiftCompile normal arm64 /Users/binde/projects/classes/Molten/Sources/Utilities/CollectionSafetyUtilities.swift (in target 'MoltenTests' from project 'Molten')
    cd /Users/binde/projects/classes
    
/Users/binde/projects/classes/Molten/Tests/MoltenTests/Services/ToolItemDataLoadingServiceTests.swift:65:14: warning: immutable value 'service' was never used; consider replacing with '_' or removing it
        let (service, repository) = createTestService()
             ^~~~~~~
             _
/Users/binde/projects/classes/Molten/Tests/MoltenTests/Services/ToolItemDataLoadingServiceTests.swift:110:13: warning: initialization of immutable value 'jsonTools' was never used; consider replacing with assignment to '_' or removing it
        let jsonTools = [
        ~~~~^~~~~~~~~
        _

SwiftCompile normal arm64 /Users/binde/projects/classes/Molten/Sources/Utilities/NetworkSimulationUtilities.swift (in target 'MoltenTests' from project 'Molten')
    cd /Users/binde/projects/classes
    
/Users/binde/projects/classes/Molten/Tests/MoltenTests/Services/ToolItemDataLoadingServiceTests.swift:65:14: warning: immutable value 'service' was never used; consider replacing with '_' or removing it
        let (service, repository) = createTestService()
             ^~~~~~~
             _
/Users/binde/projects/classes/Molten/Tests/MoltenTests/Services/ToolItemDataLoadingServiceTests.swift:110:13: warning: initialization of immutable value 'jsonTools' was never used; consider replacing with assignment to '_' or removing it
        let jsonTools = [
        ~~~~^~~~~~~~~
        _
/Users/binde/projects/classes/Molten/Sources/Utilities/NetworkSimulationUtilities.swift:160:20: warning: immutable value 'response' was never used; consider replacing with '_' or removing it
        let (data, response) = try await session.data(from: url)
                   ^~~~~~~~
                   _
/Users/binde/projects/classes/Molten/Tests/MoltenTests/Infrastructure/NewTestTemplate.swift:77:17: note: '#expect(_:_:)' will always pass here; use 'Bool(true)' to silence this warning (from macro 'expect')
        #expect(true, "Your assertions here")
                ^~~~

SwiftCompile normal arm64 /Users/binde/projects/classes/Molten/Sources/Utilities/StringValidationUtilities.swift (in target 'MoltenTests' from project 'Molten')
    cd /Users/binde/projects/classes
    
/Users/binde/projects/classes/Molten/Tests/MoltenTests/Services/ToolItemDataLoadingServiceTests.swift:65:14: warning: immutable value 'service' was never used; consider replacing with '_' or removing it
        let (service, repository) = createTestService()
             ^~~~~~~
             _
/Users/binde/projects/classes/Molten/Tests/MoltenTests/Services/ToolItemDataLoadingServiceTests.swift:110:13: warning: initialization of immutable value 'jsonTools' was never used; consider replacing with assignment to '_' or removing it
        let jsonTools = [
        ~~~~^~~~~~~~~
        _

SwiftCompile normal arm64 /Users/binde/projects/classes/Molten/Sources/Views/Shared/Helpers/UIStateManagers.swift (in target 'MoltenTests' from project 'Molten')
    cd /Users/binde/projects/classes
    
/Users/binde/projects/classes/Molten/Tests/MoltenTests/Services/ToolItemDataLoadingServiceTests.swift:65:14: warning: immutable value 'service' was never used; consider replacing with '_' or removing it
        let (service, repository) = createTestService()
             ^~~~~~~
             _
/Users/binde/projects/classes/Molten/Tests/MoltenTests/Services/ToolItemDataLoadingServiceTests.swift:110:13: warning: initialization of immutable value 'jsonTools' was never used; consider replacing with assignment to '_' or removing it
        let jsonTools = [
        ~~~~^~~~~~~~~
        _

SwiftCompile normal arm64 /Users/binde/projects/classes/Molten/Tests/MoltenTests/Infrastructure/CoreDataLeakDiagnostic.swift (in target 'MoltenTests' from project 'Molten')
    cd /Users/binde/projects/classes
    
/Users/binde/projects/classes/Molten/Tests/MoltenTests/Services/ToolItemDataLoadingServiceTests.swift:65:14: warning: immutable value 'service' was never used; consider replacing with '_' or removing it
        let (service, repository) = createTestService()
             ^~~~~~~
             _
/Users/binde/projects/classes/Molten/Tests/MoltenTests/Services/ToolItemDataLoadingServiceTests.swift:110:13: warning: initialization of immutable value 'jsonTools' was never used; consider replacing with assignment to '_' or removing it
        let jsonTools = [
        ~~~~^~~~~~~~~
        _

SwiftCompile normal arm64 /Users/binde/projects/classes/Molten/Tests/MoltenTests/Infrastructure/CoreDataPreventionSystem.swift (in target 'MoltenTests' from project 'Molten')
    cd /Users/binde/projects/classes
    
/Users/binde/projects/classes/Molten/Tests/MoltenTests/Services/ToolItemDataLoadingServiceTests.swift:65:14: warning: immutable value 'service' was never used; consider replacing with '_' or removing it
        let (service, repository) = createTestService()
             ^~~~~~~
             _
/Users/binde/projects/classes/Molten/Tests/MoltenTests/Services/ToolItemDataLoadingServiceTests.swift:110:13: warning: initialization of immutable value 'jsonTools' was never used; consider replacing with assignment to '_' or removing it
        let jsonTools = [
        ~~~~^~~~~~~~~
        _

SwiftCompile normal arm64 /Users/binde/projects/classes/Molten/Tests/MoltenTests/Infrastructure/DiagnosticTests.swift (in target 'MoltenTests' from project 'Molten')
    cd /Users/binde/projects/classes
    
/Users/binde/projects/classes/Molten/Tests/MoltenTests/Services/ToolItemDataLoadingServiceTests.swift:65:14: warning: immutable value 'service' was never used; consider replacing with '_' or removing it
        let (service, repository) = createTestService()
             ^~~~~~~
             _
/Users/binde/projects/classes/Molten/Tests/MoltenTests/Services/ToolItemDataLoadingServiceTests.swift:110:13: warning: initialization of immutable value 'jsonTools' was never used; consider replacing with assignment to '_' or removing it
        let jsonTools = [
        ~~~~^~~~~~~~~
        _

SwiftCompile normal arm64 /Users/binde/projects/classes/Molten/Tests/MoltenTests/Infrastructure/MockRepositoryDebugTest.swift (in target 'MoltenTests' from project 'Molten')
    cd /Users/binde/projects/classes
    
/Users/binde/projects/classes/Molten/Tests/MoltenTests/Services/ToolItemDataLoadingServiceTests.swift:65:14: warning: immutable value 'service' was never used; consider replacing with '_' or removing it
        let (service, repository) = createTestService()
             ^~~~~~~
             _
/Users/binde/projects/classes/Molten/Tests/MoltenTests/Services/ToolItemDataLoadingServiceTests.swift:110:13: warning: initialization of immutable value 'jsonTools' was never used; consider replacing with assignment to '_' or removing it
        let jsonTools = [
        ~~~~^~~~~~~~~
        _

SwiftCompile normal arm64 /Users/binde/projects/classes/Molten/Tests/MoltenTests/Infrastructure/NewTestTemplate.swift (in target 'MoltenTests' from project 'Molten')
    cd /Users/binde/projects/classes
    
/Users/binde/projects/classes/Molten/Tests/MoltenTests/Services/ToolItemDataLoadingServiceTests.swift:65:14: warning: immutable value 'service' was never used; consider replacing with '_' or removing it
        let (service, repository) = createTestService()
             ^~~~~~~
             _
/Users/binde/projects/classes/Molten/Tests/MoltenTests/Services/ToolItemDataLoadingServiceTests.swift:110:13: warning: initialization of immutable value 'jsonTools' was never used; consider replacing with assignment to '_' or removing it
        let jsonTools = [
        ~~~~^~~~~~~~~
        _
/Users/binde/projects/classes/Molten/Tests/MoltenTests/Infrastructure/NewTestTemplate.swift:61:13: warning: initialization of immutable value 'repos' was never used; consider replacing with assignment to '_' or removing it
        let repos = TestConfiguration.setupMockOnlyTestEnvironment()
        ~~~~^~~~~
        _

SwiftCompile normal arm64 /Users/binde/projects/classes/Molten/Tests/MoltenTests/Infrastructure/RepositoryIdentityTest.swift (in target 'MoltenTests' from project 'Molten')
    cd /Users/binde/projects/classes
    
/Users/binde/projects/classes/Molten/Tests/MoltenTests/Services/ToolItemDataLoadingServiceTests.swift:65:14: warning: immutable value 'service' was never used; consider replacing with '_' or removing it
        let (service, repository) = createTestService()
             ^~~~~~~
             _
/Users/binde/projects/classes/Molten/Tests/MoltenTests/Services/ToolItemDataLoadingServiceTests.swift:110:13: warning: initialization of immutable value 'jsonTools' was never used; consider replacing with assignment to '_' or removing it
        let jsonTools = [
        ~~~~^~~~~~~~~
        _
/Users/binde/projects/classes/Molten/Tests/MoltenTests/Infrastructure/RepositoryIdentityTest.swift:145:18: warning: immutable value 'key' was never used; consider replacing with '_' or removing it
        for (i, (key, name, sku)) in testItems.enumerated() {
                 ^~~
                 _

SwiftDriverJobDiscovery normal arm64 Compiling FlameworkerUITestsLaunchTests.swift (in target 'MoltenUITests' from project 'Molten')

SwiftDriver\ Compilation MoltenUITests normal arm64 com.apple.xcode.tools.swift.compiler (in target 'MoltenUITests' from project 'Molten')
    cd /Users/binde/projects/classes
    builtin-Swift-Compilation -- /Applications/Xcode.app/Contents/Developer/Toolchains/XcodeDefault.xctoolchain/usr/bin/swiftc -module-name MoltenUITests -Onone -enforce-exclusivity\=checked @/Users/binde/Library/Developer/Xcode/DerivedData/Molten-dwnouowhlxjhigdgjryrxxsdqnmu/Build/Intermediates.noindex/Molten.build/Debug-iphonesimulator/MoltenUITests.build/Objects-normal/arm64/MoltenUITests.SwiftFileList -DDEBUG -module-alias Testing\=_Testing_Unavailable -plugin-path /Applications/Xcode.app/Contents/Developer/Toolchains/XcodeDefault.xctoolchain/usr/lib/swift/host/plugins/testing -enable-upcoming-feature MemberImportVisibility -enable-upcoming-feature InferIsolatedConformances -enable-upcoming-feature NonisolatedNonsendingByDefault -enable-experimental-feature DebugDescriptionMacro -sdk /Applications/Xcode.app/Contents/Developer/Platforms/iPhoneSimulator.platform/Developer/SDKs/iPhoneSimulator26.0.sdk -target arm64-apple-ios26.0-simulator -g -module-cache-path /Users/binde/Library/Developer/Xcode/DerivedData/ModuleCache.noindex -Xfrontend -serialize-debugging-options -profile-coverage-mapping -profile-generate -enable-testing -index-store-path /Users/binde/Library/Developer/Xcode/DerivedData/Molten-dwnouowhlxjhigdgjryrxxsdqnmu/Index.noindex/DataStore -Xcc -D_LIBCPP_HARDENING_MODE\=_LIBCPP_HARDENING_MODE_DEBUG -swift-version 6 -I /Users/binde/Library/Developer/Xcode/DerivedData/Molten-dwnouowhlxjhigdgjryrxxsdqnmu/Build/Products/Debug-iphonesimulator -Isystem /Applications/Xcode.app/Contents/Developer/Platforms/iPhoneSimulator.platform/Developer/usr/lib -F /Users/binde/Library/Developer/Xcode/DerivedData/Molten-dwnouowhlxjhigdgjryrxxsdqnmu/Build/Products/Debug-iphonesimulator -F /Applications/Xcode.app/Contents/Developer/Platforms/iPhoneSimulator.platform/Developer/Library/Frameworks -F /Applications/Xcode.app/Contents/Developer/Platforms/iPhoneSimulator.platform/Developer/SDKs/iPhoneSimulator26.0.sdk/Developer/Library/Frameworks -c -j11 -enable-batch-mode -incremental -Xcc -ivfsstatcache -Xcc /Users/binde/Library/Developer/Xcode/DerivedData/SDKStatCaches.noindex/iphonesimulator26.0-23A339-26257891a6c027eb51374368541b8346.sdkstatcache -output-file-map /Users/binde/Library/Developer/Xcode/DerivedData/Molten-dwnouowhlxjhigdgjryrxxsdqnmu/Build/Intermediates.noindex/Molten.build/Debug-iphonesimulator/MoltenUITests.build/Objects-normal/arm64/MoltenUITests-OutputFileMap.json -use-frontend-parseable-output -save-temps -no-color-diagnostics -explicit-module-build -module-cache-path /Users/binde/Library/Developer/Xcode/DerivedData/Molten-dwnouowhlxjhigdgjryrxxsdqnmu/Build/Intermediates.noindex/SwiftExplicitPrecompiledModules -clang-scanner-module-cache-path /Users/binde/Library/Developer/Xcode/DerivedData/ModuleCache.noindex -sdk-module-cache-path /Users/binde/Library/Developer/Xcode/DerivedData/ModuleCache.noindex -serialize-diagnostics -emit-dependencies -emit-module -emit-module-path /Users/binde/Library/Developer/Xcode/DerivedData/Molten-dwnouowhlxjhigdgjryrxxsdqnmu/Build/Intermediates.noindex/Molten.build/Debug-iphonesimulator/MoltenUITests.build/Objects-normal/arm64/MoltenUITests.swiftmodule -validate-clang-modules-once -clang-build-session-file /Users/binde/Library/Developer/Xcode/DerivedData/ModuleCache.noindex/Session.modulevalidation -Xcc -I/Users/binde/Library/Developer/Xcode/DerivedData/Molten-dwnouowhlxjhigdgjryrxxsdqnmu/Build/Intermediates.noindex/Molten.build/Debug-iphonesimulator/MoltenUITests.build/swift-overrides.hmap -emit-const-values -Xfrontend -const-gather-protocols-file -Xfrontend /Users/binde/Library/Developer/Xcode/DerivedData/Molten-dwnouowhlxjhigdgjryrxxsdqnmu/Build/Intermediates.noindex/Molten.build/Debug-iphonesimulator/MoltenUITests.build/Objects-normal/arm64/MoltenUITests_const_extract_protocols.json -Xcc -iquote -Xcc /Users/binde/Library/Developer/Xcode/DerivedData/Molten-dwnouowhlxjhigdgjryrxxsdqnmu/Build/Intermediates.noindex/Molten.build/Debug-iphonesimulator/MoltenUITests.build/MoltenUITests-generated-files.hmap -Xcc -I/Users/binde/Library/Developer/Xcode/DerivedData/Molten-dwnouowhlxjhigdgjryrxxsdqnmu/Build/Intermediates.noindex/Molten.build/Debug-iphonesimulator/MoltenUITests.build/MoltenUITests-own-target-headers.hmap -Xcc -I/Users/binde/Library/Developer/Xcode/DerivedData/Molten-dwnouowhlxjhigdgjryrxxsdqnmu/Build/Intermediates.noindex/Molten.build/Debug-iphonesimulator/MoltenUITests.build/MoltenUITests-all-target-headers.hmap -Xcc -iquote -Xcc /Users/binde/Library/Developer/Xcode/DerivedData/Molten-dwnouowhlxjhigdgjryrxxsdqnmu/Build/Intermediates.noindex/Molten.build/Debug-iphonesimulator/MoltenUITests.build/MoltenUITests-project-headers.hmap -Xcc -I/Users/binde/Library/Developer/Xcode/DerivedData/Molten-dwnouowhlxjhigdgjryrxxsdqnmu/Build/Products/Debug-iphonesimulator/include -Xcc -I/Users/binde/Library/Developer/Xcode/DerivedData/Molten-dwnouowhlxjhigdgjryrxxsdqnmu/Build/Intermediates.noindex/Molten.build/Debug-iphonesimulator/MoltenUITests.build/DerivedSources-normal/arm64 -Xcc -I/Users/binde/Library/Developer/Xcode/DerivedData/Molten-dwnouowhlxjhigdgjryrxxsdqnmu/Build/Intermediates.noindex/Molten.build/Debug-iphonesimulator/MoltenUITests.build/DerivedSources/arm64 -Xcc -I/Users/binde/Library/Developer/Xcode/DerivedData/Molten-dwnouowhlxjhigdgjryrxxsdqnmu/Build/Intermediates.noindex/Molten.build/Debug-iphonesimulator/MoltenUITests.build/DerivedSources -Xcc -DDEBUG\=1 -emit-objc-header -emit-objc-header-path /Users/binde/Library/Developer/Xcode/DerivedData/Molten-dwnouowhlxjhigdgjryrxxsdqnmu/Build/Intermediates.noindex/Molten.build/Debug-iphonesimulator/MoltenUITests.build/Objects-normal/arm64/MoltenUITests-Swift.h -working-directory /Users/binde/projects/classes -experimental-emit-module-separately -disable-cmo

SwiftDriverJobDiscovery normal arm64 Compiling CoreDataRecoveryUtilityTests.swift, CoreDataRepositoryTests.swift, CoreDataUserImageRepositoryTests.swift (in target 'RepositoryTests' from project 'Molten')

SwiftCompile normal arm64 Compiling\ KilnScheduleModelTests.swift,\ LogbookModelTests.swift,\ ProjectGlassItemTests.swift,\ ProjectModelTests.swift,\ ProjectReferenceUrlTests.swift,\ TechniqueTypeTests.swift,\ WeightUnitTests.swift,\ InventoryRepositoryLocationTests.swift,\ MockLogbookRepositoryTests.swift,\ MockUserImageRepositoryTests.swift,\ ShoppingListRepositoryTests.swift,\ UserImageRepositoryTests.swift /Users/binde/projects/classes/Molten/Tests/MoltenTests/Models/KilnScheduleModelTests.swift /Users/binde/projects/classes/Molten/Tests/MoltenTests/Models/LogbookModelTests.swift /Users/binde/projects/classes/Molten/Tests/MoltenTests/Models/ProjectGlassItemTests.swift /Users/binde/projects/classes/Molten/Tests/MoltenTests/Models/ProjectModelTests.swift /Users/binde/projects/classes/Molten/Tests/MoltenTests/Models/ProjectReferenceUrlTests.swift /Users/binde/projects/classes/Molten/Tests/MoltenTests/Models/TechniqueTypeTests.swift /Users/binde/projects/classes/Molten/Tests/MoltenTests/Models/WeightUnitTests.swift /Users/binde/projects/classes/Molten/Tests/MoltenTests/Repositories/InventoryRepositoryLocationTests.swift /Users/binde/projects/classes/Molten/Tests/MoltenTests/Repositories/MockLogbookRepositoryTests.swift /Users/binde/projects/classes/Molten/Tests/MoltenTests/Repositories/MockUserImageRepositoryTests.swift /Users/binde/projects/classes/Molten/Tests/MoltenTests/Repositories/ShoppingListRepositoryTests.swift /Users/binde/projects/classes/Molten/Tests/MoltenTests/Repositories/UserImageRepositoryTests.swift (in target 'MoltenTests' from project 'Molten')

SwiftCompile normal arm64 /Users/binde/projects/classes/Molten/Tests/MoltenTests/Models/KilnScheduleModelTests.swift (in target 'MoltenTests' from project 'Molten')
    cd /Users/binde/projects/classes
    
/Users/binde/projects/classes/Molten/Tests/MoltenTests/Repositories/InventoryRepositoryLocationTests.swift:270:13: warning: initialization of immutable value 'inv1' was never used; consider replacing with assignment to '_' or removing it
        let inv1 = try await repository.createInventory(
        ~~~~^~~~
        _
/Users/binde/projects/classes/Molten/Tests/MoltenTests/Repositories/InventoryRepositoryLocationTests.swift:273:13: warning: initialization of immutable value 'inv2' was never used; consider replacing with assignment to '_' or removing it
        let inv2 = try await repository.createInventory(
        ~~~~^~~~
        _

SwiftCompile normal arm64 /Users/binde/projects/classes/Molten/Tests/MoltenTests/Models/LogbookModelTests.swift (in target 'MoltenTests' from project 'Molten')
    cd /Users/binde/projects/classes
    
/Users/binde/projects/classes/Molten/Tests/MoltenTests/Repositories/InventoryRepositoryLocationTests.swift:270:13: warning: initialization of immutable value 'inv1' was never used; consider replacing with assignment to '_' or removing it
        let inv1 = try await repository.createInventory(
        ~~~~^~~~
        _
/Users/binde/projects/classes/Molten/Tests/MoltenTests/Repositories/InventoryRepositoryLocationTests.swift:273:13: warning: initialization of immutable value 'inv2' was never used; consider replacing with assignment to '_' or removing it
        let inv2 = try await repository.createInventory(
        ~~~~^~~~
        _

SwiftCompile normal arm64 /Users/binde/projects/classes/Molten/Tests/MoltenTests/Models/ProjectGlassItemTests.swift (in target 'MoltenTests' from project 'Molten')
    cd /Users/binde/projects/classes
    
/Users/binde/projects/classes/Molten/Tests/MoltenTests/Repositories/InventoryRepositoryLocationTests.swift:270:13: warning: initialization of immutable value 'inv1' was never used; consider replacing with assignment to '_' or removing it
        let inv1 = try await repository.createInventory(
        ~~~~^~~~
        _
/Users/binde/projects/classes/Molten/Tests/MoltenTests/Repositories/InventoryRepositoryLocationTests.swift:273:13: warning: initialization of immutable value 'inv2' was never used; consider replacing with assignment to '_' or removing it
        let inv2 = try await repository.createInventory(
        ~~~~^~~~
        _

SwiftCompile normal arm64 /Users/binde/projects/classes/Molten/Tests/MoltenTests/Models/ProjectModelTests.swift (in target 'MoltenTests' from project 'Molten')
    cd /Users/binde/projects/classes
    
/Users/binde/projects/classes/Molten/Tests/MoltenTests/Repositories/InventoryRepositoryLocationTests.swift:270:13: warning: initialization of immutable value 'inv1' was never used; consider replacing with assignment to '_' or removing it
        let inv1 = try await repository.createInventory(
        ~~~~^~~~
        _
/Users/binde/projects/classes/Molten/Tests/MoltenTests/Repositories/InventoryRepositoryLocationTests.swift:273:13: warning: initialization of immutable value 'inv2' was never used; consider replacing with assignment to '_' or removing it
        let inv2 = try await repository.createInventory(
        ~~~~^~~~
        _

SwiftCompile normal arm64 /Users/binde/projects/classes/Molten/Tests/MoltenTests/Models/ProjectReferenceUrlTests.swift (in target 'MoltenTests' from project 'Molten')
    cd /Users/binde/projects/classes
    
/Users/binde/projects/classes/Molten/Tests/MoltenTests/Repositories/InventoryRepositoryLocationTests.swift:270:13: warning: initialization of immutable value 'inv1' was never used; consider replacing with assignment to '_' or removing it
        let inv1 = try await repository.createInventory(
        ~~~~^~~~
        _
/Users/binde/projects/classes/Molten/Tests/MoltenTests/Repositories/InventoryRepositoryLocationTests.swift:273:13: warning: initialization of immutable value 'inv2' was never used; consider replacing with assignment to '_' or removing it
        let inv2 = try await repository.createInventory(
        ~~~~^~~~
        _

SwiftCompile normal arm64 /Users/binde/projects/classes/Molten/Tests/MoltenTests/Models/TechniqueTypeTests.swift (in target 'MoltenTests' from project 'Molten')
    cd /Users/binde/projects/classes
    
/Users/binde/projects/classes/Molten/Tests/MoltenTests/Repositories/InventoryRepositoryLocationTests.swift:270:13: warning: initialization of immutable value 'inv1' was never used; consider replacing with assignment to '_' or removing it
        let inv1 = try await repository.createInventory(
        ~~~~^~~~
        _
/Users/binde/projects/classes/Molten/Tests/MoltenTests/Repositories/InventoryRepositoryLocationTests.swift:273:13: warning: initialization of immutable value 'inv2' was never used; consider replacing with assignment to '_' or removing it
        let inv2 = try await repository.createInventory(
        ~~~~^~~~
        _

SwiftCompile normal arm64 /Users/binde/projects/classes/Molten/Tests/MoltenTests/Models/WeightUnitTests.swift (in target 'MoltenTests' from project 'Molten')
    cd /Users/binde/projects/classes
    
/Users/binde/projects/classes/Molten/Tests/MoltenTests/Repositories/InventoryRepositoryLocationTests.swift:270:13: warning: initialization of immutable value 'inv1' was never used; consider replacing with assignment to '_' or removing it
        let inv1 = try await repository.createInventory(
        ~~~~^~~~
        _
/Users/binde/projects/classes/Molten/Tests/MoltenTests/Repositories/InventoryRepositoryLocationTests.swift:273:13: warning: initialization of immutable value 'inv2' was never used; consider replacing with assignment to '_' or removing it
        let inv2 = try await repository.createInventory(
        ~~~~^~~~
        _

SwiftCompile normal arm64 /Users/binde/projects/classes/Molten/Tests/MoltenTests/Repositories/InventoryRepositoryLocationTests.swift (in target 'MoltenTests' from project 'Molten')
    cd /Users/binde/projects/classes
    
/Users/binde/projects/classes/Molten/Tests/MoltenTests/Repositories/InventoryRepositoryLocationTests.swift:270:13: warning: initialization of immutable value 'inv1' was never used; consider replacing with assignment to '_' or removing it
        let inv1 = try await repository.createInventory(
        ~~~~^~~~
        _
/Users/binde/projects/classes/Molten/Tests/MoltenTests/Repositories/InventoryRepositoryLocationTests.swift:273:13: warning: initialization of immutable value 'inv2' was never used; consider replacing with assignment to '_' or removing it
        let inv2 = try await repository.createInventory(
        ~~~~^~~~
        _

SwiftCompile normal arm64 /Users/binde/projects/classes/Molten/Tests/MoltenTests/Repositories/MockLogbookRepositoryTests.swift (in target 'MoltenTests' from project 'Molten')
    cd /Users/binde/projects/classes
    
/Users/binde/projects/classes/Molten/Tests/MoltenTests/Repositories/InventoryRepositoryLocationTests.swift:270:13: warning: initialization of immutable value 'inv1' was never used; consider replacing with assignment to '_' or removing it
        let inv1 = try await repository.createInventory(
        ~~~~^~~~
        _
/Users/binde/projects/classes/Molten/Tests/MoltenTests/Repositories/InventoryRepositoryLocationTests.swift:273:13: warning: initialization of immutable value 'inv2' was never used; consider replacing with assignment to '_' or removing it
        let inv2 = try await repository.createInventory(
        ~~~~^~~~
        _

SwiftCompile normal arm64 /Users/binde/projects/classes/Molten/Tests/MoltenTests/Repositories/MockUserImageRepositoryTests.swift (in target 'MoltenTests' from project 'Molten')
    cd /Users/binde/projects/classes
    
/Users/binde/projects/classes/Molten/Tests/MoltenTests/Repositories/InventoryRepositoryLocationTests.swift:270:13: warning: initialization of immutable value 'inv1' was never used; consider replacing with assignment to '_' or removing it
        let inv1 = try await repository.createInventory(
        ~~~~^~~~
        _
/Users/binde/projects/classes/Molten/Tests/MoltenTests/Repositories/InventoryRepositoryLocationTests.swift:273:13: warning: initialization of immutable value 'inv2' was never used; consider replacing with assignment to '_' or removing it
        let inv2 = try await repository.createInventory(
        ~~~~^~~~
        _

SwiftCompile normal arm64 /Users/binde/projects/classes/Molten/Tests/MoltenTests/Repositories/ShoppingListRepositoryTests.swift (in target 'MoltenTests' from project 'Molten')
    cd /Users/binde/projects/classes
    
/Users/binde/projects/classes/Molten/Tests/MoltenTests/Repositories/InventoryRepositoryLocationTests.swift:270:13: warning: initialization of immutable value 'inv1' was never used; consider replacing with assignment to '_' or removing it
        let inv1 = try await repository.createInventory(
        ~~~~^~~~
        _
/Users/binde/projects/classes/Molten/Tests/MoltenTests/Repositories/InventoryRepositoryLocationTests.swift:273:13: warning: initialization of immutable value 'inv2' was never used; consider replacing with assignment to '_' or removing it
        let inv2 = try await repository.createInventory(
        ~~~~^~~~
        _

SwiftCompile normal arm64 /Users/binde/projects/classes/Molten/Tests/MoltenTests/Repositories/UserImageRepositoryTests.swift (in target 'MoltenTests' from project 'Molten')
    cd /Users/binde/projects/classes
    
/Users/binde/projects/classes/Molten/Tests/MoltenTests/Repositories/InventoryRepositoryLocationTests.swift:270:13: warning: initialization of immutable value 'inv1' was never used; consider replacing with assignment to '_' or removing it
        let inv1 = try await repository.createInventory(
        ~~~~^~~~
        _
/Users/binde/projects/classes/Molten/Tests/MoltenTests/Repositories/InventoryRepositoryLocationTests.swift:273:13: warning: initialization of immutable value 'inv2' was never used; consider replacing with assignment to '_' or removing it
        let inv2 = try await repository.createInventory(
        ~~~~^~~~
        _
/Users/binde/projects/classes/Molten/Tests/MoltenTests/Repositories/UserImageRepositoryTests.swift:549:9: warning: no 'async' operations occur within 'await' expression
        await repository.reset()
        ^

SwiftCompile normal arm64 Compiling\ CatalogServiceAdvancedTests.swift,\ DataExportServiceTests.swift,\ DataInitializationServiceTests.swift,\ DataLoadingServiceTests.swift,\ EntityCoordinatorTests.swift,\ GlassItemDataLoadingServiceTests.swift,\ InventoryServiceTests.swift,\ InventoryTrackingServiceLocationTests.swift,\ InventoryTrackingServiceTests.swift,\ JSONDataLoaderTests.swift,\ KilnScheduleServiceTests.swift,\ LabelPrintingServiceTests.swift /Users/binde/projects/classes/Molten/Tests/MoltenTests/Services/CatalogServiceAdvancedTests.swift /Users/binde/projects/classes/Molten/Tests/MoltenTests/Services/DataExportServiceTests.swift /Users/binde/projects/classes/Molten/Tests/MoltenTests/Services/DataInitializationServiceTests.swift /Users/binde/projects/classes/Molten/Tests/MoltenTests/Services/DataLoadingServiceTests.swift /Users/binde/projects/classes/Molten/Tests/MoltenTests/Services/EntityCoordinatorTests.swift /Users/binde/projects/classes/Molten/Tests/MoltenTests/Services/GlassItemDataLoadingServiceTests.swift /Users/binde/projects/classes/Molten/Tests/MoltenTests/Services/InventoryServiceTests.swift /Users/binde/projects/classes/Molten/Tests/MoltenTests/Services/InventoryTrackingServiceLocationTests.swift /Users/binde/projects/classes/Molten/Tests/MoltenTests/Services/InventoryTrackingServiceTests.swift /Users/binde/projects/classes/Molten/Tests/MoltenTests/Services/JSONDataLoaderTests.swift /Users/binde/projects/classes/Molten/Tests/MoltenTests/Services/KilnScheduleServiceTests.swift /Users/binde/projects/classes/Molten/Tests/MoltenTests/Services/LabelPrintingServiceTests.swift (in target 'MoltenTests' from project 'Molten')

SwiftCompile normal arm64 /Users/binde/projects/classes/Molten/Tests/MoltenTests/Services/CatalogServiceAdvancedTests.swift (in target 'MoltenTests' from project 'Molten')
    cd /Users/binde/projects/classes
    
/Users/binde/projects/classes/Molten/Tests/MoltenTests/Services/CatalogServiceAdvancedTests.swift:29:13: warning: initialization of immutable value 'locationRepo' was never used; consider replacing with assignment to '_' or removing it
        let locationRepo = MockLocationRepository()
        ~~~~^~~~~~~~~~~~
        _
/Users/binde/projects/classes/Molten/Tests/MoltenTests/Services/CatalogServiceAdvancedTests.swift:268:27: warning: comparing non-optional value of type 'any Error' to 'nil' always returns true
            #expect(error != nil, "Service may reject similar items")
                    ~~~~~ ^  ~~~
/Users/binde/projects/classes/Molten/Tests/MoltenTests/Services/CatalogServiceAdvancedTests.swift:256:13: warning: initialization of immutable value 'savedOriginal' was never used; consider replacing with assignment to '_' or removing it
        let savedOriginal = try await service.createGlassItem(originalItem, initialInventory: [], tags: [])
        ~~~~^~~~~~~~~~~~~
        _
/Users/binde/projects/classes/Molten/Tests/MoltenTests/Services/CatalogServiceAdvancedTests.swift:260:17: warning: initialization of immutable value 'savedDuplicate' was never used; consider replacing with assignment to '_' or removing it
            let savedDuplicate = try await service.createGlassItem(duplicateItem, initialInventory: [], tags: [])
            ~~~~^~~~~~~~~~~~~~
            _
/Users/binde/projects/classes/Molten/Tests/MoltenTests/Services/CatalogServiceAdvancedTests.swift:397:31: warning: comparing non-optional value of type 'any Error' to 'nil' always returns true
                #expect(error != nil, "Service may reject invalid items based on business rules")
                        ~~~~~ ^  ~~~
/Users/binde/projects/classes/Molten/Tests/MoltenTests/Services/CatalogServiceAdvancedTests.swift:485:27: warning: comparing non-optional value of type 'any Error' to 'nil' always returns true
            #expect(error != nil, "Service should propagate appropriate errors")
                    ~~~~~ ^  ~~~

SwiftCompile normal arm64 /Users/binde/projects/classes/Molten/Tests/MoltenTests/Services/DataExportServiceTests.swift (in target 'MoltenTests' from project 'Molten')
    cd /Users/binde/projects/classes
    
/Users/binde/projects/classes/Molten/Tests/MoltenTests/Services/DataExportServiceTests.swift:55:45: warning: comparing non-optional value of type 'Date' to 'nil' always returns true
            #expect(exportResult.exportDate != nil)
                    ~~~~~~~~~~~~~~~~~~~~~~~ ^  ~~~

SwiftCompile normal arm64 /Users/binde/projects/classes/Molten/Tests/MoltenTests/Services/DataInitializationServiceTests.swift (in target 'MoltenTests' from project 'Molten')
    cd /Users/binde/projects/classes
    

SwiftCompile normal arm64 /Users/binde/projects/classes/Molten/Tests/MoltenTests/Services/DataLoadingServiceTests.swift (in target 'MoltenTests' from project 'Molten')
    cd /Users/binde/projects/classes
    
/Users/binde/projects/classes/Molten/Tests/MoltenTests/Services/DataLoadingServiceTests.swift:39:28: warning: comparing non-optional value of type 'DataLoadingService' to 'nil' always returns true
        #expect(dataLoader != nil, "DataLoadingService should be created with CatalogService")
                ~~~~~~~~~~ ^  ~~~

SwiftCompile normal arm64 /Users/binde/projects/classes/Molten/Tests/MoltenTests/Services/EntityCoordinatorTests.swift (in target 'MoltenTests' from project 'Molten')
    cd /Users/binde/projects/classes
    
/Users/binde/projects/classes/Molten/Tests/MoltenTests/Services/EntityCoordinatorTests.swift:172:35: warning: 'is' test is always true
        #expect(coordination.tags is [String])
                                  ^
/Users/binde/projects/classes/Molten/Tests/MoltenTests/Services/EntityCoordinatorTests.swift:173:40: warning: 'is' test is always true
        #expect(coordination.locations is [String])
                                       ^

SwiftCompile normal arm64 /Users/binde/projects/classes/Molten/Tests/MoltenTests/Services/GlassItemDataLoadingServiceTests.swift (in target 'MoltenTests' from project 'Molten')
    cd /Users/binde/projects/classes
    
/Users/binde/projects/classes/Molten/Tests/MoltenTests/Services/GlassItemDataLoadingServiceTests.swift:199:36: warning: comparing non-optional value of type 'GlassItemDataLoadingService' to 'nil' always returns true
        #expect(dataLoadingService != nil, "Data loading service should initialize")
                ~~~~~~~~~~~~~~~~~~ ^  ~~~
/Users/binde/projects/classes/Molten/Tests/MoltenTests/Services/GlassItemDataLoadingServiceTests.swift:196:34: warning: immutable value 'repos' was never used; consider replacing with '_' or removing it
        let (dataLoadingService, repos, catalogService) = try await createTestService()
                                 ^~~~~
                                 _
/Users/binde/projects/classes/Molten/Tests/MoltenTests/Services/GlassItemDataLoadingServiceTests.swift:210:14: warning: immutable value 'dataLoadingService' was never used; consider replacing with '_' or removing it
        let (dataLoadingService, repos, catalogService) = try await createTestService()
             ^~~~~~~~~~~~~~~~~~
             _
/Users/binde/projects/classes/Molten/Tests/MoltenTests/Services/GlassItemDataLoadingServiceTests.swift:214:13: warning: initialization of immutable value 'mockJSONLoader' was never used; consider replacing with assignment to '_' or removing it
        let mockJSONLoader = MockJSONDataLoaderForTests(catalogData: testCatalogData)
        ~~~~^~~~~~~~~~~~~~
        _
/Users/binde/projects/classes/Molten/Tests/MoltenTests/Services/GlassItemDataLoadingServiceTests.swift:235:14: warning: immutable value 'dataLoadingService' was never used; consider replacing with '_' or removing it
        let (dataLoadingService, repos, catalogService) = try await createTestService()
             ^~~~~~~~~~~~~~~~~~
             _
/Users/binde/projects/classes/Molten/Tests/MoltenTests/Services/GlassItemDataLoadingServiceTests.swift:235:34: warning: immutable value 'repos' was never used; consider replacing with '_' or removing it
        let (dataLoadingService, repos, catalogService) = try await createTestService()
                                 ^~~~~
                                 _
/Users/binde/projects/classes/Molten/Tests/MoltenTests/Services/GlassItemDataLoadingServiceTests.swift:238:13: warning: initialization of immutable value 'emptyLoader' was never used; consider replacing with assignment to '_' or removing it
        let emptyLoader = MockJSONDataLoaderForTests(catalogData: [])
        ~~~~^~~~~~~~~~~
        _
/Users/binde/projects/classes/Molten/Tests/MoltenTests/Services/GlassItemDataLoadingServiceTests.swift:262:13: warning: initialization of immutable value 'invalidLoader' was never used; consider replacing with assignment to '_' or removing it
        let invalidLoader = MockJSONDataLoaderForTests(catalogData: invalidData)
        ~~~~^~~~~~~~~~~~~
        _
/Users/binde/projects/classes/Molten/Tests/MoltenTests/Services/GlassItemDataLoadingServiceTests.swift:281:14: warning: immutable value 'dataLoadingService' was never used; consider replacing with '_' or removing it
        let (dataLoadingService, repos, catalogService) = try await createTestService()
             ^~~~~~~~~~~~~~~~~~
             _
/Users/binde/projects/classes/Molten/Tests/MoltenTests/Services/GlassItemDataLoadingServiceTests.swift:310:14: warning: immutable value 'dataLoadingService' was never used; consider replacing with '_' or removing it
        let (dataLoadingService, repos, catalogService) = try await createTestService()
             ^~~~~~~~~~~~~~~~~~
             _
/Users/binde/projects/classes/Molten/Tests/MoltenTests/Services/GlassItemDataLoadingServiceTests.swift:338:14: warning: immutable value 'dataLoadingService' was never used; consider replacing with '_' or removing it
        let (dataLoadingService, repos, catalogService) = try await createTestService()
             ^~~~~~~~~~~~~~~~~~
             _
/Users/binde/projects/classes/Molten/Tests/MoltenTests/Services/GlassItemDataLoadingServiceTests.swift:360:14: warning: immutable value 'dataLoadingService' was never used; consider replacing with '_' or removing it
        let (dataLoadingService, repos, catalogService) = try await createTestService()
             ^~~~~~~~~~~~~~~~~~
             _
/Users/binde/projects/classes/Molten/Tests/MoltenTests/Services/GlassItemDataLoadingServiceTests.swift:388:14: warning: immutable value 'dataLoadingService' was never used; consider replacing with '_' or removing it
        let (dataLoadingService, repos, catalogService) = try await createTestService()
             ^~~~~~~~~~~~~~~~~~
             _

SwiftCompile normal arm64 /Users/binde/projects/classes/Molten/Tests/MoltenTests/Services/InventoryServiceTests.swift (in target 'MoltenTests' from project 'Molten')
    cd /Users/binde/projects/classes
    
/Users/binde/projects/classes/Molten/Tests/MoltenTests/Services/InventoryServiceTests.swift:143:34: warning: comparing non-optional value of type 'InventoryTrackingService' to 'nil' always returns true
        #expect(inventoryService != nil, "InventoryService should be created")
                ~~~~~~~~~~~~~~~~ ^  ~~~

SwiftCompile normal arm64 /Users/binde/projects/classes/Molten/Tests/MoltenTests/Services/InventoryTrackingServiceLocationTests.swift (in target 'MoltenTests' from project 'Molten')
    cd /Users/binde/projects/classes
    

SwiftCompile normal arm64 /Users/binde/projects/classes/Molten/Tests/MoltenTests/Services/InventoryTrackingServiceTests.swift (in target 'MoltenTests' from project 'Molten')
    cd /Users/binde/projects/classes
    
/Users/binde/projects/classes/Molten/Tests/MoltenTests/Services/InventoryTrackingServiceTests.swift:514:13: warning: initialization of immutable value 'catalogService' was never used; consider replacing with assignment to '_' or removing it
        let catalogService = RepositoryFactory.createCatalogService()
        ~~~~^~~~~~~~~~~~~~
        _
/Users/binde/projects/classes/Molten/Tests/MoltenTests/Services/InventoryTrackingServiceTests.swift:635:13: warning: immutable value 'locations' was never used; consider replacing with '_' or removing it
        let locations: [(location: String, quantity: Double)] = [
            ^~~~~~~~~
            _
/Users/binde/projects/classes/Molten/Tests/MoltenTests/Services/JSONDataLoaderTests.swift:142:17: note: '#expect(_:_:)' will always pass here; use 'Bool(true)' to silence this warning (from macro 'expect')
        #expect(true, "JSONDataLoader should instantiate successfully")
                ^~~~

SwiftCompile normal arm64 /Users/binde/projects/classes/Molten/Tests/MoltenTests/Services/JSONDataLoaderTests.swift (in target 'MoltenTests' from project 'Molten')
    cd /Users/binde/projects/classes
    
/Users/binde/projects/classes/Molten/Tests/MoltenTests/Services/JSONDataLoaderTests.swift:138:13: warning: initialization of immutable value 'loader' was never used; consider replacing with assignment to '_' or removing it
        let loader = JSONDataLoader()
        ~~~~^~~~~~
        _
/Users/binde/projects/classes/Molten/Tests/MoltenTests/Services/JSONDataLoaderTests.swift:151:13: warning: initialization of immutable value 'loader' was never used; consider replacing with assignment to '_' or removing it
        let loader = JSONDataLoader()
        ~~~~^~~~~~
        _
/Users/binde/projects/classes/Molten/Tests/MoltenTests/Services/JSONDataLoaderTests.swift:250:25: note: '#expect(_:_:)' will always pass here; use 'Bool(true)' to silence this warning (from macro 'expect')
                #expect(true, "Date format \(format) was attempted")
                        ^~~~
/Users/binde/projects/classes/Molten/Tests/MoltenTests/Services/JSONDataLoaderTests.swift:526:17: note: '#expect(_:_:)' will always pass here; use 'Bool(true)' to silence this warning (from macro 'expect')
        #expect(true, "Should handle multiple sequential processing without memory issues")
                ^~~~

SwiftCompile normal arm64 /Users/binde/projects/classes/Molten/Tests/MoltenTests/Services/KilnScheduleServiceTests.swift (in target 'MoltenTests' from project 'Molten')
    cd /Users/binde/projects/classes
    
/Users/binde/projects/classes/Molten/Tests/MoltenTests/Services/KilnScheduleServiceTests.swift:48:36: warning: comparing non-optional value of type 'any KilnScheduleRepository' to 'nil' always returns true
        #expect(service.repository != nil)
                ~~~~~~~~~~~~~~~~~~ ^  ~~~

SwiftCompile normal arm64 /Users/binde/projects/classes/Molten/Tests/MoltenTests/Services/LabelPrintingServiceTests.swift (in target 'MoltenTests' from project 'Molten')
    cd /Users/binde/projects/classes
    

SwiftDriverJobDiscovery normal arm64 Compiling KilnScheduleRepositoryTests.swift, CatalogRepositoryTests.swift, CoreDataDiagnosticTest.swift (in target 'RepositoryTests' from project 'Molten')

SwiftDriver\ Compilation RepositoryTests normal arm64 com.apple.xcode.tools.swift.compiler (in target 'RepositoryTests' from project 'Molten')
    cd /Users/binde/projects/classes
    builtin-Swift-Compilation -- /Applications/Xcode.app/Contents/Developer/Toolchains/XcodeDefault.xctoolchain/usr/bin/swiftc -module-name RepositoryTests -Onone -enforce-exclusivity\=checked @/Users/binde/Library/Developer/Xcode/DerivedData/Molten-dwnouowhlxjhigdgjryrxxsdqnmu/Build/Intermediates.noindex/Molten.build/Debug-iphonesimulator/RepositoryTests.build/Objects-normal/arm64/RepositoryTests.SwiftFileList -DDEBUG -plugin-path /Applications/Xcode.app/Contents/Developer/Toolchains/XcodeDefault.xctoolchain/usr/lib/swift/host/plugins/testing -enable-upcoming-feature MemberImportVisibility -enable-upcoming-feature InferIsolatedConformances -enable-upcoming-feature NonisolatedNonsendingByDefault -enable-experimental-feature DebugDescriptionMacro -sdk /Applications/Xcode.app/Contents/Developer/Platforms/iPhoneSimulator.platform/Developer/SDKs/iPhoneSimulator26.0.sdk -target arm64-apple-ios26.0-simulator -g -module-cache-path /Users/binde/Library/Developer/Xcode/DerivedData/ModuleCache.noindex -Xfrontend -serialize-debugging-options -profile-coverage-mapping -profile-generate -enable-testing -index-store-path /Users/binde/Library/Developer/Xcode/DerivedData/Molten-dwnouowhlxjhigdgjryrxxsdqnmu/Index.noindex/DataStore -Xcc -D_LIBCPP_HARDENING_MODE\=_LIBCPP_HARDENING_MODE_DEBUG -swift-version 6 -I /Users/binde/Library/Developer/Xcode/DerivedData/Molten-dwnouowhlxjhigdgjryrxxsdqnmu/Build/Products/Debug-iphonesimulator -Isystem /Applications/Xcode.app/Contents/Developer/Platforms/iPhoneSimulator.platform/Developer/usr/lib -F /Users/binde/Library/Developer/Xcode/DerivedData/Molten-dwnouowhlxjhigdgjryrxxsdqnmu/Build/Products/Debug-iphonesimulator -F /Applications/Xcode.app/Contents/Developer/Platforms/iPhoneSimulator.platform/Developer/Library/Frameworks -F /Applications/Xcode.app/Contents/Developer/Platforms/iPhoneSimulator.platform/Developer/SDKs/iPhoneSimulator26.0.sdk/Developer/Library/Frameworks -c -j11 -enable-batch-mode -incremental -Xcc -ivfsstatcache -Xcc /Users/binde/Library/Developer/Xcode/DerivedData/SDKStatCaches.noindex/iphonesimulator26.0-23A339-26257891a6c027eb51374368541b8346.sdkstatcache -output-file-map /Users/binde/Library/Developer/Xcode/DerivedData/Molten-dwnouowhlxjhigdgjryrxxsdqnmu/Build/Intermediates.noindex/Molten.build/Debug-iphonesimulator/RepositoryTests.build/Objects-normal/arm64/RepositoryTests-OutputFileMap.json -use-frontend-parseable-output -save-temps -no-color-diagnostics -explicit-module-build -module-cache-path /Users/binde/Library/Developer/Xcode/DerivedData/Molten-dwnouowhlxjhigdgjryrxxsdqnmu/Build/Intermediates.noindex/SwiftExplicitPrecompiledModules -clang-scanner-module-cache-path /Users/binde/Library/Developer/Xcode/DerivedData/ModuleCache.noindex -sdk-module-cache-path /Users/binde/Library/Developer/Xcode/DerivedData/ModuleCache.noindex -serialize-diagnostics -emit-dependencies -emit-module -emit-module-path /Users/binde/Library/Developer/Xcode/DerivedData/Molten-dwnouowhlxjhigdgjryrxxsdqnmu/Build/Intermediates.noindex/Molten.build/Debug-iphonesimulator/RepositoryTests.build/Objects-normal/arm64/RepositoryTests.swiftmodule -validate-clang-modules-once -clang-build-session-file /Users/binde/Library/Developer/Xcode/DerivedData/ModuleCache.noindex/Session.modulevalidation -Xcc -I/Users/binde/Library/Developer/Xcode/DerivedData/Molten-dwnouowhlxjhigdgjryrxxsdqnmu/Build/Intermediates.noindex/Molten.build/Debug-iphonesimulator/RepositoryTests.build/swift-overrides.hmap -emit-const-values -Xfrontend -const-gather-protocols-file -Xfrontend /Users/binde/Library/Developer/Xcode/DerivedData/Molten-dwnouowhlxjhigdgjryrxxsdqnmu/Build/Intermediates.noindex/Molten.build/Debug-iphonesimulator/RepositoryTests.build/Objects-normal/arm64/RepositoryTests_const_extract_protocols.json -Xcc -iquote -Xcc /Users/binde/Library/Developer/Xcode/DerivedData/Molten-dwnouowhlxjhigdgjryrxxsdqnmu/Build/Intermediates.noindex/Molten.build/Debug-iphonesimulator/RepositoryTests.build/RepositoryTests-generated-files.hmap -Xcc -I/Users/binde/Library/Developer/Xcode/DerivedData/Molten-dwnouowhlxjhigdgjryrxxsdqnmu/Build/Intermediates.noindex/Molten.build/Debug-iphonesimulator/RepositoryTests.build/RepositoryTests-own-target-headers.hmap -Xcc -I/Users/binde/Library/Developer/Xcode/DerivedData/Molten-dwnouowhlxjhigdgjryrxxsdqnmu/Build/Intermediates.noindex/Molten.build/Debug-iphonesimulator/RepositoryTests.build/RepositoryTests-all-target-headers.hmap -Xcc -iquote -Xcc /Users/binde/Library/Developer/Xcode/DerivedData/Molten-dwnouowhlxjhigdgjryrxxsdqnmu/Build/Intermediates.noindex/Molten.build/Debug-iphonesimulator/RepositoryTests.build/RepositoryTests-project-headers.hmap -Xcc -I/Users/binde/Library/Developer/Xcode/DerivedData/Molten-dwnouowhlxjhigdgjryrxxsdqnmu/Build/Products/Debug-iphonesimulator/include -Xcc -I/Users/binde/Library/Developer/Xcode/DerivedData/Molten-dwnouowhlxjhigdgjryrxxsdqnmu/Build/Intermediates.noindex/Molten.build/Debug-iphonesimulator/RepositoryTests.build/DerivedSources-normal/arm64 -Xcc -I/Users/binde/Library/Developer/Xcode/DerivedData/Molten-dwnouowhlxjhigdgjryrxxsdqnmu/Build/Intermediates.noindex/Molten.build/Debug-iphonesimulator/RepositoryTests.build/DerivedSources/arm64 -Xcc -I/Users/binde/Library/Developer/Xcode/DerivedData/Molten-dwnouowhlxjhigdgjryrxxsdqnmu/Build/Intermediates.noindex/Molten.build/Debug-iphonesimulator/RepositoryTests.build/DerivedSources -Xcc -DDEBUG\=1 -emit-objc-header -emit-objc-header-path /Users/binde/Library/Developer/Xcode/DerivedData/Molten-dwnouowhlxjhigdgjryrxxsdqnmu/Build/Intermediates.noindex/Molten.build/Debug-iphonesimulator/RepositoryTests.build/Objects-normal/arm64/RepositoryTests-Swift.h -working-directory /Users/binde/projects/classes -experimental-emit-module-separately -disable-cmo

SwiftDriverJobDiscovery normal arm64 Compiling PerformanceTests.swift (in target 'PerformanceTests' from project 'Molten')

SwiftCompile normal arm64 Compiling\ IntegrationTests.swift,\ MultiUserScenarioTests.swift,\ UserTagsIntegrationTests.swift,\ ViewRepositoryIntegrationTests.swift,\ CatalogBuildModelTests.swift,\ CatalogItemEntityTests.swift,\ CatalogItemHelpersTests.swift,\ CatalogItemModelPhase1Tests.swift,\ CatalogItemParentModelTests.swift,\ DataModelValidationTests.swift,\ InventoryLocationTests.swift,\ ItemShoppingModelTests.swift /Users/binde/projects/classes/Molten/Tests/MoltenTests/Integration/IntegrationTests.swift /Users/binde/projects/classes/Molten/Tests/MoltenTests/Integration/MultiUserScenarioTests.swift /Users/binde/projects/classes/Molten/Tests/MoltenTests/Integration/UserTagsIntegrationTests.swift /Users/binde/projects/classes/Molten/Tests/MoltenTests/Integration/ViewRepositoryIntegrationTests.swift /Users/binde/projects/classes/Molten/Tests/MoltenTests/Models/CatalogBuildModelTests.swift /Users/binde/projects/classes/Molten/Tests/MoltenTests/Models/CatalogItemEntityTests.swift /Users/binde/projects/classes/Molten/Tests/MoltenTests/Models/CatalogItemHelpersTests.swift /Users/binde/projects/classes/Molten/Tests/MoltenTests/Models/CatalogItemModelPhase1Tests.swift /Users/binde/projects/classes/Molten/Tests/MoltenTests/Models/CatalogItemParentModelTests.swift /Users/binde/projects/classes/Molten/Tests/MoltenTests/Models/DataModelValidationTests.swift /Users/binde/projects/classes/Molten/Tests/MoltenTests/Models/InventoryLocationTests.swift /Users/binde/projects/classes/Molten/Tests/MoltenTests/Models/ItemShoppingModelTests.swift (in target 'MoltenTests' from project 'Molten')

SwiftCompile normal arm64 /Users/binde/projects/classes/Molten/Tests/MoltenTests/Integration/IntegrationTests.swift (in target 'MoltenTests' from project 'Molten')
    cd /Users/binde/projects/classes
    
/Users/binde/projects/classes/Molten/Tests/MoltenTests/Integration/IntegrationTests.swift:81:13: warning: initialization of immutable value 'userTagsRepository' was never used; consider replacing with assignment to '_' or removing it
        let userTagsRepository = MockUserTagsRepository()
        ~~~~^~~~~~~~~~~~~~~~~~
        _
/Users/binde/projects/classes/Molten/Tests/MoltenTests/Integration/IntegrationTests.swift:145:93: warning: left side of nil coalescing operator '??' has non-optional type 'String', so the right side is never used
        let filteredItems = SearchUtilities.filter(allItems, with: filterManager.textFilter ?? "")
                                                                   ~~~~~~~~~~~~~~~~~~~~~~~~~^~~~~
                                                                                           
/Users/binde/projects/classes/Molten/Tests/MoltenTests/Integration/IntegrationTests.swift:183:13: warning: 'init(id:name:rawCode:manufacturer:tags:units:)' is deprecated: Use parent-child initializer instead
            CatalogItemModel(name: "Red Glass Rod", rawCode: "RGR-001", manufacturer: "Effetre Glass"),
            ^
/Users/binde/projects/classes/Molten/Tests/MoltenTests/Integration/IntegrationTests.swift:184:13: warning: 'init(id:name:rawCode:manufacturer:tags:units:)' is deprecated: Use parent-child initializer instead
            CatalogItemModel(name: "Blue Glass Sheet", rawCode: "BGS-002", manufacturer: "Bullseye Glass"),
            ^
/Users/binde/projects/classes/Molten/Tests/MoltenTests/Integration/IntegrationTests.swift:185:13: warning: 'init(id:name:rawCode:manufacturer:tags:units:)' is deprecated: Use parent-child initializer instead
            CatalogItemModel(name: "Clear Frit", rawCode: "CF-003", manufacturer: "Effetre Glass"),
            ^
/Users/binde/projects/classes/Molten/Tests/MoltenTests/Integration/IntegrationTests.swift:186:13: warning: 'init(id:name:rawCode:manufacturer:tags:units:)' is deprecated: Use parent-child initializer instead
            CatalogItemModel(name: "Yellow Stringer", rawCode: "YS-004", manufacturer: "Vetrofond")
            ^
/Users/binde/projects/classes/Molten/Tests/MoltenTests/Integration/IntegrationTests.swift:224:13: warning: 'init(id:name:rawCode:manufacturer:tags:units:)' is deprecated: Use parent-child initializer instead
            CatalogItemModel(name: "Standard Code Item", rawCode: "STD-001", manufacturer: "TestCorp"),
            ^
/Users/binde/projects/classes/Molten/Tests/MoltenTests/Integration/IntegrationTests.swift:225:13: warning: 'init(id:name:rawCode:manufacturer:tags:units:)' is deprecated: Use parent-child initializer instead
            CatalogItemModel(name: "Slash Code Item", rawCode: "SLS/002", manufacturer: "TestCorp"),
            ^
/Users/binde/projects/classes/Molten/Tests/MoltenTests/Integration/IntegrationTests.swift:226:13: warning: 'init(id:name:rawCode:manufacturer:tags:units:)' is deprecated: Use parent-child initializer instead
            CatalogItemModel(name: "Complex Code Item", rawCode: "CPX-A/B-003", manufacturer: "TestCorp")
            ^
/Users/binde/projects/classes/Molten/Tests/MoltenTests/Integration/IntegrationTests.swift:308:39: warning: 'init(id:name:rawCode:manufacturer:tags:units:)' is deprecated: Use parent-child initializer instead
                    let catalogItem = CatalogItemModel(
                                      ^
/Users/binde/projects/classes/Molten/Tests/MoltenTests/Integration/IntegrationTests.swift:387:23: warning: 'init(id:name:rawCode:manufacturer:tags:units:)' is deprecated: Use parent-child initializer instead
        let newItem = CatalogItemModel(
                      ^
/Users/binde/projects/classes/Molten/Tests/MoltenTests/Integration/IntegrationTests.swift:428:24: warning: 'init(id:name:rawCode:manufacturer:tags:units:)' is deprecated: Use parent-child initializer instead
            let item = CatalogItemModel(
                       ^
/Users/binde/projects/classes/Molten/Tests/MoltenTests/Integration/IntegrationTests.swift:493:32: warning: 'init(id:name:rawCode:manufacturer:tags:units:)' is deprecated: Use parent-child initializer instead
                    let item = CatalogItemModel(
                               ^
/Users/binde/projects/classes/Molten/Tests/MoltenTests/Integration/IntegrationTests.swift:538:28: warning: 'init(id:name:rawCode:manufacturer:tags:units:)' is deprecated: Use parent-child initializer instead
        let recoveryItem = CatalogItemModel(
                           ^
/Users/binde/projects/classes/Molten/Tests/MoltenTests/Integration/IntegrationTests.swift:563:13: warning: 'init(id:name:rawCode:manufacturer:tags:units:)' is deprecated: Use parent-child initializer instead
            CatalogItemModel(name: "Glass Rod 1", rawCode: "GR-001", manufacturer: "PremiumCorp"),
            ^
/Users/binde/projects/classes/Molten/Tests/MoltenTests/Integration/IntegrationTests.swift:564:13: warning: 'init(id:name:rawCode:manufacturer:tags:units:)' is deprecated: Use parent-child initializer instead
            CatalogItemModel(name: "Glass Rod 2", rawCode: "GR-002", manufacturer: "StandardCorp"),
            ^
/Users/binde/projects/classes/Molten/Tests/MoltenTests/Integration/IntegrationTests.swift:565:13: warning: 'init(id:name:rawCode:manufacturer:tags:units:)' is deprecated: Use parent-child initializer instead
            CatalogItemModel(name: "Tool Item 1", rawCode: "TI-001", manufacturer: "PremiumCorp"),
            ^
/Users/binde/projects/classes/Molten/Tests/MoltenTests/Integration/IntegrationTests.swift:566:13: warning: 'init(id:name:rawCode:manufacturer:tags:units:)' is deprecated: Use parent-child initializer instead
            CatalogItemModel(name: "Tool Item 2", rawCode: "TI-002", manufacturer: "StandardCorp")
            ^
/Users/binde/projects/classes/Molten/Tests/MoltenTests/Integration/IntegrationTests.swift:599:97: warning: left side of nil coalescing operator '??' has non-optional type 'String', so the right side is never used
        let filteredItems = try await mockRepository.searchItems(text: filterManager.textFilter ?? "")
                                                                       ~~~~~~~~~~~~~~~~~~~~~~~~~^~~~~
                                                                                               

SwiftCompile normal arm64 /Users/binde/projects/classes/Molten/Tests/MoltenTests/Integration/MultiUserScenarioTests.swift (in target 'MoltenTests' from project 'Molten')
    cd /Users/binde/projects/classes
    
/Users/binde/projects/classes/Molten/Tests/MoltenTests/Integration/IntegrationTests.swift:81:13: warning: initialization of immutable value 'userTagsRepository' was never used; consider replacing with assignment to '_' or removing it
        let userTagsRepository = MockUserTagsRepository()
        ~~~~^~~~~~~~~~~~~~~~~~
        _
/Users/binde/projects/classes/Molten/Tests/MoltenTests/Integration/IntegrationTests.swift:145:93: warning: left side of nil coalescing operator '??' has non-optional type 'String', so the right side is never used
        let filteredItems = SearchUtilities.filter(allItems, with: filterManager.textFilter ?? "")
                                                                   ~~~~~~~~~~~~~~~~~~~~~~~~~^~~~~
                                                                                           
/Users/binde/projects/classes/Molten/Tests/MoltenTests/Integration/IntegrationTests.swift:183:13: warning: 'init(id:name:rawCode:manufacturer:tags:units:)' is deprecated: Use parent-child initializer instead
            CatalogItemModel(name: "Red Glass Rod", rawCode: "RGR-001", manufacturer: "Effetre Glass"),
            ^
/Users/binde/projects/classes/Molten/Tests/MoltenTests/Integration/IntegrationTests.swift:184:13: warning: 'init(id:name:rawCode:manufacturer:tags:units:)' is deprecated: Use parent-child initializer instead
            CatalogItemModel(name: "Blue Glass Sheet", rawCode: "BGS-002", manufacturer: "Bullseye Glass"),
            ^
/Users/binde/projects/classes/Molten/Tests/MoltenTests/Integration/IntegrationTests.swift:185:13: warning: 'init(id:name:rawCode:manufacturer:tags:units:)' is deprecated: Use parent-child initializer instead
            CatalogItemModel(name: "Clear Frit", rawCode: "CF-003", manufacturer: "Effetre Glass"),
            ^
/Users/binde/projects/classes/Molten/Tests/MoltenTests/Integration/IntegrationTests.swift:186:13: warning: 'init(id:name:rawCode:manufacturer:tags:units:)' is deprecated: Use parent-child initializer instead
            CatalogItemModel(name: "Yellow Stringer", rawCode: "YS-004", manufacturer: "Vetrofond")
            ^
/Users/binde/projects/classes/Molten/Tests/MoltenTests/Integration/IntegrationTests.swift:224:13: warning: 'init(id:name:rawCode:manufacturer:tags:units:)' is deprecated: Use parent-child initializer instead
            CatalogItemModel(name: "Standard Code Item", rawCode: "STD-001", manufacturer: "TestCorp"),
            ^
/Users/binde/projects/classes/Molten/Tests/MoltenTests/Integration/IntegrationTests.swift:225:13: warning: 'init(id:name:rawCode:manufacturer:tags:units:)' is deprecated: Use parent-child initializer instead
            CatalogItemModel(name: "Slash Code Item", rawCode: "SLS/002", manufacturer: "TestCorp"),
            ^
/Users/binde/projects/classes/Molten/Tests/MoltenTests/Integration/IntegrationTests.swift:226:13: warning: 'init(id:name:rawCode:manufacturer:tags:units:)' is deprecated: Use parent-child initializer instead
            CatalogItemModel(name: "Complex Code Item", rawCode: "CPX-A/B-003", manufacturer: "TestCorp")
            ^
/Users/binde/projects/classes/Molten/Tests/MoltenTests/Integration/IntegrationTests.swift:308:39: warning: 'init(id:name:rawCode:manufacturer:tags:units:)' is deprecated: Use parent-child initializer instead
                    let catalogItem = CatalogItemModel(
                                      ^
/Users/binde/projects/classes/Molten/Tests/MoltenTests/Integration/IntegrationTests.swift:387:23: warning: 'init(id:name:rawCode:manufacturer:tags:units:)' is deprecated: Use parent-child initializer instead
        let newItem = CatalogItemModel(
                      ^
/Users/binde/projects/classes/Molten/Tests/MoltenTests/Integration/IntegrationTests.swift:428:24: warning: 'init(id:name:rawCode:manufacturer:tags:units:)' is deprecated: Use parent-child initializer instead
            let item = CatalogItemModel(
                       ^
/Users/binde/projects/classes/Molten/Tests/MoltenTests/Integration/IntegrationTests.swift:493:32: warning: 'init(id:name:rawCode:manufacturer:tags:units:)' is deprecated: Use parent-child initializer instead
                    let item = CatalogItemModel(
                               ^
/Users/binde/projects/classes/Molten/Tests/MoltenTests/Integration/IntegrationTests.swift:538:28: warning: 'init(id:name:rawCode:manufacturer:tags:units:)' is deprecated: Use parent-child initializer instead
        let recoveryItem = CatalogItemModel(
                           ^
/Users/binde/projects/classes/Molten/Tests/MoltenTests/Integration/IntegrationTests.swift:563:13: warning: 'init(id:name:rawCode:manufacturer:tags:units:)' is deprecated: Use parent-child initializer instead
            CatalogItemModel(name: "Glass Rod 1", rawCode: "GR-001", manufacturer: "PremiumCorp"),
            ^
/Users/binde/projects/classes/Molten/Tests/MoltenTests/Integration/IntegrationTests.swift:564:13: warning: 'init(id:name:rawCode:manufacturer:tags:units:)' is deprecated: Use parent-child initializer instead
            CatalogItemModel(name: "Glass Rod 2", rawCode: "GR-002", manufacturer: "StandardCorp"),
            ^
/Users/binde/projects/classes/Molten/Tests/MoltenTests/Integration/IntegrationTests.swift:565:13: warning: 'init(id:name:rawCode:manufacturer:tags:units:)' is deprecated: Use parent-child initializer instead
            CatalogItemModel(name: "Tool Item 1", rawCode: "TI-001", manufacturer: "PremiumCorp"),
            ^
/Users/binde/projects/classes/Molten/Tests/MoltenTests/Integration/IntegrationTests.swift:566:13: warning: 'init(id:name:rawCode:manufacturer:tags:units:)' is deprecated: Use parent-child initializer instead
            CatalogItemModel(name: "Tool Item 2", rawCode: "TI-002", manufacturer: "StandardCorp")
            ^
/Users/binde/projects/classes/Molten/Tests/MoltenTests/Integration/IntegrationTests.swift:599:97: warning: left side of nil coalescing operator '??' has non-optional type 'String', so the right side is never used
        let filteredItems = try await mockRepository.searchItems(text: filterManager.textFilter ?? "")
                                                                       ~~~~~~~~~~~~~~~~~~~~~~~~~^~~~~
                                                                                               
/Users/binde/projects/classes/Molten/Tests/MoltenTests/Integration/MultiUserScenarioTests.swift:31:13: warning: initialization of immutable value 'locationRepo' was never used; consider replacing with assignment to '_' or removing it
        let locationRepo = MockLocationRepository()
        ~~~~^~~~~~~~~~~~
        _
/Users/binde/projects/classes/Molten/Tests/MoltenTests/Integration/MultiUserScenarioTests.swift:83:39: warning: immutable value 'tags' was never used; consider replacing with '_' or removing it
        for (name, manufacturer, sku, tags) in glassItems {
                                      ^~~~
                                      _
/Users/binde/projects/classes/Molten/Tests/MoltenTests/Integration/MultiUserScenarioTests.swift:109:56: warning: immutable value 'shoppingListService' was never used; consider replacing with '_' or removing it
        let (catalogService, inventoryTrackingService, shoppingListService) = await createTestEnvironment()
                                                       ^~~~~~~~~~~~~~~~~~~
                                                       _
/Users/binde/projects/classes/Molten/Tests/MoltenTests/Integration/MultiUserScenarioTests.swift:307:56: warning: immutable value 'shoppingListService' was never used; consider replacing with '_' or removing it
        let (catalogService, inventoryTrackingService, shoppingListService) = await createTestEnvironment()
                                                       ^~~~~~~~~~~~~~~~~~~
                                                       _
/Users/binde/projects/classes/Molten/Tests/MoltenTests/Integration/MultiUserScenarioTests.swift:460:56: warning: immutable value 'shoppingListService' was never used; consider replacing with '_' or removing it
        let (catalogService, inventoryTrackingService, shoppingListService) = await createTestEnvironment()
                                                       ^~~~~~~~~~~~~~~~~~~
                                                       _
/Users/binde/projects/classes/Molten/Tests/MoltenTests/Integration/MultiUserScenarioTests.swift:575:56: warning: immutable value 'shoppingListService' was never used; consider replacing with '_' or removing it
        let (catalogService, inventoryTrackingService, shoppingListService) = await createTestEnvironment()
                                                       ^~~~~~~~~~~~~~~~~~~
                                                       _

SwiftCompile normal arm64 /Users/binde/projects/classes/Molten/Tests/MoltenTests/Integration/UserTagsIntegrationTests.swift (in target 'MoltenTests' from project 'Molten')
    cd /Users/binde/projects/classes
    
/Users/binde/projects/classes/Molten/Tests/MoltenTests/Integration/IntegrationTests.swift:81:13: warning: initialization of immutable value 'userTagsRepository' was never used; consider replacing with assignment to '_' or removing it
        let userTagsRepository = MockUserTagsRepository()
        ~~~~^~~~~~~~~~~~~~~~~~
        _
/Users/binde/projects/classes/Molten/Tests/MoltenTests/Integration/IntegrationTests.swift:145:93: warning: left side of nil coalescing operator '??' has non-optional type 'String', so the right side is never used
        let filteredItems = SearchUtilities.filter(allItems, with: filterManager.textFilter ?? "")
                                                                   ~~~~~~~~~~~~~~~~~~~~~~~~~^~~~~
                                                                                           
/Users/binde/projects/classes/Molten/Tests/MoltenTests/Integration/IntegrationTests.swift:183:13: warning: 'init(id:name:rawCode:manufacturer:tags:units:)' is deprecated: Use parent-child initializer instead
            CatalogItemModel(name: "Red Glass Rod", rawCode: "RGR-001", manufacturer: "Effetre Glass"),
            ^
/Users/binde/projects/classes/Molten/Tests/MoltenTests/Integration/IntegrationTests.swift:184:13: warning: 'init(id:name:rawCode:manufacturer:tags:units:)' is deprecated: Use parent-child initializer instead
            CatalogItemModel(name: "Blue Glass Sheet", rawCode: "BGS-002", manufacturer: "Bullseye Glass"),
            ^
/Users/binde/projects/classes/Molten/Tests/MoltenTests/Integration/IntegrationTests.swift:185:13: warning: 'init(id:name:rawCode:manufacturer:tags:units:)' is deprecated: Use parent-child initializer instead
            CatalogItemModel(name: "Clear Frit", rawCode: "CF-003", manufacturer: "Effetre Glass"),
            ^
/Users/binde/projects/classes/Molten/Tests/MoltenTests/Integration/IntegrationTests.swift:186:13: warning: 'init(id:name:rawCode:manufacturer:tags:units:)' is deprecated: Use parent-child initializer instead
            CatalogItemModel(name: "Yellow Stringer", rawCode: "YS-004", manufacturer: "Vetrofond")
            ^
/Users/binde/projects/classes/Molten/Tests/MoltenTests/Integration/IntegrationTests.swift:224:13: warning: 'init(id:name:rawCode:manufacturer:tags:units:)' is deprecated: Use parent-child initializer instead
            CatalogItemModel(name: "Standard Code Item", rawCode: "STD-001", manufacturer: "TestCorp"),
            ^
/Users/binde/projects/classes/Molten/Tests/MoltenTests/Integration/IntegrationTests.swift:225:13: warning: 'init(id:name:rawCode:manufacturer:tags:units:)' is deprecated: Use parent-child initializer instead
            CatalogItemModel(name: "Slash Code Item", rawCode: "SLS/002", manufacturer: "TestCorp"),
            ^
/Users/binde/projects/classes/Molten/Tests/MoltenTests/Integration/IntegrationTests.swift:226:13: warning: 'init(id:name:rawCode:manufacturer:tags:units:)' is deprecated: Use parent-child initializer instead
            CatalogItemModel(name: "Complex Code Item", rawCode: "CPX-A/B-003", manufacturer: "TestCorp")
            ^
/Users/binde/projects/classes/Molten/Tests/MoltenTests/Integration/IntegrationTests.swift:308:39: warning: 'init(id:name:rawCode:manufacturer:tags:units:)' is deprecated: Use parent-child initializer instead
                    let catalogItem = CatalogItemModel(
                                      ^
/Users/binde/projects/classes/Molten/Tests/MoltenTests/Integration/IntegrationTests.swift:387:23: warning: 'init(id:name:rawCode:manufacturer:tags:units:)' is deprecated: Use parent-child initializer instead
        let newItem = CatalogItemModel(
                      ^
/Users/binde/projects/classes/Molten/Tests/MoltenTests/Integration/IntegrationTests.swift:428:24: warning: 'init(id:name:rawCode:manufacturer:tags:units:)' is deprecated: Use parent-child initializer instead
            let item = CatalogItemModel(
                       ^
/Users/binde/projects/classes/Molten/Tests/MoltenTests/Integration/IntegrationTests.swift:493:32: warning: 'init(id:name:rawCode:manufacturer:tags:units:)' is deprecated: Use parent-child initializer instead
                    let item = CatalogItemModel(
                               ^
/Users/binde/projects/classes/Molten/Tests/MoltenTests/Integration/IntegrationTests.swift:538:28: warning: 'init(id:name:rawCode:manufacturer:tags:units:)' is deprecated: Use parent-child initializer instead
        let recoveryItem = CatalogItemModel(
                           ^
/Users/binde/projects/classes/Molten/Tests/MoltenTests/Integration/IntegrationTests.swift:563:13: warning: 'init(id:name:rawCode:manufacturer:tags:units:)' is deprecated: Use parent-child initializer instead
            CatalogItemModel(name: "Glass Rod 1", rawCode: "GR-001", manufacturer: "PremiumCorp"),
            ^
/Users/binde/projects/classes/Molten/Tests/MoltenTests/Integration/IntegrationTests.swift:564:13: warning: 'init(id:name:rawCode:manufacturer:tags:units:)' is deprecated: Use parent-child initializer instead
            CatalogItemModel(name: "Glass Rod 2", rawCode: "GR-002", manufacturer: "StandardCorp"),
            ^
/Users/binde/projects/classes/Molten/Tests/MoltenTests/Integration/IntegrationTests.swift:565:13: warning: 'init(id:name:rawCode:manufacturer:tags:units:)' is deprecated: Use parent-child initializer instead
            CatalogItemModel(name: "Tool Item 1", rawCode: "TI-001", manufacturer: "PremiumCorp"),
            ^
/Users/binde/projects/classes/Molten/Tests/MoltenTests/Integration/IntegrationTests.swift:566:13: warning: 'init(id:name:rawCode:manufacturer:tags:units:)' is deprecated: Use parent-child initializer instead
            CatalogItemModel(name: "Tool Item 2", rawCode: "TI-002", manufacturer: "StandardCorp")
            ^
/Users/binde/projects/classes/Molten/Tests/MoltenTests/Integration/IntegrationTests.swift:599:97: warning: left side of nil coalescing operator '??' has non-optional type 'String', so the right side is never used
        let filteredItems = try await mockRepository.searchItems(text: filterManager.textFilter ?? "")
                                                                       ~~~~~~~~~~~~~~~~~~~~~~~~~^~~~~
                                                                                               
/Users/binde/projects/classes/Molten/Tests/MoltenTests/Integration/UserTagsIntegrationTests.swift:95:13: warning: initialization of immutable value 'catalogService' was never used; consider replacing with assignment to '_' or removing it
        let catalogService = RepositoryFactory.createCatalogService()
        ~~~~^~~~~~~~~~~~~~
        _
/Users/binde/projects/classes/Molten/Tests/MoltenTests/Integration/UserTagsIntegrationTests.swift:106:13: warning: initialization of immutable value 'shoppingListService' was never used; consider replacing with assignment to '_' or removing it
        let shoppingListService = RepositoryFactory.createShoppingListService()
        ~~~~^~~~~~~~~~~~~~~~~~~
        _
/Users/binde/projects/classes/Molten/Tests/MoltenTests/Integration/UserTagsIntegrationTests.swift:147:13: warning: initialization of immutable value 'catalogService' was never used; consider replacing with assignment to '_' or removing it
        let catalogService = RepositoryFactory.createCatalogService()
        ~~~~^~~~~~~~~~~~~~
        _

SwiftCompile normal arm64 /Users/binde/projects/classes/Molten/Tests/MoltenTests/Integration/ViewRepositoryIntegrationTests.swift (in target 'MoltenTests' from project 'Molten')
    cd /Users/binde/projects/classes
    
/Users/binde/projects/classes/Molten/Tests/MoltenTests/Integration/IntegrationTests.swift:81:13: warning: initialization of immutable value 'userTagsRepository' was never used; consider replacing with assignment to '_' or removing it
        let userTagsRepository = MockUserTagsRepository()
        ~~~~^~~~~~~~~~~~~~~~~~
        _
/Users/binde/projects/classes/Molten/Tests/MoltenTests/Integration/IntegrationTests.swift:145:93: warning: left side of nil coalescing operator '??' has non-optional type 'String', so the right side is never used
        let filteredItems = SearchUtilities.filter(allItems, with: filterManager.textFilter ?? "")
                                                                   ~~~~~~~~~~~~~~~~~~~~~~~~~^~~~~
                                                                                           
/Users/binde/projects/classes/Molten/Tests/MoltenTests/Integration/IntegrationTests.swift:183:13: warning: 'init(id:name:rawCode:manufacturer:tags:units:)' is deprecated: Use parent-child initializer instead
            CatalogItemModel(name: "Red Glass Rod", rawCode: "RGR-001", manufacturer: "Effetre Glass"),
            ^
/Users/binde/projects/classes/Molten/Tests/MoltenTests/Integration/IntegrationTests.swift:184:13: warning: 'init(id:name:rawCode:manufacturer:tags:units:)' is deprecated: Use parent-child initializer instead
            CatalogItemModel(name: "Blue Glass Sheet", rawCode: "BGS-002", manufacturer: "Bullseye Glass"),
            ^
/Users/binde/projects/classes/Molten/Tests/MoltenTests/Integration/IntegrationTests.swift:185:13: warning: 'init(id:name:rawCode:manufacturer:tags:units:)' is deprecated: Use parent-child initializer instead
            CatalogItemModel(name: "Clear Frit", rawCode: "CF-003", manufacturer: "Effetre Glass"),
            ^
/Users/binde/projects/classes/Molten/Tests/MoltenTests/Integration/IntegrationTests.swift:186:13: warning: 'init(id:name:rawCode:manufacturer:tags:units:)' is deprecated: Use parent-child initializer instead
            CatalogItemModel(name: "Yellow Stringer", rawCode: "YS-004", manufacturer: "Vetrofond")
            ^
/Users/binde/projects/classes/Molten/Tests/MoltenTests/Integration/IntegrationTests.swift:224:13: warning: 'init(id:name:rawCode:manufacturer:tags:units:)' is deprecated: Use parent-child initializer instead
            CatalogItemModel(name: "Standard Code Item", rawCode: "STD-001", manufacturer: "TestCorp"),
            ^
/Users/binde/projects/classes/Molten/Tests/MoltenTests/Integration/IntegrationTests.swift:225:13: warning: 'init(id:name:rawCode:manufacturer:tags:units:)' is deprecated: Use parent-child initializer instead
            CatalogItemModel(name: "Slash Code Item", rawCode: "SLS/002", manufacturer: "TestCorp"),
            ^
/Users/binde/projects/classes/Molten/Tests/MoltenTests/Integration/IntegrationTests.swift:226:13: warning: 'init(id:name:rawCode:manufacturer:tags:units:)' is deprecated: Use parent-child initializer instead
            CatalogItemModel(name: "Complex Code Item", rawCode: "CPX-A/B-003", manufacturer: "TestCorp")
            ^
/Users/binde/projects/classes/Molten/Tests/MoltenTests/Integration/IntegrationTests.swift:308:39: warning: 'init(id:name:rawCode:manufacturer:tags:units:)' is deprecated: Use parent-child initializer instead
                    let catalogItem = CatalogItemModel(
                                      ^
/Users/binde/projects/classes/Molten/Tests/MoltenTests/Integration/IntegrationTests.swift:387:23: warning: 'init(id:name:rawCode:manufacturer:tags:units:)' is deprecated: Use parent-child initializer instead
        let newItem = CatalogItemModel(
                      ^
/Users/binde/projects/classes/Molten/Tests/MoltenTests/Integration/IntegrationTests.swift:428:24: warning: 'init(id:name:rawCode:manufacturer:tags:units:)' is deprecated: Use parent-child initializer instead
            let item = CatalogItemModel(
                       ^
/Users/binde/projects/classes/Molten/Tests/MoltenTests/Integration/IntegrationTests.swift:493:32: warning: 'init(id:name:rawCode:manufacturer:tags:units:)' is deprecated: Use parent-child initializer instead
                    let item = CatalogItemModel(
                               ^
/Users/binde/projects/classes/Molten/Tests/MoltenTests/Integration/IntegrationTests.swift:538:28: warning: 'init(id:name:rawCode:manufacturer:tags:units:)' is deprecated: Use parent-child initializer instead
        let recoveryItem = CatalogItemModel(
                           ^
/Users/binde/projects/classes/Molten/Tests/MoltenTests/Integration/IntegrationTests.swift:563:13: warning: 'init(id:name:rawCode:manufacturer:tags:units:)' is deprecated: Use parent-child initializer instead
            CatalogItemModel(name: "Glass Rod 1", rawCode: "GR-001", manufacturer: "PremiumCorp"),
            ^
/Users/binde/projects/classes/Molten/Tests/MoltenTests/Integration/IntegrationTests.swift:564:13: warning: 'init(id:name:rawCode:manufacturer:tags:units:)' is deprecated: Use parent-child initializer instead
            CatalogItemModel(name: "Glass Rod 2", rawCode: "GR-002", manufacturer: "StandardCorp"),
            ^
/Users/binde/projects/classes/Molten/Tests/MoltenTests/Integration/IntegrationTests.swift:565:13: warning: 'init(id:name:rawCode:manufacturer:tags:units:)' is deprecated: Use parent-child initializer instead
            CatalogItemModel(name: "Tool Item 1", rawCode: "TI-001", manufacturer: "PremiumCorp"),
            ^
/Users/binde/projects/classes/Molten/Tests/MoltenTests/Integration/IntegrationTests.swift:566:13: warning: 'init(id:name:rawCode:manufacturer:tags:units:)' is deprecated: Use parent-child initializer instead
            CatalogItemModel(name: "Tool Item 2", rawCode: "TI-002", manufacturer: "StandardCorp")
            ^
/Users/binde/projects/classes/Molten/Tests/MoltenTests/Integration/IntegrationTests.swift:599:97: warning: left side of nil coalescing operator '??' has non-optional type 'String', so the right side is never used
        let filteredItems = try await mockRepository.searchItems(text: filterManager.textFilter ?? "")
                                                                       ~~~~~~~~~~~~~~~~~~~~~~~~~^~~~~
                                                                                               
/Users/binde/projects/classes/Molten/Tests/MoltenTests/Integration/ViewRepositoryIntegrationTests.swift:82:25: warning: no 'async' operations occur within 'await' expression
        let viewModel = await TestInventoryViewModel()
                        ^

SwiftCompile normal arm64 /Users/binde/projects/classes/Molten/Tests/MoltenTests/Models/CatalogBuildModelTests.swift (in target 'MoltenTests' from project 'Molten')
    cd /Users/binde/projects/classes
    
/Users/binde/projects/classes/Molten/Tests/MoltenTests/Integration/IntegrationTests.swift:81:13: warning: initialization of immutable value 'userTagsRepository' was never used; consider replacing with assignment to '_' or removing it
        let userTagsRepository = MockUserTagsRepository()
        ~~~~^~~~~~~~~~~~~~~~~~
        _
/Users/binde/projects/classes/Molten/Tests/MoltenTests/Integration/IntegrationTests.swift:145:93: warning: left side of nil coalescing operator '??' has non-optional type 'String', so the right side is never used
        let filteredItems = SearchUtilities.filter(allItems, with: filterManager.textFilter ?? "")
                                                                   ~~~~~~~~~~~~~~~~~~~~~~~~~^~~~~
                                                                                           
/Users/binde/projects/classes/Molten/Tests/MoltenTests/Integration/IntegrationTests.swift:183:13: warning: 'init(id:name:rawCode:manufacturer:tags:units:)' is deprecated: Use parent-child initializer instead
            CatalogItemModel(name: "Red Glass Rod", rawCode: "RGR-001", manufacturer: "Effetre Glass"),
            ^
/Users/binde/projects/classes/Molten/Tests/MoltenTests/Integration/IntegrationTests.swift:184:13: warning: 'init(id:name:rawCode:manufacturer:tags:units:)' is deprecated: Use parent-child initializer instead
            CatalogItemModel(name: "Blue Glass Sheet", rawCode: "BGS-002", manufacturer: "Bullseye Glass"),
            ^
/Users/binde/projects/classes/Molten/Tests/MoltenTests/Integration/IntegrationTests.swift:185:13: warning: 'init(id:name:rawCode:manufacturer:tags:units:)' is deprecated: Use parent-child initializer instead
            CatalogItemModel(name: "Clear Frit", rawCode: "CF-003", manufacturer: "Effetre Glass"),
            ^
/Users/binde/projects/classes/Molten/Tests/MoltenTests/Integration/IntegrationTests.swift:186:13: warning: 'init(id:name:rawCode:manufacturer:tags:units:)' is deprecated: Use parent-child initializer instead
            CatalogItemModel(name: "Yellow Stringer", rawCode: "YS-004", manufacturer: "Vetrofond")
            ^
/Users/binde/projects/classes/Molten/Tests/MoltenTests/Integration/IntegrationTests.swift:224:13: warning: 'init(id:name:rawCode:manufacturer:tags:units:)' is deprecated: Use parent-child initializer instead
            CatalogItemModel(name: "Standard Code Item", rawCode: "STD-001", manufacturer: "TestCorp"),
            ^
/Users/binde/projects/classes/Molten/Tests/MoltenTests/Integration/IntegrationTests.swift:225:13: warning: 'init(id:name:rawCode:manufacturer:tags:units:)' is deprecated: Use parent-child initializer instead
            CatalogItemModel(name: "Slash Code Item", rawCode: "SLS/002", manufacturer: "TestCorp"),
            ^
/Users/binde/projects/classes/Molten/Tests/MoltenTests/Integration/IntegrationTests.swift:226:13: warning: 'init(id:name:rawCode:manufacturer:tags:units:)' is deprecated: Use parent-child initializer instead
            CatalogItemModel(name: "Complex Code Item", rawCode: "CPX-A/B-003", manufacturer: "TestCorp")
            ^
/Users/binde/projects/classes/Molten/Tests/MoltenTests/Integration/IntegrationTests.swift:308:39: warning: 'init(id:name:rawCode:manufacturer:tags:units:)' is deprecated: Use parent-child initializer instead
                    let catalogItem = CatalogItemModel(
                                      ^
/Users/binde/projects/classes/Molten/Tests/MoltenTests/Integration/IntegrationTests.swift:387:23: warning: 'init(id:name:rawCode:manufacturer:tags:units:)' is deprecated: Use parent-child initializer instead
        let newItem = CatalogItemModel(
                      ^
/Users/binde/projects/classes/Molten/Tests/MoltenTests/Integration/IntegrationTests.swift:428:24: warning: 'init(id:name:rawCode:manufacturer:tags:units:)' is deprecated: Use parent-child initializer instead
            let item = CatalogItemModel(
                       ^
/Users/binde/projects/classes/Molten/Tests/MoltenTests/Integration/IntegrationTests.swift:493:32: warning: 'init(id:name:rawCode:manufacturer:tags:units:)' is deprecated: Use parent-child initializer instead
                    let item = CatalogItemModel(
                               ^
/Users/binde/projects/classes/Molten/Tests/MoltenTests/Integration/IntegrationTests.swift:538:28: warning: 'init(id:name:rawCode:manufacturer:tags:units:)' is deprecated: Use parent-child initializer instead
        let recoveryItem = CatalogItemModel(
                           ^
/Users/binde/projects/classes/Molten/Tests/MoltenTests/Integration/IntegrationTests.swift:563:13: warning: 'init(id:name:rawCode:manufacturer:tags:units:)' is deprecated: Use parent-child initializer instead
            CatalogItemModel(name: "Glass Rod 1", rawCode: "GR-001", manufacturer: "PremiumCorp"),
            ^
/Users/binde/projects/classes/Molten/Tests/MoltenTests/Integration/IntegrationTests.swift:564:13: warning: 'init(id:name:rawCode:manufacturer:tags:units:)' is deprecated: Use parent-child initializer instead
            CatalogItemModel(name: "Glass Rod 2", rawCode: "GR-002", manufacturer: "StandardCorp"),
            ^
/Users/binde/projects/classes/Molten/Tests/MoltenTests/Integration/IntegrationTests.swift:565:13: warning: 'init(id:name:rawCode:manufacturer:tags:units:)' is deprecated: Use parent-child initializer instead
            CatalogItemModel(name: "Tool Item 1", rawCode: "TI-001", manufacturer: "PremiumCorp"),
            ^
/Users/binde/projects/classes/Molten/Tests/MoltenTests/Integration/IntegrationTests.swift:566:13: warning: 'init(id:name:rawCode:manufacturer:tags:units:)' is deprecated: Use parent-child initializer instead
            CatalogItemModel(name: "Tool Item 2", rawCode: "TI-002", manufacturer: "StandardCorp")
            ^
/Users/binde/projects/classes/Molten/Tests/MoltenTests/Integration/IntegrationTests.swift:599:97: warning: left side of nil coalescing operator '??' has non-optional type 'String', so the right side is never used
        let filteredItems = try await mockRepository.searchItems(text: filterManager.textFilter ?? "")
                                                                       ~~~~~~~~~~~~~~~~~~~~~~~~~^~~~~
                                                                                               
/Users/binde/projects/classes/Molten/Tests/MoltenTests/Models/CatalogBuildModelTests.swift:27:20: warning: 'init(id:name:rawCode:manufacturer:tags:units:)' is deprecated: Use parent-child initializer instead
        let item = CatalogItemModel(
                   ^
/Users/binde/projects/classes/Molten/Tests/MoltenTests/Models/CatalogBuildModelTests.swift:46:20: warning: 'init(id:name:rawCode:manufacturer:tags:units:)' is deprecated: Use parent-child initializer instead
        let item = CatalogItemModel(
                   ^
/Users/binde/projects/classes/Molten/Tests/MoltenTests/Models/CatalogBuildModelTests.swift:59:20: warning: 'init(id:name:rawCode:manufacturer:tags:units:)' is deprecated: Use parent-child initializer instead
        let item = CatalogItemModel(
                   ^
/Users/binde/projects/classes/Molten/Tests/MoltenTests/Models/CatalogBuildModelTests.swift:150:24: warning: 'init(id:name:rawCode:manufacturer:tags:units:)' is deprecated: Use parent-child initializer instead
            let item = CatalogItemModel(
                       ^
/Users/binde/projects/classes/Molten/Tests/MoltenTests/Models/CatalogBuildModelTests.swift:165:21: warning: 'init(id:name:rawCode:manufacturer:tags:units:)' is deprecated: Use parent-child initializer instead
        let item1 = CatalogItemModel(
                    ^
/Users/binde/projects/classes/Molten/Tests/MoltenTests/Models/CatalogBuildModelTests.swift:173:21: warning: 'init(id:name:rawCode:manufacturer:tags:units:)' is deprecated: Use parent-child initializer instead
        let item2 = CatalogItemModel(
                    ^
/Users/binde/projects/classes/Molten/Tests/MoltenTests/Models/CatalogBuildModelTests.swift:188:24: warning: 'init(id:name:rawCode:manufacturer:tags:units:)' is deprecated: Use parent-child initializer instead
        let existing = CatalogItemModel(
                       ^
/Users/binde/projects/classes/Molten/Tests/MoltenTests/Models/CatalogBuildModelTests.swift:194:23: warning: 'init(id:name:rawCode:manufacturer:tags:units:)' is deprecated: Use parent-child initializer instead
        let updated = CatalogItemModel(
                      ^
/Users/binde/projects/classes/Molten/Tests/MoltenTests/Models/CatalogBuildModelTests.swift:207:24: warning: 'init(id:name:rawCode:manufacturer:tags:units:)' is deprecated: Use parent-child initializer instead
        let existing = CatalogItemModel(
                       ^
/Users/binde/projects/classes/Molten/Tests/MoltenTests/Models/CatalogBuildModelTests.swift:213:23: warning: 'init(id:name:rawCode:manufacturer:tags:units:)' is deprecated: Use parent-child initializer instead
        let updated = CatalogItemModel(
                      ^
/Users/binde/projects/classes/Molten/Tests/MoltenTests/Models/CatalogBuildModelTests.swift:227:24: warning: 'init(id:name:rawCode:manufacturer:tags:units:)' is deprecated: Use parent-child initializer instead
        let existing = CatalogItemModel(
                       ^
/Users/binde/projects/classes/Molten/Tests/MoltenTests/Models/CatalogBuildModelTests.swift:234:23: warning: 'init(id:name:rawCode:manufacturer:tags:units:)' is deprecated: Use parent-child initializer instead
        let updated = CatalogItemModel(
                      ^
/Users/binde/projects/classes/Molten/Tests/MoltenTests/Models/CatalogBuildModelTests.swift:249:24: warning: 'init(id:name:rawCode:manufacturer:tags:units:)' is deprecated: Use parent-child initializer instead
        let existing = CatalogItemModel(
                       ^
/Users/binde/projects/classes/Molten/Tests/MoltenTests/Models/CatalogBuildModelTests.swift:257:23: warning: 'init(id:name:rawCode:manufacturer:tags:units:)' is deprecated: Use parent-child initializer instead
        let updated = CatalogItemModel(
                      ^
/Users/binde/projects/classes/Molten/Tests/MoltenTests/Models/CatalogBuildModelTests.swift:270:24: warning: 'init(id:name:rawCode:manufacturer:tags:units:)' is deprecated: Use parent-child initializer instead
        let existing = CatalogItemModel(
                       ^
/Users/binde/projects/classes/Molten/Tests/MoltenTests/Models/CatalogBuildModelTests.swift:296:27: warning: 'init(id:name:rawCode:manufacturer:tags:units:)' is deprecated: Use parent-child initializer instead
            let updated = CatalogItemModel(
                          ^
/Users/binde/projects/classes/Molten/Tests/MoltenTests/Models/CatalogBuildModelTests.swift:365:20: warning: 'init(id:name:rawCode:manufacturer:tags:units:)' is deprecated: Use parent-child initializer instead
        let item = CatalogItemModel(
                   ^
/Users/binde/projects/classes/Molten/Tests/MoltenTests/Models/CatalogBuildModelTests.swift:390:20: warning: 'init(id:name:rawCode:manufacturer:tags:units:)' is deprecated: Use parent-child initializer instead
        let item = CatalogItemModel(
                   ^
/Users/binde/projects/classes/Molten/Tests/MoltenTests/Models/CatalogBuildModelTests.swift:547:24: warning: 'init(id:name:rawCode:manufacturer:tags:units:)' is deprecated: Use parent-child initializer instead
            let item = CatalogItemModel(
                       ^
/Users/binde/projects/classes/Molten/Tests/MoltenTests/Models/CatalogBuildModelTests.swift:590:28: warning: 'init(id:name:rawCode:manufacturer:tags:units:)' is deprecated: Use parent-child initializer instead
                let item = CatalogItemModel(
                           ^
/Users/binde/projects/classes/Molten/Tests/MoltenTests/Models/CatalogBuildModelTests.swift:600:29: warning: '#expect(_:_:)' will always fail here; use 'Bool(false)' to silence this warning (from macro 'expect')
                    #expect(false, "Edge case expected to fail but succeeded: \(testCase.name)")
                            ^~~~~
/Users/binde/projects/classes/Molten/Tests/MoltenTests/Models/CatalogBuildModelTests.swift:605:29: warning: '#expect(_:_:)' will always fail here; use 'Bool(false)' to silence this warning (from macro 'expect')
                    #expect(false, "Edge case should succeed but failed: \(testCase.name) - \(error)")
                            ^~~~~
/Users/binde/projects/classes/Molten/Tests/MoltenTests/Models/CatalogBuildModelTests.swift:607:29: note: '#expect(_:_:)' will always pass here; use 'Bool(true)' to silence this warning (from macro 'expect')
                    #expect(true, "Edge case correctly failed: \(testCase.name)")
                            ^~~~
/Users/binde/projects/classes/Molten/Tests/MoltenTests/Models/CatalogBuildModelTests.swift:603:15: warning: 'catch' block is unreachable because no errors are thrown in 'do' block
            } catch {
              ^
/Users/binde/projects/classes/Molten/Tests/MoltenTests/Models/CatalogBuildModelTests.swift:618:20: warning: 'init(id:name:rawCode:manufacturer:tags:units:)' is deprecated: Use parent-child initializer instead
        let item = CatalogItemModel(
                   ^

SwiftCompile normal arm64 /Users/binde/projects/classes/Molten/Tests/MoltenTests/Models/CatalogItemEntityTests.swift (in target 'MoltenTests' from project 'Molten')
    cd /Users/binde/projects/classes
    
/Users/binde/projects/classes/Molten/Tests/MoltenTests/Integration/IntegrationTests.swift:81:13: warning: initialization of immutable value 'userTagsRepository' was never used; consider replacing with assignment to '_' or removing it
        let userTagsRepository = MockUserTagsRepository()
        ~~~~^~~~~~~~~~~~~~~~~~
        _
/Users/binde/projects/classes/Molten/Tests/MoltenTests/Integration/IntegrationTests.swift:145:93: warning: left side of nil coalescing operator '??' has non-optional type 'String', so the right side is never used
        let filteredItems = SearchUtilities.filter(allItems, with: filterManager.textFilter ?? "")
                                                                   ~~~~~~~~~~~~~~~~~~~~~~~~~^~~~~
                                                                                           
/Users/binde/projects/classes/Molten/Tests/MoltenTests/Integration/IntegrationTests.swift:183:13: warning: 'init(id:name:rawCode:manufacturer:tags:units:)' is deprecated: Use parent-child initializer instead
            CatalogItemModel(name: "Red Glass Rod", rawCode: "RGR-001", manufacturer: "Effetre Glass"),
            ^
/Users/binde/projects/classes/Molten/Tests/MoltenTests/Integration/IntegrationTests.swift:184:13: warning: 'init(id:name:rawCode:manufacturer:tags:units:)' is deprecated: Use parent-child initializer instead
            CatalogItemModel(name: "Blue Glass Sheet", rawCode: "BGS-002", manufacturer: "Bullseye Glass"),
            ^
/Users/binde/projects/classes/Molten/Tests/MoltenTests/Integration/IntegrationTests.swift:185:13: warning: 'init(id:name:rawCode:manufacturer:tags:units:)' is deprecated: Use parent-child initializer instead
            CatalogItemModel(name: "Clear Frit", rawCode: "CF-003", manufacturer: "Effetre Glass"),
            ^
/Users/binde/projects/classes/Molten/Tests/MoltenTests/Integration/IntegrationTests.swift:186:13: warning: 'init(id:name:rawCode:manufacturer:tags:units:)' is deprecated: Use parent-child initializer instead
            CatalogItemModel(name: "Yellow Stringer", rawCode: "YS-004", manufacturer: "Vetrofond")
            ^
/Users/binde/projects/classes/Molten/Tests/MoltenTests/Integration/IntegrationTests.swift:224:13: warning: 'init(id:name:rawCode:manufacturer:tags:units:)' is deprecated: Use parent-child initializer instead
            CatalogItemModel(name: "Standard Code Item", rawCode: "STD-001", manufacturer: "TestCorp"),
            ^
/Users/binde/projects/classes/Molten/Tests/MoltenTests/Integration/IntegrationTests.swift:225:13: warning: 'init(id:name:rawCode:manufacturer:tags:units:)' is deprecated: Use parent-child initializer instead
            CatalogItemModel(name: "Slash Code Item", rawCode: "SLS/002", manufacturer: "TestCorp"),
            ^
/Users/binde/projects/classes/Molten/Tests/MoltenTests/Integration/IntegrationTests.swift:226:13: warning: 'init(id:name:rawCode:manufacturer:tags:units:)' is deprecated: Use parent-child initializer instead
            CatalogItemModel(name: "Complex Code Item", rawCode: "CPX-A/B-003", manufacturer: "TestCorp")
            ^
/Users/binde/projects/classes/Molten/Tests/MoltenTests/Integration/IntegrationTests.swift:308:39: warning: 'init(id:name:rawCode:manufacturer:tags:units:)' is deprecated: Use parent-child initializer instead
                    let catalogItem = CatalogItemModel(
                                      ^
/Users/binde/projects/classes/Molten/Tests/MoltenTests/Integration/IntegrationTests.swift:387:23: warning: 'init(id:name:rawCode:manufacturer:tags:units:)' is deprecated: Use parent-child initializer instead
        let newItem = CatalogItemModel(
                      ^
/Users/binde/projects/classes/Molten/Tests/MoltenTests/Integration/IntegrationTests.swift:428:24: warning: 'init(id:name:rawCode:manufacturer:tags:units:)' is deprecated: Use parent-child initializer instead
            let item = CatalogItemModel(
                       ^
/Users/binde/projects/classes/Molten/Tests/MoltenTests/Integration/IntegrationTests.swift:493:32: warning: 'init(id:name:rawCode:manufacturer:tags:units:)' is deprecated: Use parent-child initializer instead
                    let item = CatalogItemModel(
                               ^
/Users/binde/projects/classes/Molten/Tests/MoltenTests/Integration/IntegrationTests.swift:538:28: warning: 'init(id:name:rawCode:manufacturer:tags:units:)' is deprecated: Use parent-child initializer instead
        let recoveryItem = CatalogItemModel(
                           ^
/Users/binde/projects/classes/Molten/Tests/MoltenTests/Integration/IntegrationTests.swift:563:13: warning: 'init(id:name:rawCode:manufacturer:tags:units:)' is deprecated: Use parent-child initializer instead
            CatalogItemModel(name: "Glass Rod 1", rawCode: "GR-001", manufacturer: "PremiumCorp"),
            ^
/Users/binde/projects/classes/Molten/Tests/MoltenTests/Integration/IntegrationTests.swift:564:13: warning: 'init(id:name:rawCode:manufacturer:tags:units:)' is deprecated: Use parent-child initializer instead
            CatalogItemModel(name: "Glass Rod 2", rawCode: "GR-002", manufacturer: "StandardCorp"),
            ^
/Users/binde/projects/classes/Molten/Tests/MoltenTests/Integration/IntegrationTests.swift:565:13: warning: 'init(id:name:rawCode:manufacturer:tags:units:)' is deprecated: Use parent-child initializer instead
            CatalogItemModel(name: "Tool Item 1", rawCode: "TI-001", manufacturer: "PremiumCorp"),
            ^
/Users/binde/projects/classes/Molten/Tests/MoltenTests/Integration/IntegrationTests.swift:566:13: warning: 'init(id:name:rawCode:manufacturer:tags:units:)' is deprecated: Use parent-child initializer instead
            CatalogItemModel(name: "Tool Item 2", rawCode: "TI-002", manufacturer: "StandardCorp")
            ^
/Users/binde/projects/classes/Molten/Tests/MoltenTests/Integration/IntegrationTests.swift:599:97: warning: left side of nil coalescing operator '??' has non-optional type 'String', so the right side is never used
        let filteredItems = try await mockRepository.searchItems(text: filterManager.textFilter ?? "")
                                                                       ~~~~~~~~~~~~~~~~~~~~~~~~~^~~~~
                                                                                               

SwiftCompile normal arm64 /Users/binde/projects/classes/Molten/Tests/MoltenTests/Models/CatalogItemHelpersTests.swift (in target 'MoltenTests' from project 'Molten')
    cd /Users/binde/projects/classes
    
/Users/binde/projects/classes/Molten/Tests/MoltenTests/Integration/IntegrationTests.swift:81:13: warning: initialization of immutable value 'userTagsRepository' was never used; consider replacing with assignment to '_' or removing it
        let userTagsRepository = MockUserTagsRepository()
        ~~~~^~~~~~~~~~~~~~~~~~
        _
/Users/binde/projects/classes/Molten/Tests/MoltenTests/Integration/IntegrationTests.swift:145:93: warning: left side of nil coalescing operator '??' has non-optional type 'String', so the right side is never used
        let filteredItems = SearchUtilities.filter(allItems, with: filterManager.textFilter ?? "")
                                                                   ~~~~~~~~~~~~~~~~~~~~~~~~~^~~~~
                                                                                           
/Users/binde/projects/classes/Molten/Tests/MoltenTests/Integration/IntegrationTests.swift:183:13: warning: 'init(id:name:rawCode:manufacturer:tags:units:)' is deprecated: Use parent-child initializer instead
            CatalogItemModel(name: "Red Glass Rod", rawCode: "RGR-001", manufacturer: "Effetre Glass"),
            ^
/Users/binde/projects/classes/Molten/Tests/MoltenTests/Integration/IntegrationTests.swift:184:13: warning: 'init(id:name:rawCode:manufacturer:tags:units:)' is deprecated: Use parent-child initializer instead
            CatalogItemModel(name: "Blue Glass Sheet", rawCode: "BGS-002", manufacturer: "Bullseye Glass"),
            ^
/Users/binde/projects/classes/Molten/Tests/MoltenTests/Integration/IntegrationTests.swift:185:13: warning: 'init(id:name:rawCode:manufacturer:tags:units:)' is deprecated: Use parent-child initializer instead
            CatalogItemModel(name: "Clear Frit", rawCode: "CF-003", manufacturer: "Effetre Glass"),
            ^
/Users/binde/projects/classes/Molten/Tests/MoltenTests/Integration/IntegrationTests.swift:186:13: warning: 'init(id:name:rawCode:manufacturer:tags:units:)' is deprecated: Use parent-child initializer instead
            CatalogItemModel(name: "Yellow Stringer", rawCode: "YS-004", manufacturer: "Vetrofond")
            ^
/Users/binde/projects/classes/Molten/Tests/MoltenTests/Integration/IntegrationTests.swift:224:13: warning: 'init(id:name:rawCode:manufacturer:tags:units:)' is deprecated: Use parent-child initializer instead
            CatalogItemModel(name: "Standard Code Item", rawCode: "STD-001", manufacturer: "TestCorp"),
            ^
/Users/binde/projects/classes/Molten/Tests/MoltenTests/Integration/IntegrationTests.swift:225:13: warning: 'init(id:name:rawCode:manufacturer:tags:units:)' is deprecated: Use parent-child initializer instead
            CatalogItemModel(name: "Slash Code Item", rawCode: "SLS/002", manufacturer: "TestCorp"),
            ^
/Users/binde/projects/classes/Molten/Tests/MoltenTests/Integration/IntegrationTests.swift:226:13: warning: 'init(id:name:rawCode:manufacturer:tags:units:)' is deprecated: Use parent-child initializer instead
            CatalogItemModel(name: "Complex Code Item", rawCode: "CPX-A/B-003", manufacturer: "TestCorp")
            ^
/Users/binde/projects/classes/Molten/Tests/MoltenTests/Integration/IntegrationTests.swift:308:39: warning: 'init(id:name:rawCode:manufacturer:tags:units:)' is deprecated: Use parent-child initializer instead
                    let catalogItem = CatalogItemModel(
                                      ^
/Users/binde/projects/classes/Molten/Tests/MoltenTests/Integration/IntegrationTests.swift:387:23: warning: 'init(id:name:rawCode:manufacturer:tags:units:)' is deprecated: Use parent-child initializer instead
        let newItem = CatalogItemModel(
                      ^
/Users/binde/projects/classes/Molten/Tests/MoltenTests/Integration/IntegrationTests.swift:428:24: warning: 'init(id:name:rawCode:manufacturer:tags:units:)' is deprecated: Use parent-child initializer instead
            let item = CatalogItemModel(
                       ^
/Users/binde/projects/classes/Molten/Tests/MoltenTests/Integration/IntegrationTests.swift:493:32: warning: 'init(id:name:rawCode:manufacturer:tags:units:)' is deprecated: Use parent-child initializer instead
                    let item = CatalogItemModel(
                               ^
/Users/binde/projects/classes/Molten/Tests/MoltenTests/Integration/IntegrationTests.swift:538:28: warning: 'init(id:name:rawCode:manufacturer:tags:units:)' is deprecated: Use parent-child initializer instead
        let recoveryItem = CatalogItemModel(
                           ^
/Users/binde/projects/classes/Molten/Tests/MoltenTests/Integration/IntegrationTests.swift:563:13: warning: 'init(id:name:rawCode:manufacturer:tags:units:)' is deprecated: Use parent-child initializer instead
            CatalogItemModel(name: "Glass Rod 1", rawCode: "GR-001", manufacturer: "PremiumCorp"),
            ^
/Users/binde/projects/classes/Molten/Tests/MoltenTests/Integration/IntegrationTests.swift:564:13: warning: 'init(id:name:rawCode:manufacturer:tags:units:)' is deprecated: Use parent-child initializer instead
            CatalogItemModel(name: "Glass Rod 2", rawCode: "GR-002", manufacturer: "StandardCorp"),
            ^
/Users/binde/projects/classes/Molten/Tests/MoltenTests/Integration/IntegrationTests.swift:565:13: warning: 'init(id:name:rawCode:manufacturer:tags:units:)' is deprecated: Use parent-child initializer instead
            CatalogItemModel(name: "Tool Item 1", rawCode: "TI-001", manufacturer: "PremiumCorp"),
            ^
/Users/binde/projects/classes/Molten/Tests/MoltenTests/Integration/IntegrationTests.swift:566:13: warning: 'init(id:name:rawCode:manufacturer:tags:units:)' is deprecated: Use parent-child initializer instead
            CatalogItemModel(name: "Tool Item 2", rawCode: "TI-002", manufacturer: "StandardCorp")
            ^
/Users/binde/projects/classes/Molten/Tests/MoltenTests/Integration/IntegrationTests.swift:599:97: warning: left side of nil coalescing operator '??' has non-optional type 'String', so the right side is never used
        let filteredItems = try await mockRepository.searchItems(text: filterManager.textFilter ?? "")
                                                                       ~~~~~~~~~~~~~~~~~~~~~~~~~^~~~~
                                                                                               
/Users/binde/projects/classes/Molten/Tests/MoltenTests/Models/CatalogItemHelpersTests.swift:26:27: warning: 'init(id:name:rawCode:manufacturer:tags:units:)' is deprecated: Use parent-child initializer instead
        let catalogItem = CatalogItemModel(
                          ^
/Users/binde/projects/classes/Molten/Tests/MoltenTests/Models/CatalogItemHelpersTests.swift:47:27: warning: 'init(id:name:rawCode:manufacturer:tags:units:)' is deprecated: Use parent-child initializer instead
        let catalogItem = CatalogItemModel(
                          ^
/Users/binde/projects/classes/Molten/Tests/MoltenTests/Models/CatalogItemHelpersTests.swift:60:26: warning: comparing non-optional value of type '[String]' to 'nil' always returns true
        #expect(synonyms != nil, "Should work with business models without Core Data")
                ~~~~~~~~ ^  ~~~
/Users/binde/projects/classes/Molten/Tests/MoltenTests/Models/CatalogItemHelpersTests.swift:61:21: warning: comparing non-optional value of type 'String' to 'nil' always returns true
        #expect(coe != nil, "Should get COE from business model")
                ~~~ ^  ~~~
/Users/binde/projects/classes/Molten/Tests/MoltenTests/Models/CatalogItemHelpersTests.swift:62:23: warning: comparing non-optional value of type 'Color' to 'nil' always returns true
        #expect(color != nil, "Should get manufacturer color from business model")
                ~~~~~ ^  ~~~
/Users/binde/projects/classes/Molten/Tests/MoltenTests/Models/CatalogItemHelpersTests.swift:68:27: warning: 'init(id:name:rawCode:manufacturer:tags:units:)' is deprecated: Use parent-child initializer instead
        let catalogItem = CatalogItemModel(
                          ^
/Users/binde/projects/classes/Molten/Tests/MoltenTests/Models/CatalogItemHelpersTests.swift:91:27: warning: 'init(id:name:rawCode:manufacturer:tags:units:)' is deprecated: Use parent-child initializer instead
        let catalogItem = CatalogItemModel(
                          ^
/Users/binde/projects/classes/Molten/Tests/MoltenTests/Models/CatalogItemHelpersTests.swift:102:22: warning: comparing non-optional value of type 'String' to 'nil' always returns true
        #expect(tags != nil, "Should work without Core Data imports")
                ~~~~ ^  ~~~
/Users/binde/projects/classes/Molten/Tests/MoltenTests/Models/CatalogItemHelpersTests.swift:103:29: warning: comparing non-optional value of type 'CatalogItemDisplayInfo' to 'nil' always returns true
        #expect(displayInfo != nil, "Should create display info without Core Data")
                ~~~~~~~~~~~ ^  ~~~
/Users/binde/projects/classes/Molten/Tests/MoltenTests/Models/CatalogItemModelPhase1Tests.swift:89:17: note: '#expect(_:_:)' will always pass here; use 'Bool(true)' to silence this warning (from macro 'expect')
        #expect(true, "Valid parent-child relationship should pass validation")
                ^~~~
/Users/binde/projects/classes/Molten/Tests/MoltenTests/Models/CatalogItemModelPhase1Tests.swift:162:21: note: '#expect(_:_:)' will always pass here; use 'Bool(true)' to silence this warning (from macro 'expect')
            #expect(true, "Item type '\(itemType)' should be valid")
                    ^~~~
/Users/binde/projects/classes/Molten/Tests/MoltenTests/Models/CatalogItemModelPhase1Tests.swift:211:21: note: '#expect(_:_:)' will always pass here; use 'Bool(true)' to silence this warning (from macro 'expect')
            #expect(true, "Item subtype '\(subtype)' should be valid")
                    ^~~~
/Users/binde/projects/classes/Molten/Tests/MoltenTests/Models/CatalogItemModelPhase1Tests.swift:301:21: note: '#expect(_:_:)' will always pass here; use 'Bool(true)' to silence this warning (from macro 'expect')
            #expect(true, "URL '\(url)' should be valid")
                    ^~~~
/Users/binde/projects/classes/Molten/Tests/MoltenTests/Models/CatalogItemModelPhase1Tests.swift:332:17: note: '#expect(_:_:)' will always pass here; use 'Bool(true)' to silence this warning (from macro 'expect')
        #expect(true, "Valid URLs should pass validation")
                ^~~~
/Users/binde/projects/classes/Molten/Tests/MoltenTests/Models/CatalogItemModelPhase1Tests.swift:352:17: note: '#expect(_:_:)' will always pass here; use 'Bool(true)' to silence this warning (from macro 'expect')
        #expect(true, "Empty URLs should pass validation")
                ^~~~
/Users/binde/projects/classes/Molten/Tests/MoltenTests/Models/CatalogItemModelPhase1Tests.swift:372:17: note: '#expect(_:_:)' will always pass here; use 'Bool(true)' to silence this warning (from macro 'expect')
        #expect(true, "Nil URLs should pass validation")
                ^~~~

SwiftCompile normal arm64 /Users/binde/projects/classes/Molten/Tests/MoltenTests/Models/CatalogItemModelPhase1Tests.swift (in target 'MoltenTests' from project 'Molten')
    cd /Users/binde/projects/classes
    
/Users/binde/projects/classes/Molten/Tests/MoltenTests/Integration/IntegrationTests.swift:81:13: warning: initialization of immutable value 'userTagsRepository' was never used; consider replacing with assignment to '_' or removing it
        let userTagsRepository = MockUserTagsRepository()
        ~~~~^~~~~~~~~~~~~~~~~~
        _
/Users/binde/projects/classes/Molten/Tests/MoltenTests/Integration/IntegrationTests.swift:145:93: warning: left side of nil coalescing operator '??' has non-optional type 'String', so the right side is never used
        let filteredItems = SearchUtilities.filter(allItems, with: filterManager.textFilter ?? "")
                                                                   ~~~~~~~~~~~~~~~~~~~~~~~~~^~~~~
                                                                                           
/Users/binde/projects/classes/Molten/Tests/MoltenTests/Integration/IntegrationTests.swift:183:13: warning: 'init(id:name:rawCode:manufacturer:tags:units:)' is deprecated: Use parent-child initializer instead
            CatalogItemModel(name: "Red Glass Rod", rawCode: "RGR-001", manufacturer: "Effetre Glass"),
            ^
/Users/binde/projects/classes/Molten/Tests/MoltenTests/Integration/IntegrationTests.swift:184:13: warning: 'init(id:name:rawCode:manufacturer:tags:units:)' is deprecated: Use parent-child initializer instead
            CatalogItemModel(name: "Blue Glass Sheet", rawCode: "BGS-002", manufacturer: "Bullseye Glass"),
            ^
/Users/binde/projects/classes/Molten/Tests/MoltenTests/Integration/IntegrationTests.swift:185:13: warning: 'init(id:name:rawCode:manufacturer:tags:units:)' is deprecated: Use parent-child initializer instead
            CatalogItemModel(name: "Clear Frit", rawCode: "CF-003", manufacturer: "Effetre Glass"),
            ^
/Users/binde/projects/classes/Molten/Tests/MoltenTests/Integration/IntegrationTests.swift:186:13: warning: 'init(id:name:rawCode:manufacturer:tags:units:)' is deprecated: Use parent-child initializer instead
            CatalogItemModel(name: "Yellow Stringer", rawCode: "YS-004", manufacturer: "Vetrofond")
            ^
/Users/binde/projects/classes/Molten/Tests/MoltenTests/Integration/IntegrationTests.swift:224:13: warning: 'init(id:name:rawCode:manufacturer:tags:units:)' is deprecated: Use parent-child initializer instead
            CatalogItemModel(name: "Standard Code Item", rawCode: "STD-001", manufacturer: "TestCorp"),
            ^
/Users/binde/projects/classes/Molten/Tests/MoltenTests/Integration/IntegrationTests.swift:225:13: warning: 'init(id:name:rawCode:manufacturer:tags:units:)' is deprecated: Use parent-child initializer instead
            CatalogItemModel(name: "Slash Code Item", rawCode: "SLS/002", manufacturer: "TestCorp"),
            ^
/Users/binde/projects/classes/Molten/Tests/MoltenTests/Integration/IntegrationTests.swift:226:13: warning: 'init(id:name:rawCode:manufacturer:tags:units:)' is deprecated: Use parent-child initializer instead
            CatalogItemModel(name: "Complex Code Item", rawCode: "CPX-A/B-003", manufacturer: "TestCorp")
            ^
/Users/binde/projects/classes/Molten/Tests/MoltenTests/Integration/IntegrationTests.swift:308:39: warning: 'init(id:name:rawCode:manufacturer:tags:units:)' is deprecated: Use parent-child initializer instead
                    let catalogItem = CatalogItemModel(
                                      ^
/Users/binde/projects/classes/Molten/Tests/MoltenTests/Integration/IntegrationTests.swift:387:23: warning: 'init(id:name:rawCode:manufacturer:tags:units:)' is deprecated: Use parent-child initializer instead
        let newItem = CatalogItemModel(
                      ^
/Users/binde/projects/classes/Molten/Tests/MoltenTests/Integration/IntegrationTests.swift:428:24: warning: 'init(id:name:rawCode:manufacturer:tags:units:)' is deprecated: Use parent-child initializer instead
            let item = CatalogItemModel(
                       ^
/Users/binde/projects/classes/Molten/Tests/MoltenTests/Integration/IntegrationTests.swift:493:32: warning: 'init(id:name:rawCode:manufacturer:tags:units:)' is deprecated: Use parent-child initializer instead
                    let item = CatalogItemModel(
                               ^
/Users/binde/projects/classes/Molten/Tests/MoltenTests/Integration/IntegrationTests.swift:538:28: warning: 'init(id:name:rawCode:manufacturer:tags:units:)' is deprecated: Use parent-child initializer instead
        let recoveryItem = CatalogItemModel(
                           ^
/Users/binde/projects/classes/Molten/Tests/MoltenTests/Integration/IntegrationTests.swift:563:13: warning: 'init(id:name:rawCode:manufacturer:tags:units:)' is deprecated: Use parent-child initializer instead
            CatalogItemModel(name: "Glass Rod 1", rawCode: "GR-001", manufacturer: "PremiumCorp"),
            ^
/Users/binde/projects/classes/Molten/Tests/MoltenTests/Integration/IntegrationTests.swift:564:13: warning: 'init(id:name:rawCode:manufacturer:tags:units:)' is deprecated: Use parent-child initializer instead
            CatalogItemModel(name: "Glass Rod 2", rawCode: "GR-002", manufacturer: "StandardCorp"),
            ^
/Users/binde/projects/classes/Molten/Tests/MoltenTests/Integration/IntegrationTests.swift:565:13: warning: 'init(id:name:rawCode:manufacturer:tags:units:)' is deprecated: Use parent-child initializer instead
            CatalogItemModel(name: "Tool Item 1", rawCode: "TI-001", manufacturer: "PremiumCorp"),
            ^
/Users/binde/projects/classes/Molten/Tests/MoltenTests/Integration/IntegrationTests.swift:566:13: warning: 'init(id:name:rawCode:manufacturer:tags:units:)' is deprecated: Use parent-child initializer instead
            CatalogItemModel(name: "Tool Item 2", rawCode: "TI-002", manufacturer: "StandardCorp")
            ^
/Users/binde/projects/classes/Molten/Tests/MoltenTests/Integration/IntegrationTests.swift:599:97: warning: left side of nil coalescing operator '??' has non-optional type 'String', so the right side is never used
        let filteredItems = try await mockRepository.searchItems(text: filterManager.textFilter ?? "")
                                                                       ~~~~~~~~~~~~~~~~~~~~~~~~~^~~~~
                                                                                               
/Users/binde/projects/classes/Molten/Tests/MoltenTests/Models/CatalogItemModelPhase1Tests.swift:389:30: warning: 'init(id:name:rawCode:manufacturer:tags:units:)' is deprecated: Use parent-child initializer instead
            let legacyItem = CatalogItemModel(
                             ^
/Users/binde/projects/classes/Molten/Tests/MoltenTests/Models/CatalogItemModelPhase1Tests.swift:405:26: warning: 'init(id:name:rawCode:manufacturer:tags:units:)' is deprecated: Use parent-child initializer instead
        let legacyItem = CatalogItemModel(
                         ^
/Users/binde/projects/classes/Molten/Tests/MoltenTests/Models/CatalogItemModelPhase1Tests.swift:422:17: note: '#expect(_:_:)' will always pass here; use 'Bool(true)' to silence this warning (from macro 'expect')
        #expect(true, "Legacy item should validate successfully")
                ^~~~
/Users/binde/projects/classes/Molten/Tests/MoltenTests/Models/CatalogItemParentModelTests.swift:159:17: note: '#expect(_:_:)' will always pass here; use 'Bool(true)' to silence this warning (from macro 'expect')
        #expect(true, "Valid parent should pass validation")
                ^~~~
/Users/binde/projects/classes/Molten/Tests/MoltenTests/Models/CatalogItemParentModelTests.swift:234:21: note: '#expect(_:_:)' will always pass here; use 'Bool(true)' to silence this warning (from macro 'expect')
            #expect(true, "COE value '\(coe)' should be valid")
                    ^~~~
/Users/binde/projects/classes/Molten/Tests/MoltenTests/Models/CatalogItemParentModelTests.swift:301:21: note: '#expect(_:_:)' will always pass here; use 'Bool(true)' to silence this warning (from macro 'expect')
            #expect(true, "Base code '\(code)' should be valid")
                    ^~~~
/Users/binde/projects/classes/Molten/Tests/MoltenTests/Models/CatalogItemParentModelTests.swift:331:17: note: '#expect(_:_:)' will always pass here; use 'Bool(true)' to silence this warning (from macro 'expect')
        #expect(true, "Valid tags should pass validation")
                ^~~~
/Users/binde/projects/classes/Molten/Tests/MoltenTests/Models/CatalogItemParentModelTests.swift:597:17: note: '#expect(_:_:)' will always pass here; use 'Bool(true)' to silence this warning (from macro 'expect')
        #expect(true, "Valid parent-child relationship should pass validation")
                ^~~~
/Users/binde/projects/classes/Molten/Tests/MoltenTests/Models/CatalogItemParentModelTests.swift:778:17: note: '#expect(_:_:)' will always pass here; use 'Bool(true)' to silence this warning (from macro 'expect')
        #expect(true, "Parent with very long fields should still be valid")
                ^~~~
/Users/binde/projects/classes/Molten/Tests/MoltenTests/Models/CatalogItemParentModelTests.swift:789:17: note: '#expect(_:_:)' will always pass here; use 'Bool(true)' to silence this warning (from macro 'expect')
        #expect(true, "Parent with single character fields should be valid")
                ^~~~
/Users/binde/projects/classes/Molten/Tests/MoltenTests/Models/CatalogItemParentModelTests.swift:800:17: note: '#expect(_:_:)' will always pass here; use 'Bool(true)' to silence this warning (from macro 'expect')
        #expect(true, "Parent with special characters should be valid")
                ^~~~

SwiftCompile normal arm64 /Users/binde/projects/classes/Molten/Tests/MoltenTests/Models/CatalogItemParentModelTests.swift (in target 'MoltenTests' from project 'Molten')
    cd /Users/binde/projects/classes
    
/Users/binde/projects/classes/Molten/Tests/MoltenTests/Integration/IntegrationTests.swift:81:13: warning: initialization of immutable value 'userTagsRepository' was never used; consider replacing with assignment to '_' or removing it
        let userTagsRepository = MockUserTagsRepository()
        ~~~~^~~~~~~~~~~~~~~~~~
        _
/Users/binde/projects/classes/Molten/Tests/MoltenTests/Integration/IntegrationTests.swift:145:93: warning: left side of nil coalescing operator '??' has non-optional type 'String', so the right side is never used
        let filteredItems = SearchUtilities.filter(allItems, with: filterManager.textFilter ?? "")
                                                                   ~~~~~~~~~~~~~~~~~~~~~~~~~^~~~~
                                                                                           
/Users/binde/projects/classes/Molten/Tests/MoltenTests/Integration/IntegrationTests.swift:183:13: warning: 'init(id:name:rawCode:manufacturer:tags:units:)' is deprecated: Use parent-child initializer instead
            CatalogItemModel(name: "Red Glass Rod", rawCode: "RGR-001", manufacturer: "Effetre Glass"),
            ^
/Users/binde/projects/classes/Molten/Tests/MoltenTests/Integration/IntegrationTests.swift:184:13: warning: 'init(id:name:rawCode:manufacturer:tags:units:)' is deprecated: Use parent-child initializer instead
            CatalogItemModel(name: "Blue Glass Sheet", rawCode: "BGS-002", manufacturer: "Bullseye Glass"),
            ^
/Users/binde/projects/classes/Molten/Tests/MoltenTests/Integration/IntegrationTests.swift:185:13: warning: 'init(id:name:rawCode:manufacturer:tags:units:)' is deprecated: Use parent-child initializer instead
            CatalogItemModel(name: "Clear Frit", rawCode: "CF-003", manufacturer: "Effetre Glass"),
            ^
/Users/binde/projects/classes/Molten/Tests/MoltenTests/Integration/IntegrationTests.swift:186:13: warning: 'init(id:name:rawCode:manufacturer:tags:units:)' is deprecated: Use parent-child initializer instead
            CatalogItemModel(name: "Yellow Stringer", rawCode: "YS-004", manufacturer: "Vetrofond")
            ^
/Users/binde/projects/classes/Molten/Tests/MoltenTests/Integration/IntegrationTests.swift:224:13: warning: 'init(id:name:rawCode:manufacturer:tags:units:)' is deprecated: Use parent-child initializer instead
            CatalogItemModel(name: "Standard Code Item", rawCode: "STD-001", manufacturer: "TestCorp"),
            ^
/Users/binde/projects/classes/Molten/Tests/MoltenTests/Integration/IntegrationTests.swift:225:13: warning: 'init(id:name:rawCode:manufacturer:tags:units:)' is deprecated: Use parent-child initializer instead
            CatalogItemModel(name: "Slash Code Item", rawCode: "SLS/002", manufacturer: "TestCorp"),
            ^
/Users/binde/projects/classes/Molten/Tests/MoltenTests/Integration/IntegrationTests.swift:226:13: warning: 'init(id:name:rawCode:manufacturer:tags:units:)' is deprecated: Use parent-child initializer instead
            CatalogItemModel(name: "Complex Code Item", rawCode: "CPX-A/B-003", manufacturer: "TestCorp")
            ^
/Users/binde/projects/classes/Molten/Tests/MoltenTests/Integration/IntegrationTests.swift:308:39: warning: 'init(id:name:rawCode:manufacturer:tags:units:)' is deprecated: Use parent-child initializer instead
                    let catalogItem = CatalogItemModel(
                                      ^
/Users/binde/projects/classes/Molten/Tests/MoltenTests/Integration/IntegrationTests.swift:387:23: warning: 'init(id:name:rawCode:manufacturer:tags:units:)' is deprecated: Use parent-child initializer instead
        let newItem = CatalogItemModel(
                      ^
/Users/binde/projects/classes/Molten/Tests/MoltenTests/Integration/IntegrationTests.swift:428:24: warning: 'init(id:name:rawCode:manufacturer:tags:units:)' is deprecated: Use parent-child initializer instead
            let item = CatalogItemModel(
                       ^
/Users/binde/projects/classes/Molten/Tests/MoltenTests/Integration/IntegrationTests.swift:493:32: warning: 'init(id:name:rawCode:manufacturer:tags:units:)' is deprecated: Use parent-child initializer instead
                    let item = CatalogItemModel(
                               ^
/Users/binde/projects/classes/Molten/Tests/MoltenTests/Integration/IntegrationTests.swift:538:28: warning: 'init(id:name:rawCode:manufacturer:tags:units:)' is deprecated: Use parent-child initializer instead
        let recoveryItem = CatalogItemModel(
                           ^
/Users/binde/projects/classes/Molten/Tests/MoltenTests/Integration/IntegrationTests.swift:563:13: warning: 'init(id:name:rawCode:manufacturer:tags:units:)' is deprecated: Use parent-child initializer instead
            CatalogItemModel(name: "Glass Rod 1", rawCode: "GR-001", manufacturer: "PremiumCorp"),
            ^
/Users/binde/projects/classes/Molten/Tests/MoltenTests/Integration/IntegrationTests.swift:564:13: warning: 'init(id:name:rawCode:manufacturer:tags:units:)' is deprecated: Use parent-child initializer instead
            CatalogItemModel(name: "Glass Rod 2", rawCode: "GR-002", manufacturer: "StandardCorp"),
            ^
/Users/binde/projects/classes/Molten/Tests/MoltenTests/Integration/IntegrationTests.swift:565:13: warning: 'init(id:name:rawCode:manufacturer:tags:units:)' is deprecated: Use parent-child initializer instead
            CatalogItemModel(name: "Tool Item 1", rawCode: "TI-001", manufacturer: "PremiumCorp"),
            ^
/Users/binde/projects/classes/Molten/Tests/MoltenTests/Integration/IntegrationTests.swift:566:13: warning: 'init(id:name:rawCode:manufacturer:tags:units:)' is deprecated: Use parent-child initializer instead
            CatalogItemModel(name: "Tool Item 2", rawCode: "TI-002", manufacturer: "StandardCorp")
            ^
/Users/binde/projects/classes/Molten/Tests/MoltenTests/Integration/IntegrationTests.swift:599:97: warning: left side of nil coalescing operator '??' has non-optional type 'String', so the right side is never used
        let filteredItems = try await mockRepository.searchItems(text: filterManager.textFilter ?? "")
                                                                       ~~~~~~~~~~~~~~~~~~~~~~~~~^~~~~
                                                                                               

SwiftCompile normal arm64 /Users/binde/projects/classes/Molten/Tests/MoltenTests/Models/DataModelValidationTests.swift (in target 'MoltenTests' from project 'Molten')
    cd /Users/binde/projects/classes
    
/Users/binde/projects/classes/Molten/Tests/MoltenTests/Integration/IntegrationTests.swift:81:13: warning: initialization of immutable value 'userTagsRepository' was never used; consider replacing with assignment to '_' or removing it
        let userTagsRepository = MockUserTagsRepository()
        ~~~~^~~~~~~~~~~~~~~~~~
        _
/Users/binde/projects/classes/Molten/Tests/MoltenTests/Integration/IntegrationTests.swift:145:93: warning: left side of nil coalescing operator '??' has non-optional type 'String', so the right side is never used
        let filteredItems = SearchUtilities.filter(allItems, with: filterManager.textFilter ?? "")
                                                                   ~~~~~~~~~~~~~~~~~~~~~~~~~^~~~~
                                                                                           
/Users/binde/projects/classes/Molten/Tests/MoltenTests/Integration/IntegrationTests.swift:183:13: warning: 'init(id:name:rawCode:manufacturer:tags:units:)' is deprecated: Use parent-child initializer instead
            CatalogItemModel(name: "Red Glass Rod", rawCode: "RGR-001", manufacturer: "Effetre Glass"),
            ^
/Users/binde/projects/classes/Molten/Tests/MoltenTests/Integration/IntegrationTests.swift:184:13: warning: 'init(id:name:rawCode:manufacturer:tags:units:)' is deprecated: Use parent-child initializer instead
            CatalogItemModel(name: "Blue Glass Sheet", rawCode: "BGS-002", manufacturer: "Bullseye Glass"),
            ^
/Users/binde/projects/classes/Molten/Tests/MoltenTests/Integration/IntegrationTests.swift:185:13: warning: 'init(id:name:rawCode:manufacturer:tags:units:)' is deprecated: Use parent-child initializer instead
            CatalogItemModel(name: "Clear Frit", rawCode: "CF-003", manufacturer: "Effetre Glass"),
            ^
/Users/binde/projects/classes/Molten/Tests/MoltenTests/Integration/IntegrationTests.swift:186:13: warning: 'init(id:name:rawCode:manufacturer:tags:units:)' is deprecated: Use parent-child initializer instead
            CatalogItemModel(name: "Yellow Stringer", rawCode: "YS-004", manufacturer: "Vetrofond")
            ^
/Users/binde/projects/classes/Molten/Tests/MoltenTests/Integration/IntegrationTests.swift:224:13: warning: 'init(id:name:rawCode:manufacturer:tags:units:)' is deprecated: Use parent-child initializer instead
            CatalogItemModel(name: "Standard Code Item", rawCode: "STD-001", manufacturer: "TestCorp"),
            ^
/Users/binde/projects/classes/Molten/Tests/MoltenTests/Integration/IntegrationTests.swift:225:13: warning: 'init(id:name:rawCode:manufacturer:tags:units:)' is deprecated: Use parent-child initializer instead
            CatalogItemModel(name: "Slash Code Item", rawCode: "SLS/002", manufacturer: "TestCorp"),
            ^
/Users/binde/projects/classes/Molten/Tests/MoltenTests/Integration/IntegrationTests.swift:226:13: warning: 'init(id:name:rawCode:manufacturer:tags:units:)' is deprecated: Use parent-child initializer instead
            CatalogItemModel(name: "Complex Code Item", rawCode: "CPX-A/B-003", manufacturer: "TestCorp")
            ^
/Users/binde/projects/classes/Molten/Tests/MoltenTests/Integration/IntegrationTests.swift:308:39: warning: 'init(id:name:rawCode:manufacturer:tags:units:)' is deprecated: Use parent-child initializer instead
                    let catalogItem = CatalogItemModel(
                                      ^
/Users/binde/projects/classes/Molten/Tests/MoltenTests/Integration/IntegrationTests.swift:387:23: warning: 'init(id:name:rawCode:manufacturer:tags:units:)' is deprecated: Use parent-child initializer instead
        let newItem = CatalogItemModel(
                      ^
/Users/binde/projects/classes/Molten/Tests/MoltenTests/Integration/IntegrationTests.swift:428:24: warning: 'init(id:name:rawCode:manufacturer:tags:units:)' is deprecated: Use parent-child initializer instead
            let item = CatalogItemModel(
                       ^
/Users/binde/projects/classes/Molten/Tests/MoltenTests/Integration/IntegrationTests.swift:493:32: warning: 'init(id:name:rawCode:manufacturer:tags:units:)' is deprecated: Use parent-child initializer instead
                    let item = CatalogItemModel(
                               ^
/Users/binde/projects/classes/Molten/Tests/MoltenTests/Integration/IntegrationTests.swift:538:28: warning: 'init(id:name:rawCode:manufacturer:tags:units:)' is deprecated: Use parent-child initializer instead
        let recoveryItem = CatalogItemModel(
                           ^
/Users/binde/projects/classes/Molten/Tests/MoltenTests/Integration/IntegrationTests.swift:563:13: warning: 'init(id:name:rawCode:manufacturer:tags:units:)' is deprecated: Use parent-child initializer instead
            CatalogItemModel(name: "Glass Rod 1", rawCode: "GR-001", manufacturer: "PremiumCorp"),
            ^
/Users/binde/projects/classes/Molten/Tests/MoltenTests/Integration/IntegrationTests.swift:564:13: warning: 'init(id:name:rawCode:manufacturer:tags:units:)' is deprecated: Use parent-child initializer instead
            CatalogItemModel(name: "Glass Rod 2", rawCode: "GR-002", manufacturer: "StandardCorp"),
            ^
/Users/binde/projects/classes/Molten/Tests/MoltenTests/Integration/IntegrationTests.swift:565:13: warning: 'init(id:name:rawCode:manufacturer:tags:units:)' is deprecated: Use parent-child initializer instead
            CatalogItemModel(name: "Tool Item 1", rawCode: "TI-001", manufacturer: "PremiumCorp"),
            ^
/Users/binde/projects/classes/Molten/Tests/MoltenTests/Integration/IntegrationTests.swift:566:13: warning: 'init(id:name:rawCode:manufacturer:tags:units:)' is deprecated: Use parent-child initializer instead
            CatalogItemModel(name: "Tool Item 2", rawCode: "TI-002", manufacturer: "StandardCorp")
            ^
/Users/binde/projects/classes/Molten/Tests/MoltenTests/Integration/IntegrationTests.swift:599:97: warning: left side of nil coalescing operator '??' has non-optional type 'String', so the right side is never used
        let filteredItems = try await mockRepository.searchItems(text: filterManager.textFilter ?? "")
                                                                       ~~~~~~~~~~~~~~~~~~~~~~~~~^~~~~
                                                                                               

SwiftCompile normal arm64 /Users/binde/projects/classes/Molten/Tests/MoltenTests/Models/InventoryLocationTests.swift (in target 'MoltenTests' from project 'Molten')
    cd /Users/binde/projects/classes
    
/Users/binde/projects/classes/Molten/Tests/MoltenTests/Integration/IntegrationTests.swift:81:13: warning: initialization of immutable value 'userTagsRepository' was never used; consider replacing with assignment to '_' or removing it
        let userTagsRepository = MockUserTagsRepository()
        ~~~~^~~~~~~~~~~~~~~~~~
        _
/Users/binde/projects/classes/Molten/Tests/MoltenTests/Integration/IntegrationTests.swift:145:93: warning: left side of nil coalescing operator '??' has non-optional type 'String', so the right side is never used
        let filteredItems = SearchUtilities.filter(allItems, with: filterManager.textFilter ?? "")
                                                                   ~~~~~~~~~~~~~~~~~~~~~~~~~^~~~~
                                                                                           
/Users/binde/projects/classes/Molten/Tests/MoltenTests/Integration/IntegrationTests.swift:183:13: warning: 'init(id:name:rawCode:manufacturer:tags:units:)' is deprecated: Use parent-child initializer instead
            CatalogItemModel(name: "Red Glass Rod", rawCode: "RGR-001", manufacturer: "Effetre Glass"),
            ^
/Users/binde/projects/classes/Molten/Tests/MoltenTests/Integration/IntegrationTests.swift:184:13: warning: 'init(id:name:rawCode:manufacturer:tags:units:)' is deprecated: Use parent-child initializer instead
            CatalogItemModel(name: "Blue Glass Sheet", rawCode: "BGS-002", manufacturer: "Bullseye Glass"),
            ^
/Users/binde/projects/classes/Molten/Tests/MoltenTests/Integration/IntegrationTests.swift:185:13: warning: 'init(id:name:rawCode:manufacturer:tags:units:)' is deprecated: Use parent-child initializer instead
            CatalogItemModel(name: "Clear Frit", rawCode: "CF-003", manufacturer: "Effetre Glass"),
            ^
/Users/binde/projects/classes/Molten/Tests/MoltenTests/Integration/IntegrationTests.swift:186:13: warning: 'init(id:name:rawCode:manufacturer:tags:units:)' is deprecated: Use parent-child initializer instead
            CatalogItemModel(name: "Yellow Stringer", rawCode: "YS-004", manufacturer: "Vetrofond")
            ^
/Users/binde/projects/classes/Molten/Tests/MoltenTests/Integration/IntegrationTests.swift:224:13: warning: 'init(id:name:rawCode:manufacturer:tags:units:)' is deprecated: Use parent-child initializer instead
            CatalogItemModel(name: "Standard Code Item", rawCode: "STD-001", manufacturer: "TestCorp"),
            ^
/Users/binde/projects/classes/Molten/Tests/MoltenTests/Integration/IntegrationTests.swift:225:13: warning: 'init(id:name:rawCode:manufacturer:tags:units:)' is deprecated: Use parent-child initializer instead
            CatalogItemModel(name: "Slash Code Item", rawCode: "SLS/002", manufacturer: "TestCorp"),
            ^
/Users/binde/projects/classes/Molten/Tests/MoltenTests/Integration/IntegrationTests.swift:226:13: warning: 'init(id:name:rawCode:manufacturer:tags:units:)' is deprecated: Use parent-child initializer instead
            CatalogItemModel(name: "Complex Code Item", rawCode: "CPX-A/B-003", manufacturer: "TestCorp")
            ^
/Users/binde/projects/classes/Molten/Tests/MoltenTests/Integration/IntegrationTests.swift:308:39: warning: 'init(id:name:rawCode:manufacturer:tags:units:)' is deprecated: Use parent-child initializer instead
                    let catalogItem = CatalogItemModel(
                                      ^
/Users/binde/projects/classes/Molten/Tests/MoltenTests/Integration/IntegrationTests.swift:387:23: warning: 'init(id:name:rawCode:manufacturer:tags:units:)' is deprecated: Use parent-child initializer instead
        let newItem = CatalogItemModel(
                      ^
/Users/binde/projects/classes/Molten/Tests/MoltenTests/Integration/IntegrationTests.swift:428:24: warning: 'init(id:name:rawCode:manufacturer:tags:units:)' is deprecated: Use parent-child initializer instead
            let item = CatalogItemModel(
                       ^
/Users/binde/projects/classes/Molten/Tests/MoltenTests/Integration/IntegrationTests.swift:493:32: warning: 'init(id:name:rawCode:manufacturer:tags:units:)' is deprecated: Use parent-child initializer instead
                    let item = CatalogItemModel(
                               ^
/Users/binde/projects/classes/Molten/Tests/MoltenTests/Integration/IntegrationTests.swift:538:28: warning: 'init(id:name:rawCode:manufacturer:tags:units:)' is deprecated: Use parent-child initializer instead
        let recoveryItem = CatalogItemModel(
                           ^
/Users/binde/projects/classes/Molten/Tests/MoltenTests/Integration/IntegrationTests.swift:563:13: warning: 'init(id:name:rawCode:manufacturer:tags:units:)' is deprecated: Use parent-child initializer instead
            CatalogItemModel(name: "Glass Rod 1", rawCode: "GR-001", manufacturer: "PremiumCorp"),
            ^
/Users/binde/projects/classes/Molten/Tests/MoltenTests/Integration/IntegrationTests.swift:564:13: warning: 'init(id:name:rawCode:manufacturer:tags:units:)' is deprecated: Use parent-child initializer instead
            CatalogItemModel(name: "Glass Rod 2", rawCode: "GR-002", manufacturer: "StandardCorp"),
            ^
/Users/binde/projects/classes/Molten/Tests/MoltenTests/Integration/IntegrationTests.swift:565:13: warning: 'init(id:name:rawCode:manufacturer:tags:units:)' is deprecated: Use parent-child initializer instead
            CatalogItemModel(name: "Tool Item 1", rawCode: "TI-001", manufacturer: "PremiumCorp"),
            ^
/Users/binde/projects/classes/Molten/Tests/MoltenTests/Integration/IntegrationTests.swift:566:13: warning: 'init(id:name:rawCode:manufacturer:tags:units:)' is deprecated: Use parent-child initializer instead
            CatalogItemModel(name: "Tool Item 2", rawCode: "TI-002", manufacturer: "StandardCorp")
            ^
/Users/binde/projects/classes/Molten/Tests/MoltenTests/Integration/IntegrationTests.swift:599:97: warning: left side of nil coalescing operator '??' has non-optional type 'String', so the right side is never used
        let filteredItems = try await mockRepository.searchItems(text: filterManager.textFilter ?? "")
                                                                       ~~~~~~~~~~~~~~~~~~~~~~~~~^~~~~
                                                                                               

SwiftCompile normal arm64 /Users/binde/projects/classes/Molten/Tests/MoltenTests/Models/ItemShoppingModelTests.swift (in target 'MoltenTests' from project 'Molten')
    cd /Users/binde/projects/classes
    
/Users/binde/projects/classes/Molten/Tests/MoltenTests/Integration/IntegrationTests.swift:81:13: warning: initialization of immutable value 'userTagsRepository' was never used; consider replacing with assignment to '_' or removing it
        let userTagsRepository = MockUserTagsRepository()
        ~~~~^~~~~~~~~~~~~~~~~~
        _
/Users/binde/projects/classes/Molten/Tests/MoltenTests/Integration/IntegrationTests.swift:145:93: warning: left side of nil coalescing operator '??' has non-optional type 'String', so the right side is never used
        let filteredItems = SearchUtilities.filter(allItems, with: filterManager.textFilter ?? "")
                                                                   ~~~~~~~~~~~~~~~~~~~~~~~~~^~~~~
                                                                                           
/Users/binde/projects/classes/Molten/Tests/MoltenTests/Integration/IntegrationTests.swift:183:13: warning: 'init(id:name:rawCode:manufacturer:tags:units:)' is deprecated: Use parent-child initializer instead
            CatalogItemModel(name: "Red Glass Rod", rawCode: "RGR-001", manufacturer: "Effetre Glass"),
            ^
/Users/binde/projects/classes/Molten/Tests/MoltenTests/Integration/IntegrationTests.swift:184:13: warning: 'init(id:name:rawCode:manufacturer:tags:units:)' is deprecated: Use parent-child initializer instead
            CatalogItemModel(name: "Blue Glass Sheet", rawCode: "BGS-002", manufacturer: "Bullseye Glass"),
            ^
/Users/binde/projects/classes/Molten/Tests/MoltenTests/Integration/IntegrationTests.swift:185:13: warning: 'init(id:name:rawCode:manufacturer:tags:units:)' is deprecated: Use parent-child initializer instead
            CatalogItemModel(name: "Clear Frit", rawCode: "CF-003", manufacturer: "Effetre Glass"),
            ^
/Users/binde/projects/classes/Molten/Tests/MoltenTests/Integration/IntegrationTests.swift:186:13: warning: 'init(id:name:rawCode:manufacturer:tags:units:)' is deprecated: Use parent-child initializer instead
            CatalogItemModel(name: "Yellow Stringer", rawCode: "YS-004", manufacturer: "Vetrofond")
            ^
/Users/binde/projects/classes/Molten/Tests/MoltenTests/Integration/IntegrationTests.swift:224:13: warning: 'init(id:name:rawCode:manufacturer:tags:units:)' is deprecated: Use parent-child initializer instead
            CatalogItemModel(name: "Standard Code Item", rawCode: "STD-001", manufacturer: "TestCorp"),
            ^
/Users/binde/projects/classes/Molten/Tests/MoltenTests/Integration/IntegrationTests.swift:225:13: warning: 'init(id:name:rawCode:manufacturer:tags:units:)' is deprecated: Use parent-child initializer instead
            CatalogItemModel(name: "Slash Code Item", rawCode: "SLS/002", manufacturer: "TestCorp"),
            ^
/Users/binde/projects/classes/Molten/Tests/MoltenTests/Integration/IntegrationTests.swift:226:13: warning: 'init(id:name:rawCode:manufacturer:tags:units:)' is deprecated: Use parent-child initializer instead
            CatalogItemModel(name: "Complex Code Item", rawCode: "CPX-A/B-003", manufacturer: "TestCorp")
            ^
/Users/binde/projects/classes/Molten/Tests/MoltenTests/Integration/IntegrationTests.swift:308:39: warning: 'init(id:name:rawCode:manufacturer:tags:units:)' is deprecated: Use parent-child initializer instead
                    let catalogItem = CatalogItemModel(
                                      ^
/Users/binde/projects/classes/Molten/Tests/MoltenTests/Integration/IntegrationTests.swift:387:23: warning: 'init(id:name:rawCode:manufacturer:tags:units:)' is deprecated: Use parent-child initializer instead
        let newItem = CatalogItemModel(
                      ^
/Users/binde/projects/classes/Molten/Tests/MoltenTests/Integration/IntegrationTests.swift:428:24: warning: 'init(id:name:rawCode:manufacturer:tags:units:)' is deprecated: Use parent-child initializer instead
            let item = CatalogItemModel(
                       ^
/Users/binde/projects/classes/Molten/Tests/MoltenTests/Integration/IntegrationTests.swift:493:32: warning: 'init(id:name:rawCode:manufacturer:tags:units:)' is deprecated: Use parent-child initializer instead
                    let item = CatalogItemModel(
                               ^
/Users/binde/projects/classes/Molten/Tests/MoltenTests/Integration/IntegrationTests.swift:538:28: warning: 'init(id:name:rawCode:manufacturer:tags:units:)' is deprecated: Use parent-child initializer instead
        let recoveryItem = CatalogItemModel(
                           ^
/Users/binde/projects/classes/Molten/Tests/MoltenTests/Integration/IntegrationTests.swift:563:13: warning: 'init(id:name:rawCode:manufacturer:tags:units:)' is deprecated: Use parent-child initializer instead
            CatalogItemModel(name: "Glass Rod 1", rawCode: "GR-001", manufacturer: "PremiumCorp"),
            ^
/Users/binde/projects/classes/Molten/Tests/MoltenTests/Integration/IntegrationTests.swift:564:13: warning: 'init(id:name:rawCode:manufacturer:tags:units:)' is deprecated: Use parent-child initializer instead
            CatalogItemModel(name: "Glass Rod 2", rawCode: "GR-002", manufacturer: "StandardCorp"),
            ^
/Users/binde/projects/classes/Molten/Tests/MoltenTests/Integration/IntegrationTests.swift:565:13: warning: 'init(id:name:rawCode:manufacturer:tags:units:)' is deprecated: Use parent-child initializer instead
            CatalogItemModel(name: "Tool Item 1", rawCode: "TI-001", manufacturer: "PremiumCorp"),
            ^
/Users/binde/projects/classes/Molten/Tests/MoltenTests/Integration/IntegrationTests.swift:566:13: warning: 'init(id:name:rawCode:manufacturer:tags:units:)' is deprecated: Use parent-child initializer instead
            CatalogItemModel(name: "Tool Item 2", rawCode: "TI-002", manufacturer: "StandardCorp")
            ^
/Users/binde/projects/classes/Molten/Tests/MoltenTests/Integration/IntegrationTests.swift:599:97: warning: left side of nil coalescing operator '??' has non-optional type 'String', so the right side is never used
        let filteredItems = try await mockRepository.searchItems(text: filterManager.textFilter ?? "")
                                                                       ~~~~~~~~~~~~~~~~~~~~~~~~~^~~~~
                                                                                               

SwiftDriver\ Compilation PerformanceTests normal arm64 com.apple.xcode.tools.swift.compiler (in target 'PerformanceTests' from project 'Molten')
    cd /Users/binde/projects/classes
    builtin-Swift-Compilation -- /Applications/Xcode.app/Contents/Developer/Toolchains/XcodeDefault.xctoolchain/usr/bin/swiftc -module-name PerformanceTests -Onone -enforce-exclusivity\=checked @/Users/binde/Library/Developer/Xcode/DerivedData/Molten-dwnouowhlxjhigdgjryrxxsdqnmu/Build/Intermediates.noindex/Molten.build/Debug-iphonesimulator/PerformanceTests.build/Objects-normal/arm64/PerformanceTests.SwiftFileList -DDEBUG -plugin-path /Applications/Xcode.app/Contents/Developer/Toolchains/XcodeDefault.xctoolchain/usr/lib/swift/host/plugins/testing -enable-upcoming-feature MemberImportVisibility -enable-upcoming-feature InferIsolatedConformances -enable-upcoming-feature NonisolatedNonsendingByDefault -enable-experimental-feature DebugDescriptionMacro -sdk /Applications/Xcode.app/Contents/Developer/Platforms/iPhoneSimulator.platform/Developer/SDKs/iPhoneSimulator26.0.sdk -target arm64-apple-ios26.0-simulator -g -module-cache-path /Users/binde/Library/Developer/Xcode/DerivedData/ModuleCache.noindex -Xfrontend -serialize-debugging-options -profile-coverage-mapping -profile-generate -enable-testing -index-store-path /Users/binde/Library/Developer/Xcode/DerivedData/Molten-dwnouowhlxjhigdgjryrxxsdqnmu/Index.noindex/DataStore -Xcc -D_LIBCPP_HARDENING_MODE\=_LIBCPP_HARDENING_MODE_DEBUG -swift-version 6 -I /Users/binde/Library/Developer/Xcode/DerivedData/Molten-dwnouowhlxjhigdgjryrxxsdqnmu/Build/Products/Debug-iphonesimulator -Isystem /Applications/Xcode.app/Contents/Developer/Platforms/iPhoneSimulator.platform/Developer/usr/lib -F /Users/binde/Library/Developer/Xcode/DerivedData/Molten-dwnouowhlxjhigdgjryrxxsdqnmu/Build/Products/Debug-iphonesimulator -F /Applications/Xcode.app/Contents/Developer/Platforms/iPhoneSimulator.platform/Developer/Library/Frameworks -F /Applications/Xcode.app/Contents/Developer/Platforms/iPhoneSimulator.platform/Developer/SDKs/iPhoneSimulator26.0.sdk/Developer/Library/Frameworks -c -j11 -enable-batch-mode -incremental -Xcc -ivfsstatcache -Xcc /Users/binde/Library/Developer/Xcode/DerivedData/SDKStatCaches.noindex/iphonesimulator26.0-23A339-26257891a6c027eb51374368541b8346.sdkstatcache -output-file-map /Users/binde/Library/Developer/Xcode/DerivedData/Molten-dwnouowhlxjhigdgjryrxxsdqnmu/Build/Intermediates.noindex/Molten.build/Debug-iphonesimulator/PerformanceTests.build/Objects-normal/arm64/PerformanceTests-OutputFileMap.json -use-frontend-parseable-output -save-temps -no-color-diagnostics -explicit-module-build -module-cache-path /Users/binde/Library/Developer/Xcode/DerivedData/Molten-dwnouowhlxjhigdgjryrxxsdqnmu/Build/Intermediates.noindex/SwiftExplicitPrecompiledModules -clang-scanner-module-cache-path /Users/binde/Library/Developer/Xcode/DerivedData/ModuleCache.noindex -sdk-module-cache-path /Users/binde/Library/Developer/Xcode/DerivedData/ModuleCache.noindex -serialize-diagnostics -emit-dependencies -emit-module -emit-module-path /Users/binde/Library/Developer/Xcode/DerivedData/Molten-dwnouowhlxjhigdgjryrxxsdqnmu/Build/Intermediates.noindex/Molten.build/Debug-iphonesimulator/PerformanceTests.build/Objects-normal/arm64/PerformanceTests.swiftmodule -validate-clang-modules-once -clang-build-session-file /Users/binde/Library/Developer/Xcode/DerivedData/ModuleCache.noindex/Session.modulevalidation -Xcc -I/Users/binde/Library/Developer/Xcode/DerivedData/Molten-dwnouowhlxjhigdgjryrxxsdqnmu/Build/Intermediates.noindex/Molten.build/Debug-iphonesimulator/PerformanceTests.build/swift-overrides.hmap -emit-const-values -Xfrontend -const-gather-protocols-file -Xfrontend /Users/binde/Library/Developer/Xcode/DerivedData/Molten-dwnouowhlxjhigdgjryrxxsdqnmu/Build/Intermediates.noindex/Molten.build/Debug-iphonesimulator/PerformanceTests.build/Objects-normal/arm64/PerformanceTests_const_extract_protocols.json -Xcc -iquote -Xcc /Users/binde/Library/Developer/Xcode/DerivedData/Molten-dwnouowhlxjhigdgjryrxxsdqnmu/Build/Intermediates.noindex/Molten.build/Debug-iphonesimulator/PerformanceTests.build/PerformanceTests-generated-files.hmap -Xcc -I/Users/binde/Library/Developer/Xcode/DerivedData/Molten-dwnouowhlxjhigdgjryrxxsdqnmu/Build/Intermediates.noindex/Molten.build/Debug-iphonesimulator/PerformanceTests.build/PerformanceTests-own-target-headers.hmap -Xcc -I/Users/binde/Library/Developer/Xcode/DerivedData/Molten-dwnouowhlxjhigdgjryrxxsdqnmu/Build/Intermediates.noindex/Molten.build/Debug-iphonesimulator/PerformanceTests.build/PerformanceTests-all-target-headers.hmap -Xcc -iquote -Xcc /Users/binde/Library/Developer/Xcode/DerivedData/Molten-dwnouowhlxjhigdgjryrxxsdqnmu/Build/Intermediates.noindex/Molten.build/Debug-iphonesimulator/PerformanceTests.build/PerformanceTests-project-headers.hmap -Xcc -I/Users/binde/Library/Developer/Xcode/DerivedData/Molten-dwnouowhlxjhigdgjryrxxsdqnmu/Build/Products/Debug-iphonesimulator/include -Xcc -I/Users/binde/Library/Developer/Xcode/DerivedData/Molten-dwnouowhlxjhigdgjryrxxsdqnmu/Build/Intermediates.noindex/Molten.build/Debug-iphonesimulator/PerformanceTests.build/DerivedSources-normal/arm64 -Xcc -I/Users/binde/Library/Developer/Xcode/DerivedData/Molten-dwnouowhlxjhigdgjryrxxsdqnmu/Build/Intermediates.noindex/Molten.build/Debug-iphonesimulator/PerformanceTests.build/DerivedSources/arm64 -Xcc -I/Users/binde/Library/Developer/Xcode/DerivedData/Molten-dwnouowhlxjhigdgjryrxxsdqnmu/Build/Intermediates.noindex/Molten.build/Debug-iphonesimulator/PerformanceTests.build/DerivedSources -Xcc -DDEBUG\=1 -emit-objc-header -emit-objc-header-path /Users/binde/Library/Developer/Xcode/DerivedData/Molten-dwnouowhlxjhigdgjryrxxsdqnmu/Build/Intermediates.noindex/Molten.build/Debug-iphonesimulator/PerformanceTests.build/Objects-normal/arm64/PerformanceTests-Swift.h -working-directory /Users/binde/projects/classes -experimental-emit-module-separately -disable-cmo

SwiftDriverJobDiscovery normal arm64 Compiling InventorySearchSuggestionsTests.swift, InventoryViewComponentsTests.swift, LocationAutoCompleteFieldTests.swift, LocationDetailViewTests.swift, MockInventoryViewModel.swift, UserNotesEditorTests.swift, AddLogbookEntryViewTests.swift, LogbookViewTests.swift, MockLogbookViewModel.swift, ProjectDetailViewTests.swift, MockPurchasesViewModel.swift (in target 'MoltenTests' from project 'Molten')

SwiftCompile normal arm64 Compiling\ SimpleIsolatedTest.swift,\ TestConfiguration.swift,\ TestDataBuilder.swift,\ TestDataSetup.swift,\ TestHelpers.swift,\ AdvancedTestingTests.swift,\ BasicFunctionalityTests.swift,\ CoreFunctionalityTests.swift,\ CrossEntityIntegrationTests.swift,\ EndToEndWorkflowTests.swift,\ FixedBasicTests.swift,\ GlassItemSpecificTests.swift /Users/binde/projects/classes/Molten/Tests/MoltenTests/Infrastructure/SimpleIsolatedTest.swift /Users/binde/projects/classes/Molten/Tests/MoltenTests/Infrastructure/TestConfiguration.swift /Users/binde/projects/classes/Molten/Tests/MoltenTests/Infrastructure/TestDataBuilder.swift /Users/binde/projects/classes/Molten/Tests/MoltenTests/Infrastructure/TestDataSetup.swift /Users/binde/projects/classes/Molten/Tests/MoltenTests/Infrastructure/TestHelpers.swift /Users/binde/projects/classes/Molten/Tests/MoltenTests/Integration/AdvancedTestingTests.swift /Users/binde/projects/classes/Molten/Tests/MoltenTests/Integration/BasicFunctionalityTests.swift /Users/binde/projects/classes/Molten/Tests/MoltenTests/Integration/CoreFunctionalityTests.swift /Users/binde/projects/classes/Molten/Tests/MoltenTests/Integration/CrossEntityIntegrationTests.swift /Users/binde/projects/classes/Molten/Tests/MoltenTests/Integration/EndToEndWorkflowTests.swift /Users/binde/projects/classes/Molten/Tests/MoltenTests/Integration/FixedBasicTests.swift /Users/binde/projects/classes/Molten/Tests/MoltenTests/Integration/GlassItemSpecificTests.swift (in target 'MoltenTests' from project 'Molten')

SwiftCompile normal arm64 /Users/binde/projects/classes/Molten/Tests/MoltenTests/Infrastructure/SimpleIsolatedTest.swift (in target 'MoltenTests' from project 'Molten')
    cd /Users/binde/projects/classes
    

SwiftCompile normal arm64 /Users/binde/projects/classes/Molten/Tests/MoltenTests/Infrastructure/TestConfiguration.swift (in target 'MoltenTests' from project 'Molten')
    cd /Users/binde/projects/classes
    
/Users/binde/projects/classes/Molten/Tests/MoltenTests/Infrastructure/TestConfiguration.swift:42:13: warning: initialization of immutable value 'userTagsRepo' was never used; consider replacing with assignment to '_' or removing it
        let userTagsRepo = MockUserTagsRepository()
        ~~~~^~~~~~~~~~~~
        _

SwiftCompile normal arm64 /Users/binde/projects/classes/Molten/Tests/MoltenTests/Infrastructure/TestDataBuilder.swift (in target 'MoltenTests' from project 'Molten')
    cd /Users/binde/projects/classes
    

SwiftCompile normal arm64 /Users/binde/projects/classes/Molten/Tests/MoltenTests/Infrastructure/TestDataSetup.swift (in target 'MoltenTests' from project 'Molten')
    cd /Users/binde/projects/classes
    
/Users/binde/projects/classes/Molten/Tests/MoltenTests/Infrastructure/TestDataSetup.swift:269:44: warning: immutable value 'locationRepo' was never used; consider replacing with '_' or removing it
        let (glassItemRepo, inventoryRepo, locationRepo, itemTagsRepo, itemMinimumRepo) = try await setupCompleteTestEnvironment()
                                           ^~~~~~~~~~~~
                                           _
/Users/binde/projects/classes/Molten/Tests/MoltenTests/Infrastructure/TestDataSetup.swift:304:44: warning: immutable value 'locationRepo' was never used; consider replacing with '_' or removing it
        let (glassItemRepo, inventoryRepo, locationRepo, itemTagsRepo, _) = try await setupCompleteTestEnvironment()
                                           ^~~~~~~~~~~~
                                           _
/Users/binde/projects/classes/Molten/Tests/MoltenTests/Integration/AdvancedTestingTests.swift:57:17: note: '#expect(_:_:)' will always pass here; use 'Bool(true)' to silence this warning (from macro 'expect')
        #expect(true, "Concurrent UserDefaults operations should complete safely")
                ^~~~
/Users/binde/projects/classes/Molten/Tests/MoltenTests/Integration/AdvancedTestingTests.swift:146:29: note: '#expect(_:_:)' will always pass here; use 'Bool(true)' to silence this warning (from macro 'expect')
                    #expect(true, "Operation was properly cancelled with AsyncOperationError")
                            ^~~~
/Users/binde/projects/classes/Molten/Tests/MoltenTests/Integration/AdvancedTestingTests.swift:151:25: note: '#expect(_:_:)' will always pass here; use 'Bool(true)' to silence this warning (from macro 'expect')
                #expect(true, "Operation was properly cancelled with CancellationError")
                        ^~~~

SwiftCompile normal arm64 /Users/binde/projects/classes/Molten/Tests/MoltenTests/Infrastructure/TestHelpers.swift (in target 'MoltenTests' from project 'Molten')
    cd /Users/binde/projects/classes
    

SwiftCompile normal arm64 /Users/binde/projects/classes/Molten/Tests/MoltenTests/Integration/AdvancedTestingTests.swift (in target 'MoltenTests' from project 'Molten')
    cd /Users/binde/projects/classes
    
/Users/binde/projects/classes/Molten/Tests/MoltenTests/Integration/AdvancedTestingTests.swift:121:21: warning: immutable value 'i' was never used; consider replacing with '_' or removing it
                for i in 1...10 {
                    ^
                    _

SwiftCompile normal arm64 /Users/binde/projects/classes/Molten/Tests/MoltenTests/Integration/BasicFunctionalityTests.swift (in target 'MoltenTests' from project 'Molten')
    cd /Users/binde/projects/classes
    
/Users/binde/projects/classes/Molten/Tests/MoltenTests/Integration/BasicFunctionalityTests.swift:95:37: warning: immutable value 'inventoryService' was never used; consider replacing with '_' or removing it
        let (repos, catalogService, inventoryService) = try await createTestServices()
                                    ^~~~~~~~~~~~~~~~
                                    _
/Users/binde/projects/classes/Molten/Tests/MoltenTests/Integration/BasicFunctionalityTests.swift:124:21: warning: immutable value 'catalogService' was never used; consider replacing with '_' or removing it
        let (repos, catalogService, _) = try await createTestServices()
                    ^~~~~~~~~~~~~~
                    _
/Users/binde/projects/classes/Molten/Tests/MoltenTests/Integration/BasicFunctionalityTests.swift:133:13: warning: initialization of immutable value 'startTime' was never used; consider replacing with assignment to '_' or removing it
        let startTime = Date()
        ~~~~^~~~~~~~~
        _
/Users/binde/projects/classes/Molten/Tests/MoltenTests/Integration/BasicFunctionalityTests.swift:174:21: warning: immutable value 'catalogService' was never used; consider replacing with '_' or removing it
        let (repos, catalogService, inventoryService) = try await createTestServices()
                    ^~~~~~~~~~~~~~
                    _
/Users/binde/projects/classes/Molten/Tests/MoltenTests/Integration/BasicFunctionalityTests.swift:174:37: warning: immutable value 'inventoryService' was never used; consider replacing with '_' or removing it
        let (repos, catalogService, inventoryService) = try await createTestServices()
                                    ^~~~~~~~~~~~~~~~
                                    _
/Users/binde/projects/classes/Molten/Tests/MoltenTests/Integration/BasicFunctionalityTests.swift:204:21: warning: immutable value 'catalogService' was never used; consider replacing with '_' or removing it
        let (repos, catalogService, inventoryService) = try await createTestServices()
                    ^~~~~~~~~~~~~~
                    _
/Users/binde/projects/classes/Molten/Tests/MoltenTests/Integration/BasicFunctionalityTests.swift:204:37: warning: immutable value 'inventoryService' was never used; consider replacing with '_' or removing it
        let (repos, catalogService, inventoryService) = try await createTestServices()
                                    ^~~~~~~~~~~~~~~~
                                    _
/Users/binde/projects/classes/Molten/Tests/MoltenTests/Integration/BasicFunctionalityTests.swift:230:37: warning: immutable value 'inventoryService' was never used; consider replacing with '_' or removing it
        let (repos, catalogService, inventoryService) = try await createTestServices()
                                    ^~~~~~~~~~~~~~~~
                                    _
/Users/binde/projects/classes/Molten/Tests/MoltenTests/Integration/BasicFunctionalityTests.swift:270:21: warning: immutable value 'catalogService' was never used; consider replacing with '_' or removing it
        let (repos, catalogService, _) = try await createTestServices()
                    ^~~~~~~~~~~~~~
                    _

SwiftCompile normal arm64 /Users/binde/projects/classes/Molten/Tests/MoltenTests/Integration/CoreFunctionalityTests.swift (in target 'MoltenTests' from project 'Molten')
    cd /Users/binde/projects/classes
    
/Users/binde/projects/classes/Molten/Tests/MoltenTests/Integration/CoreFunctionalityTests.swift:74:33: warning: 'is' test is always true
        #expect(repos.glassItem is MockGlassItemRepository)
                                ^
/Users/binde/projects/classes/Molten/Tests/MoltenTests/Integration/CoreFunctionalityTests.swift:75:33: warning: 'is' test is always true
        #expect(repos.inventory is MockInventoryRepository)
                                ^
/Users/binde/projects/classes/Molten/Tests/MoltenTests/Integration/CoreFunctionalityTests.swift:83:32: warning: comparing non-optional value of type 'CatalogService' to 'nil' always returns true
        #expect(catalogService != nil)
                ~~~~~~~~~~~~~~ ^  ~~~
/Users/binde/projects/classes/Molten/Tests/MoltenTests/Integration/CoreFunctionalityTests.swift:84:42: warning: comparing non-optional value of type 'InventoryTrackingService' to 'nil' always returns true
        #expect(inventoryTrackingService != nil)
                ~~~~~~~~~~~~~~~~~~~~~~~~ ^  ~~~
/Users/binde/projects/classes/Molten/Tests/MoltenTests/Integration/CoreFunctionalityTests.swift:148:38: warning: result of call to 'createGlassItem(_:initialInventory:tags:)' is unused
            try await catalogService.createGlassItem(item, initialInventory: [], tags: [])
                                     ^              ~~~~~~~~~~~~~~~~~~~~~~~~~~~~~~~~~~~~~~
/Users/binde/projects/classes/Molten/Tests/MoltenTests/Integration/CoreFunctionalityTests.swift:223:68: warning: result of call to 'createInventory' is unused
            try await inventoryTrackingService.inventoryRepository.createInventory(inventory)
                                                                   ^              ~~~~~~~~~~~
/Users/binde/projects/classes/Molten/Tests/MoltenTests/Integration/CoreFunctionalityTests.swift:260:64: warning: result of call to 'createInventory' is unused
        try await inventoryTrackingService.inventoryRepository.createInventory(inventory)
                                                               ^              ~~~~~~~~~~~

SwiftCompile normal arm64 /Users/binde/projects/classes/Molten/Tests/MoltenTests/Integration/CrossEntityIntegrationTests.swift (in target 'MoltenTests' from project 'Molten')
    cd /Users/binde/projects/classes
    
/Users/binde/projects/classes/Molten/Tests/MoltenTests/Integration/CrossEntityIntegrationTests.swift:65:13: warning: initialization of immutable value 'testLocations' was never used; consider replacing with assignment to '_' or removing it
        let testLocations = [
        ~~~~^~~~~~~~~~~~~
        _

SwiftCompile normal arm64 /Users/binde/projects/classes/Molten/Tests/MoltenTests/Integration/EndToEndWorkflowTests.swift (in target 'MoltenTests' from project 'Molten')
    cd /Users/binde/projects/classes
    
/Users/binde/projects/classes/Molten/Tests/MoltenTests/Integration/EndToEndWorkflowTests.swift:38:9: warning: no 'async' operations occur within 'await' expression
        await CatalogDataCache.shared.clear()
        ^
/Users/binde/projects/classes/Molten/Tests/MoltenTests/Integration/EndToEndWorkflowTests.swift:74:34: warning: no 'async' operations occur within 'await' expression
        let inventoryViewModel = await InventoryViewModel(
                                 ^

SwiftCompile normal arm64 /Users/binde/projects/classes/Molten/Tests/MoltenTests/Integration/FixedBasicTests.swift (in target 'MoltenTests' from project 'Molten')
    cd /Users/binde/projects/classes
    
/Users/binde/projects/classes/Molten/Tests/MoltenTests/Integration/FixedBasicTests.swift:269:33: warning: immutable value 'repositories' was never used; consider replacing with '_' or removing it
        let (catalogService, _, repositories) = try await createIsolatedTestEnvironment()
                                ^~~~~~~~~~~~
                                _
/Users/binde/projects/classes/Molten/Tests/MoltenTests/Integration/FixedBasicTests.swift:300:30: warning: immutable value 'inventoryService' was never used; consider replacing with '_' or removing it
        let (catalogService, inventoryService, repositories) = try await createIsolatedTestEnvironment()
                             ^~~~~~~~~~~~~~~~
                             _
/Users/binde/projects/classes/Molten/Tests/MoltenTests/Integration/FixedBasicTests.swift:300:48: warning: immutable value 'repositories' was never used; consider replacing with '_' or removing it
        let (catalogService, inventoryService, repositories) = try await createIsolatedTestEnvironment()
                                               ^~~~~~~~~~~~
                                               _
/Users/binde/projects/classes/Molten/Tests/MoltenTests/Integration/FixedBasicTests.swift:318:14: warning: immutable value 'catalogService' was never used; consider replacing with '_' or removing it
        let (catalogService, _, repositories) = try await createIsolatedTestEnvironment()
             ^~~~~~~~~~~~~~
             _
/Users/binde/projects/classes/Molten/Tests/MoltenTests/Integration/FixedBasicTests.swift:338:14: warning: immutable value 'catalogService' was never used; consider replacing with '_' or removing it
        let (catalogService, inventoryService, repositories) = try await createIsolatedTestEnvironment()
             ^~~~~~~~~~~~~~
             _
/Users/binde/projects/classes/Molten/Tests/MoltenTests/Integration/FixedBasicTests.swift:338:30: warning: immutable value 'inventoryService' was never used; consider replacing with '_' or removing it
        let (catalogService, inventoryService, repositories) = try await createIsolatedTestEnvironment()
                             ^~~~~~~~~~~~~~~~
                             _
/Users/binde/projects/classes/Molten/Tests/MoltenTests/Integration/FixedBasicTests.swift:354:14: warning: immutable value 'catalogService' was never used; consider replacing with '_' or removing it
        let (catalogService, inventoryService, repositories) = try await createIsolatedTestEnvironment()
             ^~~~~~~~~~~~~~
             _
/Users/binde/projects/classes/Molten/Tests/MoltenTests/Integration/FixedBasicTests.swift:354:30: warning: immutable value 'inventoryService' was never used; consider replacing with '_' or removing it
        let (catalogService, inventoryService, repositories) = try await createIsolatedTestEnvironment()
                             ^~~~~~~~~~~~~~~~
                             _
/Users/binde/projects/classes/Molten/Tests/MoltenTests/Integration/FixedBasicTests.swift:373:14: warning: immutable value 'catalogService' was never used; consider replacing with '_' or removing it
        let (catalogService, inventoryService, repositories) = try await createIsolatedTestEnvironment()
             ^~~~~~~~~~~~~~
             _
/Users/binde/projects/classes/Molten/Tests/MoltenTests/Integration/FixedBasicTests.swift:373:30: warning: immutable value 'inventoryService' was never used; consider replacing with '_' or removing it
        let (catalogService, inventoryService, repositories) = try await createIsolatedTestEnvironment()
                             ^~~~~~~~~~~~~~~~
                             _
/Users/binde/projects/classes/Molten/Tests/MoltenTests/Integration/FixedBasicTests.swift:410:14: warning: immutable value 'catalogService' was never used; consider replacing with '_' or removing it
        let (catalogService, _, repositories) = try await createIsolatedTestEnvironment()
             ^~~~~~~~~~~~~~
             _
/Users/binde/projects/classes/Molten/Tests/MoltenTests/Integration/FixedBasicTests.swift:430:14: warning: immutable value 'catalogService' was never used; consider replacing with '_' or removing it
        let (catalogService, _, repositories) = try await createIsolatedTestEnvironment()
             ^~~~~~~~~~~~~~
             _
/Users/binde/projects/classes/Molten/Tests/MoltenTests/Integration/FixedBasicTests.swift:449:14: warning: immutable value 'catalogService' was never used; consider replacing with '_' or removing it
        let (catalogService, _, repositories) = try await createIsolatedTestEnvironment()
             ^~~~~~~~~~~~~~
             _
/Users/binde/projects/classes/Molten/Tests/MoltenTests/Integration/FixedBasicTests.swift:472:14: warning: immutable value 'catalogService' was never used; consider replacing with '_' or removing it
        let (catalogService, _, repositories) = try await createIsolatedTestEnvironment()
             ^~~~~~~~~~~~~~
             _

SwiftCompile normal arm64 /Users/binde/projects/classes/Molten/Tests/MoltenTests/Integration/GlassItemSpecificTests.swift (in target 'MoltenTests' from project 'Molten')
    cd /Users/binde/projects/classes
    
/Users/binde/projects/classes/Molten/Tests/MoltenTests/Integration/GlassItemSpecificTests.swift:191:13: warning: initialization of immutable value 'createdItem' was never used; consider replacing with assignment to '_' or removing it
        let createdItem = try await repos.glassItem.createItem(testItem)
        ~~~~^~~~~~~~~~~
        _
/Users/binde/projects/classes/Molten/Tests/MoltenTests/Integration/GlassItemSpecificTests.swift:209:14: warning: immutable value 'repos' was never used; consider replacing with '_' or removing it
        let (repos, catalogService, _) = try await createTestEnvironmentWithStandardItems()
             ^~~~~
             _
/Users/binde/projects/classes/Molten/Tests/MoltenTests/Integration/GlassItemSpecificTests.swift:247:14: warning: immutable value 'repos' was never used; consider replacing with '_' or removing it
        let (repos, catalogService, _) = try await createTestEnvironmentWithStandardItems()
             ^~~~~
             _
/Users/binde/projects/classes/Molten/Tests/MoltenTests/Integration/GlassItemSpecificTests.swift:284:24: warning: immutable value 'inventoryService' was never used; consider replacing with '_' or removing it
        let (repos, _, inventoryService) = try await createTestEnvironmentWithStandardItems()
                       ^~~~~~~~~~~~~~~~
                       _
/Users/binde/projects/classes/Molten/Tests/MoltenTests/Integration/GlassItemSpecificTests.swift:305:14: warning: immutable value 'repos' was never used; consider replacing with '_' or removing it
        let (repos, catalogService, _) = try await createTestEnvironmentWithStandardItems()
             ^~~~~
             _
/Users/binde/projects/classes/Molten/Tests/MoltenTests/Integration/GlassItemSpecificTests.swift:346:37: warning: immutable value 'inventoryService' was never used; consider replacing with '_' or removing it
        let (repos, catalogService, inventoryService) = try await createTestEnvironmentWithStandardItems()
                                    ^~~~~~~~~~~~~~~~
                                    _

SwiftCompile normal arm64 Compiling\ InventoryImportServiceTests.swift /Users/binde/projects/classes/Molten/Tests/InventoryImport/InventoryImportServiceTests.swift (in target 'InventoryImport' from project 'Molten')

SwiftCompile normal arm64 /Users/binde/projects/classes/Molten/Tests/InventoryImport/InventoryImportServiceTests.swift (in target 'InventoryImport' from project 'Molten')
    cd /Users/binde/projects/classes
    

SwiftDriverJobDiscovery normal arm64 Compiling UserSettingsOwnerTests.swift, UserSettingsTests.swift, LabelDataOwnerTests.swift, LabelPrintingOwnerTests.swift, LabelTextAlignmentTests.swift, LabelTextFieldOwnerTests.swift, MainTabViewTests.swift, ShareExtensionImageTests.swift, ShareExtensionTests.swift, TabConfigurationTests.swift, TabNavigationTests.swift (in target 'MoltenTests' from project 'Molten')

SwiftCompile normal arm64 Compiling\ TestHelpers.swift /Users/binde/projects/classes/Molten/Tests/MoltenTests/Infrastructure/TestHelpers.swift (in target 'InventoryImport' from project 'Molten')

SwiftCompile normal arm64 /Users/binde/projects/classes/Molten/Tests/MoltenTests/Infrastructure/TestHelpers.swift (in target 'InventoryImport' from project 'Molten')
    cd /Users/binde/projects/classes
    

SwiftDriverJobDiscovery normal arm64 Compiling ToolItemDataLoadingServiceTests.swift, AdvancedTestingUtilities.swift, CollectionSafetyUtilities.swift, NetworkSimulationUtilities.swift, StringValidationUtilities.swift, UIStateManagers.swift, CoreDataLeakDiagnostic.swift, CoreDataPreventionSystem.swift, DiagnosticTests.swift, MockRepositoryDebugTest.swift, NewTestTemplate.swift, RepositoryIdentityTest.swift (in target 'MoltenTests' from project 'Molten')

SwiftDriverJobDiscovery normal arm64 Compiling InventoryImportServiceTests.swift (in target 'InventoryImport' from project 'Molten')

Ld /Users/binde/Library/Developer/Xcode/DerivedData/Molten-dwnouowhlxjhigdgjryrxxsdqnmu/Build/Products/Debug-iphonesimulator/Molten.app/PlugIns/RepositoryTests.xctest/RepositoryTests normal (in target 'RepositoryTests' from project 'Molten')
    cd /Users/binde/projects/classes
    /Applications/Xcode.app/Contents/Developer/Toolchains/XcodeDefault.xctoolchain/usr/bin/clang -Xlinker -reproducible -target arm64-apple-ios26.0-simulator -bundle -isysroot /Applications/Xcode.app/Contents/Developer/Platforms/iPhoneSimulator.platform/Developer/SDKs/iPhoneSimulator26.0.sdk -O0 -L/Users/binde/Library/Developer/Xcode/DerivedData/Molten-dwnouowhlxjhigdgjryrxxsdqnmu/Build/Intermediates.noindex/EagerLinkingTBDs/Debug-iphonesimulator -L/Users/binde/Library/Developer/Xcode/DerivedData/Molten-dwnouowhlxjhigdgjryrxxsdqnmu/Build/Products/Debug-iphonesimulator -L/Applications/Xcode.app/Contents/Developer/Platforms/iPhoneSimulator.platform/Developer/usr/lib -F/Users/binde/Library/Developer/Xcode/DerivedData/Molten-dwnouowhlxjhigdgjryrxxsdqnmu/Build/Intermediates.noindex/EagerLinkingTBDs/Debug-iphonesimulator -F/Users/binde/Library/Developer/Xcode/DerivedData/Molten-dwnouowhlxjhigdgjryrxxsdqnmu/Build/Products/Debug-iphonesimulator -iframework /Applications/Xcode.app/Contents/Developer/Platforms/iPhoneSimulator.platform/Developer/Library/Frameworks -iframework /Applications/Xcode.app/Contents/Developer/Platforms/iPhoneSimulator.platform/Developer/SDKs/iPhoneSimulator26.0.sdk/Developer/Library/Frameworks -filelist /Users/binde/Library/Developer/Xcode/DerivedData/Molten-dwnouowhlxjhigdgjryrxxsdqnmu/Build/Intermediates.noindex/Molten.build/Debug-iphonesimulator/RepositoryTests.build/Objects-normal/arm64/RepositoryTests.LinkFileList -Xlinker -rpath -Xlinker @loader_path/Frameworks -Xlinker -rpath -Xlinker @executable_path/Frameworks -dead_strip -bundle_loader /Users/binde/Library/Developer/Xcode/DerivedData/Molten-dwnouowhlxjhigdgjryrxxsdqnmu/Build/Products/Debug-iphonesimulator/Molten.app/Molten -Xlinker -object_path_lto -Xlinker /Users/binde/Library/Developer/Xcode/DerivedData/Molten-dwnouowhlxjhigdgjryrxxsdqnmu/Build/Intermediates.noindex/Molten.build/Debug-iphonesimulator/RepositoryTests.build/Objects-normal/arm64/RepositoryTests_lto.o -rdynamic -Xlinker -no_deduplicate -Xlinker -objc_abi_version -Xlinker 2 -Xlinker -debug_variant -Xlinker -dependency_info -Xlinker /Users/binde/Library/Developer/Xcode/DerivedData/Molten-dwnouowhlxjhigdgjryrxxsdqnmu/Build/Intermediates.noindex/Molten.build/Debug-iphonesimulator/RepositoryTests.build/Objects-normal/arm64/RepositoryTests_dependency_info.dat -fobjc-link-runtime -fprofile-instr-generate -L/Applications/Xcode.app/Contents/Developer/Toolchains/XcodeDefault.xctoolchain/usr/lib/swift/iphonesimulator -L/usr/lib/swift -Xlinker -add_ast_path -Xlinker /Users/binde/Library/Developer/Xcode/DerivedData/Molten-dwnouowhlxjhigdgjryrxxsdqnmu/Build/Intermediates.noindex/Molten.build/Debug-iphonesimulator/RepositoryTests.build/Objects-normal/arm64/RepositoryTests.swiftmodule @/Users/binde/Library/Developer/Xcode/DerivedData/Molten-dwnouowhlxjhigdgjryrxxsdqnmu/Build/Intermediates.noindex/Molten.build/Debug-iphonesimulator/RepositoryTests.build/Objects-normal/arm64/RepositoryTests-linker-args.resp -Xlinker -needed_framework -Xlinker XCTest -framework XCTest -Xlinker -needed-lXCTestSwiftSupport -lXCTestSwiftSupport /Users/binde/Library/Developer/Xcode/DerivedData/Molten-dwnouowhlxjhigdgjryrxxsdqnmu/Build/Products/Debug-iphonesimulator/Molten.app/Molten.debug.dylib -Xlinker -no_adhoc_codesign -o /Users/binde/Library/Developer/Xcode/DerivedData/Molten-dwnouowhlxjhigdgjryrxxsdqnmu/Build/Products/Debug-iphonesimulator/Molten.app/PlugIns/RepositoryTests.xctest/RepositoryTests

Ld /Users/binde/Library/Developer/Xcode/DerivedData/Molten-dwnouowhlxjhigdgjryrxxsdqnmu/Build/Products/Debug-iphonesimulator/Molten.app/PlugIns/PerformanceTests.xctest/PerformanceTests normal (in target 'PerformanceTests' from project 'Molten')
    cd /Users/binde/projects/classes
    /Applications/Xcode.app/Contents/Developer/Toolchains/XcodeDefault.xctoolchain/usr/bin/clang -Xlinker -reproducible -target arm64-apple-ios26.0-simulator -bundle -isysroot /Applications/Xcode.app/Contents/Developer/Platforms/iPhoneSimulator.platform/Developer/SDKs/iPhoneSimulator26.0.sdk -O0 -L/Users/binde/Library/Developer/Xcode/DerivedData/Molten-dwnouowhlxjhigdgjryrxxsdqnmu/Build/Intermediates.noindex/EagerLinkingTBDs/Debug-iphonesimulator -L/Users/binde/Library/Developer/Xcode/DerivedData/Molten-dwnouowhlxjhigdgjryrxxsdqnmu/Build/Products/Debug-iphonesimulator -L/Applications/Xcode.app/Contents/Developer/Platforms/iPhoneSimulator.platform/Developer/usr/lib -F/Users/binde/Library/Developer/Xcode/DerivedData/Molten-dwnouowhlxjhigdgjryrxxsdqnmu/Build/Intermediates.noindex/EagerLinkingTBDs/Debug-iphonesimulator -F/Users/binde/Library/Developer/Xcode/DerivedData/Molten-dwnouowhlxjhigdgjryrxxsdqnmu/Build/Products/Debug-iphonesimulator -iframework /Applications/Xcode.app/Contents/Developer/Platforms/iPhoneSimulator.platform/Developer/Library/Frameworks -iframework /Applications/Xcode.app/Contents/Developer/Platforms/iPhoneSimulator.platform/Developer/SDKs/iPhoneSimulator26.0.sdk/Developer/Library/Frameworks -filelist /Users/binde/Library/Developer/Xcode/DerivedData/Molten-dwnouowhlxjhigdgjryrxxsdqnmu/Build/Intermediates.noindex/Molten.build/Debug-iphonesimulator/PerformanceTests.build/Objects-normal/arm64/PerformanceTests.LinkFileList -Xlinker -rpath -Xlinker @loader_path/Frameworks -Xlinker -rpath -Xlinker @executable_path/Frameworks -dead_strip -bundle_loader /Users/binde/Library/Developer/Xcode/DerivedData/Molten-dwnouowhlxjhigdgjryrxxsdqnmu/Build/Products/Debug-iphonesimulator/Molten.app/Molten -Xlinker -object_path_lto -Xlinker /Users/binde/Library/Developer/Xcode/DerivedData/Molten-dwnouowhlxjhigdgjryrxxsdqnmu/Build/Intermediates.noindex/Molten.build/Debug-iphonesimulator/PerformanceTests.build/Objects-normal/arm64/PerformanceTests_lto.o -rdynamic -Xlinker -no_deduplicate -Xlinker -objc_abi_version -Xlinker 2 -Xlinker -debug_variant -Xlinker -dependency_info -Xlinker /Users/binde/Library/Developer/Xcode/DerivedData/Molten-dwnouowhlxjhigdgjryrxxsdqnmu/Build/Intermediates.noindex/Molten.build/Debug-iphonesimulator/PerformanceTests.build/Objects-normal/arm64/PerformanceTests_dependency_info.dat -fobjc-link-runtime -fprofile-instr-generate -L/Applications/Xcode.app/Contents/Developer/Toolchains/XcodeDefault.xctoolchain/usr/lib/swift/iphonesimulator -L/usr/lib/swift -Xlinker -add_ast_path -Xlinker /Users/binde/Library/Developer/Xcode/DerivedData/Molten-dwnouowhlxjhigdgjryrxxsdqnmu/Build/Intermediates.noindex/Molten.build/Debug-iphonesimulator/PerformanceTests.build/Objects-normal/arm64/PerformanceTests.swiftmodule @/Users/binde/Library/Developer/Xcode/DerivedData/Molten-dwnouowhlxjhigdgjryrxxsdqnmu/Build/Intermediates.noindex/Molten.build/Debug-iphonesimulator/PerformanceTests.build/Objects-normal/arm64/PerformanceTests-linker-args.resp -Xlinker -needed_framework -Xlinker XCTest -framework XCTest -Xlinker -needed-lXCTestSwiftSupport -lXCTestSwiftSupport /Users/binde/Library/Developer/Xcode/DerivedData/Molten-dwnouowhlxjhigdgjryrxxsdqnmu/Build/Products/Debug-iphonesimulator/Molten.app/Molten.debug.dylib -Xlinker -no_adhoc_codesign -o /Users/binde/Library/Developer/Xcode/DerivedData/Molten-dwnouowhlxjhigdgjryrxxsdqnmu/Build/Products/Debug-iphonesimulator/Molten.app/PlugIns/PerformanceTests.xctest/PerformanceTests

SwiftDriverJobDiscovery normal arm64 Compiling UIStateManagementTests.swift, MockShoppingListViewModel.swift, ShoppingListItemCreationTests.swift, ShoppingListOptionsViewTests.swift, ShoppingListViewTests.swift, ShoppingModeCheckoutTests.swift, ShoppingModeStateTests.swift, StoreAutoCompleteFieldTests.swift, GlassItemTypeSystemTests.swift, GlassTerminologySettingsTests.swift, GlassItemRepositoryDuplicateTests.swift (in target 'MoltenTests' from project 'Molten')

SwiftDriverJobDiscovery normal arm64 Compiling TestHelpers.swift (in target 'InventoryImport' from project 'Molten')

SwiftDriver\ Compilation InventoryImport normal arm64 com.apple.xcode.tools.swift.compiler (in target 'InventoryImport' from project 'Molten')
    cd /Users/binde/projects/classes
    builtin-Swift-Compilation -- /Applications/Xcode.app/Contents/Developer/Toolchains/XcodeDefault.xctoolchain/usr/bin/swiftc -module-name InventoryImport -Onone -enforce-exclusivity\=checked @/Users/binde/Library/Developer/Xcode/DerivedData/Molten-dwnouowhlxjhigdgjryrxxsdqnmu/Build/Intermediates.noindex/Molten.build/Debug-iphonesimulator/InventoryImport.build/Objects-normal/arm64/InventoryImport.SwiftFileList -DDEBUG -plugin-path /Applications/Xcode.app/Contents/Developer/Toolchains/XcodeDefault.xctoolchain/usr/lib/swift/host/plugins/testing -enable-bare-slash-regex -enable-upcoming-feature DisableOutwardActorInference -enable-upcoming-feature InferSendableFromCaptures -enable-upcoming-feature GlobalActorIsolatedTypesUsability -enable-upcoming-feature MemberImportVisibility -enable-upcoming-feature InferIsolatedConformances -enable-upcoming-feature NonisolatedNonsendingByDefault -enable-experimental-feature DebugDescriptionMacro -sdk /Applications/Xcode.app/Contents/Developer/Platforms/iPhoneSimulator.platform/Developer/SDKs/iPhoneSimulator26.0.sdk -target arm64-apple-ios26.0-simulator -g -module-cache-path /Users/binde/Library/Developer/Xcode/DerivedData/ModuleCache.noindex -Xfrontend -serialize-debugging-options -profile-coverage-mapping -profile-generate -enable-testing -index-store-path /Users/binde/Library/Developer/Xcode/DerivedData/Molten-dwnouowhlxjhigdgjryrxxsdqnmu/Index.noindex/DataStore -Xcc -D_LIBCPP_HARDENING_MODE\=_LIBCPP_HARDENING_MODE_DEBUG -swift-version 5 -I /Users/binde/Library/Developer/Xcode/DerivedData/Molten-dwnouowhlxjhigdgjryrxxsdqnmu/Build/Products/Debug-iphonesimulator -Isystem /Applications/Xcode.app/Contents/Developer/Platforms/iPhoneSimulator.platform/Developer/usr/lib -F /Users/binde/Library/Developer/Xcode/DerivedData/Molten-dwnouowhlxjhigdgjryrxxsdqnmu/Build/Products/Debug-iphonesimulator -F /Applications/Xcode.app/Contents/Developer/Platforms/iPhoneSimulator.platform/Developer/Library/Frameworks -F /Applications/Xcode.app/Contents/Developer/Platforms/iPhoneSimulator.platform/Developer/SDKs/iPhoneSimulator26.0.sdk/Developer/Library/Frameworks -c -j11 -enable-batch-mode -incremental -Xcc -ivfsstatcache -Xcc /Users/binde/Library/Developer/Xcode/DerivedData/SDKStatCaches.noindex/iphonesimulator26.0-23A339-26257891a6c027eb51374368541b8346.sdkstatcache -output-file-map /Users/binde/Library/Developer/Xcode/DerivedData/Molten-dwnouowhlxjhigdgjryrxxsdqnmu/Build/Intermediates.noindex/Molten.build/Debug-iphonesimulator/InventoryImport.build/Objects-normal/arm64/InventoryImport-OutputFileMap.json -use-frontend-parseable-output -save-temps -no-color-diagnostics -explicit-module-build -module-cache-path /Users/binde/Library/Developer/Xcode/DerivedData/Molten-dwnouowhlxjhigdgjryrxxsdqnmu/Build/Intermediates.noindex/SwiftExplicitPrecompiledModules -clang-scanner-module-cache-path /Users/binde/Library/Developer/Xcode/DerivedData/ModuleCache.noindex -sdk-module-cache-path /Users/binde/Library/Developer/Xcode/DerivedData/ModuleCache.noindex -serialize-diagnostics -emit-dependencies -emit-module -emit-module-path /Users/binde/Library/Developer/Xcode/DerivedData/Molten-dwnouowhlxjhigdgjryrxxsdqnmu/Build/Intermediates.noindex/Molten.build/Debug-iphonesimulator/InventoryImport.build/Objects-normal/arm64/InventoryImport.swiftmodule -validate-clang-modules-once -clang-build-session-file /Users/binde/Library/Developer/Xcode/DerivedData/ModuleCache.noindex/Session.modulevalidation -Xcc -I/Users/binde/Library/Developer/Xcode/DerivedData/Molten-dwnouowhlxjhigdgjryrxxsdqnmu/Build/Intermediates.noindex/Molten.build/Debug-iphonesimulator/InventoryImport.build/swift-overrides.hmap -emit-const-values -Xfrontend -const-gather-protocols-file -Xfrontend /Users/binde/Library/Developer/Xcode/DerivedData/Molten-dwnouowhlxjhigdgjryrxxsdqnmu/Build/Intermediates.noindex/Molten.build/Debug-iphonesimulator/InventoryImport.build/Objects-normal/arm64/InventoryImport_const_extract_protocols.json -Xcc -iquote -Xcc /Users/binde/Library/Developer/Xcode/DerivedData/Molten-dwnouowhlxjhigdgjryrxxsdqnmu/Build/Intermediates.noindex/Molten.build/Debug-iphonesimulator/InventoryImport.build/InventoryImport-generated-files.hmap -Xcc -I/Users/binde/Library/Developer/Xcode/DerivedData/Molten-dwnouowhlxjhigdgjryrxxsdqnmu/Build/Intermediates.noindex/Molten.build/Debug-iphonesimulator/InventoryImport.build/InventoryImport-own-target-headers.hmap -Xcc -I/Users/binde/Library/Developer/Xcode/DerivedData/Molten-dwnouowhlxjhigdgjryrxxsdqnmu/Build/Intermediates.noindex/Molten.build/Debug-iphonesimulator/InventoryImport.build/InventoryImport-all-target-headers.hmap -Xcc -iquote -Xcc /Users/binde/Library/Developer/Xcode/DerivedData/Molten-dwnouowhlxjhigdgjryrxxsdqnmu/Build/Intermediates.noindex/Molten.build/Debug-iphonesimulator/InventoryImport.build/InventoryImport-project-headers.hmap -Xcc -I/Users/binde/Library/Developer/Xcode/DerivedData/Molten-dwnouowhlxjhigdgjryrxxsdqnmu/Build/Products/Debug-iphonesimulator/include -Xcc -I/Users/binde/Library/Developer/Xcode/DerivedData/Molten-dwnouowhlxjhigdgjryrxxsdqnmu/Build/Intermediates.noindex/Molten.build/Debug-iphonesimulator/InventoryImport.build/DerivedSources-normal/arm64 -Xcc -I/Users/binde/Library/Developer/Xcode/DerivedData/Molten-dwnouowhlxjhigdgjryrxxsdqnmu/Build/Intermediates.noindex/Molten.build/Debug-iphonesimulator/InventoryImport.build/DerivedSources/arm64 -Xcc -I/Users/binde/Library/Developer/Xcode/DerivedData/Molten-dwnouowhlxjhigdgjryrxxsdqnmu/Build/Intermediates.noindex/Molten.build/Debug-iphonesimulator/InventoryImport.build/DerivedSources -Xcc -DDEBUG\=1 -emit-objc-header -emit-objc-header-path /Users/binde/Library/Developer/Xcode/DerivedData/Molten-dwnouowhlxjhigdgjryrxxsdqnmu/Build/Intermediates.noindex/Molten.build/Debug-iphonesimulator/InventoryImport.build/Objects-normal/arm64/InventoryImport-Swift.h -working-directory /Users/binde/projects/classes -experimental-emit-module-separately -disable-cmo

Ld /Users/binde/Library/Developer/Xcode/DerivedData/Molten-dwnouowhlxjhigdgjryrxxsdqnmu/Build/Products/Debug-iphonesimulator/Molten.app/PlugIns/InventoryImport.xctest/InventoryImport normal (in target 'InventoryImport' from project 'Molten')
    cd /Users/binde/projects/classes
    /Applications/Xcode.app/Contents/Developer/Toolchains/XcodeDefault.xctoolchain/usr/bin/clang -Xlinker -reproducible -target arm64-apple-ios26.0-simulator -bundle -isysroot /Applications/Xcode.app/Contents/Developer/Platforms/iPhoneSimulator.platform/Developer/SDKs/iPhoneSimulator26.0.sdk -O0 -L/Users/binde/Library/Developer/Xcode/DerivedData/Molten-dwnouowhlxjhigdgjryrxxsdqnmu/Build/Intermediates.noindex/EagerLinkingTBDs/Debug-iphonesimulator -L/Users/binde/Library/Developer/Xcode/DerivedData/Molten-dwnouowhlxjhigdgjryrxxsdqnmu/Build/Products/Debug-iphonesimulator -L/Applications/Xcode.app/Contents/Developer/Platforms/iPhoneSimulator.platform/Developer/usr/lib -F/Users/binde/Library/Developer/Xcode/DerivedData/Molten-dwnouowhlxjhigdgjryrxxsdqnmu/Build/Intermediates.noindex/EagerLinkingTBDs/Debug-iphonesimulator -F/Users/binde/Library/Developer/Xcode/DerivedData/Molten-dwnouowhlxjhigdgjryrxxsdqnmu/Build/Products/Debug-iphonesimulator -iframework /Applications/Xcode.app/Contents/Developer/Platforms/iPhoneSimulator.platform/Developer/Library/Frameworks -iframework /Applications/Xcode.app/Contents/Developer/Platforms/iPhoneSimulator.platform/Developer/SDKs/iPhoneSimulator26.0.sdk/Developer/Library/Frameworks -filelist /Users/binde/Library/Developer/Xcode/DerivedData/Molten-dwnouowhlxjhigdgjryrxxsdqnmu/Build/Intermediates.noindex/Molten.build/Debug-iphonesimulator/InventoryImport.build/Objects-normal/arm64/InventoryImport.LinkFileList -Xlinker -rpath -Xlinker @loader_path/Frameworks -Xlinker -rpath -Xlinker @executable_path/Frameworks -dead_strip -bundle_loader /Users/binde/Library/Developer/Xcode/DerivedData/Molten-dwnouowhlxjhigdgjryrxxsdqnmu/Build/Products/Debug-iphonesimulator/Molten.app/Molten -Xlinker -object_path_lto -Xlinker /Users/binde/Library/Developer/Xcode/DerivedData/Molten-dwnouowhlxjhigdgjryrxxsdqnmu/Build/Intermediates.noindex/Molten.build/Debug-iphonesimulator/InventoryImport.build/Objects-normal/arm64/InventoryImport_lto.o -rdynamic -Xlinker -no_deduplicate -Xlinker -objc_abi_version -Xlinker 2 -Xlinker -debug_variant -Xlinker -dependency_info -Xlinker /Users/binde/Library/Developer/Xcode/DerivedData/Molten-dwnouowhlxjhigdgjryrxxsdqnmu/Build/Intermediates.noindex/Molten.build/Debug-iphonesimulator/InventoryImport.build/Objects-normal/arm64/InventoryImport_dependency_info.dat -fobjc-link-runtime -fprofile-instr-generate -L/Applications/Xcode.app/Contents/Developer/Toolchains/XcodeDefault.xctoolchain/usr/lib/swift/iphonesimulator -L/usr/lib/swift -Xlinker -add_ast_path -Xlinker /Users/binde/Library/Developer/Xcode/DerivedData/Molten-dwnouowhlxjhigdgjryrxxsdqnmu/Build/Intermediates.noindex/Molten.build/Debug-iphonesimulator/InventoryImport.build/Objects-normal/arm64/InventoryImport.swiftmodule @/Users/binde/Library/Developer/Xcode/DerivedData/Molten-dwnouowhlxjhigdgjryrxxsdqnmu/Build/Intermediates.noindex/Molten.build/Debug-iphonesimulator/InventoryImport.build/Objects-normal/arm64/InventoryImport-linker-args.resp -Xlinker -needed_framework -Xlinker XCTest -framework XCTest -Xlinker -needed-lXCTestSwiftSupport -lXCTestSwiftSupport /Users/binde/Library/Developer/Xcode/DerivedData/Molten-dwnouowhlxjhigdgjryrxxsdqnmu/Build/Products/Debug-iphonesimulator/Molten.app/Molten.debug.dylib -Xlinker -no_adhoc_codesign -o /Users/binde/Library/Developer/Xcode/DerivedData/Molten-dwnouowhlxjhigdgjryrxxsdqnmu/Build/Products/Debug-iphonesimulator/Molten.app/PlugIns/InventoryImport.xctest/InventoryImport

ExtractAppIntentsMetadata (in target 'PerformanceTests' from project 'Molten')
    cd /Users/binde/projects/classes
    /Applications/Xcode.app/Contents/Developer/Toolchains/XcodeDefault.xctoolchain/usr/bin/appintentsmetadataprocessor --toolchain-dir /Applications/Xcode.app/Contents/Developer/Toolchains/XcodeDefault.xctoolchain --module-name PerformanceTests --sdk-root /Applications/Xcode.app/Contents/Developer/Platforms/iPhoneSimulator.platform/Developer/SDKs/iPhoneSimulator26.0.sdk --xcode-version 17A400 --platform-family iOS --deployment-target 26.0 --bundle-identifier motleywoods.PerformanceTests --output /Users/binde/Library/Developer/Xcode/DerivedData/Molten-dwnouowhlxjhigdgjryrxxsdqnmu/Build/Products/Debug-iphonesimulator/Molten.app/PlugIns/PerformanceTests.xctest --target-triple arm64-apple-ios26.0-simulator --binary-file /Users/binde/Library/Developer/Xcode/DerivedData/Molten-dwnouowhlxjhigdgjryrxxsdqnmu/Build/Products/Debug-iphonesimulator/Molten.app/PlugIns/PerformanceTests.xctest/PerformanceTests --dependency-file /Users/binde/Library/Developer/Xcode/DerivedData/Molten-dwnouowhlxjhigdgjryrxxsdqnmu/Build/Intermediates.noindex/Molten.build/Debug-iphonesimulator/PerformanceTests.build/Objects-normal/arm64/PerformanceTests_dependency_info.dat --stringsdata-file /Users/binde/Library/Developer/Xcode/DerivedData/Molten-dwnouowhlxjhigdgjryrxxsdqnmu/Build/Intermediates.noindex/Molten.build/Debug-iphonesimulator/PerformanceTests.build/Objects-normal/arm64/ExtractedAppShortcutsMetadata.stringsdata --source-file-list /Users/binde/Library/Developer/Xcode/DerivedData/Molten-dwnouowhlxjhigdgjryrxxsdqnmu/Build/Intermediates.noindex/Molten.build/Debug-iphonesimulator/PerformanceTests.build/Objects-normal/arm64/PerformanceTests.SwiftFileList --metadata-file-list /Users/binde/Library/Developer/Xcode/DerivedData/Molten-dwnouowhlxjhigdgjryrxxsdqnmu/Build/Intermediates.noindex/Molten.build/Debug-iphonesimulator/PerformanceTests.build/PerformanceTests.DependencyMetadataFileList --static-metadata-file-list /Users/binde/Library/Developer/Xcode/DerivedData/Molten-dwnouowhlxjhigdgjryrxxsdqnmu/Build/Intermediates.noindex/Molten.build/Debug-iphonesimulator/PerformanceTests.build/PerformanceTests.DependencyStaticMetadataFileList --swift-const-vals-list /Users/binde/Library/Developer/Xcode/DerivedData/Molten-dwnouowhlxjhigdgjryrxxsdqnmu/Build/Intermediates.noindex/Molten.build/Debug-iphonesimulator/PerformanceTests.build/Objects-normal/arm64/PerformanceTests.SwiftConstValuesFileList --compile-time-extraction --deployment-aware-processing --validate-assistant-intents --no-app-shortcuts-localization
2025-11-08 10:28:28.103 appintentsmetadataprocessor[2169:16486666] Starting appintentsmetadataprocessor export
2025-11-08 10:28:28.105 appintentsmetadataprocessor[2169:16486666] warning: Metadata extraction skipped. No AppIntents.framework dependency found.

CopySwiftLibs /Users/binde/Library/Developer/Xcode/DerivedData/Molten-dwnouowhlxjhigdgjryrxxsdqnmu/Build/Products/Debug-iphonesimulator/Molten.app/PlugIns/PerformanceTests.xctest (in target 'PerformanceTests' from project 'Molten')
    cd /Users/binde/projects/classes
    builtin-swiftStdLibTool --copy --verbose --sign - --scan-executable /Users/binde/Library/Developer/Xcode/DerivedData/Molten-dwnouowhlxjhigdgjryrxxsdqnmu/Build/Products/Debug-iphonesimulator/Molten.app/PlugIns/PerformanceTests.xctest/PerformanceTests --scan-folder /Users/binde/Library/Developer/Xcode/DerivedData/Molten-dwnouowhlxjhigdgjryrxxsdqnmu/Build/Products/Debug-iphonesimulator/Molten.app/PlugIns/PerformanceTests.xctest/Frameworks --scan-folder /Users/binde/Library/Developer/Xcode/DerivedData/Molten-dwnouowhlxjhigdgjryrxxsdqnmu/Build/Products/Debug-iphonesimulator/Molten.app/PlugIns/PerformanceTests.xctest/PlugIns --scan-folder /Users/binde/Library/Developer/Xcode/DerivedData/Molten-dwnouowhlxjhigdgjryrxxsdqnmu/Build/Products/Debug-iphonesimulator/Molten.app/PlugIns/PerformanceTests.xctest/SystemExtensions --scan-folder /Users/binde/Library/Developer/Xcode/DerivedData/Molten-dwnouowhlxjhigdgjryrxxsdqnmu/Build/Products/Debug-iphonesimulator/Molten.app/PlugIns/PerformanceTests.xctest/Extensions --platform iphonesimulator --toolchain /Applications/Xcode.app/Contents/Developer/Toolchains/XcodeDefault.xctoolchain --destination /Users/binde/Library/Developer/Xcode/DerivedData/Molten-dwnouowhlxjhigdgjryrxxsdqnmu/Build/Products/Debug-iphonesimulator/Molten.app/PlugIns/PerformanceTests.xctest/Frameworks --strip-bitcode --scan-executable /Applications/Xcode.app/Contents/Developer/Platforms/iPhoneSimulator.platform/Developer/usr/lib/libXCTestSwiftSupport.dylib --strip-bitcode-tool /Applications/Xcode.app/Contents/Developer/Toolchains/XcodeDefault.xctoolchain/usr/bin/bitcode_strip --emit-dependency-info /Users/binde/Library/Developer/Xcode/DerivedData/Molten-dwnouowhlxjhigdgjryrxxsdqnmu/Build/Intermediates.noindex/Molten.build/Debug-iphonesimulator/PerformanceTests.build/SwiftStdLibToolInputDependencies.dep --filter-for-swift-os

ExtractAppIntentsMetadata (in target 'RepositoryTests' from project 'Molten')
    cd /Users/binde/projects/classes
    /Applications/Xcode.app/Contents/Developer/Toolchains/XcodeDefault.xctoolchain/usr/bin/appintentsmetadataprocessor --toolchain-dir /Applications/Xcode.app/Contents/Developer/Toolchains/XcodeDefault.xctoolchain --module-name RepositoryTests --sdk-root /Applications/Xcode.app/Contents/Developer/Platforms/iPhoneSimulator.platform/Developer/SDKs/iPhoneSimulator26.0.sdk --xcode-version 17A400 --platform-family iOS --deployment-target 26.0 --bundle-identifier motleywoods.RepositoryTests --output /Users/binde/Library/Developer/Xcode/DerivedData/Molten-dwnouowhlxjhigdgjryrxxsdqnmu/Build/Products/Debug-iphonesimulator/Molten.app/PlugIns/RepositoryTests.xctest --target-triple arm64-apple-ios26.0-simulator --binary-file /Users/binde/Library/Developer/Xcode/DerivedData/Molten-dwnouowhlxjhigdgjryrxxsdqnmu/Build/Products/Debug-iphonesimulator/Molten.app/PlugIns/RepositoryTests.xctest/RepositoryTests --dependency-file /Users/binde/Library/Developer/Xcode/DerivedData/Molten-dwnouowhlxjhigdgjryrxxsdqnmu/Build/Intermediates.noindex/Molten.build/Debug-iphonesimulator/RepositoryTests.build/Objects-normal/arm64/RepositoryTests_dependency_info.dat --stringsdata-file /Users/binde/Library/Developer/Xcode/DerivedData/Molten-dwnouowhlxjhigdgjryrxxsdqnmu/Build/Intermediates.noindex/Molten.build/Debug-iphonesimulator/RepositoryTests.build/Objects-normal/arm64/ExtractedAppShortcutsMetadata.stringsdata --source-file-list /Users/binde/Library/Developer/Xcode/DerivedData/Molten-dwnouowhlxjhigdgjryrxxsdqnmu/Build/Intermediates.noindex/Molten.build/Debug-iphonesimulator/RepositoryTests.build/Objects-normal/arm64/RepositoryTests.SwiftFileList --metadata-file-list /Users/binde/Library/Developer/Xcode/DerivedData/Molten-dwnouowhlxjhigdgjryrxxsdqnmu/Build/Intermediates.noindex/Molten.build/Debug-iphonesimulator/RepositoryTests.build/RepositoryTests.DependencyMetadataFileList --static-metadata-file-list /Users/binde/Library/Developer/Xcode/DerivedData/Molten-dwnouowhlxjhigdgjryrxxsdqnmu/Build/Intermediates.noindex/Molten.build/Debug-iphonesimulator/RepositoryTests.build/RepositoryTests.DependencyStaticMetadataFileList --swift-const-vals-list /Users/binde/Library/Developer/Xcode/DerivedData/Molten-dwnouowhlxjhigdgjryrxxsdqnmu/Build/Intermediates.noindex/Molten.build/Debug-iphonesimulator/RepositoryTests.build/Objects-normal/arm64/RepositoryTests.SwiftConstValuesFileList --compile-time-extraction --deployment-aware-processing --validate-assistant-intents --no-app-shortcuts-localization
2025-11-08 10:28:28.127 appintentsmetadataprocessor[2170:16486670] Starting appintentsmetadataprocessor export
2025-11-08 10:28:28.128 appintentsmetadataprocessor[2170:16486670] warning: Metadata extraction skipped. No AppIntents.framework dependency found.

CopySwiftLibs /Users/binde/Library/Developer/Xcode/DerivedData/Molten-dwnouowhlxjhigdgjryrxxsdqnmu/Build/Products/Debug-iphonesimulator/Molten.app/PlugIns/RepositoryTests.xctest (in target 'RepositoryTests' from project 'Molten')
    cd /Users/binde/projects/classes
    builtin-swiftStdLibTool --copy --verbose --sign - --scan-executable /Users/binde/Library/Developer/Xcode/DerivedData/Molten-dwnouowhlxjhigdgjryrxxsdqnmu/Build/Products/Debug-iphonesimulator/Molten.app/PlugIns/RepositoryTests.xctest/RepositoryTests --scan-folder /Users/binde/Library/Developer/Xcode/DerivedData/Molten-dwnouowhlxjhigdgjryrxxsdqnmu/Build/Products/Debug-iphonesimulator/Molten.app/PlugIns/RepositoryTests.xctest/Frameworks --scan-folder /Users/binde/Library/Developer/Xcode/DerivedData/Molten-dwnouowhlxjhigdgjryrxxsdqnmu/Build/Products/Debug-iphonesimulator/Molten.app/PlugIns/RepositoryTests.xctest/PlugIns --scan-folder /Users/binde/Library/Developer/Xcode/DerivedData/Molten-dwnouowhlxjhigdgjryrxxsdqnmu/Build/Products/Debug-iphonesimulator/Molten.app/PlugIns/RepositoryTests.xctest/SystemExtensions --scan-folder /Users/binde/Library/Developer/Xcode/DerivedData/Molten-dwnouowhlxjhigdgjryrxxsdqnmu/Build/Products/Debug-iphonesimulator/Molten.app/PlugIns/RepositoryTests.xctest/Extensions --platform iphonesimulator --toolchain /Applications/Xcode.app/Contents/Developer/Toolchains/XcodeDefault.xctoolchain --destination /Users/binde/Library/Developer/Xcode/DerivedData/Molten-dwnouowhlxjhigdgjryrxxsdqnmu/Build/Products/Debug-iphonesimulator/Molten.app/PlugIns/RepositoryTests.xctest/Frameworks --strip-bitcode --scan-executable /Applications/Xcode.app/Contents/Developer/Platforms/iPhoneSimulator.platform/Developer/usr/lib/libXCTestSwiftSupport.dylib --strip-bitcode-tool /Applications/Xcode.app/Contents/Developer/Toolchains/XcodeDefault.xctoolchain/usr/bin/bitcode_strip --emit-dependency-info /Users/binde/Library/Developer/Xcode/DerivedData/Molten-dwnouowhlxjhigdgjryrxxsdqnmu/Build/Intermediates.noindex/Molten.build/Debug-iphonesimulator/RepositoryTests.build/SwiftStdLibToolInputDependencies.dep --filter-for-swift-os

AppIntentsSSUTraining (in target 'PerformanceTests' from project 'Molten')
    cd /Users/binde/projects/classes
    /Applications/Xcode.app/Contents/Developer/Toolchains/XcodeDefault.xctoolchain/usr/bin/appintentsnltrainingprocessor --infoplist-path /Users/binde/Library/Developer/Xcode/DerivedData/Molten-dwnouowhlxjhigdgjryrxxsdqnmu/Build/Products/Debug-iphonesimulator/Molten.app/PlugIns/PerformanceTests.xctest/Info.plist --temp-dir-path /Users/binde/Library/Developer/Xcode/DerivedData/Molten-dwnouowhlxjhigdgjryrxxsdqnmu/Build/Intermediates.noindex/Molten.build/Debug-iphonesimulator/PerformanceTests.build/ssu --bundle-id motleywoods.PerformanceTests --product-path /Users/binde/Library/Developer/Xcode/DerivedData/Molten-dwnouowhlxjhigdgjryrxxsdqnmu/Build/Products/Debug-iphonesimulator/Molten.app/PlugIns/PerformanceTests.xctest --extracted-metadata-path /Users/binde/Library/Developer/Xcode/DerivedData/Molten-dwnouowhlxjhigdgjryrxxsdqnmu/Build/Products/Debug-iphonesimulator/Molten.app/PlugIns/PerformanceTests.xctest/Metadata.appintents --metadata-file-list /Users/binde/Library/Developer/Xcode/DerivedData/Molten-dwnouowhlxjhigdgjryrxxsdqnmu/Build/Intermediates.noindex/Molten.build/Debug-iphonesimulator/PerformanceTests.build/PerformanceTests.DependencyMetadataFileList --archive-ssu-assets
2025-11-08 10:28:28.127 appintentsnltrainingprocessor[2171:16486671] Parsing options for appintentsnltrainingprocessor
2025-11-08 10:28:28.128 appintentsnltrainingprocessor[2171:16486671] No AppShortcuts found - Skipping.

ExtractAppIntentsMetadata (in target 'InventoryImport' from project 'Molten')
    cd /Users/binde/projects/classes
    /Applications/Xcode.app/Contents/Developer/Toolchains/XcodeDefault.xctoolchain/usr/bin/appintentsmetadataprocessor --toolchain-dir /Applications/Xcode.app/Contents/Developer/Toolchains/XcodeDefault.xctoolchain --module-name InventoryImport --sdk-root /Applications/Xcode.app/Contents/Developer/Platforms/iPhoneSimulator.platform/Developer/SDKs/iPhoneSimulator26.0.sdk --xcode-version 17A400 --platform-family iOS --deployment-target 26.0 --bundle-identifier motleywoods.InventoryImport --output /Users/binde/Library/Developer/Xcode/DerivedData/Molten-dwnouowhlxjhigdgjryrxxsdqnmu/Build/Products/Debug-iphonesimulator/Molten.app/PlugIns/InventoryImport.xctest --target-triple arm64-apple-ios26.0-simulator --binary-file /Users/binde/Library/Developer/Xcode/DerivedData/Molten-dwnouowhlxjhigdgjryrxxsdqnmu/Build/Products/Debug-iphonesimulator/Molten.app/PlugIns/InventoryImport.xctest/InventoryImport --dependency-file /Users/binde/Library/Developer/Xcode/DerivedData/Molten-dwnouowhlxjhigdgjryrxxsdqnmu/Build/Intermediates.noindex/Molten.build/Debug-iphonesimulator/InventoryImport.build/Objects-normal/arm64/InventoryImport_dependency_info.dat --stringsdata-file /Users/binde/Library/Developer/Xcode/DerivedData/Molten-dwnouowhlxjhigdgjryrxxsdqnmu/Build/Intermediates.noindex/Molten.build/Debug-iphonesimulator/InventoryImport.build/Objects-normal/arm64/ExtractedAppShortcutsMetadata.stringsdata --source-file-list /Users/binde/Library/Developer/Xcode/DerivedData/Molten-dwnouowhlxjhigdgjryrxxsdqnmu/Build/Intermediates.noindex/Molten.build/Debug-iphonesimulator/InventoryImport.build/Objects-normal/arm64/InventoryImport.SwiftFileList --metadata-file-list /Users/binde/Library/Developer/Xcode/DerivedData/Molten-dwnouowhlxjhigdgjryrxxsdqnmu/Build/Intermediates.noindex/Molten.build/Debug-iphonesimulator/InventoryImport.build/InventoryImport.DependencyMetadataFileList --static-metadata-file-list /Users/binde/Library/Developer/Xcode/DerivedData/Molten-dwnouowhlxjhigdgjryrxxsdqnmu/Build/Intermediates.noindex/Molten.build/Debug-iphonesimulator/InventoryImport.build/InventoryImport.DependencyStaticMetadataFileList --swift-const-vals-list /Users/binde/Library/Developer/Xcode/DerivedData/Molten-dwnouowhlxjhigdgjryrxxsdqnmu/Build/Intermediates.noindex/Molten.build/Debug-iphonesimulator/InventoryImport.build/Objects-normal/arm64/InventoryImport.SwiftConstValuesFileList --compile-time-extraction --deployment-aware-processing --validate-assistant-intents --no-app-shortcuts-localization
2025-11-08 10:28:28.129 appintentsmetadataprocessor[2172:16486672] Starting appintentsmetadataprocessor export
2025-11-08 10:28:28.131 appintentsmetadataprocessor[2172:16486672] warning: Metadata extraction skipped. No AppIntents.framework dependency found.

CopySwiftLibs /Users/binde/Library/Developer/Xcode/DerivedData/Molten-dwnouowhlxjhigdgjryrxxsdqnmu/Build/Products/Debug-iphonesimulator/Molten.app/PlugIns/InventoryImport.xctest (in target 'InventoryImport' from project 'Molten')
    cd /Users/binde/projects/classes
    builtin-swiftStdLibTool --copy --verbose --sign - --scan-executable /Users/binde/Library/Developer/Xcode/DerivedData/Molten-dwnouowhlxjhigdgjryrxxsdqnmu/Build/Products/Debug-iphonesimulator/Molten.app/PlugIns/InventoryImport.xctest/InventoryImport --scan-folder /Users/binde/Library/Developer/Xcode/DerivedData/Molten-dwnouowhlxjhigdgjryrxxsdqnmu/Build/Products/Debug-iphonesimulator/Molten.app/PlugIns/InventoryImport.xctest/Frameworks --scan-folder /Users/binde/Library/Developer/Xcode/DerivedData/Molten-dwnouowhlxjhigdgjryrxxsdqnmu/Build/Products/Debug-iphonesimulator/Molten.app/PlugIns/InventoryImport.xctest/PlugIns --scan-folder /Users/binde/Library/Developer/Xcode/DerivedData/Molten-dwnouowhlxjhigdgjryrxxsdqnmu/Build/Products/Debug-iphonesimulator/Molten.app/PlugIns/InventoryImport.xctest/SystemExtensions --scan-folder /Users/binde/Library/Developer/Xcode/DerivedData/Molten-dwnouowhlxjhigdgjryrxxsdqnmu/Build/Products/Debug-iphonesimulator/Molten.app/PlugIns/InventoryImport.xctest/Extensions --platform iphonesimulator --toolchain /Applications/Xcode.app/Contents/Developer/Toolchains/XcodeDefault.xctoolchain --destination /Users/binde/Library/Developer/Xcode/DerivedData/Molten-dwnouowhlxjhigdgjryrxxsdqnmu/Build/Products/Debug-iphonesimulator/Molten.app/PlugIns/InventoryImport.xctest/Frameworks --strip-bitcode --scan-executable /Applications/Xcode.app/Contents/Developer/Platforms/iPhoneSimulator.platform/Developer/usr/lib/libXCTestSwiftSupport.dylib --strip-bitcode-tool /Applications/Xcode.app/Contents/Developer/Toolchains/XcodeDefault.xctoolchain/usr/bin/bitcode_strip --emit-dependency-info /Users/binde/Library/Developer/Xcode/DerivedData/Molten-dwnouowhlxjhigdgjryrxxsdqnmu/Build/Intermediates.noindex/Molten.build/Debug-iphonesimulator/InventoryImport.build/SwiftStdLibToolInputDependencies.dep --filter-for-swift-os

AppIntentsSSUTraining (in target 'RepositoryTests' from project 'Molten')
    cd /Users/binde/projects/classes
    /Applications/Xcode.app/Contents/Developer/Toolchains/XcodeDefault.xctoolchain/usr/bin/appintentsnltrainingprocessor --infoplist-path /Users/binde/Library/Developer/Xcode/DerivedData/Molten-dwnouowhlxjhigdgjryrxxsdqnmu/Build/Products/Debug-iphonesimulator/Molten.app/PlugIns/RepositoryTests.xctest/Info.plist --temp-dir-path /Users/binde/Library/Developer/Xcode/DerivedData/Molten-dwnouowhlxjhigdgjryrxxsdqnmu/Build/Intermediates.noindex/Molten.build/Debug-iphonesimulator/RepositoryTests.build/ssu --bundle-id motleywoods.RepositoryTests --product-path /Users/binde/Library/Developer/Xcode/DerivedData/Molten-dwnouowhlxjhigdgjryrxxsdqnmu/Build/Products/Debug-iphonesimulator/Molten.app/PlugIns/RepositoryTests.xctest --extracted-metadata-path /Users/binde/Library/Developer/Xcode/DerivedData/Molten-dwnouowhlxjhigdgjryrxxsdqnmu/Build/Products/Debug-iphonesimulator/Molten.app/PlugIns/RepositoryTests.xctest/Metadata.appintents --metadata-file-list /Users/binde/Library/Developer/Xcode/DerivedData/Molten-dwnouowhlxjhigdgjryrxxsdqnmu/Build/Intermediates.noindex/Molten.build/Debug-iphonesimulator/RepositoryTests.build/RepositoryTests.DependencyMetadataFileList --archive-ssu-assets
2025-11-08 10:28:28.145 appintentsnltrainingprocessor[2173:16486673] Parsing options for appintentsnltrainingprocessor
2025-11-08 10:28:28.146 appintentsnltrainingprocessor[2173:16486673] No AppShortcuts found - Skipping.

AppIntentsSSUTraining (in target 'InventoryImport' from project 'Molten')
    cd /Users/binde/projects/classes
    /Applications/Xcode.app/Contents/Developer/Toolchains/XcodeDefault.xctoolchain/usr/bin/appintentsnltrainingprocessor --infoplist-path /Users/binde/Library/Developer/Xcode/DerivedData/Molten-dwnouowhlxjhigdgjryrxxsdqnmu/Build/Products/Debug-iphonesimulator/Molten.app/PlugIns/InventoryImport.xctest/Info.plist --temp-dir-path /Users/binde/Library/Developer/Xcode/DerivedData/Molten-dwnouowhlxjhigdgjryrxxsdqnmu/Build/Intermediates.noindex/Molten.build/Debug-iphonesimulator/InventoryImport.build/ssu --bundle-id motleywoods.InventoryImport --product-path /Users/binde/Library/Developer/Xcode/DerivedData/Molten-dwnouowhlxjhigdgjryrxxsdqnmu/Build/Products/Debug-iphonesimulator/Molten.app/PlugIns/InventoryImport.xctest --extracted-metadata-path /Users/binde/Library/Developer/Xcode/DerivedData/Molten-dwnouowhlxjhigdgjryrxxsdqnmu/Build/Products/Debug-iphonesimulator/Molten.app/PlugIns/InventoryImport.xctest/Metadata.appintents --metadata-file-list /Users/binde/Library/Developer/Xcode/DerivedData/Molten-dwnouowhlxjhigdgjryrxxsdqnmu/Build/Intermediates.noindex/Molten.build/Debug-iphonesimulator/InventoryImport.build/InventoryImport.DependencyMetadataFileList --archive-ssu-assets
2025-11-08 10:28:28.156 appintentsnltrainingprocessor[2174:16486674] Parsing options for appintentsnltrainingprocessor
2025-11-08 10:28:28.157 appintentsnltrainingprocessor[2174:16486674] No AppShortcuts found - Skipping.

CodeSign /Users/binde/Library/Developer/Xcode/DerivedData/Molten-dwnouowhlxjhigdgjryrxxsdqnmu/Build/Products/Debug-iphonesimulator/Molten.app/PlugIns/PerformanceTests.xctest (in target 'PerformanceTests' from project 'Molten')
    cd /Users/binde/projects/classes
    
    Signing Identity:     "Sign to Run Locally"
    
    /usr/bin/codesign --force --sign - --timestamp\=none --generate-entitlement-der /Users/binde/Library/Developer/Xcode/DerivedData/Molten-dwnouowhlxjhigdgjryrxxsdqnmu/Build/Products/Debug-iphonesimulator/Molten.app/PlugIns/PerformanceTests.xctest

CodeSign /Users/binde/Library/Developer/Xcode/DerivedData/Molten-dwnouowhlxjhigdgjryrxxsdqnmu/Build/Products/Debug-iphonesimulator/Molten.app/PlugIns/RepositoryTests.xctest (in target 'RepositoryTests' from project 'Molten')
    cd /Users/binde/projects/classes
    
    Signing Identity:     "Sign to Run Locally"
    
    /usr/bin/codesign --force --sign - --timestamp\=none --generate-entitlement-der /Users/binde/Library/Developer/Xcode/DerivedData/Molten-dwnouowhlxjhigdgjryrxxsdqnmu/Build/Products/Debug-iphonesimulator/Molten.app/PlugIns/RepositoryTests.xctest

CodeSign /Users/binde/Library/Developer/Xcode/DerivedData/Molten-dwnouowhlxjhigdgjryrxxsdqnmu/Build/Products/Debug-iphonesimulator/Molten.app/PlugIns/InventoryImport.xctest (in target 'InventoryImport' from project 'Molten')
    cd /Users/binde/projects/classes
    
    Signing Identity:     "Sign to Run Locally"
    
    /usr/bin/codesign --force --sign - --timestamp\=none --generate-entitlement-der /Users/binde/Library/Developer/Xcode/DerivedData/Molten-dwnouowhlxjhigdgjryrxxsdqnmu/Build/Products/Debug-iphonesimulator/Molten.app/PlugIns/InventoryImport.xctest

RegisterExecutionPolicyException /Users/binde/Library/Developer/Xcode/DerivedData/Molten-dwnouowhlxjhigdgjryrxxsdqnmu/Build/Products/Debug-iphonesimulator/Molten.app/PlugIns/PerformanceTests.xctest (in target 'PerformanceTests' from project 'Molten')
    cd /Users/binde/projects/classes
    builtin-RegisterExecutionPolicyException /Users/binde/Library/Developer/Xcode/DerivedData/Molten-dwnouowhlxjhigdgjryrxxsdqnmu/Build/Products/Debug-iphonesimulator/Molten.app/PlugIns/PerformanceTests.xctest

RegisterExecutionPolicyException /Users/binde/Library/Developer/Xcode/DerivedData/Molten-dwnouowhlxjhigdgjryrxxsdqnmu/Build/Products/Debug-iphonesimulator/Molten.app/PlugIns/RepositoryTests.xctest (in target 'RepositoryTests' from project 'Molten')
    cd /Users/binde/projects/classes
    builtin-RegisterExecutionPolicyException /Users/binde/Library/Developer/Xcode/DerivedData/Molten-dwnouowhlxjhigdgjryrxxsdqnmu/Build/Products/Debug-iphonesimulator/Molten.app/PlugIns/RepositoryTests.xctest

RegisterExecutionPolicyException /Users/binde/Library/Developer/Xcode/DerivedData/Molten-dwnouowhlxjhigdgjryrxxsdqnmu/Build/Products/Debug-iphonesimulator/Molten.app/PlugIns/InventoryImport.xctest (in target 'InventoryImport' from project 'Molten')
    cd /Users/binde/projects/classes
    builtin-RegisterExecutionPolicyException /Users/binde/Library/Developer/Xcode/DerivedData/Molten-dwnouowhlxjhigdgjryrxxsdqnmu/Build/Products/Debug-iphonesimulator/Molten.app/PlugIns/InventoryImport.xctest

Touch /Users/binde/Library/Developer/Xcode/DerivedData/Molten-dwnouowhlxjhigdgjryrxxsdqnmu/Build/Products/Debug-iphonesimulator/Molten.app/PlugIns/InventoryImport.xctest (in target 'InventoryImport' from project 'Molten')
    cd /Users/binde/projects/classes
    /usr/bin/touch -c /Users/binde/Library/Developer/Xcode/DerivedData/Molten-dwnouowhlxjhigdgjryrxxsdqnmu/Build/Products/Debug-iphonesimulator/Molten.app/PlugIns/InventoryImport.xctest

Touch /Users/binde/Library/Developer/Xcode/DerivedData/Molten-dwnouowhlxjhigdgjryrxxsdqnmu/Build/Products/Debug-iphonesimulator/Molten.app/PlugIns/RepositoryTests.xctest (in target 'RepositoryTests' from project 'Molten')
    cd /Users/binde/projects/classes
    /usr/bin/touch -c /Users/binde/Library/Developer/Xcode/DerivedData/Molten-dwnouowhlxjhigdgjryrxxsdqnmu/Build/Products/Debug-iphonesimulator/Molten.app/PlugIns/RepositoryTests.xctest

Touch /Users/binde/Library/Developer/Xcode/DerivedData/Molten-dwnouowhlxjhigdgjryrxxsdqnmu/Build/Products/Debug-iphonesimulator/Molten.app/PlugIns/PerformanceTests.xctest (in target 'PerformanceTests' from project 'Molten')
    cd /Users/binde/projects/classes
    /usr/bin/touch -c /Users/binde/Library/Developer/Xcode/DerivedData/Molten-dwnouowhlxjhigdgjryrxxsdqnmu/Build/Products/Debug-iphonesimulator/Molten.app/PlugIns/PerformanceTests.xctest

SwiftDriverJobDiscovery normal arm64 Emitting module for MoltenTests (in target 'MoltenTests' from project 'Molten')

SwiftDriver\ Compilation\ Requirements MoltenTests normal arm64 com.apple.xcode.tools.swift.compiler (in target 'MoltenTests' from project 'Molten')
    cd /Users/binde/projects/classes
    builtin-Swift-Compilation-Requirements -- /Applications/Xcode.app/Contents/Developer/Toolchains/XcodeDefault.xctoolchain/usr/bin/swiftc -module-name MoltenTests -Onone -enforce-exclusivity\=checked @/Users/binde/Library/Developer/Xcode/DerivedData/Molten-dwnouowhlxjhigdgjryrxxsdqnmu/Build/Intermediates.noindex/Molten.build/Debug-iphonesimulator/MoltenTests.build/Objects-normal/arm64/MoltenTests.SwiftFileList -DDEBUG -plugin-path /Applications/Xcode.app/Contents/Developer/Toolchains/XcodeDefault.xctoolchain/usr/lib/swift/host/plugins/testing -enable-upcoming-feature MemberImportVisibility -enable-upcoming-feature InferIsolatedConformances -enable-upcoming-feature NonisolatedNonsendingByDefault -enable-experimental-feature DebugDescriptionMacro -sdk /Applications/Xcode.app/Contents/Developer/Platforms/iPhoneSimulator.platform/Developer/SDKs/iPhoneSimulator26.0.sdk -target arm64-apple-ios26.0-simulator -g -module-cache-path /Users/binde/Library/Developer/Xcode/DerivedData/ModuleCache.noindex -Xfrontend -serialize-debugging-options -profile-coverage-mapping -profile-generate -enable-testing -index-store-path /Users/binde/Library/Developer/Xcode/DerivedData/Molten-dwnouowhlxjhigdgjryrxxsdqnmu/Index.noindex/DataStore -Xcc -D_LIBCPP_HARDENING_MODE\=_LIBCPP_HARDENING_MODE_DEBUG -swift-version 6 -I /Users/binde/Library/Developer/Xcode/DerivedData/Molten-dwnouowhlxjhigdgjryrxxsdqnmu/Build/Products/Debug-iphonesimulator -Isystem /Applications/Xcode.app/Contents/Developer/Platforms/iPhoneSimulator.platform/Developer/usr/lib -F /Users/binde/Library/Developer/Xcode/DerivedData/Molten-dwnouowhlxjhigdgjryrxxsdqnmu/Build/Products/Debug-iphonesimulator -F /Applications/Xcode.app/Contents/Developer/Platforms/iPhoneSimulator.platform/Developer/Library/Frameworks -F /Applications/Xcode.app/Contents/Developer/Platforms/iPhoneSimulator.platform/Developer/SDKs/iPhoneSimulator26.0.sdk/Developer/Library/Frameworks -c -j11 -enable-batch-mode -incremental -Xcc -ivfsstatcache -Xcc /Users/binde/Library/Developer/Xcode/DerivedData/SDKStatCaches.noindex/iphonesimulator26.0-23A339-26257891a6c027eb51374368541b8346.sdkstatcache -output-file-map /Users/binde/Library/Developer/Xcode/DerivedData/Molten-dwnouowhlxjhigdgjryrxxsdqnmu/Build/Intermediates.noindex/Molten.build/Debug-iphonesimulator/MoltenTests.build/Objects-normal/arm64/MoltenTests-OutputFileMap.json -use-frontend-parseable-output -save-temps -no-color-diagnostics -explicit-module-build -module-cache-path /Users/binde/Library/Developer/Xcode/DerivedData/Molten-dwnouowhlxjhigdgjryrxxsdqnmu/Build/Intermediates.noindex/SwiftExplicitPrecompiledModules -clang-scanner-module-cache-path /Users/binde/Library/Developer/Xcode/DerivedData/ModuleCache.noindex -sdk-module-cache-path /Users/binde/Library/Developer/Xcode/DerivedData/ModuleCache.noindex -serialize-diagnostics -emit-dependencies -emit-module -emit-module-path /Users/binde/Library/Developer/Xcode/DerivedData/Molten-dwnouowhlxjhigdgjryrxxsdqnmu/Build/Intermediates.noindex/Molten.build/Debug-iphonesimulator/MoltenTests.build/Objects-normal/arm64/MoltenTests.swiftmodule -validate-clang-modules-once -clang-build-session-file /Users/binde/Library/Developer/Xcode/DerivedData/ModuleCache.noindex/Session.modulevalidation -Xcc -I/Users/binde/Library/Developer/Xcode/DerivedData/Molten-dwnouowhlxjhigdgjryrxxsdqnmu/Build/Intermediates.noindex/Molten.build/Debug-iphonesimulator/MoltenTests.build/swift-overrides.hmap -emit-const-values -Xfrontend -const-gather-protocols-file -Xfrontend /Users/binde/Library/Developer/Xcode/DerivedData/Molten-dwnouowhlxjhigdgjryrxxsdqnmu/Build/Intermediates.noindex/Molten.build/Debug-iphonesimulator/MoltenTests.build/Objects-normal/arm64/MoltenTests_const_extract_protocols.json -Xcc -iquote -Xcc /Users/binde/Library/Developer/Xcode/DerivedData/Molten-dwnouowhlxjhigdgjryrxxsdqnmu/Build/Intermediates.noindex/Molten.build/Debug-iphonesimulator/MoltenTests.build/MoltenTests-generated-files.hmap -Xcc -I/Users/binde/Library/Developer/Xcode/DerivedData/Molten-dwnouowhlxjhigdgjryrxxsdqnmu/Build/Intermediates.noindex/Molten.build/Debug-iphonesimulator/MoltenTests.build/MoltenTests-own-target-headers.hmap -Xcc -I/Users/binde/Library/Developer/Xcode/DerivedData/Molten-dwnouowhlxjhigdgjryrxxsdqnmu/Build/Intermediates.noindex/Molten.build/Debug-iphonesimulator/MoltenTests.build/MoltenTests-all-target-headers.hmap -Xcc -iquote -Xcc /Users/binde/Library/Developer/Xcode/DerivedData/Molten-dwnouowhlxjhigdgjryrxxsdqnmu/Build/Intermediates.noindex/Molten.build/Debug-iphonesimulator/MoltenTests.build/MoltenTests-project-headers.hmap -Xcc -I/Users/binde/Library/Developer/Xcode/DerivedData/Molten-dwnouowhlxjhigdgjryrxxsdqnmu/Build/Products/Debug-iphonesimulator/include -Xcc -I/Users/binde/Library/Developer/Xcode/DerivedData/Molten-dwnouowhlxjhigdgjryrxxsdqnmu/Build/Intermediates.noindex/Molten.build/Debug-iphonesimulator/MoltenTests.build/DerivedSources-normal/arm64 -Xcc -I/Users/binde/Library/Developer/Xcode/DerivedData/Molten-dwnouowhlxjhigdgjryrxxsdqnmu/Build/Intermediates.noindex/Molten.build/Debug-iphonesimulator/MoltenTests.build/DerivedSources/arm64 -Xcc -I/Users/binde/Library/Developer/Xcode/DerivedData/Molten-dwnouowhlxjhigdgjryrxxsdqnmu/Build/Intermediates.noindex/Molten.build/Debug-iphonesimulator/MoltenTests.build/DerivedSources -Xcc -DDEBUG\=1 -emit-objc-header -emit-objc-header-path /Users/binde/Library/Developer/Xcode/DerivedData/Molten-dwnouowhlxjhigdgjryrxxsdqnmu/Build/Intermediates.noindex/Molten.build/Debug-iphonesimulator/MoltenTests.build/Objects-normal/arm64/MoltenTests-Swift.h -working-directory /Users/binde/projects/classes -experimental-emit-module-separately -disable-cmo

SwiftMergeGeneratedHeaders /Users/binde/Library/Developer/Xcode/DerivedData/Molten-dwnouowhlxjhigdgjryrxxsdqnmu/Build/Intermediates.noindex/Molten.build/Debug-iphonesimulator/MoltenTests.build/DerivedSources/MoltenTests-Swift.h /Users/binde/Library/Developer/Xcode/DerivedData/Molten-dwnouowhlxjhigdgjryrxxsdqnmu/Build/Intermediates.noindex/Molten.build/Debug-iphonesimulator/MoltenTests.build/Objects-normal/arm64/MoltenTests-Swift.h (in target 'MoltenTests' from project 'Molten')
    cd /Users/binde/projects/classes
    builtin-swiftHeaderTool -arch arm64 /Users/binde/Library/Developer/Xcode/DerivedData/Molten-dwnouowhlxjhigdgjryrxxsdqnmu/Build/Intermediates.noindex/Molten.build/Debug-iphonesimulator/MoltenTests.build/Objects-normal/arm64/MoltenTests-Swift.h -o /Users/binde/Library/Developer/Xcode/DerivedData/Molten-dwnouowhlxjhigdgjryrxxsdqnmu/Build/Intermediates.noindex/Molten.build/Debug-iphonesimulator/MoltenTests.build/DerivedSources/MoltenTests-Swift.h

Copy /Users/binde/Library/Developer/Xcode/DerivedData/Molten-dwnouowhlxjhigdgjryrxxsdqnmu/Build/Products/Debug-iphonesimulator/MoltenTests.swiftmodule/arm64-apple-ios-simulator.swiftmodule /Users/binde/Library/Developer/Xcode/DerivedData/Molten-dwnouowhlxjhigdgjryrxxsdqnmu/Build/Intermediates.noindex/Molten.build/Debug-iphonesimulator/MoltenTests.build/Objects-normal/arm64/MoltenTests.swiftmodule (in target 'MoltenTests' from project 'Molten')
    cd /Users/binde/projects/classes
    builtin-copy -exclude .DS_Store -exclude CVS -exclude .svn -exclude .git -exclude .hg -resolve-src-symlinks -rename /Users/binde/Library/Developer/Xcode/DerivedData/Molten-dwnouowhlxjhigdgjryrxxsdqnmu/Build/Intermediates.noindex/Molten.build/Debug-iphonesimulator/MoltenTests.build/Objects-normal/arm64/MoltenTests.swiftmodule /Users/binde/Library/Developer/Xcode/DerivedData/Molten-dwnouowhlxjhigdgjryrxxsdqnmu/Build/Products/Debug-iphonesimulator/MoltenTests.swiftmodule/arm64-apple-ios-simulator.swiftmodule

Copy /Users/binde/Library/Developer/Xcode/DerivedData/Molten-dwnouowhlxjhigdgjryrxxsdqnmu/Build/Products/Debug-iphonesimulator/MoltenTests.swiftmodule/arm64-apple-ios-simulator.swiftdoc /Users/binde/Library/Developer/Xcode/DerivedData/Molten-dwnouowhlxjhigdgjryrxxsdqnmu/Build/Intermediates.noindex/Molten.build/Debug-iphonesimulator/MoltenTests.build/Objects-normal/arm64/MoltenTests.swiftdoc (in target 'MoltenTests' from project 'Molten')
    cd /Users/binde/projects/classes
    builtin-copy -exclude .DS_Store -exclude CVS -exclude .svn -exclude .git -exclude .hg -resolve-src-symlinks -rename /Users/binde/Library/Developer/Xcode/DerivedData/Molten-dwnouowhlxjhigdgjryrxxsdqnmu/Build/Intermediates.noindex/Molten.build/Debug-iphonesimulator/MoltenTests.build/Objects-normal/arm64/MoltenTests.swiftdoc /Users/binde/Library/Developer/Xcode/DerivedData/Molten-dwnouowhlxjhigdgjryrxxsdqnmu/Build/Products/Debug-iphonesimulator/MoltenTests.swiftmodule/arm64-apple-ios-simulator.swiftdoc

Copy /Users/binde/Library/Developer/Xcode/DerivedData/Molten-dwnouowhlxjhigdgjryrxxsdqnmu/Build/Products/Debug-iphonesimulator/MoltenTests.swiftmodule/arm64-apple-ios-simulator.abi.json /Users/binde/Library/Developer/Xcode/DerivedData/Molten-dwnouowhlxjhigdgjryrxxsdqnmu/Build/Intermediates.noindex/Molten.build/Debug-iphonesimulator/MoltenTests.build/Objects-normal/arm64/MoltenTests.abi.json (in target 'MoltenTests' from project 'Molten')
    cd /Users/binde/projects/classes
    builtin-copy -exclude .DS_Store -exclude CVS -exclude .svn -exclude .git -exclude .hg -resolve-src-symlinks -rename /Users/binde/Library/Developer/Xcode/DerivedData/Molten-dwnouowhlxjhigdgjryrxxsdqnmu/Build/Intermediates.noindex/Molten.build/Debug-iphonesimulator/MoltenTests.build/Objects-normal/arm64/MoltenTests.abi.json /Users/binde/Library/Developer/Xcode/DerivedData/Molten-dwnouowhlxjhigdgjryrxxsdqnmu/Build/Products/Debug-iphonesimulator/MoltenTests.swiftmodule/arm64-apple-ios-simulator.abi.json

Copy /Users/binde/Library/Developer/Xcode/DerivedData/Molten-dwnouowhlxjhigdgjryrxxsdqnmu/Build/Products/Debug-iphonesimulator/MoltenTests.swiftmodule/Project/arm64-apple-ios-simulator.swiftsourceinfo /Users/binde/Library/Developer/Xcode/DerivedData/Molten-dwnouowhlxjhigdgjryrxxsdqnmu/Build/Intermediates.noindex/Molten.build/Debug-iphonesimulator/MoltenTests.build/Objects-normal/arm64/MoltenTests.swiftsourceinfo (in target 'MoltenTests' from project 'Molten')
    cd /Users/binde/projects/classes
    builtin-copy -exclude .DS_Store -exclude CVS -exclude .svn -exclude .git -exclude .hg -resolve-src-symlinks -rename /Users/binde/Library/Developer/Xcode/DerivedData/Molten-dwnouowhlxjhigdgjryrxxsdqnmu/Build/Intermediates.noindex/Molten.build/Debug-iphonesimulator/MoltenTests.build/Objects-normal/arm64/MoltenTests.swiftsourceinfo /Users/binde/Library/Developer/Xcode/DerivedData/Molten-dwnouowhlxjhigdgjryrxxsdqnmu/Build/Products/Debug-iphonesimulator/MoltenTests.swiftmodule/Project/arm64-apple-ios-simulator.swiftsourceinfo

SwiftDriverJobDiscovery normal arm64 Compiling StringExtensionsTests.swift, ValidationUtilitiesTests.swift, ViewUtilitiesTests.swift, CatalogBundleDebugViewTests.swift, CatalogViewDataInitializationTests.swift, GlassItemSearchSelectorTests.swift, MockCatalogViewModel.swift, AddInventoryItemViewTests.swift, InventoryDetailViewTests.swift, InventoryDetailViewUserNotesTests.swift, InventoryItemDetailViewTests.swift (in target 'MoltenTests' from project 'Molten')

SwiftDriverJobDiscovery normal arm64 Compiling SimpleIsolatedTest.swift, TestConfiguration.swift, TestDataBuilder.swift, TestDataSetup.swift, TestHelpers.swift, AdvancedTestingTests.swift, BasicFunctionalityTests.swift, CoreFunctionalityTests.swift, CrossEntityIntegrationTests.swift, EndToEndWorkflowTests.swift, FixedBasicTests.swift, GlassItemSpecificTests.swift (in target 'MoltenTests' from project 'Molten')

SwiftDriverJobDiscovery normal arm64 Compiling ErrorHandlingTests.swift, FilterUtilitiesTests.swift, ImageHelpersTests.swift, ImageLoadingTests.swift, ImagePermissionTests.swift, ImageTextExtractionTests.swift, NetworkSimulationTests.swift, SearchTextParserTests.swift, SearchUtilitiesConfigurationTests.swift, SearchUtilitiesTests.swift, SortUtilitiesTests.swift (in target 'MoltenTests' from project 'Molten')

SwiftDriverJobDiscovery normal arm64 Compiling IntegrationTests.swift, MultiUserScenarioTests.swift, UserTagsIntegrationTests.swift, ViewRepositoryIntegrationTests.swift, CatalogBuildModelTests.swift, CatalogItemEntityTests.swift, CatalogItemHelpersTests.swift, CatalogItemModelPhase1Tests.swift, CatalogItemParentModelTests.swift, DataModelValidationTests.swift, InventoryLocationTests.swift, ItemShoppingModelTests.swift (in target 'MoltenTests' from project 'Molten')

SwiftDriverJobDiscovery normal arm64 Compiling KilnScheduleModelTests.swift, LogbookModelTests.swift, ProjectGlassItemTests.swift, ProjectModelTests.swift, ProjectReferenceUrlTests.swift, TechniqueTypeTests.swift, WeightUnitTests.swift, InventoryRepositoryLocationTests.swift, MockLogbookRepositoryTests.swift, MockUserImageRepositoryTests.swift, ShoppingListRepositoryTests.swift, UserImageRepositoryTests.swift (in target 'MoltenTests' from project 'Molten')

SwiftDriverJobDiscovery normal arm64 Compiling CatalogServiceAdvancedTests.swift, DataExportServiceTests.swift, DataInitializationServiceTests.swift, DataLoadingServiceTests.swift, EntityCoordinatorTests.swift, GlassItemDataLoadingServiceTests.swift, InventoryServiceTests.swift, InventoryTrackingServiceLocationTests.swift, InventoryTrackingServiceTests.swift, JSONDataLoaderTests.swift, KilnScheduleServiceTests.swift, LabelPrintingServiceTests.swift (in target 'MoltenTests' from project 'Molten')

SwiftDriverJobDiscovery normal arm64 Compiling LocationServiceTests.swift, ProjectExportServiceTests.swift, ProjectImportServiceTests.swift, ProjectServiceTests.swift, PurchaseRecordServiceTests.swift, ReportingServiceTests.swift, ServiceCoordinationTests.swift, ShoppingListServiceTests.swift, ArrayExtensionsTests.swift, CatalogFormattersTests.swift, ErrorBoundaryTests.swift (in target 'MoltenTests' from project 'Molten')

SwiftDriver\ Compilation MoltenTests normal arm64 com.apple.xcode.tools.swift.compiler (in target 'MoltenTests' from project 'Molten')
    cd /Users/binde/projects/classes
    builtin-Swift-Compilation -- /Applications/Xcode.app/Contents/Developer/Toolchains/XcodeDefault.xctoolchain/usr/bin/swiftc -module-name MoltenTests -Onone -enforce-exclusivity\=checked @/Users/binde/Library/Developer/Xcode/DerivedData/Molten-dwnouowhlxjhigdgjryrxxsdqnmu/Build/Intermediates.noindex/Molten.build/Debug-iphonesimulator/MoltenTests.build/Objects-normal/arm64/MoltenTests.SwiftFileList -DDEBUG -plugin-path /Applications/Xcode.app/Contents/Developer/Toolchains/XcodeDefault.xctoolchain/usr/lib/swift/host/plugins/testing -enable-upcoming-feature MemberImportVisibility -enable-upcoming-feature InferIsolatedConformances -enable-upcoming-feature NonisolatedNonsendingByDefault -enable-experimental-feature DebugDescriptionMacro -sdk /Applications/Xcode.app/Contents/Developer/Platforms/iPhoneSimulator.platform/Developer/SDKs/iPhoneSimulator26.0.sdk -target arm64-apple-ios26.0-simulator -g -module-cache-path /Users/binde/Library/Developer/Xcode/DerivedData/ModuleCache.noindex -Xfrontend -serialize-debugging-options -profile-coverage-mapping -profile-generate -enable-testing -index-store-path /Users/binde/Library/Developer/Xcode/DerivedData/Molten-dwnouowhlxjhigdgjryrxxsdqnmu/Index.noindex/DataStore -Xcc -D_LIBCPP_HARDENING_MODE\=_LIBCPP_HARDENING_MODE_DEBUG -swift-version 6 -I /Users/binde/Library/Developer/Xcode/DerivedData/Molten-dwnouowhlxjhigdgjryrxxsdqnmu/Build/Products/Debug-iphonesimulator -Isystem /Applications/Xcode.app/Contents/Developer/Platforms/iPhoneSimulator.platform/Developer/usr/lib -F /Users/binde/Library/Developer/Xcode/DerivedData/Molten-dwnouowhlxjhigdgjryrxxsdqnmu/Build/Products/Debug-iphonesimulator -F /Applications/Xcode.app/Contents/Developer/Platforms/iPhoneSimulator.platform/Developer/Library/Frameworks -F /Applications/Xcode.app/Contents/Developer/Platforms/iPhoneSimulator.platform/Developer/SDKs/iPhoneSimulator26.0.sdk/Developer/Library/Frameworks -c -j11 -enable-batch-mode -incremental -Xcc -ivfsstatcache -Xcc /Users/binde/Library/Developer/Xcode/DerivedData/SDKStatCaches.noindex/iphonesimulator26.0-23A339-26257891a6c027eb51374368541b8346.sdkstatcache -output-file-map /Users/binde/Library/Developer/Xcode/DerivedData/Molten-dwnouowhlxjhigdgjryrxxsdqnmu/Build/Intermediates.noindex/Molten.build/Debug-iphonesimulator/MoltenTests.build/Objects-normal/arm64/MoltenTests-OutputFileMap.json -use-frontend-parseable-output -save-temps -no-color-diagnostics -explicit-module-build -module-cache-path /Users/binde/Library/Developer/Xcode/DerivedData/Molten-dwnouowhlxjhigdgjryrxxsdqnmu/Build/Intermediates.noindex/SwiftExplicitPrecompiledModules -clang-scanner-module-cache-path /Users/binde/Library/Developer/Xcode/DerivedData/ModuleCache.noindex -sdk-module-cache-path /Users/binde/Library/Developer/Xcode/DerivedData/ModuleCache.noindex -serialize-diagnostics -emit-dependencies -emit-module -emit-module-path /Users/binde/Library/Developer/Xcode/DerivedData/Molten-dwnouowhlxjhigdgjryrxxsdqnmu/Build/Intermediates.noindex/Molten.build/Debug-iphonesimulator/MoltenTests.build/Objects-normal/arm64/MoltenTests.swiftmodule -validate-clang-modules-once -clang-build-session-file /Users/binde/Library/Developer/Xcode/DerivedData/ModuleCache.noindex/Session.modulevalidation -Xcc -I/Users/binde/Library/Developer/Xcode/DerivedData/Molten-dwnouowhlxjhigdgjryrxxsdqnmu/Build/Intermediates.noindex/Molten.build/Debug-iphonesimulator/MoltenTests.build/swift-overrides.hmap -emit-const-values -Xfrontend -const-gather-protocols-file -Xfrontend /Users/binde/Library/Developer/Xcode/DerivedData/Molten-dwnouowhlxjhigdgjryrxxsdqnmu/Build/Intermediates.noindex/Molten.build/Debug-iphonesimulator/MoltenTests.build/Objects-normal/arm64/MoltenTests_const_extract_protocols.json -Xcc -iquote -Xcc /Users/binde/Library/Developer/Xcode/DerivedData/Molten-dwnouowhlxjhigdgjryrxxsdqnmu/Build/Intermediates.noindex/Molten.build/Debug-iphonesimulator/MoltenTests.build/MoltenTests-generated-files.hmap -Xcc -I/Users/binde/Library/Developer/Xcode/DerivedData/Molten-dwnouowhlxjhigdgjryrxxsdqnmu/Build/Intermediates.noindex/Molten.build/Debug-iphonesimulator/MoltenTests.build/MoltenTests-own-target-headers.hmap -Xcc -I/Users/binde/Library/Developer/Xcode/DerivedData/Molten-dwnouowhlxjhigdgjryrxxsdqnmu/Build/Intermediates.noindex/Molten.build/Debug-iphonesimulator/MoltenTests.build/MoltenTests-all-target-headers.hmap -Xcc -iquote -Xcc /Users/binde/Library/Developer/Xcode/DerivedData/Molten-dwnouowhlxjhigdgjryrxxsdqnmu/Build/Intermediates.noindex/Molten.build/Debug-iphonesimulator/MoltenTests.build/MoltenTests-project-headers.hmap -Xcc -I/Users/binde/Library/Developer/Xcode/DerivedData/Molten-dwnouowhlxjhigdgjryrxxsdqnmu/Build/Products/Debug-iphonesimulator/include -Xcc -I/Users/binde/Library/Developer/Xcode/DerivedData/Molten-dwnouowhlxjhigdgjryrxxsdqnmu/Build/Intermediates.noindex/Molten.build/Debug-iphonesimulator/MoltenTests.build/DerivedSources-normal/arm64 -Xcc -I/Users/binde/Library/Developer/Xcode/DerivedData/Molten-dwnouowhlxjhigdgjryrxxsdqnmu/Build/Intermediates.noindex/Molten.build/Debug-iphonesimulator/MoltenTests.build/DerivedSources/arm64 -Xcc -I/Users/binde/Library/Developer/Xcode/DerivedData/Molten-dwnouowhlxjhigdgjryrxxsdqnmu/Build/Intermediates.noindex/Molten.build/Debug-iphonesimulator/MoltenTests.build/DerivedSources -Xcc -DDEBUG\=1 -emit-objc-header -emit-objc-header-path /Users/binde/Library/Developer/Xcode/DerivedData/Molten-dwnouowhlxjhigdgjryrxxsdqnmu/Build/Intermediates.noindex/Molten.build/Debug-iphonesimulator/MoltenTests.build/Objects-normal/arm64/MoltenTests-Swift.h -working-directory /Users/binde/projects/classes -experimental-emit-module-separately -disable-cmo

Ld /Users/binde/Library/Developer/Xcode/DerivedData/Molten-dwnouowhlxjhigdgjryrxxsdqnmu/Build/Products/Debug-iphonesimulator/Molten.app/PlugIns/MoltenTests.xctest/MoltenTests normal (in target 'MoltenTests' from project 'Molten')
    cd /Users/binde/projects/classes
    /Applications/Xcode.app/Contents/Developer/Toolchains/XcodeDefault.xctoolchain/usr/bin/clang -Xlinker -reproducible -target arm64-apple-ios26.0-simulator -bundle -isysroot /Applications/Xcode.app/Contents/Developer/Platforms/iPhoneSimulator.platform/Developer/SDKs/iPhoneSimulator26.0.sdk -O0 -L/Users/binde/Library/Developer/Xcode/DerivedData/Molten-dwnouowhlxjhigdgjryrxxsdqnmu/Build/Intermediates.noindex/EagerLinkingTBDs/Debug-iphonesimulator -L/Users/binde/Library/Developer/Xcode/DerivedData/Molten-dwnouowhlxjhigdgjryrxxsdqnmu/Build/Products/Debug-iphonesimulator -L/Applications/Xcode.app/Contents/Developer/Platforms/iPhoneSimulator.platform/Developer/usr/lib -F/Users/binde/Library/Developer/Xcode/DerivedData/Molten-dwnouowhlxjhigdgjryrxxsdqnmu/Build/Intermediates.noindex/EagerLinkingTBDs/Debug-iphonesimulator -F/Users/binde/Library/Developer/Xcode/DerivedData/Molten-dwnouowhlxjhigdgjryrxxsdqnmu/Build/Products/Debug-iphonesimulator -iframework /Applications/Xcode.app/Contents/Developer/Platforms/iPhoneSimulator.platform/Developer/Library/Frameworks -iframework /Applications/Xcode.app/Contents/Developer/Platforms/iPhoneSimulator.platform/Developer/SDKs/iPhoneSimulator26.0.sdk/Developer/Library/Frameworks -filelist /Users/binde/Library/Developer/Xcode/DerivedData/Molten-dwnouowhlxjhigdgjryrxxsdqnmu/Build/Intermediates.noindex/Molten.build/Debug-iphonesimulator/MoltenTests.build/Objects-normal/arm64/MoltenTests.LinkFileList -Xlinker -rpath -Xlinker @loader_path/Frameworks -Xlinker -rpath -Xlinker @executable_path/Frameworks -dead_strip -bundle_loader /Users/binde/Library/Developer/Xcode/DerivedData/Molten-dwnouowhlxjhigdgjryrxxsdqnmu/Build/Products/Debug-iphonesimulator/Molten.app/Molten -Xlinker -object_path_lto -Xlinker /Users/binde/Library/Developer/Xcode/DerivedData/Molten-dwnouowhlxjhigdgjryrxxsdqnmu/Build/Intermediates.noindex/Molten.build/Debug-iphonesimulator/MoltenTests.build/Objects-normal/arm64/MoltenTests_lto.o -rdynamic -Xlinker -no_deduplicate -Xlinker -objc_abi_version -Xlinker 2 -Xlinker -debug_variant -Xlinker -dependency_info -Xlinker /Users/binde/Library/Developer/Xcode/DerivedData/Molten-dwnouowhlxjhigdgjryrxxsdqnmu/Build/Intermediates.noindex/Molten.build/Debug-iphonesimulator/MoltenTests.build/Objects-normal/arm64/MoltenTests_dependency_info.dat -fobjc-link-runtime -fprofile-instr-generate -L/Applications/Xcode.app/Contents/Developer/Toolchains/XcodeDefault.xctoolchain/usr/lib/swift/iphonesimulator -L/usr/lib/swift -Xlinker -add_ast_path -Xlinker /Users/binde/Library/Developer/Xcode/DerivedData/Molten-dwnouowhlxjhigdgjryrxxsdqnmu/Build/Intermediates.noindex/Molten.build/Debug-iphonesimulator/MoltenTests.build/Objects-normal/arm64/MoltenTests.swiftmodule @/Users/binde/Library/Developer/Xcode/DerivedData/Molten-dwnouowhlxjhigdgjryrxxsdqnmu/Build/Intermediates.noindex/Molten.build/Debug-iphonesimulator/MoltenTests.build/Objects-normal/arm64/MoltenTests-linker-args.resp -Xlinker -needed_framework -Xlinker XCTest -framework XCTest -Xlinker -needed-lXCTestSwiftSupport -lXCTestSwiftSupport /Users/binde/Library/Developer/Xcode/DerivedData/Molten-dwnouowhlxjhigdgjryrxxsdqnmu/Build/Products/Debug-iphonesimulator/Molten.app/Molten.debug.dylib -Xlinker -no_adhoc_codesign -o /Users/binde/Library/Developer/Xcode/DerivedData/Molten-dwnouowhlxjhigdgjryrxxsdqnmu/Build/Products/Debug-iphonesimulator/Molten.app/PlugIns/MoltenTests.xctest/MoltenTests

CopySwiftLibs /Users/binde/Library/Developer/Xcode/DerivedData/Molten-dwnouowhlxjhigdgjryrxxsdqnmu/Build/Products/Debug-iphonesimulator/Molten.app/PlugIns/MoltenTests.xctest (in target 'MoltenTests' from project 'Molten')
    cd /Users/binde/projects/classes
    builtin-swiftStdLibTool --copy --verbose --sign - --scan-executable /Users/binde/Library/Developer/Xcode/DerivedData/Molten-dwnouowhlxjhigdgjryrxxsdqnmu/Build/Products/Debug-iphonesimulator/Molten.app/PlugIns/MoltenTests.xctest/MoltenTests --scan-folder /Users/binde/Library/Developer/Xcode/DerivedData/Molten-dwnouowhlxjhigdgjryrxxsdqnmu/Build/Products/Debug-iphonesimulator/Molten.app/PlugIns/MoltenTests.xctest/Frameworks --scan-folder /Users/binde/Library/Developer/Xcode/DerivedData/Molten-dwnouowhlxjhigdgjryrxxsdqnmu/Build/Products/Debug-iphonesimulator/Molten.app/PlugIns/MoltenTests.xctest/PlugIns --scan-folder /Users/binde/Library/Developer/Xcode/DerivedData/Molten-dwnouowhlxjhigdgjryrxxsdqnmu/Build/Products/Debug-iphonesimulator/Molten.app/PlugIns/MoltenTests.xctest/SystemExtensions --scan-folder /Users/binde/Library/Developer/Xcode/DerivedData/Molten-dwnouowhlxjhigdgjryrxxsdqnmu/Build/Products/Debug-iphonesimulator/Molten.app/PlugIns/MoltenTests.xctest/Extensions --platform iphonesimulator --toolchain /Applications/Xcode.app/Contents/Developer/Toolchains/XcodeDefault.xctoolchain --destination /Users/binde/Library/Developer/Xcode/DerivedData/Molten-dwnouowhlxjhigdgjryrxxsdqnmu/Build/Products/Debug-iphonesimulator/Molten.app/PlugIns/MoltenTests.xctest/Frameworks --strip-bitcode --scan-executable /Applications/Xcode.app/Contents/Developer/Platforms/iPhoneSimulator.platform/Developer/usr/lib/libXCTestSwiftSupport.dylib --strip-bitcode-tool /Applications/Xcode.app/Contents/Developer/Toolchains/XcodeDefault.xctoolchain/usr/bin/bitcode_strip --emit-dependency-info /Users/binde/Library/Developer/Xcode/DerivedData/Molten-dwnouowhlxjhigdgjryrxxsdqnmu/Build/Intermediates.noindex/Molten.build/Debug-iphonesimulator/MoltenTests.build/SwiftStdLibToolInputDependencies.dep --filter-for-swift-os

ExtractAppIntentsMetadata (in target 'MoltenTests' from project 'Molten')
    cd /Users/binde/projects/classes
    /Applications/Xcode.app/Contents/Developer/Toolchains/XcodeDefault.xctoolchain/usr/bin/appintentsmetadataprocessor --toolchain-dir /Applications/Xcode.app/Contents/Developer/Toolchains/XcodeDefault.xctoolchain --module-name MoltenTests --sdk-root /Applications/Xcode.app/Contents/Developer/Platforms/iPhoneSimulator.platform/Developer/SDKs/iPhoneSimulator26.0.sdk --xcode-version 17A400 --platform-family iOS --deployment-target 26.0 --bundle-identifier motleywoods.MoltenTests --output /Users/binde/Library/Developer/Xcode/DerivedData/Molten-dwnouowhlxjhigdgjryrxxsdqnmu/Build/Products/Debug-iphonesimulator/Molten.app/PlugIns/MoltenTests.xctest --target-triple arm64-apple-ios26.0-simulator --binary-file /Users/binde/Library/Developer/Xcode/DerivedData/Molten-dwnouowhlxjhigdgjryrxxsdqnmu/Build/Products/Debug-iphonesimulator/Molten.app/PlugIns/MoltenTests.xctest/MoltenTests --dependency-file /Users/binde/Library/Developer/Xcode/DerivedData/Molten-dwnouowhlxjhigdgjryrxxsdqnmu/Build/Intermediates.noindex/Molten.build/Debug-iphonesimulator/MoltenTests.build/Objects-normal/arm64/MoltenTests_dependency_info.dat --stringsdata-file /Users/binde/Library/Developer/Xcode/DerivedData/Molten-dwnouowhlxjhigdgjryrxxsdqnmu/Build/Intermediates.noindex/Molten.build/Debug-iphonesimulator/MoltenTests.build/Objects-normal/arm64/ExtractedAppShortcutsMetadata.stringsdata --source-file-list /Users/binde/Library/Developer/Xcode/DerivedData/Molten-dwnouowhlxjhigdgjryrxxsdqnmu/Build/Intermediates.noindex/Molten.build/Debug-iphonesimulator/MoltenTests.build/Objects-normal/arm64/MoltenTests.SwiftFileList --metadata-file-list /Users/binde/Library/Developer/Xcode/DerivedData/Molten-dwnouowhlxjhigdgjryrxxsdqnmu/Build/Intermediates.noindex/Molten.build/Debug-iphonesimulator/MoltenTests.build/MoltenTests.DependencyMetadataFileList --static-metadata-file-list /Users/binde/Library/Developer/Xcode/DerivedData/Molten-dwnouowhlxjhigdgjryrxxsdqnmu/Build/Intermediates.noindex/Molten.build/Debug-iphonesimulator/MoltenTests.build/MoltenTests.DependencyStaticMetadataFileList --swift-const-vals-list /Users/binde/Library/Developer/Xcode/DerivedData/Molten-dwnouowhlxjhigdgjryrxxsdqnmu/Build/Intermediates.noindex/Molten.build/Debug-iphonesimulator/MoltenTests.build/Objects-normal/arm64/MoltenTests.SwiftConstValuesFileList --compile-time-extraction --deployment-aware-processing --validate-assistant-intents --no-app-shortcuts-localization
2025-11-08 10:28:38.816 appintentsmetadataprocessor[2204:16487091] Starting appintentsmetadataprocessor export
2025-11-08 10:28:38.818 appintentsmetadataprocessor[2204:16487091] warning: Metadata extraction skipped. No AppIntents.framework dependency found.

AppIntentsSSUTraining (in target 'MoltenTests' from project 'Molten')
    cd /Users/binde/projects/classes
    /Applications/Xcode.app/Contents/Developer/Toolchains/XcodeDefault.xctoolchain/usr/bin/appintentsnltrainingprocessor --infoplist-path /Users/binde/Library/Developer/Xcode/DerivedData/Molten-dwnouowhlxjhigdgjryrxxsdqnmu/Build/Products/Debug-iphonesimulator/Molten.app/PlugIns/MoltenTests.xctest/Info.plist --temp-dir-path /Users/binde/Library/Developer/Xcode/DerivedData/Molten-dwnouowhlxjhigdgjryrxxsdqnmu/Build/Intermediates.noindex/Molten.build/Debug-iphonesimulator/MoltenTests.build/ssu --bundle-id motleywoods.MoltenTests --product-path /Users/binde/Library/Developer/Xcode/DerivedData/Molten-dwnouowhlxjhigdgjryrxxsdqnmu/Build/Products/Debug-iphonesimulator/Molten.app/PlugIns/MoltenTests.xctest --extracted-metadata-path /Users/binde/Library/Developer/Xcode/DerivedData/Molten-dwnouowhlxjhigdgjryrxxsdqnmu/Build/Products/Debug-iphonesimulator/Molten.app/PlugIns/MoltenTests.xctest/Metadata.appintents --metadata-file-list /Users/binde/Library/Developer/Xcode/DerivedData/Molten-dwnouowhlxjhigdgjryrxxsdqnmu/Build/Intermediates.noindex/Molten.build/Debug-iphonesimulator/MoltenTests.build/MoltenTests.DependencyMetadataFileList --archive-ssu-assets
2025-11-08 10:28:38.832 appintentsnltrainingprocessor[2205:16487093] Parsing options for appintentsnltrainingprocessor
2025-11-08 10:28:38.833 appintentsnltrainingprocessor[2205:16487093] No AppShortcuts found - Skipping.

CodeSign /Users/binde/Library/Developer/Xcode/DerivedData/Molten-dwnouowhlxjhigdgjryrxxsdqnmu/Build/Products/Debug-iphonesimulator/Molten.app/PlugIns/MoltenTests.xctest (in target 'MoltenTests' from project 'Molten')
    cd /Users/binde/projects/classes
    
    Signing Identity:     "Sign to Run Locally"
    
    /usr/bin/codesign --force --sign - --timestamp\=none --generate-entitlement-der /Users/binde/Library/Developer/Xcode/DerivedData/Molten-dwnouowhlxjhigdgjryrxxsdqnmu/Build/Products/Debug-iphonesimulator/Molten.app/PlugIns/MoltenTests.xctest

RegisterExecutionPolicyException /Users/binde/Library/Developer/Xcode/DerivedData/Molten-dwnouowhlxjhigdgjryrxxsdqnmu/Build/Products/Debug-iphonesimulator/Molten.app/PlugIns/MoltenTests.xctest (in target 'MoltenTests' from project 'Molten')
    cd /Users/binde/projects/classes
    builtin-RegisterExecutionPolicyException /Users/binde/Library/Developer/Xcode/DerivedData/Molten-dwnouowhlxjhigdgjryrxxsdqnmu/Build/Products/Debug-iphonesimulator/Molten.app/PlugIns/MoltenTests.xctest

Touch /Users/binde/Library/Developer/Xcode/DerivedData/Molten-dwnouowhlxjhigdgjryrxxsdqnmu/Build/Products/Debug-iphonesimulator/Molten.app/PlugIns/MoltenTests.xctest (in target 'MoltenTests' from project 'Molten')
    cd /Users/binde/projects/classes
    /usr/bin/touch -c /Users/binde/Library/Developer/Xcode/DerivedData/Molten-dwnouowhlxjhigdgjryrxxsdqnmu/Build/Products/Debug-iphonesimulator/Molten.app/PlugIns/MoltenTests.xctest

CodeSign /Users/binde/Library/Developer/Xcode/DerivedData/Molten-dwnouowhlxjhigdgjryrxxsdqnmu/Build/Products/Debug-iphonesimulator/Molten.app/Molten.debug.dylib (in target 'Molten' from project 'Molten')
    cd /Users/binde/projects/classes
    
    Signing Identity:     "Sign to Run Locally"
    
    /usr/bin/codesign --force --sign - --timestamp\=none --generate-entitlement-der /Users/binde/Library/Developer/Xcode/DerivedData/Molten-dwnouowhlxjhigdgjryrxxsdqnmu/Build/Products/Debug-iphonesimulator/Molten.app/Molten.debug.dylib

CodeSign /Users/binde/Library/Developer/Xcode/DerivedData/Molten-dwnouowhlxjhigdgjryrxxsdqnmu/Build/Products/Debug-iphonesimulator/Molten.app/__preview.dylib (in target 'Molten' from project 'Molten')
    cd /Users/binde/projects/classes
    
    Signing Identity:     "Sign to Run Locally"
    
    /usr/bin/codesign --force --sign - --timestamp\=none --generate-entitlement-der /Users/binde/Library/Developer/Xcode/DerivedData/Molten-dwnouowhlxjhigdgjryrxxsdqnmu/Build/Products/Debug-iphonesimulator/Molten.app/__preview.dylib
/Users/binde/Library/Developer/Xcode/DerivedData/Molten-dwnouowhlxjhigdgjryrxxsdqnmu/Build/Products/Debug-iphonesimulator/Molten.app/__preview.dylib: replacing existing signature

CodeSign /Users/binde/Library/Developer/Xcode/DerivedData/Molten-dwnouowhlxjhigdgjryrxxsdqnmu/Build/Products/Debug-iphonesimulator/Molten.app (in target 'Molten' from project 'Molten')
    cd /Users/binde/projects/classes
    
    Signing Identity:     "Sign to Run Locally"
    
    /usr/bin/codesign --force --sign - --entitlements /Users/binde/Library/Developer/Xcode/DerivedData/Molten-dwnouowhlxjhigdgjryrxxsdqnmu/Build/Intermediates.noindex/Molten.build/Debug-iphonesimulator/Molten.build/Molten.app.xcent --timestamp\=none --generate-entitlement-der /Users/binde/Library/Developer/Xcode/DerivedData/Molten-dwnouowhlxjhigdgjryrxxsdqnmu/Build/Products/Debug-iphonesimulator/Molten.app

Validate /Users/binde/Library/Developer/Xcode/DerivedData/Molten-dwnouowhlxjhigdgjryrxxsdqnmu/Build/Products/Debug-iphonesimulator/Molten.app (in target 'Molten' from project 'Molten')
    cd /Users/binde/projects/classes
    builtin-validationUtility /Users/binde/Library/Developer/Xcode/DerivedData/Molten-dwnouowhlxjhigdgjryrxxsdqnmu/Build/Products/Debug-iphonesimulator/Molten.app -shallow-bundle -infoplist-subpath Info.plist

ProcessInfoPlistFile /Users/binde/Library/Developer/Xcode/DerivedData/Molten-dwnouowhlxjhigdgjryrxxsdqnmu/Build/Products/Debug-iphonesimulator/MoltenUITests-Runner.app/PlugIns/MoltenUITests.xctest/Info.plist /Users/binde/projects/classes/MoltenShareExtension/Info.plist (in target 'MoltenUITests' from project 'Molten')
    cd /Users/binde/projects/classes
    builtin-infoPlistUtility /Users/binde/projects/classes/MoltenShareExtension/Info.plist -producttype com.apple.product-type.bundle.ui-testing -expandbuildsettings -format binary -platform iphonesimulator -additionalcontentfile /Users/binde/Library/Developer/Xcode/DerivedData/Molten-dwnouowhlxjhigdgjryrxxsdqnmu/Build/Intermediates.noindex/Molten.build/Debug-iphonesimulator/MoltenUITests.build/ProductTypeInfoPlistAdditions.plist -o /Users/binde/Library/Developer/Xcode/DerivedData/Molten-dwnouowhlxjhigdgjryrxxsdqnmu/Build/Products/Debug-iphonesimulator/MoltenUITests-Runner.app/PlugIns/MoltenUITests.xctest/Info.plist

CpResource /Users/binde/Library/Developer/Xcode/DerivedData/Molten-dwnouowhlxjhigdgjryrxxsdqnmu/Build/Products/Debug-iphonesimulator/ScreenshotAutomation-Runner.app/PlugIns/ScreenshotAutomation.xctest/wordpress_config.template.sh /Users/binde/projects/classes/ScreenshotAutomation/wordpress_config.template.sh (in target 'ScreenshotAutomation' from project 'Molten')
    cd /Users/binde/projects/classes
    builtin-copy -exclude .DS_Store -exclude CVS -exclude .svn -exclude .git -exclude .hg -resolve-src-symlinks /Users/binde/projects/classes/ScreenshotAutomation/wordpress_config.template.sh /Users/binde/Library/Developer/Xcode/DerivedData/Molten-dwnouowhlxjhigdgjryrxxsdqnmu/Build/Products/Debug-iphonesimulator/ScreenshotAutomation-Runner.app/PlugIns/ScreenshotAutomation.xctest

Ld /Users/binde/Library/Developer/Xcode/DerivedData/Molten-dwnouowhlxjhigdgjryrxxsdqnmu/Build/Products/Debug-iphonesimulator/ScreenshotAutomation-Runner.app/PlugIns/ScreenshotAutomation.xctest/ScreenshotAutomation normal (in target 'ScreenshotAutomation' from project 'Molten')
    cd /Users/binde/projects/classes
    /Applications/Xcode.app/Contents/Developer/Toolchains/XcodeDefault.xctoolchain/usr/bin/clang -Xlinker -reproducible -target arm64-apple-ios26.0-simulator -bundle -isysroot /Applications/Xcode.app/Contents/Developer/Platforms/iPhoneSimulator.platform/Developer/SDKs/iPhoneSimulator26.0.sdk -O0 -L/Users/binde/Library/Developer/Xcode/DerivedData/Molten-dwnouowhlxjhigdgjryrxxsdqnmu/Build/Intermediates.noindex/EagerLinkingTBDs/Debug-iphonesimulator -L/Users/binde/Library/Developer/Xcode/DerivedData/Molten-dwnouowhlxjhigdgjryrxxsdqnmu/Build/Products/Debug-iphonesimulator -L/Applications/Xcode.app/Contents/Developer/Platforms/iPhoneSimulator.platform/Developer/usr/lib -F/Users/binde/Library/Developer/Xcode/DerivedData/Molten-dwnouowhlxjhigdgjryrxxsdqnmu/Build/Intermediates.noindex/EagerLinkingTBDs/Debug-iphonesimulator -F/Users/binde/Library/Developer/Xcode/DerivedData/Molten-dwnouowhlxjhigdgjryrxxsdqnmu/Build/Products/Debug-iphonesimulator -iframework /Applications/Xcode.app/Contents/Developer/Platforms/iPhoneSimulator.platform/Developer/Library/Frameworks -iframework /Applications/Xcode.app/Contents/Developer/Platforms/iPhoneSimulator.platform/Developer/SDKs/iPhoneSimulator26.0.sdk/Developer/Library/Frameworks -filelist /Users/binde/Library/Developer/Xcode/DerivedData/Molten-dwnouowhlxjhigdgjryrxxsdqnmu/Build/Intermediates.noindex/Molten.build/Debug-iphonesimulator/ScreenshotAutomation.build/Objects-normal/arm64/ScreenshotAutomation.LinkFileList -Xlinker -rpath -Xlinker @loader_path/Frameworks -dead_strip -Xlinker -object_path_lto -Xlinker /Users/binde/Library/Developer/Xcode/DerivedData/Molten-dwnouowhlxjhigdgjryrxxsdqnmu/Build/Intermediates.noindex/Molten.build/Debug-iphonesimulator/ScreenshotAutomation.build/Objects-normal/arm64/ScreenshotAutomation_lto.o -rdynamic -Xlinker -no_deduplicate -Xlinker -objc_abi_version -Xlinker 2 -Xlinker -debug_variant -Xlinker -dependency_info -Xlinker /Users/binde/Library/Developer/Xcode/DerivedData/Molten-dwnouowhlxjhigdgjryrxxsdqnmu/Build/Intermediates.noindex/Molten.build/Debug-iphonesimulator/ScreenshotAutomation.build/Objects-normal/arm64/ScreenshotAutomation_dependency_info.dat -fobjc-link-runtime -fprofile-instr-generate -L/Applications/Xcode.app/Contents/Developer/Toolchains/XcodeDefault.xctoolchain/usr/lib/swift/iphonesimulator -L/usr/lib/swift -Xlinker -add_ast_path -Xlinker /Users/binde/Library/Developer/Xcode/DerivedData/Molten-dwnouowhlxjhigdgjryrxxsdqnmu/Build/Intermediates.noindex/Molten.build/Debug-iphonesimulator/ScreenshotAutomation.build/Objects-normal/arm64/ScreenshotAutomation.swiftmodule @/Users/binde/Library/Developer/Xcode/DerivedData/Molten-dwnouowhlxjhigdgjryrxxsdqnmu/Build/Intermediates.noindex/Molten.build/Debug-iphonesimulator/ScreenshotAutomation.build/Objects-normal/arm64/ScreenshotAutomation-linker-args.resp -Xlinker -needed_framework -Xlinker XCTest -framework XCTest -Xlinker -needed-lXCTestSwiftSupport -lXCTestSwiftSupport -Xlinker -sectcreate -Xlinker __TEXT -Xlinker __entitlements -Xlinker /Users/binde/Library/Developer/Xcode/DerivedData/Molten-dwnouowhlxjhigdgjryrxxsdqnmu/Build/Intermediates.noindex/Molten.build/Debug-iphonesimulator/ScreenshotAutomation.build/ScreenshotAutomation.xctest-Simulated.xcent -Xlinker -sectcreate -Xlinker __TEXT -Xlinker __ents_der -Xlinker /Users/binde/Library/Developer/Xcode/DerivedData/Molten-dwnouowhlxjhigdgjryrxxsdqnmu/Build/Intermediates.noindex/Molten.build/Debug-iphonesimulator/ScreenshotAutomation.build/ScreenshotAutomation.xctest-Simulated.xcent.der -Xlinker -no_adhoc_codesign -o /Users/binde/Library/Developer/Xcode/DerivedData/Molten-dwnouowhlxjhigdgjryrxxsdqnmu/Build/Products/Debug-iphonesimulator/ScreenshotAutomation-Runner.app/PlugIns/ScreenshotAutomation.xctest/ScreenshotAutomation

CpResource /Users/binde/Library/Developer/Xcode/DerivedData/Molten-dwnouowhlxjhigdgjryrxxsdqnmu/Build/Products/Debug-iphonesimulator/ScreenshotAutomation-Runner.app/PlugIns/ScreenshotAutomation.xctest/setup_wordpress.sh /Users/binde/projects/classes/ScreenshotAutomation/setup_wordpress.sh (in target 'ScreenshotAutomation' from project 'Molten')
    cd /Users/binde/projects/classes
    builtin-copy -exclude .DS_Store -exclude CVS -exclude .svn -exclude .git -exclude .hg -resolve-src-symlinks /Users/binde/projects/classes/ScreenshotAutomation/setup_wordpress.sh /Users/binde/Library/Developer/Xcode/DerivedData/Molten-dwnouowhlxjhigdgjryrxxsdqnmu/Build/Products/Debug-iphonesimulator/ScreenshotAutomation-Runner.app/PlugIns/ScreenshotAutomation.xctest

ProcessInfoPlistFile /Users/binde/Library/Developer/Xcode/DerivedData/Molten-dwnouowhlxjhigdgjryrxxsdqnmu/Build/Products/Debug-iphonesimulator/ScreenshotAutomation-Runner.app/PlugIns/ScreenshotAutomation.xctest/Info.plist /Users/binde/projects/classes/MoltenShareExtension/Info.plist (in target 'ScreenshotAutomation' from project 'Molten')
    cd /Users/binde/projects/classes
    builtin-infoPlistUtility /Users/binde/projects/classes/MoltenShareExtension/Info.plist -producttype com.apple.product-type.bundle.ui-testing -expandbuildsettings -format binary -platform iphonesimulator -additionalcontentfile /Users/binde/Library/Developer/Xcode/DerivedData/Molten-dwnouowhlxjhigdgjryrxxsdqnmu/Build/Intermediates.noindex/Molten.build/Debug-iphonesimulator/ScreenshotAutomation.build/ProductTypeInfoPlistAdditions.plist -o /Users/binde/Library/Developer/Xcode/DerivedData/Molten-dwnouowhlxjhigdgjryrxxsdqnmu/Build/Products/Debug-iphonesimulator/ScreenshotAutomation-Runner.app/PlugIns/ScreenshotAutomation.xctest/Info.plist

CpResource /Users/binde/Library/Developer/Xcode/DerivedData/Molten-dwnouowhlxjhigdgjryrxxsdqnmu/Build/Products/Debug-iphonesimulator/ScreenshotAutomation-Runner.app/PlugIns/ScreenshotAutomation.xctest/test_wordpress_connection.sh /Users/binde/projects/classes/ScreenshotAutomation/test_wordpress_connection.sh (in target 'ScreenshotAutomation' from project 'Molten')
    cd /Users/binde/projects/classes
    builtin-copy -exclude .DS_Store -exclude CVS -exclude .svn -exclude .git -exclude .hg -resolve-src-symlinks /Users/binde/projects/classes/ScreenshotAutomation/test_wordpress_connection.sh /Users/binde/Library/Developer/Xcode/DerivedData/Molten-dwnouowhlxjhigdgjryrxxsdqnmu/Build/Products/Debug-iphonesimulator/ScreenshotAutomation-Runner.app/PlugIns/ScreenshotAutomation.xctest

CpResource /Users/binde/Library/Developer/Xcode/DerivedData/Molten-dwnouowhlxjhigdgjryrxxsdqnmu/Build/Products/Debug-iphonesimulator/ScreenshotAutomation-Runner.app/PlugIns/ScreenshotAutomation.xctest/generate_screenshots.sh /Users/binde/projects/classes/ScreenshotAutomation/generate_screenshots.sh (in target 'ScreenshotAutomation' from project 'Molten')
    cd /Users/binde/projects/classes
    builtin-copy -exclude .DS_Store -exclude CVS -exclude .svn -exclude .git -exclude .hg -resolve-src-symlinks /Users/binde/projects/classes/ScreenshotAutomation/generate_screenshots.sh /Users/binde/Library/Developer/Xcode/DerivedData/Molten-dwnouowhlxjhigdgjryrxxsdqnmu/Build/Products/Debug-iphonesimulator/ScreenshotAutomation-Runner.app/PlugIns/ScreenshotAutomation.xctest

CpResource /Users/binde/Library/Developer/Xcode/DerivedData/Molten-dwnouowhlxjhigdgjryrxxsdqnmu/Build/Products/Debug-iphonesimulator/ScreenshotAutomation-Runner.app/PlugIns/ScreenshotAutomation.xctest/publish_screenshots.sh /Users/binde/projects/classes/ScreenshotAutomation/publish_screenshots.sh (in target 'ScreenshotAutomation' from project 'Molten')
    cd /Users/binde/projects/classes
    builtin-copy -exclude .DS_Store -exclude CVS -exclude .svn -exclude .git -exclude .hg -resolve-src-symlinks /Users/binde/projects/classes/ScreenshotAutomation/publish_screenshots.sh /Users/binde/Library/Developer/Xcode/DerivedData/Molten-dwnouowhlxjhigdgjryrxxsdqnmu/Build/Products/Debug-iphonesimulator/ScreenshotAutomation-Runner.app/PlugIns/ScreenshotAutomation.xctest

CpResource /Users/binde/Library/Developer/Xcode/DerivedData/Molten-dwnouowhlxjhigdgjryrxxsdqnmu/Build/Products/Debug-iphonesimulator/ScreenshotAutomation-Runner.app/PlugIns/ScreenshotAutomation.xctest/extract_screenshots.sh /Users/binde/projects/classes/ScreenshotAutomation/extract_screenshots.sh (in target 'ScreenshotAutomation' from project 'Molten')
    cd /Users/binde/projects/classes
    builtin-copy -exclude .DS_Store -exclude CVS -exclude .svn -exclude .git -exclude .hg -resolve-src-symlinks /Users/binde/projects/classes/ScreenshotAutomation/extract_screenshots.sh /Users/binde/Library/Developer/Xcode/DerivedData/Molten-dwnouowhlxjhigdgjryrxxsdqnmu/Build/Products/Debug-iphonesimulator/ScreenshotAutomation-Runner.app/PlugIns/ScreenshotAutomation.xctest

CpResource /Users/binde/Library/Developer/Xcode/DerivedData/Molten-dwnouowhlxjhigdgjryrxxsdqnmu/Build/Products/Debug-iphonesimulator/ScreenshotAutomation-Runner.app/PlugIns/ScreenshotAutomation.xctest/extract_screenshots_v2.sh /Users/binde/projects/classes/ScreenshotAutomation/extract_screenshots_v2.sh (in target 'ScreenshotAutomation' from project 'Molten')
    cd /Users/binde/projects/classes
    builtin-copy -exclude .DS_Store -exclude CVS -exclude .svn -exclude .git -exclude .hg -resolve-src-symlinks /Users/binde/projects/classes/ScreenshotAutomation/extract_screenshots_v2.sh /Users/binde/Library/Developer/Xcode/DerivedData/Molten-dwnouowhlxjhigdgjryrxxsdqnmu/Build/Products/Debug-iphonesimulator/ScreenshotAutomation-Runner.app/PlugIns/ScreenshotAutomation.xctest

Ld /Users/binde/Library/Developer/Xcode/DerivedData/Molten-dwnouowhlxjhigdgjryrxxsdqnmu/Build/Products/Debug-iphonesimulator/MoltenUITests-Runner.app/PlugIns/MoltenUITests.xctest/MoltenUITests normal (in target 'MoltenUITests' from project 'Molten')
    cd /Users/binde/projects/classes
    /Applications/Xcode.app/Contents/Developer/Toolchains/XcodeDefault.xctoolchain/usr/bin/clang -Xlinker -reproducible -target arm64-apple-ios26.0-simulator -bundle -isysroot /Applications/Xcode.app/Contents/Developer/Platforms/iPhoneSimulator.platform/Developer/SDKs/iPhoneSimulator26.0.sdk -O0 -L/Users/binde/Library/Developer/Xcode/DerivedData/Molten-dwnouowhlxjhigdgjryrxxsdqnmu/Build/Intermediates.noindex/EagerLinkingTBDs/Debug-iphonesimulator -L/Users/binde/Library/Developer/Xcode/DerivedData/Molten-dwnouowhlxjhigdgjryrxxsdqnmu/Build/Products/Debug-iphonesimulator -L/Applications/Xcode.app/Contents/Developer/Platforms/iPhoneSimulator.platform/Developer/usr/lib -F/Users/binde/Library/Developer/Xcode/DerivedData/Molten-dwnouowhlxjhigdgjryrxxsdqnmu/Build/Intermediates.noindex/EagerLinkingTBDs/Debug-iphonesimulator -F/Users/binde/Library/Developer/Xcode/DerivedData/Molten-dwnouowhlxjhigdgjryrxxsdqnmu/Build/Products/Debug-iphonesimulator -iframework /Applications/Xcode.app/Contents/Developer/Platforms/iPhoneSimulator.platform/Developer/Library/Frameworks -iframework /Applications/Xcode.app/Contents/Developer/Platforms/iPhoneSimulator.platform/Developer/SDKs/iPhoneSimulator26.0.sdk/Developer/Library/Frameworks -filelist /Users/binde/Library/Developer/Xcode/DerivedData/Molten-dwnouowhlxjhigdgjryrxxsdqnmu/Build/Intermediates.noindex/Molten.build/Debug-iphonesimulator/MoltenUITests.build/Objects-normal/arm64/MoltenUITests.LinkFileList -Xlinker -rpath -Xlinker @loader_path/Frameworks -dead_strip -Xlinker -object_path_lto -Xlinker /Users/binde/Library/Developer/Xcode/DerivedData/Molten-dwnouowhlxjhigdgjryrxxsdqnmu/Build/Intermediates.noindex/Molten.build/Debug-iphonesimulator/MoltenUITests.build/Objects-normal/arm64/MoltenUITests_lto.o -rdynamic -Xlinker -no_deduplicate -Xlinker -objc_abi_version -Xlinker 2 -Xlinker -debug_variant -Xlinker -dependency_info -Xlinker /Users/binde/Library/Developer/Xcode/DerivedData/Molten-dwnouowhlxjhigdgjryrxxsdqnmu/Build/Intermediates.noindex/Molten.build/Debug-iphonesimulator/MoltenUITests.build/Objects-normal/arm64/MoltenUITests_dependency_info.dat -fobjc-link-runtime -fprofile-instr-generate -L/Applications/Xcode.app/Contents/Developer/Toolchains/XcodeDefault.xctoolchain/usr/lib/swift/iphonesimulator -L/usr/lib/swift -Xlinker -add_ast_path -Xlinker /Users/binde/Library/Developer/Xcode/DerivedData/Molten-dwnouowhlxjhigdgjryrxxsdqnmu/Build/Intermediates.noindex/Molten.build/Debug-iphonesimulator/MoltenUITests.build/Objects-normal/arm64/MoltenUITests.swiftmodule @/Users/binde/Library/Developer/Xcode/DerivedData/Molten-dwnouowhlxjhigdgjryrxxsdqnmu/Build/Intermediates.noindex/Molten.build/Debug-iphonesimulator/MoltenUITests.build/Objects-normal/arm64/MoltenUITests-linker-args.resp -Xlinker -needed_framework -Xlinker XCTest -framework XCTest -Xlinker -needed-lXCTestSwiftSupport -lXCTestSwiftSupport -Xlinker -sectcreate -Xlinker __TEXT -Xlinker __entitlements -Xlinker /Users/binde/Library/Developer/Xcode/DerivedData/Molten-dwnouowhlxjhigdgjryrxxsdqnmu/Build/Intermediates.noindex/Molten.build/Debug-iphonesimulator/MoltenUITests.build/MoltenUITests.xctest-Simulated.xcent -Xlinker -sectcreate -Xlinker __TEXT -Xlinker __ents_der -Xlinker /Users/binde/Library/Developer/Xcode/DerivedData/Molten-dwnouowhlxjhigdgjryrxxsdqnmu/Build/Intermediates.noindex/Molten.build/Debug-iphonesimulator/MoltenUITests.build/MoltenUITests.xctest-Simulated.xcent.der -Xlinker -no_adhoc_codesign -o /Users/binde/Library/Developer/Xcode/DerivedData/Molten-dwnouowhlxjhigdgjryrxxsdqnmu/Build/Products/Debug-iphonesimulator/MoltenUITests-Runner.app/PlugIns/MoltenUITests.xctest/MoltenUITests

CpResource /Users/binde/Library/Developer/Xcode/DerivedData/Molten-dwnouowhlxjhigdgjryrxxsdqnmu/Build/Products/Debug-iphonesimulator/ScreenshotAutomation-Runner.app/PlugIns/ScreenshotAutomation.xctest/extract_from_xcresult.py /Users/binde/projects/classes/ScreenshotAutomation/extract_from_xcresult.py (in target 'ScreenshotAutomation' from project 'Molten')
    cd /Users/binde/projects/classes
    builtin-copy -exclude .DS_Store -exclude CVS -exclude .svn -exclude .git -exclude .hg -resolve-src-symlinks /Users/binde/projects/classes/ScreenshotAutomation/extract_from_xcresult.py /Users/binde/Library/Developer/Xcode/DerivedData/Molten-dwnouowhlxjhigdgjryrxxsdqnmu/Build/Products/Debug-iphonesimulator/ScreenshotAutomation-Runner.app/PlugIns/ScreenshotAutomation.xctest

CpResource /Users/binde/Library/Developer/Xcode/DerivedData/Molten-dwnouowhlxjhigdgjryrxxsdqnmu/Build/Products/Debug-iphonesimulator/ScreenshotAutomation-Runner.app/PlugIns/ScreenshotAutomation.xctest/TODO.md /Users/binde/projects/classes/ScreenshotAutomation/TODO.md (in target 'ScreenshotAutomation' from project 'Molten')
    cd /Users/binde/projects/classes
    builtin-copy -exclude .DS_Store -exclude CVS -exclude .svn -exclude .git -exclude .hg -resolve-src-symlinks /Users/binde/projects/classes/ScreenshotAutomation/TODO.md /Users/binde/Library/Developer/Xcode/DerivedData/Molten-dwnouowhlxjhigdgjryrxxsdqnmu/Build/Products/Debug-iphonesimulator/ScreenshotAutomation-Runner.app/PlugIns/ScreenshotAutomation.xctest

CpResource /Users/binde/Library/Developer/Xcode/DerivedData/Molten-dwnouowhlxjhigdgjryrxxsdqnmu/Build/Products/Debug-iphonesimulator/ScreenshotAutomation-Runner.app/PlugIns/ScreenshotAutomation.xctest/README.md /Users/binde/projects/classes/ScreenshotAutomation/README.md (in target 'ScreenshotAutomation' from project 'Molten')
    cd /Users/binde/projects/classes
    builtin-copy -exclude .DS_Store -exclude CVS -exclude .svn -exclude .git -exclude .hg -resolve-src-symlinks /Users/binde/projects/classes/ScreenshotAutomation/README.md /Users/binde/Library/Developer/Xcode/DerivedData/Molten-dwnouowhlxjhigdgjryrxxsdqnmu/Build/Products/Debug-iphonesimulator/ScreenshotAutomation-Runner.app/PlugIns/ScreenshotAutomation.xctest

CpResource /Users/binde/Library/Developer/Xcode/DerivedData/Molten-dwnouowhlxjhigdgjryrxxsdqnmu/Build/Products/Debug-iphonesimulator/ScreenshotAutomation-Runner.app/PlugIns/ScreenshotAutomation.xctest/.gitignore /Users/binde/projects/classes/ScreenshotAutomation/.gitignore (in target 'ScreenshotAutomation' from project 'Molten')
    cd /Users/binde/projects/classes
    builtin-copy -exclude .DS_Store -exclude CVS -exclude .svn -exclude .git -exclude .hg -resolve-src-symlinks /Users/binde/projects/classes/ScreenshotAutomation/.gitignore /Users/binde/Library/Developer/Xcode/DerivedData/Molten-dwnouowhlxjhigdgjryrxxsdqnmu/Build/Products/Debug-iphonesimulator/ScreenshotAutomation-Runner.app/PlugIns/ScreenshotAutomation.xctest

CopySwiftLibs /Users/binde/Library/Developer/Xcode/DerivedData/Molten-dwnouowhlxjhigdgjryrxxsdqnmu/Build/Products/Debug-iphonesimulator/ScreenshotAutomation-Runner.app/PlugIns/ScreenshotAutomation.xctest (in target 'ScreenshotAutomation' from project 'Molten')
    cd /Users/binde/projects/classes
    builtin-swiftStdLibTool --copy --verbose --sign - --scan-executable /Users/binde/Library/Developer/Xcode/DerivedData/Molten-dwnouowhlxjhigdgjryrxxsdqnmu/Build/Products/Debug-iphonesimulator/ScreenshotAutomation-Runner.app/PlugIns/ScreenshotAutomation.xctest/ScreenshotAutomation --scan-folder /Users/binde/Library/Developer/Xcode/DerivedData/Molten-dwnouowhlxjhigdgjryrxxsdqnmu/Build/Products/Debug-iphonesimulator/ScreenshotAutomation-Runner.app/PlugIns/ScreenshotAutomation.xctest/Frameworks --scan-folder /Users/binde/Library/Developer/Xcode/DerivedData/Molten-dwnouowhlxjhigdgjryrxxsdqnmu/Build/Products/Debug-iphonesimulator/ScreenshotAutomation-Runner.app/PlugIns/ScreenshotAutomation.xctest/PlugIns --scan-folder /Users/binde/Library/Developer/Xcode/DerivedData/Molten-dwnouowhlxjhigdgjryrxxsdqnmu/Build/Products/Debug-iphonesimulator/ScreenshotAutomation-Runner.app/PlugIns/ScreenshotAutomation.xctest/SystemExtensions --scan-folder /Users/binde/Library/Developer/Xcode/DerivedData/Molten-dwnouowhlxjhigdgjryrxxsdqnmu/Build/Products/Debug-iphonesimulator/ScreenshotAutomation-Runner.app/PlugIns/ScreenshotAutomation.xctest/Extensions --platform iphonesimulator --toolchain /Applications/Xcode.app/Contents/Developer/Toolchains/XcodeDefault.xctoolchain --destination /Users/binde/Library/Developer/Xcode/DerivedData/Molten-dwnouowhlxjhigdgjryrxxsdqnmu/Build/Products/Debug-iphonesimulator/ScreenshotAutomation-Runner.app/PlugIns/ScreenshotAutomation.xctest/Frameworks --strip-bitcode --scan-executable /Applications/Xcode.app/Contents/Developer/Platforms/iPhoneSimulator.platform/Developer/usr/lib/libXCTestSwiftSupport.dylib --strip-bitcode-tool /Applications/Xcode.app/Contents/Developer/Toolchains/XcodeDefault.xctoolchain/usr/bin/bitcode_strip --emit-dependency-info /Users/binde/Library/Developer/Xcode/DerivedData/Molten-dwnouowhlxjhigdgjryrxxsdqnmu/Build/Intermediates.noindex/Molten.build/Debug-iphonesimulator/ScreenshotAutomation.build/SwiftStdLibToolInputDependencies.dep --filter-for-swift-os

CopySwiftLibs /Users/binde/Library/Developer/Xcode/DerivedData/Molten-dwnouowhlxjhigdgjryrxxsdqnmu/Build/Products/Debug-iphonesimulator/MoltenUITests-Runner.app/PlugIns/MoltenUITests.xctest (in target 'MoltenUITests' from project 'Molten')
    cd /Users/binde/projects/classes
    builtin-swiftStdLibTool --copy --verbose --sign - --scan-executable /Users/binde/Library/Developer/Xcode/DerivedData/Molten-dwnouowhlxjhigdgjryrxxsdqnmu/Build/Products/Debug-iphonesimulator/MoltenUITests-Runner.app/PlugIns/MoltenUITests.xctest/MoltenUITests --scan-folder /Users/binde/Library/Developer/Xcode/DerivedData/Molten-dwnouowhlxjhigdgjryrxxsdqnmu/Build/Products/Debug-iphonesimulator/MoltenUITests-Runner.app/PlugIns/MoltenUITests.xctest/Frameworks --scan-folder /Users/binde/Library/Developer/Xcode/DerivedData/Molten-dwnouowhlxjhigdgjryrxxsdqnmu/Build/Products/Debug-iphonesimulator/MoltenUITests-Runner.app/PlugIns/MoltenUITests.xctest/PlugIns --scan-folder /Users/binde/Library/Developer/Xcode/DerivedData/Molten-dwnouowhlxjhigdgjryrxxsdqnmu/Build/Products/Debug-iphonesimulator/MoltenUITests-Runner.app/PlugIns/MoltenUITests.xctest/SystemExtensions --scan-folder /Users/binde/Library/Developer/Xcode/DerivedData/Molten-dwnouowhlxjhigdgjryrxxsdqnmu/Build/Products/Debug-iphonesimulator/MoltenUITests-Runner.app/PlugIns/MoltenUITests.xctest/Extensions --platform iphonesimulator --toolchain /Applications/Xcode.app/Contents/Developer/Toolchains/XcodeDefault.xctoolchain --destination /Users/binde/Library/Developer/Xcode/DerivedData/Molten-dwnouowhlxjhigdgjryrxxsdqnmu/Build/Products/Debug-iphonesimulator/MoltenUITests-Runner.app/PlugIns/MoltenUITests.xctest/Frameworks --strip-bitcode --scan-executable /Applications/Xcode.app/Contents/Developer/Platforms/iPhoneSimulator.platform/Developer/usr/lib/libXCTestSwiftSupport.dylib --strip-bitcode-tool /Applications/Xcode.app/Contents/Developer/Toolchains/XcodeDefault.xctoolchain/usr/bin/bitcode_strip --emit-dependency-info /Users/binde/Library/Developer/Xcode/DerivedData/Molten-dwnouowhlxjhigdgjryrxxsdqnmu/Build/Intermediates.noindex/Molten.build/Debug-iphonesimulator/MoltenUITests.build/SwiftStdLibToolInputDependencies.dep --filter-for-swift-os

ExtractAppIntentsMetadata (in target 'MoltenUITests' from project 'Molten')
    cd /Users/binde/projects/classes
    /Applications/Xcode.app/Contents/Developer/Toolchains/XcodeDefault.xctoolchain/usr/bin/appintentsmetadataprocessor --toolchain-dir /Applications/Xcode.app/Contents/Developer/Toolchains/XcodeDefault.xctoolchain --module-name MoltenUITests --sdk-root /Applications/Xcode.app/Contents/Developer/Platforms/iPhoneSimulator.platform/Developer/SDKs/iPhoneSimulator26.0.sdk --xcode-version 17A400 --platform-family iOS --deployment-target 26.0 --bundle-identifier motleywoods.MoltenUITests --output /Users/binde/Library/Developer/Xcode/DerivedData/Molten-dwnouowhlxjhigdgjryrxxsdqnmu/Build/Products/Debug-iphonesimulator/MoltenUITests-Runner.app/PlugIns/MoltenUITests.xctest --target-triple arm64-apple-ios26.0-simulator --binary-file /Users/binde/Library/Developer/Xcode/DerivedData/Molten-dwnouowhlxjhigdgjryrxxsdqnmu/Build/Products/Debug-iphonesimulator/MoltenUITests-Runner.app/PlugIns/MoltenUITests.xctest/MoltenUITests --dependency-file /Users/binde/Library/Developer/Xcode/DerivedData/Molten-dwnouowhlxjhigdgjryrxxsdqnmu/Build/Intermediates.noindex/Molten.build/Debug-iphonesimulator/MoltenUITests.build/Objects-normal/arm64/MoltenUITests_dependency_info.dat --stringsdata-file /Users/binde/Library/Developer/Xcode/DerivedData/Molten-dwnouowhlxjhigdgjryrxxsdqnmu/Build/Intermediates.noindex/Molten.build/Debug-iphonesimulator/MoltenUITests.build/Objects-normal/arm64/ExtractedAppShortcutsMetadata.stringsdata --source-file-list /Users/binde/Library/Developer/Xcode/DerivedData/Molten-dwnouowhlxjhigdgjryrxxsdqnmu/Build/Intermediates.noindex/Molten.build/Debug-iphonesimulator/MoltenUITests.build/Objects-normal/arm64/MoltenUITests.SwiftFileList --metadata-file-list /Users/binde/Library/Developer/Xcode/DerivedData/Molten-dwnouowhlxjhigdgjryrxxsdqnmu/Build/Intermediates.noindex/Molten.build/Debug-iphonesimulator/MoltenUITests.build/MoltenUITests.DependencyMetadataFileList --static-metadata-file-list /Users/binde/Library/Developer/Xcode/DerivedData/Molten-dwnouowhlxjhigdgjryrxxsdqnmu/Build/Intermediates.noindex/Molten.build/Debug-iphonesimulator/MoltenUITests.build/MoltenUITests.DependencyStaticMetadataFileList --swift-const-vals-list /Users/binde/Library/Developer/Xcode/DerivedData/Molten-dwnouowhlxjhigdgjryrxxsdqnmu/Build/Intermediates.noindex/Molten.build/Debug-iphonesimulator/MoltenUITests.build/Objects-normal/arm64/MoltenUITests.SwiftConstValuesFileList --compile-time-extraction --deployment-aware-processing --validate-assistant-intents --no-app-shortcuts-localization
2025-11-08 10:28:44.035 appintentsmetadataprocessor[2222:16487248] Starting appintentsmetadataprocessor export
2025-11-08 10:28:44.036 appintentsmetadataprocessor[2222:16487248] warning: Metadata extraction skipped. No AppIntents.framework dependency found.

ExtractAppIntentsMetadata (in target 'ScreenshotAutomation' from project 'Molten')
    cd /Users/binde/projects/classes
    /Applications/Xcode.app/Contents/Developer/Toolchains/XcodeDefault.xctoolchain/usr/bin/appintentsmetadataprocessor --toolchain-dir /Applications/Xcode.app/Contents/Developer/Toolchains/XcodeDefault.xctoolchain --module-name ScreenshotAutomation --sdk-root /Applications/Xcode.app/Contents/Developer/Platforms/iPhoneSimulator.platform/Developer/SDKs/iPhoneSimulator26.0.sdk --xcode-version 17A400 --platform-family iOS --deployment-target 26.0 --bundle-identifier motleywoods.ScreenshotAutomation --output /Users/binde/Library/Developer/Xcode/DerivedData/Molten-dwnouowhlxjhigdgjryrxxsdqnmu/Build/Products/Debug-iphonesimulator/ScreenshotAutomation-Runner.app/PlugIns/ScreenshotAutomation.xctest --target-triple arm64-apple-ios26.0-simulator --binary-file /Users/binde/Library/Developer/Xcode/DerivedData/Molten-dwnouowhlxjhigdgjryrxxsdqnmu/Build/Products/Debug-iphonesimulator/ScreenshotAutomation-Runner.app/PlugIns/ScreenshotAutomation.xctest/ScreenshotAutomation --dependency-file /Users/binde/Library/Developer/Xcode/DerivedData/Molten-dwnouowhlxjhigdgjryrxxsdqnmu/Build/Intermediates.noindex/Molten.build/Debug-iphonesimulator/ScreenshotAutomation.build/Objects-normal/arm64/ScreenshotAutomation_dependency_info.dat --stringsdata-file /Users/binde/Library/Developer/Xcode/DerivedData/Molten-dwnouowhlxjhigdgjryrxxsdqnmu/Build/Intermediates.noindex/Molten.build/Debug-iphonesimulator/ScreenshotAutomation.build/Objects-normal/arm64/ExtractedAppShortcutsMetadata.stringsdata --source-file-list /Users/binde/Library/Developer/Xcode/DerivedData/Molten-dwnouowhlxjhigdgjryrxxsdqnmu/Build/Intermediates.noindex/Molten.build/Debug-iphonesimulator/ScreenshotAutomation.build/Objects-normal/arm64/ScreenshotAutomation.SwiftFileList --metadata-file-list /Users/binde/Library/Developer/Xcode/DerivedData/Molten-dwnouowhlxjhigdgjryrxxsdqnmu/Build/Intermediates.noindex/Molten.build/Debug-iphonesimulator/ScreenshotAutomation.build/ScreenshotAutomation.DependencyMetadataFileList --static-metadata-file-list /Users/binde/Library/Developer/Xcode/DerivedData/Molten-dwnouowhlxjhigdgjryrxxsdqnmu/Build/Intermediates.noindex/Molten.build/Debug-iphonesimulator/ScreenshotAutomation.build/ScreenshotAutomation.DependencyStaticMetadataFileList --swift-const-vals-list /Users/binde/Library/Developer/Xcode/DerivedData/Molten-dwnouowhlxjhigdgjryrxxsdqnmu/Build/Intermediates.noindex/Molten.build/Debug-iphonesimulator/ScreenshotAutomation.build/Objects-normal/arm64/ScreenshotAutomation.SwiftConstValuesFileList --compile-time-extraction --deployment-aware-processing --validate-assistant-intents --no-app-shortcuts-localization
2025-11-08 10:28:44.035 appintentsmetadataprocessor[2221:16487247] Starting appintentsmetadataprocessor export
2025-11-08 10:28:44.036 appintentsmetadataprocessor[2221:16487247] warning: Metadata extraction skipped. No AppIntents.framework dependency found.

AppIntentsSSUTraining (in target 'ScreenshotAutomation' from project 'Molten')
    cd /Users/binde/projects/classes
    /Applications/Xcode.app/Contents/Developer/Toolchains/XcodeDefault.xctoolchain/usr/bin/appintentsnltrainingprocessor --infoplist-path /Users/binde/Library/Developer/Xcode/DerivedData/Molten-dwnouowhlxjhigdgjryrxxsdqnmu/Build/Products/Debug-iphonesimulator/ScreenshotAutomation-Runner.app/PlugIns/ScreenshotAutomation.xctest/Info.plist --temp-dir-path /Users/binde/Library/Developer/Xcode/DerivedData/Molten-dwnouowhlxjhigdgjryrxxsdqnmu/Build/Intermediates.noindex/Molten.build/Debug-iphonesimulator/ScreenshotAutomation.build/ssu --bundle-id motleywoods.ScreenshotAutomation --product-path /Users/binde/Library/Developer/Xcode/DerivedData/Molten-dwnouowhlxjhigdgjryrxxsdqnmu/Build/Products/Debug-iphonesimulator/ScreenshotAutomation-Runner.app/PlugIns/ScreenshotAutomation.xctest --extracted-metadata-path /Users/binde/Library/Developer/Xcode/DerivedData/Molten-dwnouowhlxjhigdgjryrxxsdqnmu/Build/Products/Debug-iphonesimulator/ScreenshotAutomation-Runner.app/PlugIns/ScreenshotAutomation.xctest/Metadata.appintents --metadata-file-list /Users/binde/Library/Developer/Xcode/DerivedData/Molten-dwnouowhlxjhigdgjryrxxsdqnmu/Build/Intermediates.noindex/Molten.build/Debug-iphonesimulator/ScreenshotAutomation.build/ScreenshotAutomation.DependencyMetadataFileList --archive-ssu-assets
2025-11-08 10:28:44.050 appintentsnltrainingprocessor[2223:16487249] Parsing options for appintentsnltrainingprocessor
2025-11-08 10:28:44.051 appintentsnltrainingprocessor[2223:16487249] No AppShortcuts found - Skipping.

AppIntentsSSUTraining (in target 'MoltenUITests' from project 'Molten')
    cd /Users/binde/projects/classes
    /Applications/Xcode.app/Contents/Developer/Toolchains/XcodeDefault.xctoolchain/usr/bin/appintentsnltrainingprocessor --infoplist-path /Users/binde/Library/Developer/Xcode/DerivedData/Molten-dwnouowhlxjhigdgjryrxxsdqnmu/Build/Products/Debug-iphonesimulator/MoltenUITests-Runner.app/PlugIns/MoltenUITests.xctest/Info.plist --temp-dir-path /Users/binde/Library/Developer/Xcode/DerivedData/Molten-dwnouowhlxjhigdgjryrxxsdqnmu/Build/Intermediates.noindex/Molten.build/Debug-iphonesimulator/MoltenUITests.build/ssu --bundle-id motleywoods.MoltenUITests --product-path /Users/binde/Library/Developer/Xcode/DerivedData/Molten-dwnouowhlxjhigdgjryrxxsdqnmu/Build/Products/Debug-iphonesimulator/MoltenUITests-Runner.app/PlugIns/MoltenUITests.xctest --extracted-metadata-path /Users/binde/Library/Developer/Xcode/DerivedData/Molten-dwnouowhlxjhigdgjryrxxsdqnmu/Build/Products/Debug-iphonesimulator/MoltenUITests-Runner.app/PlugIns/MoltenUITests.xctest/Metadata.appintents --metadata-file-list /Users/binde/Library/Developer/Xcode/DerivedData/Molten-dwnouowhlxjhigdgjryrxxsdqnmu/Build/Intermediates.noindex/Molten.build/Debug-iphonesimulator/MoltenUITests.build/MoltenUITests.DependencyMetadataFileList --archive-ssu-assets
2025-11-08 10:28:44.050 appintentsnltrainingprocessor[2224:16487250] Parsing options for appintentsnltrainingprocessor
2025-11-08 10:28:44.051 appintentsnltrainingprocessor[2224:16487250] No AppShortcuts found - Skipping.

CopyPlistFile /Users/binde/Library/Developer/Xcode/DerivedData/Molten-dwnouowhlxjhigdgjryrxxsdqnmu/Build/Products/Debug-iphonesimulator/ScreenshotAutomation-Runner.app/Info.plist /Applications/Xcode.app/Contents/Developer/Platforms/iPhoneSimulator.platform/Developer/Library/Xcode/Agents/XCTRunner.app/Info.plist (in target 'ScreenshotAutomation' from project 'Molten')
    cd /Users/binde/projects/classes
    builtin-copyPlist --validate --convert xml1 --macro-expansion WRAPPEDPRODUCTNAME ScreenshotAutomation-Runner --macro-expansion WRAPPEDPRODUCTBUNDLEIDENTIFIER motleywoods.ScreenshotAutomation.xctrunner --macro-expansion TESTPRODUCTNAME ScreenshotAutomation --macro-expansion TESTPRODUCTBUNDLEIDENTIFIER motleywoods.ScreenshotAutomation --copy-value UIDeviceFamily /Users/binde/Library/Developer/Xcode/DerivedData/Molten-dwnouowhlxjhigdgjryrxxsdqnmu/Build/Products/Debug-iphonesimulator/ScreenshotAutomation-Runner.app/PlugIns/ScreenshotAutomation.xctest/Info.plist --outdir /Users/binde/Library/Developer/Xcode/DerivedData/Molten-dwnouowhlxjhigdgjryrxxsdqnmu/Build/Products/Debug-iphonesimulator/ScreenshotAutomation-Runner.app -- /Applications/Xcode.app/Contents/Developer/Platforms/iPhoneSimulator.platform/Developer/Library/Xcode/Agents/XCTRunner.app/Info.plist

CopyAndPreserveArchs /Users/binde/Library/Developer/Xcode/DerivedData/Molten-dwnouowhlxjhigdgjryrxxsdqnmu/Build/Products/Debug-iphonesimulator/ScreenshotAutomation-Runner.app/ScreenshotAutomation-Runner (in target 'ScreenshotAutomation' from project 'Molten')
    cd /Users/binde/projects/classes
    /Applications/Xcode.app/Contents/Developer/Toolchains/XcodeDefault.xctoolchain/usr/bin/lipo /Applications/Xcode.app/Contents/Developer/Platforms/iPhoneSimulator.platform/Developer/Library/Xcode/Agents/XCTRunner.app/XCTRunner -output /Users/binde/Library/Developer/Xcode/DerivedData/Molten-dwnouowhlxjhigdgjryrxxsdqnmu/Build/Products/Debug-iphonesimulator/ScreenshotAutomation-Runner.app/ScreenshotAutomation-Runner -extract arm64

Copy /Users/binde/Library/Developer/Xcode/DerivedData/Molten-dwnouowhlxjhigdgjryrxxsdqnmu/Build/Products/Debug-iphonesimulator/ScreenshotAutomation-Runner.app/PkgInfo /Applications/Xcode.app/Contents/Developer/Platforms/iPhoneSimulator.platform/Developer/Library/Xcode/Agents/XCTRunner.app/PkgInfo (in target 'ScreenshotAutomation' from project 'Molten')
    cd /Users/binde/projects/classes
    builtin-copy -exclude .DS_Store -exclude CVS -exclude .svn -exclude .git -exclude .hg -resolve-src-symlinks /Applications/Xcode.app/Contents/Developer/Platforms/iPhoneSimulator.platform/Developer/Library/Xcode/Agents/XCTRunner.app/PkgInfo /Users/binde/Library/Developer/Xcode/DerivedData/Molten-dwnouowhlxjhigdgjryrxxsdqnmu/Build/Products/Debug-iphonesimulator/ScreenshotAutomation-Runner.app

MkDir /Users/binde/Library/Developer/Xcode/DerivedData/Molten-dwnouowhlxjhigdgjryrxxsdqnmu/Build/Products/Debug-iphonesimulator/ScreenshotAutomation-Runner.app (in target 'ScreenshotAutomation' from project 'Molten')
    cd /Users/binde/projects/classes
    /bin/mkdir -p /Users/binde/Library/Developer/Xcode/DerivedData/Molten-dwnouowhlxjhigdgjryrxxsdqnmu/Build/Products/Debug-iphonesimulator/ScreenshotAutomation-Runner.app

Copy /Users/binde/Library/Developer/Xcode/DerivedData/Molten-dwnouowhlxjhigdgjryrxxsdqnmu/Build/Products/Debug-iphonesimulator/ScreenshotAutomation-Runner.app/Frameworks/XCUnit.framework /Applications/Xcode.app/Contents/Developer/Platforms/iPhoneSimulator.platform/Developer/Library/PrivateFrameworks/XCUnit.framework (in target 'ScreenshotAutomation' from project 'Molten')
    cd /Users/binde/projects/classes
    builtin-copy -exclude .DS_Store -exclude CVS -exclude .svn -exclude .git -exclude .hg -exclude Headers -exclude PrivateHeaders -exclude Modules -exclude \*.tbd -resolve-src-symlinks /Applications/Xcode.app/Contents/Developer/Platforms/iPhoneSimulator.platform/Developer/Library/PrivateFrameworks/XCUnit.framework /Users/binde/Library/Developer/Xcode/DerivedData/Molten-dwnouowhlxjhigdgjryrxxsdqnmu/Build/Products/Debug-iphonesimulator/ScreenshotAutomation-Runner.app/Frameworks

Copy /Users/binde/Library/Developer/Xcode/DerivedData/Molten-dwnouowhlxjhigdgjryrxxsdqnmu/Build/Products/Debug-iphonesimulator/ScreenshotAutomation-Runner.app/Frameworks/XCTestCore.framework /Applications/Xcode.app/Contents/Developer/Platforms/iPhoneSimulator.platform/Developer/Library/PrivateFrameworks/XCTestCore.framework (in target 'ScreenshotAutomation' from project 'Molten')
    cd /Users/binde/projects/classes
    builtin-copy -exclude .DS_Store -exclude CVS -exclude .svn -exclude .git -exclude .hg -exclude Headers -exclude PrivateHeaders -exclude Modules -exclude \*.tbd -resolve-src-symlinks /Applications/Xcode.app/Contents/Developer/Platforms/iPhoneSimulator.platform/Developer/Library/PrivateFrameworks/XCTestCore.framework /Users/binde/Library/Developer/Xcode/DerivedData/Molten-dwnouowhlxjhigdgjryrxxsdqnmu/Build/Products/Debug-iphonesimulator/ScreenshotAutomation-Runner.app/Frameworks

Copy /Users/binde/Library/Developer/Xcode/DerivedData/Molten-dwnouowhlxjhigdgjryrxxsdqnmu/Build/Products/Debug-iphonesimulator/ScreenshotAutomation-Runner.app/Frameworks/libXCTestSwiftSupport.dylib /Applications/Xcode.app/Contents/Developer/Platforms/iPhoneSimulator.platform/Developer/usr/lib/libXCTestSwiftSupport.dylib (in target 'ScreenshotAutomation' from project 'Molten')
    cd /Users/binde/projects/classes
    builtin-copy -exclude .DS_Store -exclude CVS -exclude .svn -exclude .git -exclude .hg -exclude Headers -exclude PrivateHeaders -exclude Modules -exclude \*.tbd -resolve-src-symlinks /Applications/Xcode.app/Contents/Developer/Platforms/iPhoneSimulator.platform/Developer/usr/lib/libXCTestSwiftSupport.dylib /Users/binde/Library/Developer/Xcode/DerivedData/Molten-dwnouowhlxjhigdgjryrxxsdqnmu/Build/Products/Debug-iphonesimulator/ScreenshotAutomation-Runner.app/Frameworks

Copy /Users/binde/Library/Developer/Xcode/DerivedData/Molten-dwnouowhlxjhigdgjryrxxsdqnmu/Build/Products/Debug-iphonesimulator/ScreenshotAutomation-Runner.app/Frameworks/XCTestSupport.framework /Applications/Xcode.app/Contents/Developer/Platforms/iPhoneSimulator.platform/Developer/Library/PrivateFrameworks/XCTestSupport.framework (in target 'ScreenshotAutomation' from project 'Molten')
    cd /Users/binde/projects/classes
    builtin-copy -exclude .DS_Store -exclude CVS -exclude .svn -exclude .git -exclude .hg -exclude Headers -exclude PrivateHeaders -exclude Modules -exclude \*.tbd -resolve-src-symlinks /Applications/Xcode.app/Contents/Developer/Platforms/iPhoneSimulator.platform/Developer/Library/PrivateFrameworks/XCTestSupport.framework /Users/binde/Library/Developer/Xcode/DerivedData/Molten-dwnouowhlxjhigdgjryrxxsdqnmu/Build/Products/Debug-iphonesimulator/ScreenshotAutomation-Runner.app/Frameworks

Copy /Users/binde/Library/Developer/Xcode/DerivedData/Molten-dwnouowhlxjhigdgjryrxxsdqnmu/Build/Products/Debug-iphonesimulator/ScreenshotAutomation-Runner.app/Frameworks/XCTest.framework /Applications/Xcode.app/Contents/Developer/Platforms/iPhoneSimulator.platform/Developer/Library/Frameworks/XCTest.framework (in target 'ScreenshotAutomation' from project 'Molten')
    cd /Users/binde/projects/classes
    builtin-copy -exclude .DS_Store -exclude CVS -exclude .svn -exclude .git -exclude .hg -exclude Headers -exclude PrivateHeaders -exclude Modules -exclude \*.tbd -resolve-src-symlinks /Applications/Xcode.app/Contents/Developer/Platforms/iPhoneSimulator.platform/Developer/Library/Frameworks/XCTest.framework /Users/binde/Library/Developer/Xcode/DerivedData/Molten-dwnouowhlxjhigdgjryrxxsdqnmu/Build/Products/Debug-iphonesimulator/ScreenshotAutomation-Runner.app/Frameworks

Copy /Users/binde/Library/Developer/Xcode/DerivedData/Molten-dwnouowhlxjhigdgjryrxxsdqnmu/Build/Products/Debug-iphonesimulator/ScreenshotAutomation-Runner.app/Frameworks/XCUIAutomation.framework /Applications/Xcode.app/Contents/Developer/Platforms/iPhoneSimulator.platform/Developer/Library/Frameworks/XCUIAutomation.framework (in target 'ScreenshotAutomation' from project 'Molten')
    cd /Users/binde/projects/classes
    builtin-copy -exclude .DS_Store -exclude CVS -exclude .svn -exclude .git -exclude .hg -exclude Headers -exclude PrivateHeaders -exclude Modules -exclude \*.tbd -resolve-src-symlinks /Applications/Xcode.app/Contents/Developer/Platforms/iPhoneSimulator.platform/Developer/Library/Frameworks/XCUIAutomation.framework /Users/binde/Library/Developer/Xcode/DerivedData/Molten-dwnouowhlxjhigdgjryrxxsdqnmu/Build/Products/Debug-iphonesimulator/ScreenshotAutomation-Runner.app/Frameworks

Copy /Users/binde/Library/Developer/Xcode/DerivedData/Molten-dwnouowhlxjhigdgjryrxxsdqnmu/Build/Products/Debug-iphonesimulator/ScreenshotAutomation-Runner.app/Frameworks/XCTAutomationSupport.framework /Applications/Xcode.app/Contents/Developer/Platforms/iPhoneSimulator.platform/Developer/Library/PrivateFrameworks/XCTAutomationSupport.framework (in target 'ScreenshotAutomation' from project 'Molten')
    cd /Users/binde/projects/classes
    builtin-copy -exclude .DS_Store -exclude CVS -exclude .svn -exclude .git -exclude .hg -exclude Headers -exclude PrivateHeaders -exclude Modules -exclude \*.tbd -resolve-src-symlinks /Applications/Xcode.app/Contents/Developer/Platforms/iPhoneSimulator.platform/Developer/Library/PrivateFrameworks/XCTAutomationSupport.framework /Users/binde/Library/Developer/Xcode/DerivedData/Molten-dwnouowhlxjhigdgjryrxxsdqnmu/Build/Products/Debug-iphonesimulator/ScreenshotAutomation-Runner.app/Frameworks

Copy /Users/binde/Library/Developer/Xcode/DerivedData/Molten-dwnouowhlxjhigdgjryrxxsdqnmu/Build/Products/Debug-iphonesimulator/ScreenshotAutomation-Runner.app/Frameworks/Testing.framework /Applications/Xcode.app/Contents/Developer/Platforms/iPhoneSimulator.platform/Developer/Library/Frameworks/Testing.framework (in target 'ScreenshotAutomation' from project 'Molten')
    cd /Users/binde/projects/classes
    builtin-copy -exclude .DS_Store -exclude CVS -exclude .svn -exclude .git -exclude .hg -exclude Headers -exclude PrivateHeaders -exclude Modules -exclude \*.tbd -resolve-src-symlinks /Applications/Xcode.app/Contents/Developer/Platforms/iPhoneSimulator.platform/Developer/Library/Frameworks/Testing.framework /Users/binde/Library/Developer/Xcode/DerivedData/Molten-dwnouowhlxjhigdgjryrxxsdqnmu/Build/Products/Debug-iphonesimulator/ScreenshotAutomation-Runner.app/Frameworks

MkDir /Users/binde/Library/Developer/Xcode/DerivedData/Molten-dwnouowhlxjhigdgjryrxxsdqnmu/Build/Products/Debug-iphonesimulator/MoltenUITests-Runner.app (in target 'MoltenUITests' from project 'Molten')
    cd /Users/binde/projects/classes
    /bin/mkdir -p /Users/binde/Library/Developer/Xcode/DerivedData/Molten-dwnouowhlxjhigdgjryrxxsdqnmu/Build/Products/Debug-iphonesimulator/MoltenUITests-Runner.app

CopyPlistFile /Users/binde/Library/Developer/Xcode/DerivedData/Molten-dwnouowhlxjhigdgjryrxxsdqnmu/Build/Products/Debug-iphonesimulator/MoltenUITests-Runner.app/Info.plist /Applications/Xcode.app/Contents/Developer/Platforms/iPhoneSimulator.platform/Developer/Library/Xcode/Agents/XCTRunner.app/Info.plist (in target 'MoltenUITests' from project 'Molten')
    cd /Users/binde/projects/classes
    builtin-copyPlist --validate --convert xml1 --macro-expansion WRAPPEDPRODUCTNAME MoltenUITests-Runner --macro-expansion WRAPPEDPRODUCTBUNDLEIDENTIFIER motleywoods.MoltenUITests.xctrunner --macro-expansion TESTPRODUCTNAME MoltenUITests --macro-expansion TESTPRODUCTBUNDLEIDENTIFIER motleywoods.MoltenUITests --copy-value UIDeviceFamily /Users/binde/Library/Developer/Xcode/DerivedData/Molten-dwnouowhlxjhigdgjryrxxsdqnmu/Build/Products/Debug-iphonesimulator/MoltenUITests-Runner.app/PlugIns/MoltenUITests.xctest/Info.plist --outdir /Users/binde/Library/Developer/Xcode/DerivedData/Molten-dwnouowhlxjhigdgjryrxxsdqnmu/Build/Products/Debug-iphonesimulator/MoltenUITests-Runner.app -- /Applications/Xcode.app/Contents/Developer/Platforms/iPhoneSimulator.platform/Developer/Library/Xcode/Agents/XCTRunner.app/Info.plist

CopyAndPreserveArchs /Users/binde/Library/Developer/Xcode/DerivedData/Molten-dwnouowhlxjhigdgjryrxxsdqnmu/Build/Products/Debug-iphonesimulator/MoltenUITests-Runner.app/MoltenUITests-Runner (in target 'MoltenUITests' from project 'Molten')
    cd /Users/binde/projects/classes
    /Applications/Xcode.app/Contents/Developer/Toolchains/XcodeDefault.xctoolchain/usr/bin/lipo /Applications/Xcode.app/Contents/Developer/Platforms/iPhoneSimulator.platform/Developer/Library/Xcode/Agents/XCTRunner.app/XCTRunner -output /Users/binde/Library/Developer/Xcode/DerivedData/Molten-dwnouowhlxjhigdgjryrxxsdqnmu/Build/Products/Debug-iphonesimulator/MoltenUITests-Runner.app/MoltenUITests-Runner -extract arm64

Copy /Users/binde/Library/Developer/Xcode/DerivedData/Molten-dwnouowhlxjhigdgjryrxxsdqnmu/Build/Products/Debug-iphonesimulator/MoltenUITests-Runner.app/PkgInfo /Applications/Xcode.app/Contents/Developer/Platforms/iPhoneSimulator.platform/Developer/Library/Xcode/Agents/XCTRunner.app/PkgInfo (in target 'MoltenUITests' from project 'Molten')
    cd /Users/binde/projects/classes
    builtin-copy -exclude .DS_Store -exclude CVS -exclude .svn -exclude .git -exclude .hg -resolve-src-symlinks /Applications/Xcode.app/Contents/Developer/Platforms/iPhoneSimulator.platform/Developer/Library/Xcode/Agents/XCTRunner.app/PkgInfo /Users/binde/Library/Developer/Xcode/DerivedData/Molten-dwnouowhlxjhigdgjryrxxsdqnmu/Build/Products/Debug-iphonesimulator/MoltenUITests-Runner.app

Copy /Users/binde/Library/Developer/Xcode/DerivedData/Molten-dwnouowhlxjhigdgjryrxxsdqnmu/Build/Products/Debug-iphonesimulator/MoltenUITests-Runner.app/Frameworks/libXCTestSwiftSupport.dylib /Applications/Xcode.app/Contents/Developer/Platforms/iPhoneSimulator.platform/Developer/usr/lib/libXCTestSwiftSupport.dylib (in target 'MoltenUITests' from project 'Molten')
    cd /Users/binde/projects/classes
    builtin-copy -exclude .DS_Store -exclude CVS -exclude .svn -exclude .git -exclude .hg -exclude Headers -exclude PrivateHeaders -exclude Modules -exclude \*.tbd -resolve-src-symlinks /Applications/Xcode.app/Contents/Developer/Platforms/iPhoneSimulator.platform/Developer/usr/lib/libXCTestSwiftSupport.dylib /Users/binde/Library/Developer/Xcode/DerivedData/Molten-dwnouowhlxjhigdgjryrxxsdqnmu/Build/Products/Debug-iphonesimulator/MoltenUITests-Runner.app/Frameworks

Copy /Users/binde/Library/Developer/Xcode/DerivedData/Molten-dwnouowhlxjhigdgjryrxxsdqnmu/Build/Products/Debug-iphonesimulator/MoltenUITests-Runner.app/Frameworks/XCUnit.framework /Applications/Xcode.app/Contents/Developer/Platforms/iPhoneSimulator.platform/Developer/Library/PrivateFrameworks/XCUnit.framework (in target 'MoltenUITests' from project 'Molten')
    cd /Users/binde/projects/classes
    builtin-copy -exclude .DS_Store -exclude CVS -exclude .svn -exclude .git -exclude .hg -exclude Headers -exclude PrivateHeaders -exclude Modules -exclude \*.tbd -resolve-src-symlinks /Applications/Xcode.app/Contents/Developer/Platforms/iPhoneSimulator.platform/Developer/Library/PrivateFrameworks/XCUnit.framework /Users/binde/Library/Developer/Xcode/DerivedData/Molten-dwnouowhlxjhigdgjryrxxsdqnmu/Build/Products/Debug-iphonesimulator/MoltenUITests-Runner.app/Frameworks

Copy /Users/binde/Library/Developer/Xcode/DerivedData/Molten-dwnouowhlxjhigdgjryrxxsdqnmu/Build/Products/Debug-iphonesimulator/MoltenUITests-Runner.app/Frameworks/XCUIAutomation.framework /Applications/Xcode.app/Contents/Developer/Platforms/iPhoneSimulator.platform/Developer/Library/Frameworks/XCUIAutomation.framework (in target 'MoltenUITests' from project 'Molten')
    cd /Users/binde/projects/classes
    builtin-copy -exclude .DS_Store -exclude CVS -exclude .svn -exclude .git -exclude .hg -exclude Headers -exclude PrivateHeaders -exclude Modules -exclude \*.tbd -resolve-src-symlinks /Applications/Xcode.app/Contents/Developer/Platforms/iPhoneSimulator.platform/Developer/Library/Frameworks/XCUIAutomation.framework /Users/binde/Library/Developer/Xcode/DerivedData/Molten-dwnouowhlxjhigdgjryrxxsdqnmu/Build/Products/Debug-iphonesimulator/MoltenUITests-Runner.app/Frameworks

Copy /Users/binde/Library/Developer/Xcode/DerivedData/Molten-dwnouowhlxjhigdgjryrxxsdqnmu/Build/Products/Debug-iphonesimulator/MoltenUITests-Runner.app/Frameworks/XCTestSupport.framework /Applications/Xcode.app/Contents/Developer/Platforms/iPhoneSimulator.platform/Developer/Library/PrivateFrameworks/XCTestSupport.framework (in target 'MoltenUITests' from project 'Molten')
    cd /Users/binde/projects/classes
    builtin-copy -exclude .DS_Store -exclude CVS -exclude .svn -exclude .git -exclude .hg -exclude Headers -exclude PrivateHeaders -exclude Modules -exclude \*.tbd -resolve-src-symlinks /Applications/Xcode.app/Contents/Developer/Platforms/iPhoneSimulator.platform/Developer/Library/PrivateFrameworks/XCTestSupport.framework /Users/binde/Library/Developer/Xcode/DerivedData/Molten-dwnouowhlxjhigdgjryrxxsdqnmu/Build/Products/Debug-iphonesimulator/MoltenUITests-Runner.app/Frameworks

Copy /Users/binde/Library/Developer/Xcode/DerivedData/Molten-dwnouowhlxjhigdgjryrxxsdqnmu/Build/Products/Debug-iphonesimulator/MoltenUITests-Runner.app/Frameworks/XCTestCore.framework /Applications/Xcode.app/Contents/Developer/Platforms/iPhoneSimulator.platform/Developer/Library/PrivateFrameworks/XCTestCore.framework (in target 'MoltenUITests' from project 'Molten')
    cd /Users/binde/projects/classes
    builtin-copy -exclude .DS_Store -exclude CVS -exclude .svn -exclude .git -exclude .hg -exclude Headers -exclude PrivateHeaders -exclude Modules -exclude \*.tbd -resolve-src-symlinks /Applications/Xcode.app/Contents/Developer/Platforms/iPhoneSimulator.platform/Developer/Library/PrivateFrameworks/XCTestCore.framework /Users/binde/Library/Developer/Xcode/DerivedData/Molten-dwnouowhlxjhigdgjryrxxsdqnmu/Build/Products/Debug-iphonesimulator/MoltenUITests-Runner.app/Frameworks

Copy /Users/binde/Library/Developer/Xcode/DerivedData/Molten-dwnouowhlxjhigdgjryrxxsdqnmu/Build/Products/Debug-iphonesimulator/MoltenUITests-Runner.app/Frameworks/XCTest.framework /Applications/Xcode.app/Contents/Developer/Platforms/iPhoneSimulator.platform/Developer/Library/Frameworks/XCTest.framework (in target 'MoltenUITests' from project 'Molten')
    cd /Users/binde/projects/classes
    builtin-copy -exclude .DS_Store -exclude CVS -exclude .svn -exclude .git -exclude .hg -exclude Headers -exclude PrivateHeaders -exclude Modules -exclude \*.tbd -resolve-src-symlinks /Applications/Xcode.app/Contents/Developer/Platforms/iPhoneSimulator.platform/Developer/Library/Frameworks/XCTest.framework /Users/binde/Library/Developer/Xcode/DerivedData/Molten-dwnouowhlxjhigdgjryrxxsdqnmu/Build/Products/Debug-iphonesimulator/MoltenUITests-Runner.app/Frameworks

Copy /Users/binde/Library/Developer/Xcode/DerivedData/Molten-dwnouowhlxjhigdgjryrxxsdqnmu/Build/Products/Debug-iphonesimulator/MoltenUITests-Runner.app/Frameworks/XCTAutomationSupport.framework /Applications/Xcode.app/Contents/Developer/Platforms/iPhoneSimulator.platform/Developer/Library/PrivateFrameworks/XCTAutomationSupport.framework (in target 'MoltenUITests' from project 'Molten')
    cd /Users/binde/projects/classes
    builtin-copy -exclude .DS_Store -exclude CVS -exclude .svn -exclude .git -exclude .hg -exclude Headers -exclude PrivateHeaders -exclude Modules -exclude \*.tbd -resolve-src-symlinks /Applications/Xcode.app/Contents/Developer/Platforms/iPhoneSimulator.platform/Developer/Library/PrivateFrameworks/XCTAutomationSupport.framework /Users/binde/Library/Developer/Xcode/DerivedData/Molten-dwnouowhlxjhigdgjryrxxsdqnmu/Build/Products/Debug-iphonesimulator/MoltenUITests-Runner.app/Frameworks

Copy /Users/binde/Library/Developer/Xcode/DerivedData/Molten-dwnouowhlxjhigdgjryrxxsdqnmu/Build/Products/Debug-iphonesimulator/MoltenUITests-Runner.app/Frameworks/Testing.framework /Applications/Xcode.app/Contents/Developer/Platforms/iPhoneSimulator.platform/Developer/Library/Frameworks/Testing.framework (in target 'MoltenUITests' from project 'Molten')
    cd /Users/binde/projects/classes
    builtin-copy -exclude .DS_Store -exclude CVS -exclude .svn -exclude .git -exclude .hg -exclude Headers -exclude PrivateHeaders -exclude Modules -exclude \*.tbd -resolve-src-symlinks /Applications/Xcode.app/Contents/Developer/Platforms/iPhoneSimulator.platform/Developer/Library/Frameworks/Testing.framework /Users/binde/Library/Developer/Xcode/DerivedData/Molten-dwnouowhlxjhigdgjryrxxsdqnmu/Build/Products/Debug-iphonesimulator/MoltenUITests-Runner.app/Frameworks

CodeSign /Users/binde/Library/Developer/Xcode/DerivedData/Molten-dwnouowhlxjhigdgjryrxxsdqnmu/Build/Products/Debug-iphonesimulator/ScreenshotAutomation-Runner.app/PlugIns/ScreenshotAutomation.xctest (in target 'ScreenshotAutomation' from project 'Molten')
    cd /Users/binde/projects/classes
    
    Signing Identity:     "Sign to Run Locally"
    
    /usr/bin/codesign --force --sign - --timestamp\=none --generate-entitlement-der /Users/binde/Library/Developer/Xcode/DerivedData/Molten-dwnouowhlxjhigdgjryrxxsdqnmu/Build/Products/Debug-iphonesimulator/ScreenshotAutomation-Runner.app/PlugIns/ScreenshotAutomation.xctest

CodeSign /Users/binde/Library/Developer/Xcode/DerivedData/Molten-dwnouowhlxjhigdgjryrxxsdqnmu/Build/Products/Debug-iphonesimulator/MoltenUITests-Runner.app/PlugIns/MoltenUITests.xctest (in target 'MoltenUITests' from project 'Molten')
    cd /Users/binde/projects/classes
    
    Signing Identity:     "Sign to Run Locally"
    
    /usr/bin/codesign --force --sign - --timestamp\=none --generate-entitlement-der /Users/binde/Library/Developer/Xcode/DerivedData/Molten-dwnouowhlxjhigdgjryrxxsdqnmu/Build/Products/Debug-iphonesimulator/MoltenUITests-Runner.app/PlugIns/MoltenUITests.xctest

CodeSign /Users/binde/Library/Developer/Xcode/DerivedData/Molten-dwnouowhlxjhigdgjryrxxsdqnmu/Build/Products/Debug-iphonesimulator/ScreenshotAutomation-Runner.app (in target 'ScreenshotAutomation' from project 'Molten')
    cd /Users/binde/projects/classes
    
    Signing Identity:     "Sign to Run Locally"
    
    /usr/bin/codesign --force --sign - --timestamp\=none --generate-entitlement-der /Users/binde/Library/Developer/Xcode/DerivedData/Molten-dwnouowhlxjhigdgjryrxxsdqnmu/Build/Products/Debug-iphonesimulator/ScreenshotAutomation-Runner.app
/Users/binde/Library/Developer/Xcode/DerivedData/Molten-dwnouowhlxjhigdgjryrxxsdqnmu/Build/Products/Debug-iphonesimulator/ScreenshotAutomation-Runner.app: replacing existing signature

CodeSign /Users/binde/Library/Developer/Xcode/DerivedData/Molten-dwnouowhlxjhigdgjryrxxsdqnmu/Build/Products/Debug-iphonesimulator/MoltenUITests-Runner.app (in target 'MoltenUITests' from project 'Molten')
    cd /Users/binde/projects/classes
    
    Signing Identity:     "Sign to Run Locally"
    
    /usr/bin/codesign --force --sign - --timestamp\=none --generate-entitlement-der /Users/binde/Library/Developer/Xcode/DerivedData/Molten-dwnouowhlxjhigdgjryrxxsdqnmu/Build/Products/Debug-iphonesimulator/MoltenUITests-Runner.app
/Users/binde/Library/Developer/Xcode/DerivedData/Molten-dwnouowhlxjhigdgjryrxxsdqnmu/Build/Products/Debug-iphonesimulator/MoltenUITests-Runner.app: replacing existing signature

RegisterExecutionPolicyException /Users/binde/Library/Developer/Xcode/DerivedData/Molten-dwnouowhlxjhigdgjryrxxsdqnmu/Build/Products/Debug-iphonesimulator/ScreenshotAutomation-Runner.app/PlugIns/ScreenshotAutomation.xctest (in target 'ScreenshotAutomation' from project 'Molten')
    cd /Users/binde/projects/classes
    builtin-RegisterExecutionPolicyException /Users/binde/Library/Developer/Xcode/DerivedData/Molten-dwnouowhlxjhigdgjryrxxsdqnmu/Build/Products/Debug-iphonesimulator/ScreenshotAutomation-Runner.app/PlugIns/ScreenshotAutomation.xctest

RegisterExecutionPolicyException /Users/binde/Library/Developer/Xcode/DerivedData/Molten-dwnouowhlxjhigdgjryrxxsdqnmu/Build/Products/Debug-iphonesimulator/MoltenUITests-Runner.app/PlugIns/MoltenUITests.xctest (in target 'MoltenUITests' from project 'Molten')
    cd /Users/binde/projects/classes
    builtin-RegisterExecutionPolicyException /Users/binde/Library/Developer/Xcode/DerivedData/Molten-dwnouowhlxjhigdgjryrxxsdqnmu/Build/Products/Debug-iphonesimulator/MoltenUITests-Runner.app/PlugIns/MoltenUITests.xctest

Touch /Users/binde/Library/Developer/Xcode/DerivedData/Molten-dwnouowhlxjhigdgjryrxxsdqnmu/Build/Products/Debug-iphonesimulator/ScreenshotAutomation-Runner.app/PlugIns/ScreenshotAutomation.xctest (in target 'ScreenshotAutomation' from project 'Molten')
    cd /Users/binde/projects/classes
    /usr/bin/touch -c /Users/binde/Library/Developer/Xcode/DerivedData/Molten-dwnouowhlxjhigdgjryrxxsdqnmu/Build/Products/Debug-iphonesimulator/ScreenshotAutomation-Runner.app/PlugIns/ScreenshotAutomation.xctest

Touch /Users/binde/Library/Developer/Xcode/DerivedData/Molten-dwnouowhlxjhigdgjryrxxsdqnmu/Build/Products/Debug-iphonesimulator/MoltenUITests-Runner.app/PlugIns/MoltenUITests.xctest (in target 'MoltenUITests' from project 'Molten')
    cd /Users/binde/projects/classes
    /usr/bin/touch -c /Users/binde/Library/Developer/Xcode/DerivedData/Molten-dwnouowhlxjhigdgjryrxxsdqnmu/Build/Products/Debug-iphonesimulator/MoltenUITests-Runner.app/PlugIns/MoltenUITests.xctest

warning: Skipping duplicate build file in Compile Sources build phase: /Users/binde/projects/classes/Molten/Tests/MoltenTests/Services/ToolItemDataLoadingServiceTests.swift (in target 'MoltenTests' from project 'Molten')
✅ Test Environment configured
2025-11-08 10:29:12.874567-0800 Molten[2528:16491021] [General] Failed to send CA Event for app launch measurements for ca_event_type: 0 event_name: com.apple.app_launch_measurement.FirstFramePresentationMetric
2025-11-08 10:29:13.200701-0800 Molten[2528:16491029] [Default] Error enumerating unfinished transactions for first transaction listener: Error Domain=ASDErrorDomain Code=509 "No active account" UserInfo={NSLocalizedDescription=No active account}
✅ Loaded 0 subscription products
2025-11-08 10:29:14.457795-0800 Molten[2528:16491034] [Default] Error enumerating all current transactions: Error Domain=ASDErrorDomain Code=509 "No active account" UserInfo={NSLocalizedDescription=No active account}
📊 Subscription status: notSubscribed
2025-11-08 10:29:14.528727-0800 Molten[2528:16491031] [General] Failed to send CA Event for app launch measurements for ca_event_type: 1 event_name: com.apple.app_launch_measurement.ExtendedLaunchMetrics
Test Suite 'All tests' started at 2025-11-08 10:29:15.065.
Test Suite 'All tests' passed at 2025-11-08 10:29:15.065.
	 Executed 0 tests, with 0 failures (0 unexpected) in 0.000 (0.000) seconds
◇ Test run started.
↳ Testing Library Version: 1085
↳ Target Platform: arm64-apple-ios13.0-simulator
◇ Suite "AddInventoryItemView Tests" started.
◇ Test "Initialize without prefilled natural key" started.
✔ Test "Initialize without prefilled natural key" passed after 0.001 seconds.
◇ Test "Initialize with prefilled natural key" started.
✔ Test "Initialize with prefilled natural key" passed after 0.001 seconds.
◇ Test "Initialize with default services when none provided" started.
✔ Test "Initialize with default services when none provided" passed after 0.001 seconds.
◇ Test "GlassItemSearchSelector integration" started.
✔ Test "GlassItemSearchSelector integration" passed after 0.001 seconds.
◇ Test "Prefilled natural key is used in search selector" started.
✔ Test "Prefilled natural key is used in search selector" passed after 0.001 seconds.
◇ Test "Search text updates on selection" started.
✔ Test "Search text updates on selection" passed after 0.001 seconds.
◇ Test "Clear selection resets state" started.
✔ Test "Clear selection resets state" passed after 0.001 seconds.
◇ Test "Default type is rod" started.
✔ Test "Default type is rod" passed after 0.001 seconds.
◇ Test "Common inventory types are available" started.
✔ Test "Common inventory types are available" passed after 0.001 seconds.
◇ Test "Subtypes are populated based on selected type" started.
✔ Test "Subtypes are populated based on selected type" passed after 0.001 seconds.
◇ Test "Changing type resets subtype" started.
✔ Test "Changing type resets subtype" passed after 0.001 seconds.
◇ Test "Subtype is optional" started.
✔ Test "Subtype is optional" passed after 0.001 seconds.
◇ Test "Dimension fields are populated based on type" started.
✔ Test "Dimension fields are populated based on type" passed after 0.001 seconds.
◇ Test "Dimension fields show correct units" started.
✔ Test "Dimension fields show correct units" passed after 0.001 seconds.
◇ Test "Dimension fields are optional by default" started.
✔ Test "Dimension fields are optional by default" passed after 0.001 seconds.
◇ Test "Dimension validation catches negative values" started.
✔ Test "Dimension validation catches negative values" passed after 0.001 seconds.
◇ Test "Empty dimensions are valid" started.
✔ Test "Empty dimensions are valid" passed after 0.001 seconds.
◇ Test "Location field is optional" started.
✔ Test "Location field is optional" passed after 0.001 seconds.
◇ Test "Location is used for distribution when provided" started.
✔ Test "Location is used for distribution when provided" passed after 0.001 seconds.
◇ Test "Save requires natural key" started.
✔ Test "Save requires natural key" passed after 0.001 seconds.
◇ Test "Save requires quantity" started.
✔ Test "Save requires quantity" passed after 0.001 seconds.
◇ Test "Quantity must be valid number" started.
✔ Test "Quantity must be valid number" passed after 0.001 seconds.
◇ Test "Quantity must be positive" started.
✔ Test "Quantity must be positive" passed after 0.001 seconds.
◇ Test "Dimension parsing handles invalid input" started.
✔ Test "Dimension parsing handles invalid input" passed after 0.001 seconds.
◇ Test "Dimension parsing handles empty strings" started.
✔ Test "Dimension parsing handles empty strings" passed after 0.001 seconds.
◇ Test "Save creates inventory model with correct properties" started.
✔ Test "Save creates inventory model with correct properties" passed after 0.001 seconds.
◇ Test "Save uses inventory tracking service" started.
✔ Test "Save uses inventory tracking service" passed after 0.001 seconds.
◇ Test "Save posts notification on success" started.
✔ Test "Save posts notification on success" passed after 0.001 seconds.
◇ Test "Cancel button dismisses view" started.
✔ Test "Cancel button dismisses view" passed after 0.001 seconds.
◇ Test "Error shown for missing glass item" started.
✔ Test "Error shown for missing glass item" passed after 0.001 seconds.
◇ Test "Error shown for invalid quantity format" started.
✔ Test "Error shown for invalid quantity format" passed after 0.001 seconds.
◇ Test "Error shown for empty required fields" started.
✔ Test "Error shown for empty required fields" passed after 0.001 seconds.
◇ Test "Error alert dismisses on OK" started.
✔ Test "Error alert dismisses on OK" passed after 0.014 seconds.
◇ Test "TypeDisplayView displays type correctly" started.
✔ Test "TypeDisplayView displays type correctly" passed after 0.001 seconds.
◇ Test "TypeDisplayView capitalizes type name" started.
✔ Test "TypeDisplayView capitalizes type name" passed after 0.001 seconds.
◇ Test "Glass items loaded on appear" started.
✔ Test "Glass items loaded on appear" passed after 0.001 seconds.
◇ Test "Prefilled natural key triggers lookup on load" started.
✔ Test "Prefilled natural key triggers lookup on load" passed after 0.001 seconds.
◇ Test "Natural key change triggers lookup" started.
✔ Test "Natural key change triggers lookup" passed after 0.001 seconds.
◇ Test "Form integrates with GlassItemSearchSelector" started.
✔ Test "Form integrates with GlassItemSearchSelector" passed after 0.005 seconds.
◇ Test "Form integrates with GlassItemTypeSystem" started.
✔ Test "Form integrates with GlassItemTypeSystem" passed after 0.001 seconds.
◇ Test "Complete workflow - select item, enter quantity, save" started.
✔ Test "Complete workflow - select item, enter quantity, save" passed after 0.001 seconds.
◇ Test "All product types are visible in type picker" started.
✔ Test "All product types are visible in type picker" passed after 0.001 seconds.
◇ Test "Rod type displays as Rod by default" started.
✔ Test "Rod type displays as Rod by default" passed after 0.001 seconds.
◇ Test "Big rod type displays as Bar by default" started.
✔ Test "Big rod type displays as Bar by default" passed after 0.001 seconds.
◇ Test "Custom terminology settings affect display names" started.
✔ Test "Custom terminology settings affect display names" passed after 0.001 seconds.
◇ Test "Both rod types are available simultaneously" started.
✔ Test "Both rod types are available simultaneously" passed after 0.001 seconds.
◇ Test "Default inventory type is rod" started.
✔ Test "Default inventory type is rod" passed after 0.001 seconds.
✔ Suite "AddInventoryItemView Tests" passed after 0.113 seconds.
◇ Suite "AddLogbookEntry Tests" started.
◇ Test "Creating logbook entry with sold status saves price and sale date" started.
✔ Test "Creating logbook entry with sold status saves price and sale date" passed after 0.001 seconds.
◇ Test "Creating logbook entry with sold status but no sale date" started.
✔ Test "Creating logbook entry with sold status but no sale date" passed after 0.001 seconds.
◇ Test "Creating logbook entry with gifted status saves price and gift date" started.
✔ Test "Creating logbook entry with gifted status saves price and gift date" passed after 0.001 seconds.
◇ Test "Creating logbook entry with gifted status but no gift date" started.
✔ Test "Creating logbook entry with gifted status but no gift date" passed after 0.001 seconds.
◇ Test "Techniques used is always nil in created logbook entries" started.
✔ Test "Techniques used is always nil in created logbook entries" passed after 0.001 seconds.
◇ Test "Creating logbook entry with no start date" started.
✔ Test "Creating logbook entry with no start date" passed after 0.001 seconds.
◇ Test "Creating logbook entry with no completion date for in-progress status" started.
✔ Test "Creating logbook entry with no completion date for in-progress status" passed after 0.001 seconds.
◇ Test "Creating completed entry with completion date" started.
✔ Test "Creating completed entry with completion date" passed after 0.001 seconds.
◇ Test "Logbook entry can be retrieved after creation" started.
✔ Test "Logbook entry can be retrieved after creation" passed after 0.001 seconds.
◇ Test "Multiple logbook entries are stored independently" started.
✔ Test "Multiple logbook entries are stored independently" passed after 0.001 seconds.
◇ Test "Price point is optional and can be nil" started.
✔ Test "Price point is optional and can be nil" passed after 0.005 seconds.
◇ Test "Price point stores decimal values correctly" started.
✔ Test "Price point stores decimal values correctly" passed after 0.001 seconds.
◇ Test "Business section should show for sold and gifted statuses" started.
✔ Test "Business section should show for sold and gifted statuses" passed after 0.001 seconds.
✔ Suite "AddLogbookEntry Tests" passed after 0.018 seconds.
◇ Suite "Advanced Testing - Performance, Memory, and Precision" started.
◇ Test "Should handle concurrent UserDefaults access safely" started.
✔ Test "Should handle concurrent UserDefaults access safely" passed after 0.007 seconds.
◇ Test "Should handle async operation timeouts gracefully" started.
✔ Test "Should handle async operation timeouts gracefully" passed after 0.106 seconds.
◇ Test "Should handle async operation cancellation" started.
✔ Test "Should handle async operation cancellation" passed after 0.053 seconds.
◇ Test "Should handle floating point precision correctly" started.
✔ Test "Should handle floating point precision correctly" passed after 0.001 seconds.
◇ Test "Should handle decimal boundary conditions" started.
✔ Test "Should handle decimal boundary conditions" passed after 0.001 seconds.
◇ Test "Should validate complex form patterns with precision" started.
✔ Test "Should validate complex form patterns with precision" passed after 0.001 seconds.
◇ Test "Should handle memory pressure scenarios" started.
✔ Test "Should handle memory pressure scenarios" passed after 0.187 seconds.
◇ Test "Should handle rapid sequential operations" started.
✔ Test "Should handle rapid sequential operations" passed after 0.001 seconds.
◇ Test "Should handle concurrent data access patterns" started.
✔ Test "Should handle concurrent data access patterns" passed after 0.001 seconds.
◇ Test "Should optimize string processing performance for large datasets" started.
✔ Test "Should optimize string processing performance for large datasets" passed after 0.002 seconds.
◇ Test "Should optimize collection operations for performance" started.
✔ Test "Should optimize collection operations for performance" passed after 0.005 seconds.
◇ Test "Should optimize memory usage patterns under pressure" started.
✔ Test "Should optimize memory usage patterns under pressure" passed after 0.100 seconds.
◇ Test "Should optimize algorithmic complexity for nested operations" started.
✔ Test "Should optimize algorithmic complexity for nested operations" passed after 0.001 seconds.
✔ Suite "Advanced Testing - Performance, Memory, and Precision" passed after 0.466 seconds.
◇ Suite "Array Extensions Tests" started.
◇ Test "Chunk array into equal-sized chunks" started.
✔ Test "Chunk array into equal-sized chunks" passed after 0.001 seconds.
◇ Test "Chunk array with uneven division" started.
✔ Test "Chunk array with uneven division" passed after 0.001 seconds.
◇ Test "Chunk empty array" started.
✔ Test "Chunk empty array" passed after 0.001 seconds.
◇ Test "Chunk with size larger than array" started.
✔ Test "Chunk with size larger than array" passed after 0.001 seconds.
◇ Test "Chunk with size of 1" started.
✔ Test "Chunk with size of 1" passed after 0.001 seconds.
◇ Test "Chunk with zero size returns whole array" started.
✔ Test "Chunk with zero size returns whole array" passed after 0.001 seconds.
◇ Test "Chunk with negative size returns whole array" started.
✔ Test "Chunk with negative size returns whole array" passed after 0.001 seconds.
◇ Test "Safe subscript with valid index" started.
✔ Test "Safe subscript with valid index" passed after 0.001 seconds.
◇ Test "Safe subscript with negative index returns nil" started.
✔ Test "Safe subscript with negative index returns nil" passed after 0.001 seconds.
◇ Test "Safe subscript with out of bounds index returns nil" started.
✔ Test "Safe subscript with out of bounds index returns nil" passed after 0.001 seconds.
◇ Test "Safe subscript on empty array returns nil" started.
✔ Test "Safe subscript on empty array returns nil" passed after 0.001 seconds.
◇ Test "Remove single occurrence of element" started.
✔ Test "Remove single occurrence of element" passed after 0.001 seconds.
◇ Test "Remove multiple occurrences of element" started.
✔ Test "Remove multiple occurrences of element" passed after 0.001 seconds.
◇ Test "Remove element not in array" started.
✔ Test "Remove element not in array" passed after 0.001 seconds.
◇ Test "Remove from empty array" started.
✔ Test "Remove from empty array" passed after 0.001 seconds.
◇ Test "Remove with strings" started.
✔ Test "Remove with strings" passed after 0.001 seconds.
◇ Test "Remove elements matching predicate" started.
✔ Test "Remove elements matching predicate" passed after 0.001 seconds.
◇ Test "Remove where no elements match" started.
✔ Test "Remove where no elements match" passed after 0.001 seconds.
◇ Test "Remove where all elements match" started.
✔ Test "Remove where all elements match" passed after 0.001 seconds.
◇ Test "isNotEmpty returns true for non-empty array" started.
✔ Test "isNotEmpty returns true for non-empty array" passed after 0.001 seconds.
◇ Test "isNotEmpty returns false for empty array" started.
✔ Test "isNotEmpty returns false for empty array" passed after 0.001 seconds.
◇ Test "isNotEmpty with single element" started.
✔ Test "isNotEmpty with single element" passed after 0.001 seconds.
◇ Test "Group by key path" started.
✔ Test "Group by key path" passed after 0.001 seconds.
◇ Test "Group empty sequence" started.
✔ Test "Group empty sequence" passed after 0.001 seconds.
◇ Test "Group by transform function" started.
✔ Test "Group by transform function" passed after 0.001 seconds.
◇ Test "Group strings by first character" started.
✔ Test "Group strings by first character" passed after 0.001 seconds.
◇ Test "Count elements matching predicate" started.
✔ Test "Count elements matching predicate" passed after 0.001 seconds.
◇ Test "Count where no elements match" started.
✔ Test "Count where no elements match" passed after 0.001 seconds.
◇ Test "Count where all elements match" started.
✔ Test "Count where all elements match" passed after 0.001 seconds.
◇ Test "Count on empty sequence" started.
✔ Test "Count on empty sequence" passed after 0.001 seconds.
◇ Test "Remove duplicates preserving order" started.
✔ Test "Remove duplicates preserving order" passed after 0.001 seconds.
◇ Test "Remove duplicates from array with no duplicates" started.
✔ Test "Remove duplicates from array with no duplicates" passed after 0.001 seconds.
◇ Test "Remove duplicates from empty array" started.
✔ Test "Remove duplicates from empty array" passed after 0.001 seconds.
◇ Test "Remove duplicates with strings" started.
✔ Test "Remove duplicates with strings" passed after 0.001 seconds.
◇ Test "Remove duplicates by key path" started.
✔ Test "Remove duplicates by key path" passed after 0.001 seconds.
◇ Test "Remove duplicates by key path with no duplicates" started.
✔ Test "Remove duplicates by key path with no duplicates" passed after 0.001 seconds.
◇ Test "Remove duplicates unordered" started.
✔ Test "Remove duplicates unordered" passed after 0.001 seconds.
◇ Test "Remove duplicates unordered from array with no duplicates" started.
✔ Test "Remove duplicates unordered from array with no duplicates" passed after 0.001 seconds.
◇ Test "Remove duplicates unordered from empty array" started.
✔ Test "Remove duplicates unordered from empty array" passed after 0.001 seconds.
✔ Suite "Array Extensions Tests" passed after 0.003 seconds.
◇ Suite "Basic Functionality Tests - Fast & Lightweight" started.
◇ Test "Verify test environment is using mocks" started.
🔧 TEST CONFIG: FlameworkerTests running in mock-only mode
🔧 All repositories should be Mock* implementations
🔧 No Core Data operations should occur
🚨 CORE DATA PREVENTION: FlameworkerTests enforces NO Core Data usage
🔧 MOCK ENVIRONMENT: Ensuring mock-only test environment
✅ TEST ENVIRONMENT: Mock-only environment validated
✔ Test "Verify test environment is using mocks" passed after 0.001 seconds.
◇ Test "Should search glass items efficiently" started.
🔧 TEST CONFIG: FlameworkerTests running in mock-only mode
🔧 All repositories should be Mock* implementations
🔧 No Core Data operations should occur
✔ Test "Should search glass items efficiently" passed after 0.001 seconds.
◇ Test "Should handle inventory operations" started.
🔧 TEST CONFIG: FlameworkerTests running in mock-only mode
🔧 All repositories should be Mock* implementations
🔧 No Core Data operations should occur
✔ Test "Should handle inventory operations" passed after 0.001 seconds.
◇ Test "Should handle tags" started.
🔧 TEST CONFIG: FlameworkerTests running in mock-only mode
🔧 All repositories should be Mock* implementations
🔧 No Core Data operations should occur
✔ Test "Should handle tags" passed after 0.001 seconds.
◇ Test "Should handle complete workflow" started.
🔧 TEST CONFIG: FlameworkerTests running in mock-only mode
🔧 All repositories should be Mock* implementations
🔧 No Core Data operations should occur
✔ Test "Should handle complete workflow" passed after 0.037 seconds.
◇ Test "Should handle edge cases gracefully" started.
🔧 TEST CONFIG: FlameworkerTests running in mock-only mode
🔧 All repositories should be Mock* implementations
🔧 No Core Data operations should occur
✔ Test "Should handle edge cases gracefully" passed after 0.001 seconds.
✔ Suite "Basic Functionality Tests - Fast & Lightweight" passed after 0.042 seconds.
◇ Suite "Catalog Item Model Build Tests - Core Business Logic" started.
◇ Test "Should create catalog item with legacy constructor" started.
✔ Test "Should create catalog item with legacy constructor" passed after 0.001 seconds.
◇ Test "Should create catalog item with defaults" started.
✔ Test "Should create catalog item with defaults" passed after 0.001 seconds.
◇ Test "Should create catalog item with raw code constructor" started.
✔ Test "Should create catalog item with raw code constructor" passed after 0.001 seconds.
◇ Test "Should construct full code with uppercase manufacturer prefix" started.
✔ Test "Should construct full code with uppercase manufacturer prefix" passed after 0.001 seconds.
◇ Test "Should not double-prefix codes that already have correct manufacturer prefix" started.
✔ Test "Should not double-prefix codes that already have correct manufacturer prefix" passed after 0.001 seconds.
◇ Test "Should handle tricky code construction cases" started.
✔ Test "Should handle tricky code construction cases" passed after 0.001 seconds.
◇ Test "Should construct codes consistently through model initialization" started.
✔ Test "Should construct codes consistently through model initialization" passed after 0.001 seconds.
◇ Test "Should detect no changes when items are identical" started.
✔ Test "Should detect no changes when items are identical" passed after 0.001 seconds.
◇ Test "Should detect name changes" started.
✔ Test "Should detect name changes" passed after 0.001 seconds.
◇ Test "Should detect manufacturer changes" started.
✔ Test "Should detect manufacturer changes" passed after 0.001 seconds.
◇ Test "Should detect raw code changes by comparing extracted codes" started.
✔ Test "Should detect raw code changes by comparing extracted codes" passed after 0.001 seconds.
◇ Test "Should not detect changes when raw codes are same but formatted differently" started.
✔ Test "Should not detect changes when raw codes are same but formatted differently" passed after 0.001 seconds.
◇ Test "Should detect tag changes" started.
✔ Test "Should detect tag changes" passed after 0.001 seconds.
◇ Test "Should convert tag arrays to comma-separated strings" started.
✔ Test "Should convert tag arrays to comma-separated strings" passed after 0.001 seconds.
◇ Test "Should convert comma-separated strings to tag arrays" started.
✔ Test "Should convert comma-separated strings to tag arrays" passed after 0.001 seconds.
◇ Test "Should round-trip tags through string conversion" started.
✔ Test "Should round-trip tags through string conversion" passed after 0.001 seconds.
◇ Test "Should provide comprehensive searchable text" started.
✔ Test "Should provide comprehensive searchable text" passed after 0.001 seconds.
◇ Test "Should handle searchable text with empty fields" started.
✔ Test "Should handle searchable text with empty fields" passed after 0.001 seconds.
◇ Test "Should compare items for equality correctly" started.
✔ Test "Should compare items for equality correctly" passed after 0.001 seconds.
◇ Test "Should hash items consistently" started.
✔ Test "Should hash items consistently" passed after 0.001 seconds.
◇ Test "Should handle complex real-world catalog construction scenarios" started.
✔ Test "Should handle complex real-world catalog construction scenarios" passed after 0.001 seconds.
◇ Test "Should handle edge cases that could break the system" started.
✔ Test "Should handle edge cases that could break the system" passed after 0.001 seconds.
◇ Test "Should maintain performance with large tag arrays" started.
✔ Test "Should maintain performance with large tag arrays" passed after 0.001 seconds.
✔ Suite "Catalog Item Model Build Tests - Core Business Logic" passed after 0.030 seconds.
◇ Suite "CatalogBundleDebugView Tests" started.
◇ Test "Should validate bundle path exists and is accessible" started.
✔ Test "Should validate bundle path exists and is accessible" passed after 0.001 seconds.
◇ Test "Should handle bundle path display formatting" started.
✔ Test "Should handle bundle path display formatting" passed after 0.001 seconds.
◇ Test "Should correctly identify JSON files from bundle contents" started.
✔ Test "Should correctly identify JSON files from bundle contents" passed after 0.001 seconds.
◇ Test "Should handle empty bundle contents for JSON filtering" started.
✔ Test "Should handle empty bundle contents for JSON filtering" passed after 0.001 seconds.
◇ Test "Should handle mixed case JSON extensions" started.
✔ Test "Should handle mixed case JSON extensions" passed after 0.013 seconds.
◇ Test "Should identify glassitems.json as target file" started.
✔ Test "Should identify glassitems.json as target file" passed after 0.001 seconds.
◇ Test "Should return nil when no target file exists" started.
✔ Test "Should return nil when no target file exists" passed after 0.001 seconds.
◇ Test "Should handle empty file list for target detection" started.
✔ Test "Should handle empty file list for target detection" passed after 0.001 seconds.
◇ Test "Should prioritize glassitems.json when multiple candidates exist" started.
✔ Test "Should prioritize glassitems.json when multiple candidates exist" passed after 0.001 seconds.
◇ Test "Should categorize files by type correctly" started.
✔ Test "Should categorize files by type correctly" passed after 0.001 seconds.
◇ Test "Should handle files with no extensions" started.
✔ Test "Should handle files with no extensions" passed after 0.001 seconds.
◇ Test "Should sort bundle contents alphabetically" started.
✔ Test "Should sort bundle contents alphabetically" passed after 0.001 seconds.
◇ Test "Should handle sorting with mixed case filenames" started.
✔ Test "Should handle sorting with mixed case filenames" passed after 0.001 seconds.
◇ Test "Should handle sorting empty array" started.
✔ Test "Should handle sorting empty array" passed after 0.001 seconds.
◇ Test "Should handle sorting single item" started.
✔ Test "Should handle sorting single item" passed after 0.001 seconds.
◇ Test "Should display correct file count for bundle contents" started.
✔ Test "Should display correct file count for bundle contents" passed after 0.001 seconds.
◇ Test "Should handle dynamic file count updates" started.
✔ Test "Should handle dynamic file count updates" passed after 0.001 seconds.
◇ Test "Should display zero count for empty bundle" started.
✔ Test "Should display zero count for empty bundle" passed after 0.001 seconds.
◇ Test "Should integrate JSON filtering and target detection correctly" started.
✔ Test "Should integrate JSON filtering and target detection correctly" passed after 0.001 seconds.
◇ Test "Should handle large bundle contents efficiently" started.
✔ Test "Should handle large bundle contents efficiently" passed after 0.001 seconds.
◇ Test "Should maintain data integrity across multiple operations" started.
✔ Test "Should maintain data integrity across multiple operations" passed after 0.001 seconds.
✔ Suite "CatalogBundleDebugView Tests" passed after 0.015 seconds.
◇ Suite "CatalogFormatters Tests" started.
◇ Test "itemFormatter has short date style" started.
✔ Test "itemFormatter has short date style" passed after 0.001 seconds.
◇ Test "itemFormatter has medium time style" started.
✔ Test "itemFormatter has medium time style" passed after 0.001 seconds.
◇ Test "itemFormatter formats date with both date and time" started.
✔ Test "itemFormatter formats date with both date and time" passed after 0.001 seconds.
◇ Test "itemFormatter is reusable across multiple calls" started.
✔ Test "itemFormatter is reusable across multiple calls" passed after 0.001 seconds.
◇ Test "itemFormatter handles current date" started.
✔ Test "itemFormatter handles current date" passed after 0.001 seconds.
◇ Test "itemFormatter handles past date" started.
✔ Test "itemFormatter handles past date" passed after 0.001 seconds.
◇ Test "itemFormatter handles future date" started.
✔ Test "itemFormatter handles future date" passed after 0.001 seconds.
◇ Test "yearFormatter has correct date format" started.
✔ Test "yearFormatter has correct date format" passed after 0.001 seconds.
◇ Test "yearFormatter formats year correctly" started.
✔ Test "yearFormatter formats year correctly" passed after 0.001 seconds.
◇ Test "yearFormatter formats year in past" started.
✔ Test "yearFormatter formats year in past" passed after 0.001 seconds.
◇ Test "yearFormatter formats year in future" started.
✔ Test "yearFormatter formats year in future" passed after 0.001 seconds.
◇ Test "yearFormatter handles current year" started.
✔ Test "yearFormatter handles current year" passed after 0.001 seconds.
◇ Test "yearFormatter is reusable across multiple calls" started.
✔ Test "yearFormatter is reusable across multiple calls" passed after 0.001 seconds.
◇ Test "yearFormatter only returns year digits" started.
✔ Test "yearFormatter only returns year digits" passed after 0.001 seconds.
◇ Test "yearFormatter handles leap year" started.
✔ Test "yearFormatter handles leap year" passed after 0.001 seconds.
◇ Test "Both formatters can format the same date independently" started.
✔ Test "Both formatters can format the same date independently" passed after 0.001 seconds.
◇ Test "Formatters are stateless and thread-safe" started.
✔ Test "Formatters are stateless and thread-safe" passed after 0.001 seconds.
✔ Suite "CatalogFormatters Tests" passed after 0.002 seconds.
◇ Suite "CatalogItemHelpers Repository Pattern Tests" started.
◇ Test "CatalogItemHelpers should work with CatalogItemModel instead of Core Data entity" started.
✔ Test "CatalogItemHelpers should work with CatalogItemModel instead of Core Data entity" passed after 0.020 seconds.
◇ Test "CatalogItemHelpers should not require Core Data context" started.
✔ Test "CatalogItemHelpers should not require Core Data context" passed after 0.001 seconds.
◇ Test "CatalogItemHelpers should provide comprehensive business model operations" started.
✔ Test "CatalogItemHelpers should provide comprehensive business model operations" passed after 0.001 seconds.
◇ Test "CatalogItemHelpers should not import CoreData" started.
✔ Test "CatalogItemHelpers should not import CoreData" passed after 0.001 seconds.
✔ Suite "CatalogItemHelpers Repository Pattern Tests" passed after 0.020 seconds.
◇ Suite "CatalogItemModel Phase 1 Tests - Parent-Child Architecture" started.
◇ Test "Should create child item from parent" started.
✔ Test "Should create child item from parent" passed after 0.001 seconds.
◇ Test "Should create child with subtype" started.
✔ Test "Should create child with subtype" passed after 0.001 seconds.
◇ Test "Should validate child with valid parent relationship" started.
✔ Test "Should validate child with valid parent relationship" passed after 0.001 seconds.
◇ Test "Should detect parent ID mismatch" started.
✔ Test "Should detect parent ID mismatch" passed after 0.004 seconds.
◇ Test "Should detect manufacturer inconsistency" started.
✔ Test "Should detect manufacturer inconsistency" passed after 0.001 seconds.
◇ Test "Should validate valid item types" started.
✔ Test "Should validate valid item types" passed after 0.001 seconds.
◇ Test "Should detect invalid item types" started.
✔ Test "Should detect invalid item types" passed after 0.001 seconds.
◇ Test "Should validate valid item subtypes" started.
✔ Test "Should validate valid item subtypes" passed after 0.001 seconds.
◇ Test "Should construct variant names correctly" started.
✔ Test "Should construct variant names correctly" passed after 0.001 seconds.
◇ Test "Should construct variant codes correctly" started.
✔ Test "Should construct variant codes correctly" passed after 0.001 seconds.
◇ Test "Should validate valid URLs" started.
✔ Test "Should validate valid URLs" passed after 0.001 seconds.
◇ Test "Should validate URL fields when present" started.
✔ Test "Should validate URL fields when present" passed after 0.001 seconds.
◇ Test "Should extract item types from legacy names" started.
✔ Test "Should extract item types from legacy names" passed after 0.001 seconds.
◇ Test "Should maintain backward compatibility with legacy constructor" started.
✔ Test "Should maintain backward compatibility with legacy constructor" passed after 0.001 seconds.
✔ Suite "CatalogItemModel Phase 1 Tests - Parent-Child Architecture" passed after 0.018 seconds.
◇ Suite "CatalogItemParentModel Tests - Phase 1 Foundation" started.
◇ Test "Should create parent item with direct constructor" started.
✔ Test "Should create parent item with direct constructor" passed after 0.001 seconds.
◇ Test "Should create parent item with defaults" started.
✔ Test "Should create parent item with defaults" passed after 0.001 seconds.
◇ Test "Should create parent with raw code constructor" started.
✔ Test "Should create parent with raw code constructor" passed after 0.001 seconds.
◇ Test "Should construct full code with uppercase manufacturer prefix" started.
✔ Test "Should construct full code with uppercase manufacturer prefix" passed after 0.001 seconds.
◇ Test "Should not double-prefix codes that already have correct manufacturer prefix" started.
✔ Test "Should not double-prefix codes that already have correct manufacturer prefix" passed after 0.010 seconds.
◇ Test "Should handle tricky code construction cases" started.
✔ Test "Should handle tricky code construction cases" passed after 0.001 seconds.
◇ Test "Should validate complete parent items successfully" started.
✔ Test "Should validate complete parent items successfully" passed after 0.001 seconds.
◇ Test "Should detect empty base name validation failures" started.
✔ Test "Should detect empty base name validation failures" passed after 0.001 seconds.
◇ Test "Should detect whitespace-only base name validation failures" started.
✔ Test "Should detect whitespace-only base name validation failures" passed after 0.001 seconds.
◇ Test "Should detect empty base code validation failures" started.
✔ Test "Should detect empty base code validation failures" passed after 0.001 seconds.
◇ Test "Should detect empty manufacturer validation failures" started.
✔ Test "Should detect empty manufacturer validation failures" passed after 0.001 seconds.
◇ Test "Should validate valid COE values" started.
✔ Test "Should validate valid COE values" passed after 0.001 seconds.
◇ Test "Should detect empty COE validation failures" started.
✔ Test "Should detect empty COE validation failures" passed after 0.001 seconds.
◇ Test "Should detect invalid COE format validation failures" started.
✔ Test "Should detect invalid COE format validation failures" passed after 0.001 seconds.
◇ Test "Should detect invalid base code characters" started.
✔ Test "Should detect invalid base code characters" passed after 0.001 seconds.
◇ Test "Should allow valid base code characters" started.
✔ Test "Should allow valid base code characters" passed after 0.001 seconds.
◇ Test "Should detect empty tags validation failures" started.
✔ Test "Should detect empty tags validation failures" passed after 0.001 seconds.
◇ Test "Should allow valid tags" started.
✔ Test "Should allow valid tags" passed after 0.001 seconds.
◇ Test "Should convert tag arrays to comma-separated strings" started.
✔ Test "Should convert tag arrays to comma-separated strings" passed after 0.001 seconds.
◇ Test "Should convert comma-separated strings to tag arrays" started.
✔ Test "Should convert comma-separated strings to tag arrays" passed after 0.001 seconds.
◇ Test "Should round-trip tags through string conversion" started.
✔ Test "Should round-trip tags through string conversion" passed after 0.001 seconds.
◇ Test "Should detect no changes when parents are identical" started.
✔ Test "Should detect no changes when parents are identical" passed after 0.001 seconds.
◇ Test "Should detect base name changes" started.
✔ Test "Should detect base name changes" passed after 0.001 seconds.
◇ Test "Should detect manufacturer changes" started.
✔ Test "Should detect manufacturer changes" passed after 0.001 seconds.
◇ Test "Should detect COE changes" started.
✔ Test "Should detect COE changes" passed after 0.001 seconds.
◇ Test "Should detect raw code changes by comparing extracted codes" started.
✔ Test "Should detect raw code changes by comparing extracted codes" passed after 0.001 seconds.
◇ Test "Should not detect changes when raw codes are same but formatted differently" started.
✔ Test "Should not detect changes when raw codes are same but formatted differently" passed after 0.001 seconds.
◇ Test "Should detect tag changes" started.
✔ Test "Should detect tag changes" passed after 0.001 seconds.
◇ Test "Should validate valid parent-child relationships" started.
✔ Test "Should validate valid parent-child relationships" passed after 0.001 seconds.
◇ Test "Should detect orphaned children" started.
✔ Test "Should detect orphaned children" passed after 0.001 seconds.
◇ Test "Should detect inconsistent manufacturer between parent and child" started.
✔ Test "Should detect inconsistent manufacturer between parent and child" passed after 0.001 seconds.
◇ Test "Should provide comprehensive searchable text" started.
✔ Test "Should provide comprehensive searchable text" passed after 0.001 seconds.
◇ Test "Should handle searchable text with empty fields" started.
✔ Test "Should handle searchable text with empty fields" passed after 0.001 seconds.
◇ Test "Should compare parents for equality correctly" started.
✔ Test "Should compare parents for equality correctly" passed after 0.001 seconds.
◇ Test "Should hash parents consistently" started.
✔ Test "Should hash parents consistently" passed after 0.001 seconds.
◇ Test "Should handle edge case parent values" started.
✔ Test "Should handle edge case parent values" passed after 0.001 seconds.
◇ Test "Should maintain performance with large tag arrays" started.
✔ Test "Should maintain performance with large tag arrays" passed after 0.001 seconds.
✔ Suite "CatalogItemParentModel Tests - Phase 1 Foundation" passed after 0.039 seconds.
◇ Suite "CatalogService Advanced Business Logic" started.
◇ Test "Should detect potential duplicates by code similarity" started.
✔ Test "Should detect potential duplicates by code similarity" passed after 0.001 seconds.
◇ Test "Should handle exact code duplicates across manufacturers" started.
✔ Test "Should handle exact code duplicates across manufacturers" passed after 0.001 seconds.
◇ Test "Should handle duplicate resolution strategies" started.
✔ Test "Should handle duplicate resolution strategies" passed after 0.001 seconds.
◇ Test "Should support advanced search with relevance ranking" started.
✔ Test "Should support advanced search with relevance ranking" passed after 0.001 seconds.
◇ Test "Should support fuzzy matching with tolerance" started.
✔ Test "Should support fuzzy matching with tolerance" passed after 0.011 seconds.
◇ Test "Should handle complex search queries" started.
✔ Test "Should handle complex search queries" passed after 0.001 seconds.
◇ Test "Should support search result caching for performance" started.
✔ Test "Should support search result caching for performance" passed after 0.001 seconds.
◇ Test "Should validate catalog code formats correctly" started.
✔ Test "Should validate catalog code formats correctly" passed after 0.001 seconds.
◇ Test "Should validate manufacturer-specific rules" started.
✔ Test "Should validate manufacturer-specific rules" passed after 0.001 seconds.
◇ Test "Should validate price range constraints" started.
✔ Test "Should validate price range constraints" passed after 0.001 seconds.
◇ Test "Should handle repository errors gracefully" started.
✔ Test "Should handle repository errors gracefully" passed after 0.001 seconds.
◇ Test "Should handle concurrent access safely" started.
✔ Test "Should handle concurrent access safely" passed after 0.001 seconds.
◇ Test "Should handle memory pressure gracefully" started.
✔ Test "Should handle memory pressure gracefully" passed after 0.010 seconds.
✔ Suite "CatalogService Advanced Business Logic" passed after 0.032 seconds.
◇ Suite "Core Data Leak Diagnostic" started.
◇ Test "Verify mock repository isolation" started.
🔍 DIAGNOSTIC: Testing mock repository isolation
📊 Mock repository initial count: 0
📊 Mock repository after add: 1
📊 Retrieved items: 1
✅ Mock repository isolation works correctly
✔ Test "Verify mock repository isolation" passed after 0.001 seconds.
◇ Test "Verify service uses injected mock repository" started.
🔍 DIAGNOSTIC: Testing if services use injected mocks
📊 Initial counts - Glass: 0, Inventory: 0
🔍 Adding item directly to mock repository...
📊 Direct repository count: 1
📊 Catalog service count: 1
✅ SUCCESS: Service is using injected mock repository
🔍 Adding item through catalog service...
📊 Final repository count: 2
📊 Final service count: 2
✅ Service correctly uses injected mock repositories
✔ Test "Verify service uses injected mock repository" passed after 0.001 seconds.
✔ Suite "Core Data Leak Diagnostic" passed after 0.001 seconds.
◇ Suite "Core Functionality Tests - Glass Items and Inventory Only" started.
◇ Test "RepositoryFactory creates core repositories" started.
🔧 TEST CONFIG: FlameworkerTests running in mock-only mode
🔧 All repositories should be Mock* implementations
🔧 No Core Data operations should occur
✔ Test "RepositoryFactory creates core repositories" passed after 0.001 seconds.
◇ Test "RepositoryFactory creates core services" started.
🔧 TEST CONFIG: FlameworkerTests running in mock-only mode
🔧 All repositories should be Mock* implementations
🔧 No Core Data operations should occur
✔ Test "RepositoryFactory creates core services" passed after 0.001 seconds.
◇ Test "Create and retrieve glass item" started.
🔧 TEST CONFIG: FlameworkerTests running in mock-only mode
🔧 All repositories should be Mock* implementations
🔧 No Core Data operations should occur
✔ Test "Create and retrieve glass item" passed after 0.001 seconds.
◇ Test "Create multiple glass items" started.
🔧 TEST CONFIG: FlameworkerTests running in mock-only mode
🔧 All repositories should be Mock* implementations
🔧 No Core Data operations should occur
✔ Test "Create multiple glass items" passed after 0.001 seconds.
◇ Test "Create and manage inventory" started.
🔧 TEST CONFIG: FlameworkerTests running in mock-only mode
🔧 All repositories should be Mock* implementations
🔧 No Core Data operations should occur
✔ Test "Create and manage inventory" passed after 0.001 seconds.
◇ Test "Manage multiple inventory types" started.
🔧 TEST CONFIG: FlameworkerTests running in mock-only mode
🔧 All repositories should be Mock* implementations
🔧 No Core Data operations should occur
✔ Test "Manage multiple inventory types" passed after 0.001 seconds.
◇ Test "Complete workflow: item creation and inventory management" started.
🔧 TEST CONFIG: FlameworkerTests running in mock-only mode
🔧 All repositories should be Mock* implementations
🔧 No Core Data operations should occur
✔ Test "Complete workflow: item creation and inventory management" passed after 0.001 seconds.
◇ Test "Inventory quantity updates" started.
🔧 TEST CONFIG: FlameworkerTests running in mock-only mode
🔧 All repositories should be Mock* implementations
🔧 No Core Data operations should occur
✔ Test "Inventory quantity updates" passed after 0.001 seconds.
◇ Test "Handle non-existent items gracefully" started.
🔧 TEST CONFIG: FlameworkerTests running in mock-only mode
🔧 All repositories should be Mock* implementations
🔧 No Core Data operations should occur
✔ Test "Handle non-existent items gracefully" passed after 0.001 seconds.
◇ Test "Handle empty inventory states" started.
🔧 TEST CONFIG: FlameworkerTests running in mock-only mode
🔧 All repositories should be Mock* implementations
🔧 No Core Data operations should occur
✔ Test "Handle empty inventory states" passed after 0.001 seconds.
◇ Test "Basic glass item search" started.
🔧 TEST CONFIG: FlameworkerTests running in mock-only mode
🔧 All repositories should be Mock* implementations
🔧 No Core Data operations should occur
DEBUG: Successfully created item: 'Bullseye Clear Rod' with key: '5EM4Nb'
DEBUG: Successfully created item: 'Bullseye Blue Transparent' with key: '3Pac0a'
DEBUG: Successfully created item: 'Spectrum Clear Sheet' with key: '6dbCB3'
DEBUG: Clear search found 2 items:
DEBUG: - 'Bullseye Clear Rod' (key: 5EM4Nb)
DEBUG: - 'Spectrum Clear Sheet' (key: 6dbCB3)
DEBUG: Explicit count check - found: 2, expected minimum: 2
DEBUG: All results contain 'clear': true
DEBUG: Result names: ["bullseye clear rod", "spectrum clear sheet"]
✔ Test "Basic glass item search" passed after 0.001 seconds.
✔ Suite "Core Functionality Tests - Glass Items and Inventory Only" passed after 0.007 seconds.
◇ Suite "Cross-Entity Repository Integration Tests" started.
◇ Test "Should coordinate glass item and inventory data using new architecture" started.
✔ Test "Should coordinate glass item and inventory data using new architecture" passed after 0.001 seconds.
◇ Test "Should handle purchase and inventory correlation using new architecture" started.
✔ Test "Should handle purchase and inventory correlation using new architecture" passed after 0.001 seconds.
✔ Suite "Cross-Entity Repository Integration Tests" passed after 0.001 seconds.
◇ Suite "Data Export Service" started.
◇ Test "Export creates directory" started.
✔ Test "Export creates directory" passed after 0.015 seconds.
◇ Test "Export includes metadata" started.
✔ Test "Export includes metadata" passed after 0.002 seconds.
◇ Test "Export with images option works" started.
✔ Test "Export with images option works" passed after 0.004 seconds.
◇ Test "Empty database exports with zero counts" started.
✔ Test "Empty database exports with zero counts" passed after 0.003 seconds.
◇ Test "Export counts glass items correctly" started.
✔ Test "Export counts glass items correctly" passed after 0.004 seconds.
◇ Test "Export counts inventory correctly" started.
✔ Test "Export counts inventory correctly" passed after 0.005 seconds.
◇ Test "Export configuration default values" started.
✔ Test "Export configuration default values" passed after 0.001 seconds.
◇ Test "Export configuration custom values" started.
✔ Test "Export configuration custom values" passed after 0.001 seconds.
◇ Test "Export excludes archived projects by default" started.
✔ Test "Export excludes archived projects by default" passed after 0.009 seconds.
◇ Test "Export directory contains JSON files" started.
✔ Test "Export directory contains JSON files" passed after 0.003 seconds.
◇ Test "ExportGlassItem converts from GlassItemModel" started.
✔ Test "ExportGlassItem converts from GlassItemModel" passed after 0.001 seconds.
◇ Test "ExportInventory converts from InventoryModel" started.
✔ Test "ExportInventory converts from InventoryModel" passed after 0.001 seconds.
◇ Test "Export handles empty catalog gracefully" started.
✔ Test "Export handles empty catalog gracefully" passed after 0.002 seconds.
◇ Test "Export metadata has correct version" started.
✔ Test "Export metadata has correct version" passed after 0.001 seconds.
◇ Test "Export entity counts total calculates correctly" started.
✔ Test "Export entity counts total calculates correctly" passed after 0.001 seconds.
◇ Test "Export file names are correct" started.
✔ Test "Export file names are correct" passed after 0.001 seconds.
◇ Test "Export file display names are user-friendly" started.
✔ Test "Export file display names are user-friendly" passed after 0.001 seconds.
✔ Suite "Data Export Service" passed after 0.052 seconds.
◇ Suite "Data Loading Service Repository Integration Tests" started.
◇ Test "Should work with CatalogService using new GlassItem architecture" started.
✔ Test "Should work with CatalogService using new GlassItem architecture" passed after 0.001 seconds.
◇ Test "Should load and manage glass items using repository pattern" started.
2025-11-08 10:29:16.000437-0800 Molten[2528:16490826] [DataLoadingService] Loading catalog items using CatalogService
✔ Test "Should load and manage glass items using repository pattern" passed after 0.001 seconds.
◇ Test "Should provide system overview using repository services" started.
✔ Test "Should provide system overview using repository services" passed after 0.001 seconds.
◇ Test "Should support glass item search functionality" started.
2025-11-08 10:29:16.001375-0800 Molten[2528:16490826] [DataLoadingService] Searching glass items for: Bullseye
✔ Test "Should support glass item search functionality" passed after 0.001 seconds.
◇ Test "Should filter items by manufacturer" started.
✔ Test "Should filter items by manufacturer" passed after 0.001 seconds.
◇ Test "Should provide hasExistingData method" started.
✔ Test "Should provide hasExistingData method" passed after 0.001 seconds.
✔ Suite "Data Loading Service Repository Integration Tests" passed after 0.002 seconds.
◇ Suite "Data Model Validation Tests" started.
◇ Test "COEGlassType should initialize safely with valid COE values" started.
✔ Test "COEGlassType should initialize safely with valid COE values" passed after 0.001 seconds.
◇ Test "COEGlassType should fallback to default for invalid COE values" started.
✔ Test "COEGlassType should fallback to default for invalid COE values" passed after 0.001 seconds.
◇ Test "COEGlassType should provide consistent display properties after fallback" started.
✔ Test "COEGlassType should provide consistent display properties after fallback" passed after 0.001 seconds.
◇ Test "ValidationUtilities should reject NaN values" started.
✔ Test "ValidationUtilities should reject NaN values" passed after 0.001 seconds.
◇ Test "ValidationUtilities should handle extreme numeric values safely" started.
✔ Test "ValidationUtilities should handle extreme numeric values safely" passed after 0.001 seconds.
◇ Test "String validation should handle various input safely" started.
✔ Test "String validation should handle various input safely" passed after 0.001 seconds.
✔ Suite "Data Model Validation Tests" passed after 0.001 seconds.
◇ Suite "Diagnostic Tests - Understanding Test Failures" started.
◇ Test "Verify basic mock repository functionality" started.
🔍 DIAGNOSTIC: Testing basic mock repository functionality
📊 Initial count: 0
📝 Creating test item with natural key: 4QkPTL
✅ Created item: Diagnostic Test Item
📊 Count after create: 1
📊 Fetched items count: 1
✅ DIAGNOSTIC: Basic mock repository functionality works correctly
✔ Test "Verify basic mock repository functionality" passed after 0.001 seconds.
◇ Test "Verify service creation with TestConfiguration" started.
🔍 DIAGNOSTIC: Testing service creation with TestConfiguration
🔧 TEST CONFIG: FlameworkerTests running in mock-only mode
🔧 All repositories should be Mock* implementations
🔧 No Core Data operations should occur
📊 Initial counts - Glass: 0, Inventory: 0
📊 Catalog items from service: 0
📝 Creating item through catalog service
✅ Created via service: Service Test Item
📊 Final counts - Repo: 1, Service: 1
✅ DIAGNOSTIC: Service creation with TestConfiguration works correctly
✔ Test "Verify service creation with TestConfiguration" passed after 0.001 seconds.
◇ Test "Verify test data isolation between tests" started.
🔍 DIAGNOSTIC: Testing data isolation between tests
🔧 TEST CONFIG: FlameworkerTests running in mock-only mode
🔧 All repositories should be Mock* implementations
🔧 No Core Data operations should occur
📊 Initial count in isolation test: 0
✅ DIAGNOSTIC: Data isolation test completed
✔ Test "Verify test data isolation between tests" passed after 0.001 seconds.
◇ Test "Verify TestDataSetup functionality" started.
🔍 DIAGNOSTIC: Testing TestDataSetup functionality
📊 TestDataSetup created 13 glass items
📊 TestDataSetup created tags for 13 items
📊 TestDataSetup created 5 inventory records
📝 Stable IDs created: ["26VwkP", "5EM4Nb", "09UAbu", "6L4wDC", "0vPH1T", "2Xf35W", "0CMkEx", "5hmEWC", "4KHhfe", "4SmhsT", "4DV0YA", "2rFjYg", "0d6ywf"]
🔍 Looking for bullseye-001: ✅ Found
🔍 Looking for spectrum-002: ✅ Found
🔍 Looking for kokomo-003: ✅ Found
✅ DIAGNOSTIC: TestDataSetup functionality works correctly
✔ Test "Verify TestDataSetup functionality" passed after 0.001 seconds.
✔ Suite "Diagnostic Tests - Understanding Test Failures" passed after 0.001 seconds.
◇ Suite "End-to-End User Workflows" started.
◇ Test "Should support complete catalog management workflow" started.
📦 Cache: Clearing cache
🔧 TEST CONFIG: FlameworkerTests running in mock-only mode
🔧 All repositories should be Mock* implementations
🔧 No Core Data operations should occur
Step 1: Importing catalog data...
✅ Imported 8 catalog items
Step 2: Searching for red glass...
✅ Found 3 red glass items
Step 3: Filtering by Bullseye manufacturer...
✅ Filtered to 3 Bullseye items
Step 4: Adding selected items to inventory...
Step 5: Recording purchase...
Step 6: Updating inventory view...
📦 Cache: Force reload requested
📦 Cache: Starting load...
📦 Cache: Loaded 8 items
📦 Cache: Data already loaded or loading, skipping
✅ Complete catalog management workflow successful!
   - Imported 8 catalog items
   - Searched and filtered successfully
   - Added 2 items to inventory
   - Recorded purchases
   - Updated inventory view with consolidated data
✔ Test "Should support complete catalog management workflow" passed after 0.028 seconds.
◇ Test "Should support complete inventory management workflow" started.
📦 Cache: Clearing cache
🔧 TEST CONFIG: FlameworkerTests running in mock-only mode
🔧 All repositories should be Mock* implementations
🔧 No Core Data operations should occur
Setup: Creating catalog and initial inventory...
Step 1: Viewing current inventory...
📦 Cache: Force reload requested
📦 Cache: Starting load...
📦 Cache: Loaded 8 items
📦 Cache: Data already loaded or loading, skipping
✅ Initial inventory shows 8 different items
Step 2: Checking for low stock items...
✅ Found 6 low stock items
Step 3: Creating purchase order for restocking...
📦 DEBUG: Added 'buy' record for 0Xvjxk: quantity=5.0, id=07F29C97-9B18-462C-BFB3-E0BFBC08755B
📦 DEBUG: Added 'buy' record for 20kfc6: quantity=7.0, id=67E150B0-B9E8-4067-84F5-37BD89733A10
Step 4: Receiving shipment and updating inventory...
📦 DEBUG: Added 'inventory' record for 0Xvjxk: quantity=5.0, id=308D71D9-B7F5-4C75-A8A6-42CAEBD18241
📦 DEBUG: Added 'inventory' record for 20kfc6: quantity=7.0, id=A114C6AB-A9EF-4117-8F72-27877F587027
📦 DEBUG: Checking repository state...
📦 DEBUG: Found 3 records for uroboros-94-16:
   - type=inventory, quantity=1.0
   - type=inventory, quantity=5.0
   - type=buy, quantity=5.0
Step 5: Verifying updated inventory...
📦 Cache: Force reload requested
📦 Cache: Starting load...
📦 Cache: Loaded 8 items
📦 Cache: Data already loaded or loading, skipping
📦 DEBUG: ViewModel has 3 inventory records for uroboros-94-16:
   - type=inventory, quantity=1.0
   - type=inventory, quantity=5.0
   - type=buy, quantity=5.0
📦 DEBUG: inventoryByType = ["inventory": 6.0, "buy": 5.0]
📦 DEBUG: inventoryQty=6.0, buyQty=5.0
✅ Complete inventory management workflow successful!
   - Viewed initial inventory (4 items)
   - Identified low stock items
   - Created purchase orders
   - Updated inventory with received shipments
   - Verified final quantities
✔ Test "Should support complete inventory management workflow" passed after 0.003 seconds.
◇ Test "Should support complete purchase workflow" started.
📦 Cache: Clearing cache
🔧 TEST CONFIG: FlameworkerTests running in mock-only mode
🔧 All repositories should be Mock* implementations
🔧 No Core Data operations should occur
Setup: Creating catalog...
Step 1: Searching catalog for project materials...
✅ Selected 2 items for project
Step 2: Creating purchase record...
Step 3: Confirming purchase details...
Step 4: Recording received materials in inventory...
Step 5: Updating inventory view...
📦 Cache: Force reload requested
📦 Cache: Starting load...
📦 Cache: Loaded 8 items
📦 Cache: Data already loaded or loading, skipping
Step 6: Generating purchase summary...
✅ Complete purchase workflow successful!
   - Searched catalog for project needs
   - Selected 2 items (red and blue glass)
   - Created purchase records
   - Confirmed purchase details
   - Updated inventory with received materials
   - Generated purchase summary
   Purchase Summary:
   - Red with Silver (0Xvjxk): 2.0 sheets
   - Blue Transparent (20kfc6): 2.0 sheets
✔ Test "Should support complete purchase workflow" passed after 0.001 seconds.
◇ Test "Should handle concurrent user operations workflow" started.
📦 Cache: Clearing cache
🔧 TEST CONFIG: FlameworkerTests running in mock-only mode
🔧 All repositories should be Mock* implementations
🔧 No Core Data operations should occur
Setup: Creating shared catalog...
Simulating concurrent user operations...
User 1 (Manager): Starting inventory updates...
User 2 (Artist): Starting project purchases...
User 2 (Artist): Completed project purchases
User 1 (Manager): Completed inventory updates
Verifying concurrent operations results...
📦 Cache: Force reload requested
📦 Cache: Starting load...
📦 Cache: Loaded 8 items
📦 Cache: Data already loaded or loading, skipping
✅ Concurrent user workflow successful!
   - Manager updated inventory for 3 items
   - Artist created purchases for 3 items
   - No data corruption or conflicts
   - Final inventory view shows consolidated results
✔ Test "Should handle concurrent user operations workflow" passed after 0.162 seconds.
◇ Test "Should handle complete daily studio workflow" started.
📦 Cache: Clearing cache
🔧 TEST CONFIG: FlameworkerTests running in mock-only mode
🔧 All repositories should be Mock* implementations
🔧 No Core Data operations should occur
🎨 Starting daily glass studio workflow...

☀️ Morning: Setting up studio catalog and checking inventory
📦 Cache: Force reload requested
📦 Cache: Starting load...
📦 Cache: Loaded 8 items
📦 Cache: Data already loaded or loading, skipping
✅ Morning inventory: 8 glass types available

🌞 Midday: Artists working on projects

🌅 Afternoon: Receiving shipment

🌙 Evening: End of day reporting
📦 Cache: Force reload requested
📦 Cache: Starting load...
📦 Cache: Loaded 8 items
📦 Cache: Data already loaded or loading, skipping
✅ End of day inventory updated successfully
✅ Complete daily studio workflow successful!

📊 Daily Summary Report:
   • Morning inventory: 4 glass types
   • Sales today: 2 transactions, 3.5 units
   • Received today: 2 shipments, 13.0 units
   • Evening inventory: Updated and reconciled
   • Net inventory change: +9.5 units
✔ Test "Should handle complete daily studio workflow" passed after 0.001 seconds.
✔ Suite "End-to-End User Workflows" passed after 0.197 seconds.
◇ Suite "EntityCoordinator Tests" started.
◇ Test "Get inventory for valid glass item" started.
✔ Test "Get inventory for valid glass item" passed after 0.001 seconds.
◇ Test "Get inventory for non-existent glass item throws error" started.
✔ Test "Get inventory for non-existent glass item throws error" passed after 0.001 seconds.
◇ Test "Get inventory for item with zero quantity" started.
✔ Test "Get inventory for item with zero quantity" passed after 0.001 seconds.
◇ Test "Get inventory for item with multiple locations" started.
✔ Test "Get inventory for item with multiple locations" passed after 0.001 seconds.
◇ Test "GlassItemInventoryCoordination convenience accessors work correctly" started.
✔ Test "GlassItemInventoryCoordination convenience accessors work correctly" passed after 0.001 seconds.
◇ Test "Correlate purchases with inventory" started.
✔ Test "Correlate purchases with inventory" passed after 0.001 seconds.
◇ Test "Calculate average price per unit" started.
✔ Test "Calculate average price per unit" passed after 0.001 seconds.
◇ Test "Handle no purchase records for item" started.
✔ Test "Handle no purchase records for item" passed after 0.001 seconds.
◇ Test "Handle no inventory records for item" started.
✔ Test "Handle no inventory records for item" passed after 0.001 seconds.
◇ Test "PurchaseInventoryCorrelation convenience accessors work correctly" started.
✔ Test "PurchaseInventoryCorrelation convenience accessors work correctly" passed after 0.001 seconds.
◇ Test "Search glass items with inventory context" started.
✔ Test "Search glass items with inventory context" passed after 0.001 seconds.
◇ Test "Search with multiple matches" started.
✔ Test "Search with multiple matches" passed after 0.001 seconds.
◇ Test "Search with no matches returns empty" started.
✔ Test "Search with no matches returns empty" passed after 0.001 seconds.
◇ Test "Search includes items without inventory" started.
✔ Test "Search includes items without inventory" passed after 0.001 seconds.
◇ Test "Missing catalog service throws error" started.
✔ Test "Missing catalog service throws error" passed after 0.001 seconds.
◇ Test "Missing inventory service throws error" started.
✔ Test "Missing inventory service throws error" passed after 0.001 seconds.
◇ Test "Missing purchase service throws error" started.
✔ Test "Missing purchase service throws error" passed after 0.001 seconds.
◇ Test "Catalog item not found error" started.
✔ Test "Catalog item not found error" passed after 0.009 seconds.
✔ Suite "EntityCoordinator Tests" passed after 0.015 seconds.
◇ Suite "Error Boundary Tests" started.
◇ Test "Should handle cascading failure scenarios gracefully" started.
🔧 TEST CONFIG: FlameworkerTests running in mock-only mode
🔧 All repositories should be Mock* implementations
🔧 No Core Data operations should occur
Testing cascading failure recovery...
📦 Cache: Data already loaded or loading, skipping
✅ Cascading failure scenarios handled
✔ Test "Should handle cascading failure scenarios gracefully" passed after 0.001 seconds.
◇ Test "Should recover from data corruption scenarios" started.
🔧 TEST CONFIG: FlameworkerTests running in mock-only mode
🔧 All repositories should be Mock* implementations
🔧 No Core Data operations should occur
Testing data corruption recovery...
✅ Data corruption recovery handled
✔ Test "Should recover from data corruption scenarios" passed after 0.001 seconds.
◇ Test "Should handle network connection timeouts gracefully" started.
🔧 TEST CONFIG: FlameworkerTests running in mock-only mode
🔧 All repositories should be Mock* implementations
🔧 No Core Data operations should occur
Testing network timeout scenarios...
📦 Cache: Data already loaded or loading, skipping
✅ Network timeout scenarios handled (duration: 0.000s)
✔ Test "Should handle network connection timeouts gracefully" passed after 0.001 seconds.
◇ Test "Should handle memory pressure gracefully" started.
🔧 TEST CONFIG: FlameworkerTests running in mock-only mode
🔧 All repositories should be Mock* implementations
🔧 No Core Data operations should occur
Testing memory pressure scenarios...
✅ Memory pressure scenarios handled (50 items in 0.002s)
✔ Test "Should handle memory pressure gracefully" passed after 0.002 seconds.
◇ Test "Should handle concurrent operation errors" started.
🔧 TEST CONFIG: FlameworkerTests running in mock-only mode
🔧 All repositories should be Mock* implementations
🔧 No Core Data operations should occur
Testing concurrent operation error scenarios...
✅ Concurrent operations handled (successes: 20, duration: 0.000s)
✔ Test "Should handle concurrent operation errors" passed after 0.001 seconds.
◇ Test "Should handle edge case errors gracefully" started.
🔧 TEST CONFIG: FlameworkerTests running in mock-only mode
🔧 All repositories should be Mock* implementations
🔧 No Core Data operations should occur
Testing edge case error scenarios...
📦 Cache: Data already loaded or loading, skipping
✅ Edge case errors handled gracefully
✔ Test "Should handle edge case errors gracefully" passed after 0.001 seconds.
◇ Test "Should validate system recovery after errors" started.
🔧 TEST CONFIG: FlameworkerTests running in mock-only mode
🔧 All repositories should be Mock* implementations
🔧 No Core Data operations should occur
Testing system recovery validation...
Expected error 2: duplicateNaturalKey("5ZnJXq")
📦 Cache: Data already loaded or loading, skipping
✅ System recovery validation complete
   - Data integrity preserved: ✓
   - Core operations functional: ✓
   - UI components responsive: ✓
✔ Test "Should validate system recovery after errors" passed after 0.004 seconds.
✔ Suite "Error Boundary Tests" passed after 0.014 seconds.
◇ Suite "Error Handling Tests" started.
◇ Test "Should handle network connection timeouts gracefully" started.
✔ Test "Should handle network connection timeouts gracefully" passed after 0.011 seconds.
◇ Test "Should handle network connectivity loss scenarios" started.
✔ Test "Should handle network connectivity loss scenarios" passed after 0.001 seconds.
◇ Test "Should handle HTTP error status codes appropriately" started.
✔ Test "Should handle HTTP error status codes appropriately" passed after 0.002 seconds.
◇ Test "Should implement exponential backoff for retryable errors" started.
✔ Test "Should implement exponential backoff for retryable errors" passed after 0.003 seconds.
◇ Test "Should implement circuit breaker pattern for repeated failures" started.
✔ Test "Should implement circuit breaker pattern for repeated failures" passed after 0.160 seconds.
◇ Test "Should implement graceful degradation for service failures" started.
✔ Test "Should implement graceful degradation for service failures" passed after 0.001 seconds.
◇ Test "Should provide contextual error messages for different user scenarios" started.
✔ Test "Should provide contextual error messages for different user scenarios" passed after 0.001 seconds.
◇ Test "Should provide actionable error recovery suggestions" started.
✔ Test "Should provide actionable error recovery suggestions" passed after 0.001 seconds.
◇ Test "Should log errors with appropriate detail levels" started.
✔ Test "Should log errors with appropriate detail levels" passed after 0.001 seconds.
✔ Suite "Error Handling Tests" passed after 0.178 seconds.
◇ Suite "Filter Utilities Tests - Repository Pattern" started.
◇ Test "COEGlassType should have correct display names" started.
✔ Test "COEGlassType should have correct display names" passed after 0.001 seconds.
◇ Test "COEGlassType should have correct raw values" started.
✔ Test "COEGlassType should have correct raw values" passed after 0.001 seconds.
◇ Test "COEGlassPreference should default to all types selected" started.
DEBUG: Checking for data at key: selectedCoeGlassTypes
DEBUG: No data found at key, using default
DEBUG: Returning default: [Molten.COEGlassType.coe104, Molten.COEGlassType.coe96, Molten.COEGlassType.coe33, Molten.COEGlassType.coe90]
✔ Test "COEGlassPreference should default to all types selected" passed after 0.003 seconds.
◇ Test "COEGlassPreference should add COE type correctly" started.
DEBUG: Stored data exists: true
DEBUG: Decoded raw values: []
DEBUG: Checking for data at key: selectedCoeGlassTypes
DEBUG: Found data, decoding...
DEBUG: Decoded raw values: []
DEBUG: Returning stored data: []
DEBUG: Initial types: []
DEBUG: Checking for data at key: selectedCoeGlassTypes
DEBUG: Found data, decoding...
DEBUG: Decoded raw values: []
DEBUG: Returning stored data: []
DEBUG: Checking for data at key: selectedCoeGlassTypes
DEBUG: Found data, decoding...
DEBUG: Decoded raw values: [96]
DEBUG: Returning stored data: [Molten.COEGlassType.coe96]
✔ Test "COEGlassPreference should add COE type correctly" passed after 0.007 seconds.
◇ Test "COEGlassPreference should remove COE type correctly" started.
DEBUG: Checking for data at key: selectedCoeGlassTypes
DEBUG: Found data, decoding...
DEBUG: Decoded raw values: [33, 96, 104, 90]
DEBUG: Returning stored data: [Molten.COEGlassType.coe33, Molten.COEGlassType.coe104, Molten.COEGlassType.coe90, Molten.COEGlassType.coe96]
DEBUG: Checking for data at key: selectedCoeGlassTypes
DEBUG: Found data, decoding...
DEBUG: Decoded raw values: [96, 33, 90]
DEBUG: Returning stored data: [Molten.COEGlassType.coe90, Molten.COEGlassType.coe96, Molten.COEGlassType.coe33]
✔ Test "COEGlassPreference should remove COE type correctly" passed after 0.005 seconds.
◇ Test "ManufacturerFilterService should be singleton" started.
✔ Test "ManufacturerFilterService should be singleton" passed after 0.001 seconds.
◇ Test "ManufacturerFilterService should check manufacturer enabled state" started.
✔ Test "ManufacturerFilterService should check manufacturer enabled state" passed after 0.001 seconds.
◇ Test "ManufacturerFilterService should return enabled manufacturers set" started.
✔ Test "ManufacturerFilterService should return enabled manufacturers set" passed after 0.009 seconds.
◇ Test "ManufacturerFilterService should validate item visibility" started.
✔ Test "ManufacturerFilterService should validate item visibility" passed after 0.001 seconds.
◇ Test "COEGlassMultiSelectionHelper should return all available COE types" started.
✔ Test "COEGlassMultiSelectionHelper should return all available COE types" passed after 0.001 seconds.
◇ Test "COEGlassMultiSelectionHelper should return correct selection states" started.
DEBUG: Checking for data at key: selectedCoeGlassTypes
DEBUG: Found data, decoding...
DEBUG: Decoded raw values: [96, 104]
DEBUG: Returning stored data: [Molten.COEGlassType.coe104, Molten.COEGlassType.coe96]
✔ Test "COEGlassMultiSelectionHelper should return correct selection states" passed after 0.002 seconds.
◇ Test "Should filter catalog items by manufacturers correctly" started.
✔ Test "Should filter catalog items by manufacturers correctly" passed after 0.001 seconds.
◇ Test "Should filter catalog items by COE glass type correctly" started.
✔ Test "Should filter catalog items by COE glass type correctly" passed after 0.001 seconds.
◇ Test "Should filter catalog items by multiple COE types correctly" started.
✔ Test "Should filter catalog items by multiple COE types correctly" passed after 0.001 seconds.
◇ Test "Should filter catalog items by tags correctly" started.
✔ Test "Should filter catalog items by tags correctly" passed after 0.003 seconds.
◇ Test "Should filter inventory items by type correctly" started.
✔ Test "Should filter inventory items by type correctly" passed after 0.001 seconds.
◇ Test "Should handle filter edge cases and stress conditions" started.
✔ Test "Should handle filter edge cases and stress conditions" passed after 0.001 seconds.
◇ Test "Should handle unicode and special characters in filters" started.
✔ Test "Should handle unicode and special characters in filters" passed after 0.001 seconds.
✔ Suite "Filter Utilities Tests - Repository Pattern" passed after 0.035 seconds.
◇ Suite "Fixed Basic Tests - Isolated and Working" started.
◇ Test "Should find multiple glass items with correct natural keys" started.
🧪 Creating isolated test environment: 3C675D22
✅ Created 13 test items for environment 3C675D22
✅ Test environment 3C675D22 ready: 13 items, 5 inventory, 28 tags
Found natural keys: ["26VwkP", "6L4wDC", "5EM4Nb", "0CMkEx", "2Xf35W", "0vPH1T", "5hmEWC", "0d6ywf", "2rFjYg", "09UAbu", "4KHhfe", "4SmhsT", "4DV0YA"]
✅ testMultipleGlassItems passed
✔ Test "Should find multiple glass items with correct natural keys" passed after 0.004 seconds.
◇ Test "Should support complete workflow with item retrieval" started.
🧪 Creating isolated test environment: 0B936235
✅ Created 13 test items for environment 0B936235
✅ Test environment 0B936235 ready: 13 items, 5 inventory, 28 tags
✅ Retrieved item: Bullseye Clear Rod 5mm
✅ testCompleteWorkflow passed
✔ Test "Should support complete workflow with item retrieval" passed after 0.001 seconds.
◇ Test "Should support basic tag operations" started.
🧪 Creating isolated test environment: B403172D
✅ Created 13 test items for environment B403172D
✅ Test environment B403172D ready: 13 items, 5 inventory, 28 tags
✅ Found 14 tags: ["amber", "blue", "brown", "clear", "coe104", "coe90", "coe96", "discontinued", "gray", "green", "opaque", "red", "rod", "transparent"]
✅ testBasicTagOperations passed
✔ Test "Should support basic tag operations" passed after 0.001 seconds.
◇ Test "Should support basic search functionality" started.
🧪 Creating isolated test environment: A66EA4B8
✅ Created 13 test items for environment A66EA4B8
✅ Test environment A66EA4B8 ready: 13 items, 5 inventory, 28 tags
✅ Search tests: discontinued=1, coe96=9
✅ testBasicSearchFunctionality passed
✔ Test "Should support basic search functionality" passed after 0.003 seconds.
◇ Test "Should support glass item search" started.
🧪 Creating isolated test environment: BA3BFA2F
✅ Created 13 test items for environment BA3BFA2F
✅ Test environment BA3BFA2F ready: 13 items, 5 inventory, 28 tags
DEBUG: Direct repository search for 'clear' found 2 items:
  - 'Clear' (key: 0CMkEx)
  - 'Bullseye Clear Rod 5mm' (key: 5EM4Nb)
✅ Repository search for 'clear' found 2 items
✅ testGlassItemSearch passed
✔ Test "Should support glass item search" passed after 0.001 seconds.
◇ Test "Should support glass item basic workflow" started.
🧪 Creating isolated test environment: 4205CB13
✅ Created 13 test items for environment 4205CB13
✅ Test environment 4205CB13 ready: 13 items, 5 inventory, 28 tags
✅ Basic workflow test: found test item with natural key 1N6tD7
✅ testGlassItemBasicWorkflow passed
✔ Test "Should support glass item basic workflow" passed after 0.002 seconds.
◇ Test "Should get distinct manufacturers correctly" started.
🧪 Creating isolated test environment: EE8105E2
✅ Created 13 test items for environment EE8105E2
✅ Test environment EE8105E2 ready: 13 items, 5 inventory, 28 tags
Available manufacturers: ["bullseye", "cim", "kokomo", "spectrum"]
✅ getDistinctManufacturers passed
✔ Test "Should get distinct manufacturers correctly" passed after 0.001 seconds.
◇ Test "Should fetch items by COE correctly" started.
🧪 Creating isolated test environment: AAD94C8D
✅ Created 13 test items for environment AAD94C8D
✅ Test environment AAD94C8D ready: 13 items, 5 inventory, 28 tags
✅ fetchItemsByCOE passed
✔ Test "Should fetch items by COE correctly" passed after 0.001 seconds.
◇ Test "Should fetch items by manufacturer correctly" started.
🧪 Creating isolated test environment: 17E583E6
✅ Created 13 test items for environment 17E583E6
✅ Test environment 17E583E6 ready: 13 items, 5 inventory, 28 tags
✅ fetchItemsByManufacturer passed
✔ Test "Should fetch items by manufacturer correctly" passed after 0.001 seconds.
◇ Test "Should search items by text correctly" started.
🧪 Creating isolated test environment: D452A9BE
✅ Created 13 test items for environment D452A9BE
✅ Test environment D452A9BE ready: 13 items, 5 inventory, 28 tags
✅ searchItemsByText passed
✔ Test "Should search items by text correctly" passed after 0.002 seconds.
✔ Suite "Fixed Basic Tests - Isolated and Working" passed after 0.020 seconds.
◇ Suite "GlassItem Data Loading Service Tests" started.
◇ Test "Should initialize data loading service" started.
🔧 TEST CONFIG: FlameworkerTests running in mock-only mode
🔧 All repositories should be Mock* implementations
🔧 No Core Data operations should occur
✅ Data loading service initialized successfully
✔ Test "Should initialize data loading service" passed after 0.001 seconds.
◇ Test "Should process JSON catalog data" started.
🔧 TEST CONFIG: FlameworkerTests running in mock-only mode
🔧 All repositories should be Mock* implementations
🔧 No Core Data operations should occur
✅ JSON data processing successful
✔ Test "Should process JSON catalog data" passed after 0.001 seconds.
◇ Test "Should handle data loading errors gracefully" started.
🔧 TEST CONFIG: FlameworkerTests running in mock-only mode
🔧 All repositories should be Mock* implementations
🔧 No Core Data operations should occur
✅ Data loading error handling successful
✔ Test "Should handle data loading errors gracefully" passed after 0.001 seconds.
◇ Test "Should transform JSON data to GlassItem models correctly" started.
🔧 TEST CONFIG: FlameworkerTests running in mock-only mode
🔧 All repositories should be Mock* implementations
🔧 No Core Data operations should occur
✅ Data transformation successful
✔ Test "Should transform JSON data to GlassItem models correctly" passed after 0.001 seconds.
◇ Test "Should integrate with catalog service operations" started.
🔧 TEST CONFIG: FlameworkerTests running in mock-only mode
🔧 All repositories should be Mock* implementations
🔧 No Core Data operations should occur
✅ Catalog service integration successful
✔ Test "Should integrate with catalog service operations" passed after 0.001 seconds.
◇ Test "Should handle data loading efficiently" started.
🔧 TEST CONFIG: FlameworkerTests running in mock-only mode
🔧 All repositories should be Mock* implementations
🔧 No Core Data operations should occur
✅ Data loading performance acceptable (0.000s for 4 items)
✔ Test "Should handle data loading efficiently" passed after 0.001 seconds.
◇ Test "Should maintain data consistency during loading" started.
🔧 TEST CONFIG: FlameworkerTests running in mock-only mode
🔧 All repositories should be Mock* implementations
🔧 No Core Data operations should occur
Testing consistency iteration 1
Testing consistency iteration 2
Testing consistency iteration 3
✅ Data consistency maintained across multiple loads
✔ Test "Should maintain data consistency during loading" passed after 0.001 seconds.
◇ Test "Should handle edge cases in data loading" started.
🔧 TEST CONFIG: FlameworkerTests running in mock-only mode
🔧 All repositories should be Mock* implementations
🔧 No Core Data operations should occur
✅ Edge cases handled successfully
✔ Test "Should handle edge cases in data loading" passed after 0.002 seconds.
✔ Suite "GlassItem Data Loading Service Tests" passed after 0.009 seconds.
◇ Suite "GlassItemRepository Duplicate stable_id Handling" started.
◇ Test "Creating item with duplicate stable_id throws error" started.
✔ Test "Creating item with duplicate stable_id throws error" passed after 0.001 seconds.
◇ Test "Fetching item by stable_id returns correct item" started.
✔ Test "Fetching item by stable_id returns correct item" passed after 0.001 seconds.
◇ Test "Fetching non-existent item returns nil" started.
✔ Test "Fetching non-existent item returns nil" passed after 0.001 seconds.
◇ Test "Multiple items with different stable_ids can coexist" started.
✔ Test "Multiple items with different stable_ids can coexist" passed after 0.001 seconds.
◇ Test "Updating existing item with updateItem works correctly" started.
✔ Test "Updating existing item with updateItem works correctly" passed after 0.001 seconds.
✔ Suite "GlassItemRepository Duplicate stable_id Handling" passed after 0.001 seconds.
◇ Suite "GlassItemSearchSelector Tests" started.
◇ Test "Filters by name - exact match" started.
✔ Test "Filters by name - exact match" passed after 0.001 seconds.
◇ Test "Filters by name - partial match" started.
✔ Test "Filters by name - partial match" passed after 0.001 seconds.
◇ Test "Filters by stable_id" started.
✔ Test "Filters by stable_id" passed after 0.001 seconds.
◇ Test "Filters by manufacturer" started.
✔ Test "Filters by manufacturer" passed after 0.001 seconds.
◇ Test "Case-insensitive matching - uppercase" started.
✔ Test "Case-insensitive matching - uppercase" passed after 0.001 seconds.
◇ Test "Case-insensitive matching - mixed case" started.
✔ Test "Case-insensitive matching - mixed case" passed after 0.001 seconds.
◇ Test "Empty search returns all items" started.
✔ Test "Empty search returns all items" passed after 0.001 seconds.
◇ Test "No matches returns empty" started.
✔ Test "No matches returns empty" passed after 0.001 seconds.
◇ Test "Multiple matches" started.
✔ Test "Multiple matches" passed after 0.001 seconds.
◇ Test "Partial word match" started.
✔ Test "Partial word match" passed after 0.001 seconds.
◇ Test "Selection behavior - onSelect fires with correct item" started.
✔ Test "Selection behavior - onSelect fires with correct item" passed after 0.018 seconds.
◇ Test "Selection behavior - onClear fires correctly" started.
✔ Test "Selection behavior - onClear fires correctly" passed after 0.001 seconds.
◇ Test "Selected item displays properly" started.
✔ Test "Selected item displays properly" passed after 0.001 seconds.
◇ Test "Search text updates filter results" started.
✔ Test "Search text updates filter results" passed after 0.001 seconds.
◇ Test "Clear resets selection" started.
✔ Test "Clear resets selection" passed after 0.001 seconds.
◇ Test "Prefilled stable_id behavior" started.
✔ Test "Prefilled stable_id behavior" passed after 0.001 seconds.
◇ Test "Prefilled stable_id not found" started.
✔ Test "Prefilled stable_id not found" passed after 0.001 seconds.
◇ Test "Empty state - no search" started.
✔ Test "Empty state - no search" passed after 0.001 seconds.
◇ Test "Search results state" started.
✔ Test "Search results state" passed after 0.001 seconds.
◇ Test "Selected state" started.
✔ Test "Selected state" passed after 0.001 seconds.
◇ Test "Not found state" started.
✔ Test "Not found state" passed after 0.001 seconds.
◇ Test "Search with special characters" started.
✔ Test "Search with special characters" passed after 0.001 seconds.
◇ Test "Search with whitespace in query" started.
✔ Test "Search with whitespace in query" passed after 0.001 seconds.
◇ Test "Search returns limited results (max 10)" started.
✔ Test "Search returns limited results (max 10)" passed after 0.001 seconds.
◇ Test "Selection with prefilled key shows correct header" started.
✔ Test "Selection with prefilled key shows correct header" passed after 0.001 seconds.
◇ Test "Selection without prefilled key shows correct header" started.
✔ Test "Selection without prefilled key shows correct header" passed after 0.001 seconds.
◇ Test "Clear button only shown without prefilled key" started.
✔ Test "Clear button only shown without prefilled key" passed after 0.001 seconds.
◇ Test "Search field disabled when item selected" started.
✔ Test "Search field disabled when item selected" passed after 0.001 seconds.
◇ Test "Search field enabled when no item selected" started.
✔ Test "Search field enabled when no item selected" passed after 0.001 seconds.
◇ Test "Auto-selects when exactly one result" started.
✔ Test "Auto-selects when exactly one result" passed after 0.001 seconds.
◇ Test "Clear button disabled when exactly one auto-selected result" started.
✔ Test "Clear button disabled when exactly one auto-selected result" passed after 0.001 seconds.
◇ Test "Clear button enabled when single result manually selected" started.
✔ Test "Clear button enabled when single result manually selected" passed after 0.001 seconds.
◇ Test "Clear button enabled when multiple results" started.
✔ Test "Clear button enabled when multiple results" passed after 0.001 seconds.
◇ Test "Clear button enabled when search cleared" started.
✔ Test "Clear button enabled when search cleared" passed after 0.001 seconds.
◇ Test "Manual selection flag resets when item cleared" started.
✔ Test "Manual selection flag resets when item cleared" passed after 0.001 seconds.
◇ Test "Manual selection persists during typing" started.
✔ Test "Manual selection persists during typing" passed after 0.001 seconds.
✔ Suite "GlassItemSearchSelector Tests" passed after 0.040 seconds.
◇ Suite "Glass Item Specific Tests - Addressing Failures" started.
◇ Test "WORKING: Simple test using TestConfiguration pattern" started.
🔍 WORKING TEST: Using TestConfiguration pattern that works
🔧 TEST CONFIG: FlameworkerTests running in mock-only mode
🔧 All repositories should be Mock* implementations
🔧 No Core Data operations should occur
✅ Added: 5EM4Nb
✅ Added: 6L4wDC
✅ Added: 2Xf35W
📊 WORKING: Count = 3, Fetched = 3
✅ WORKING TEST: All expectations met!
✔ Test "WORKING: Simple test using TestConfiguration pattern" passed after 0.001 seconds.
◇ Test "Should support glass item basic workflow" started.
🔧 TEST CONFIG: FlameworkerTests running in mock-only mode
🔧 All repositories should be Mock* implementations
🔧 No Core Data operations should occur
✅ Basic workflow test: found test item with stable_id 73gsm3
✔ Test "Should support glass item basic workflow" passed after 0.001 seconds.
◇ Test "Should create and find multiple glass items with correct natural keys" started.
🔧 TEST CONFIG: FlameworkerTests running in mock-only mode
🔧 All repositories should be Mock* implementations
🔧 No Core Data operations should occur
✅ Test environment created with 13 items
Found stable_ids: ["26VwkP", "6L4wDC", "5EM4Nb", "0CMkEx", "2Xf35W", "0vPH1T", "5hmEWC", "0d6ywf", "2rFjYg", "09UAbu", "4KHhfe", "4SmhsT", "4DV0YA"]
✔ Test "Should create and find multiple glass items with correct natural keys" passed after 0.002 seconds.
◇ Test "Should support complete workflow with item retrieval" started.
🔧 TEST CONFIG: FlameworkerTests running in mock-only mode
🔧 All repositories should be Mock* implementations
🔧 No Core Data operations should occur
✅ Test environment created with 13 items
✅ Retrieved item: Bullseye Clear Rod 5mm with stable_id 5EM4Nb
✔ Test "Should support complete workflow with item retrieval" passed after 0.001 seconds.
◇ Test "Should support basic search functionality" started.
🔧 TEST CONFIG: FlameworkerTests running in mock-only mode
🔧 All repositories should be Mock* implementations
🔧 No Core Data operations should occur
✅ Test environment created with 13 items
✅ Search tests: discontinued=1, coe96=9
✔ Test "Should support basic search functionality" passed after 0.022 seconds.
◇ Test "Should support glass item search" started.
🔧 TEST CONFIG: FlameworkerTests running in mock-only mode
🔧 All repositories should be Mock* implementations
🔧 No Core Data operations should occur
✅ Test environment created with 13 items
DEBUG: Direct repository search for 'clear' found 2 items:
  - 'Clear' (key: 0CMkEx)
  - 'Bullseye Clear Rod 5mm' (key: 5EM4Nb)
✅ Search for 'clear' found 2 items
Clear search results: ["Clear", "Bullseye Clear Rod 5mm"]
✔ Test "Should support glass item search" passed after 0.001 seconds.
◇ Test "Should support catalog management workflow" started.
🔧 TEST CONFIG: FlameworkerTests running in mock-only mode
🔧 All repositories should be Mock* implementations
🔧 No Core Data operations should occur
✅ Test environment created with 13 items
✅ Found 3 Bullseye items
  - Bullseye Clear Rod 5mm (5EM4Nb)
  - Old Blue (5hmEWC)
  - Red (09UAbu)
✔ Test "Should support catalog management workflow" passed after 0.001 seconds.
◇ Test "Should support basic tag operations" started.
🔧 TEST CONFIG: FlameworkerTests running in mock-only mode
🔧 All repositories should be Mock* implementations
🔧 No Core Data operations should occur
✅ Test environment created with 13 items
✅ Found 19 tags: ["amber", "blue", "brown", "clear", "coe104", "coe90", "coe96", "discontinued", "gray", "green", "opal", "opaque", "orange", "purple", "red", "rod", "transparent", "white", "yellow"]
✔ Test "Should support basic tag operations" passed after 0.002 seconds.
◇ Test "Should handle comprehensive integration scenario" started.
🔧 TEST CONFIG: FlameworkerTests running in mock-only mode
🔧 All repositories should be Mock* implementations
🔧 No Core Data operations should occur
✅ Test environment created with 13 items
🔍 Comprehensive Integration Test
✅ Comprehensive integration test passed
✔ Test "Should handle comprehensive integration scenario" passed after 0.001 seconds.
◇ Test "Should handle edge cases gracefully" started.
🔧 TEST CONFIG: FlameworkerTests running in mock-only mode
🔧 All repositories should be Mock* implementations
🔧 No Core Data operations should occur
✅ Test environment created with 13 items
✅ Edge cases handled gracefully
✔ Test "Should handle edge cases gracefully" passed after 0.001 seconds.
◇ Test "Should maintain data consistency" started.
🔧 TEST CONFIG: FlameworkerTests running in mock-only mode
🔧 All repositories should be Mock* implementations
🔧 No Core Data operations should occur
✅ Test environment created with 13 items
✅ Data consistency verified
✔ Test "Should maintain data consistency" passed after 0.001 seconds.
✔ Suite "Glass Item Specific Tests - Addressing Failures" passed after 0.039 seconds.
◇ Suite "GlassItemTypeSystem Tests" started.
◇ Test "Default display names are Bar and Rod" started.
✔ Test "Default display names are Bar and Rod" passed after 0.001 seconds.
◇ Test "Backend type names remain stable" started.
✔ Test "Backend type names remain stable" passed after 0.001 seconds.
◇ Test "Display name uses terminology settings for rod types" started.
✔ Test "Display name uses terminology settings for rod types" passed after 0.001 seconds.
◇ Test "Display name uses static names for non-rod types" started.
✔ Test "Display name uses static names for non-rod types" passed after 0.001 seconds.
◇ Test "All type names are available" started.
✔ Test "All type names are available" passed after 0.001 seconds.
◇ Test "Backend type name resolves from display name" started.
✔ Test "Backend type name resolves from display name" passed after 0.001 seconds.
◇ Test "Backend type name resolves custom display names" started.
✔ Test "Backend type name resolves custom display names" passed after 0.001 seconds.
◇ Test "Type system has correct dimension fields for rod types" started.
✔ Test "Type system has correct dimension fields for rod types" passed after 0.001 seconds.
◇ Test "Rod type has expected subtypes" started.
✔ Test "Rod type has expected subtypes" passed after 0.001 seconds.
◇ Test "Big rod type has no subtypes" started.
✔ Test "Big rod type has no subtypes" passed after 0.001 seconds.
◇ Test "Type validation works correctly" started.
✔ Test "Type validation works correctly" passed after 0.001 seconds.
✔ Suite "GlassItemTypeSystem Tests" passed after 0.009 seconds.
◇ Suite "GlassTerminologySettings Tests" started.
◇ Test "Default display names are Bar and Rod" started.
✔ Test "Default display names are Bar and Rod" passed after 0.001 seconds.
◇ Test "Display name returns correct value for backend types" started.
✔ Test "Display name returns correct value for backend types" passed after 0.001 seconds.
◇ Test "Backend type returns correct value from display names" started.
✔ Test "Backend type returns correct value from display names" passed after 0.001 seconds.
◇ Test "Custom display names are persisted" started.
✔ Test "Custom display names are persisted" passed after 0.001 seconds.
◇ Test "Reset to defaults restores Bar and Rod" started.
✔ Test "Reset to defaults restores Bar and Rod" passed after 0.001 seconds.
◇ Test "Detailed display name with size information" started.
✔ Test "Detailed display name with size information" passed after 0.001 seconds.
◇ Test "Backend type constants remain stable" started.
✔ Test "Backend type constants remain stable" passed after 0.001 seconds.
◇ Test "Custom display names resolve to correct backend types" started.
✔ Test "Custom display names resolve to correct backend types" passed after 0.001 seconds.
✔ Suite "GlassTerminologySettings Tests" passed after 0.003 seconds.
◇ Suite "Image Helpers Tests" started.
◇ Test "Should sanitize item codes for filenames correctly" started.
✔ Test "Should sanitize item codes for filenames correctly" passed after 0.001 seconds.
◇ Test "Should handle edge cases in sanitization" started.
✔ Test "Should handle edge cases in sanitization" passed after 0.001 seconds.
◇ Test "Should return nil for empty item codes" started.
✔ Test "Should return nil for empty item codes" passed after 0.001 seconds.
◇ Test "Should handle nil and empty manufacturer parameters" started.
✔ Test "Should handle nil and empty manufacturer parameters" passed after 0.001 seconds.
◇ Test "Should handle non-existent images gracefully" started.
✔ Test "Should handle non-existent images gracefully" passed after 0.001 seconds.
◇ Test "Should handle image existence checking correctly" started.
✔ Test "Should handle image existence checking correctly" passed after 0.001 seconds.
◇ Test "Should get product image names correctly" started.
✔ Test "Should get product image names correctly" passed after 0.001 seconds.
◇ Test "Should cache images efficiently" started.
✔ Test "Should cache images efficiently" passed after 0.001 seconds.
◇ Test "Should handle cache with manufacturer parameter" started.
✔ Test "Should handle cache with manufacturer parameter" passed after 0.001 seconds.
◇ Test "Should search for multiple image extensions" started.
✔ Test "Should search for multiple image extensions" passed after 0.001 seconds.
◇ Test "Should handle manufacturer prefix logic correctly" started.
✔ Test "Should handle manufacturer prefix logic correctly" passed after 0.001 seconds.
◇ Test "Should handle bundle resource path construction" started.
✔ Test "Should handle bundle resource path construction" passed after 0.001 seconds.
◇ Test "Should handle multiple image requests efficiently" started.
✔ Test "Should handle multiple image requests efficiently" passed after 0.001 seconds.
◇ Test "Should demonstrate cache efficiency with repeated requests" started.
✔ Test "Should demonstrate cache efficiency with repeated requests" passed after 0.001 seconds.
◇ Test "Should handle memory pressure gracefully" started.
✔ Test "Should handle memory pressure gracefully" passed after 0.001 seconds.
◇ Test "Should initialize ProductImageView with correct parameters" started.
✔ Test "Should initialize ProductImageView with correct parameters" passed after 0.001 seconds.
◇ Test "Should initialize ProductImageThumbnail correctly" started.
✔ Test "Should initialize ProductImageThumbnail correctly" passed after 0.001 seconds.
◇ Test "Should initialize ProductImageDetail correctly" started.
✔ Test "Should initialize ProductImageDetail correctly" passed after 0.001 seconds.
◇ Test "Should handle different size configurations correctly" started.
✔ Test "Should handle different size configurations correctly" passed after 0.001 seconds.
◇ Test "Should handle edge case sizes" started.
✔ Test "Should handle edge case sizes" passed after 0.001 seconds.
◇ Test "Should handle invalid item codes gracefully" started.
✔ Test "Should handle invalid item codes gracefully" passed after 0.001 seconds.
◇ Test "Should handle concurrent access safely" started.
✔ Test "Should handle concurrent access safely" passed after 0.001 seconds.
◇ Test "Should integrate filename sanitization with image loading" started.
✔ Test "Should integrate filename sanitization with image loading" passed after 0.001 seconds.
◇ Test "Should maintain consistency between all image methods" started.
✔ Test "Should maintain consistency between all image methods" passed after 0.001 seconds.
✔ Suite "Image Helpers Tests" passed after 0.022 seconds.
◇ Suite "ImageLoading Tests" started.
◇ Test "sanitizeItemCodeForFilename should replace slashes with dashes" started.
✔ Test "sanitizeItemCodeForFilename should replace slashes with dashes" passed after 0.001 seconds.
◇ Test "loadProductImage should return nil for empty item codes" started.
✔ Test "loadProductImage should return nil for empty item codes" passed after 0.001 seconds.
◇ Test "loadProductImage should return nil for non-existent images" started.
✔ Test "loadProductImage should return nil for non-existent images" passed after 0.001 seconds.
◇ Test "productImageExists should return false for empty item codes" started.
✔ Test "productImageExists should return false for empty item codes" passed after 0.001 seconds.
◇ Test "productImageExists should return false for non-existent images" started.
✔ Test "productImageExists should return false for non-existent images" passed after 0.001 seconds.
◇ Test "getProductImageName should return nil for empty item codes" started.
✔ Test "getProductImageName should return nil for empty item codes" passed after 0.001 seconds.
◇ Test "getProductImageName should return nil for non-existent images" started.
✔ Test "getProductImageName should return nil for non-existent images" passed after 0.001 seconds.
◇ Test "loadProductImage should handle manufacturer parameter consistently" started.
✔ Test "loadProductImage should handle manufacturer parameter consistently" passed after 0.001 seconds.
✔ Suite "ImageLoading Tests" passed after 0.011 seconds.
◇ Suite ImagePermissionTests started.
◇ Test "GlassManufacturers tracks permission for CiM as false" started.
✔ Test "GlassManufacturers tracks permission for CiM as false" passed after 0.001 seconds.
◇ Test "GlassManufacturers tracks permission for other manufacturers as true" started.
✔ Test "GlassManufacturers tracks permission for other manufacturers as true" passed after 0.001 seconds.
◇ Test "Permission check is case-insensitive for manufacturer codes" started.
✔ Test "Permission check is case-insensitive for manufacturer codes" passed after 0.001 seconds.
◇ Test "Permission check returns false for nil manufacturer" started.
✔ Test "Permission check returns false for nil manufacturer" passed after 0.001 seconds.
◇ Test "Permission check returns false for empty string" started.
✔ Test "Permission check returns false for empty string" passed after 0.001 seconds.
◇ Test "Permission check returns false for unknown manufacturer" started.
✔ Test "Permission check returns false for unknown manufacturer" passed after 0.001 seconds.
◇ Test "Permission check handles whitespace-only manufacturer" started.
✔ Test "Permission check handles whitespace-only manufacturer" passed after 0.001 seconds.
◇ Test "Permission check trims whitespace from manufacturer code" started.
✔ Test "Permission check trims whitespace from manufacturer code" passed after 0.001 seconds.
◇ Test "Default image name is returned for all manufacturers" started.
✔ Test "Default image name is returned for all manufacturers" passed after 0.001 seconds.
◇ Test "Default image name matches expected values" started.
✔ Test "Default image name matches expected values" passed after 0.001 seconds.
◇ Test "Default image name is case-insensitive" started.
✔ Test "Default image name is case-insensitive" passed after 0.001 seconds.
◇ Test "Default image name returns nil for unknown manufacturer" started.
✔ Test "Default image name returns nil for unknown manufacturer" passed after 0.001 seconds.
◇ Test "Default image name returns nil for nil manufacturer" started.
✔ Test "Default image name returns nil for nil manufacturer" passed after 0.001 seconds.
◇ Test "All manufacturers with default images have permission settings" started.
✔ Test "All manufacturers with default images have permission settings" passed after 0.001 seconds.
◇ Test "Permission and default image are consistent" started.
✔ Test "Permission and default image are consistent" passed after 0.001 seconds.
◇ Test "CiM has both no permission and a default image" started.
✔ Test "CiM has both no permission and a default image" passed after 0.001 seconds.
◇ Test "Permission check handles special characters gracefully" started.
✔ Test "Permission check handles special characters gracefully" passed after 0.001 seconds.
◇ Test "Permission check handles very long manufacturer codes" started.
✔ Test "Permission check handles very long manufacturer codes" passed after 0.001 seconds.
◇ Test "Default image name handles special characters" started.
✔ Test "Default image name handles special characters" passed after 0.001 seconds.
✔ Suite ImagePermissionTests passed after 0.001 seconds.
◇ Suite "Image Text Extraction Tests" started.
◇ Test "Extract text from image with clear printed text" started.
✔ Test "Extract text from image with clear printed text" passed after 1.070 seconds.
◇ Test "Extract text returns empty string for image without text" started.
✔ Test "Extract text returns empty string for image without text" passed after 0.124 seconds.
◇ Test "Extract text handles multiline text" started.
✔ Test "Extract text handles multiline text" passed after 0.788 seconds.
◇ Test "Extract text preserves text order and spacing" started.
✔ Test "Extract text preserves text order and spacing" passed after 0.753 seconds.
◇ Test "Extract text handles numbers and symbols" started.
✔ Test "Extract text handles numbers and symbols" passed after 0.727 seconds.
◇ Test "Multiline text extraction preserves line structure" started.
✔ Test "Multiline text extraction preserves line structure" passed after 0.713 seconds.
✔ Suite "Image Text Extraction Tests" passed after 4.178 seconds.
◇ Suite "Integration Tests - Mock-Only Repository Pattern Architecture" started.
◇ Test "Should integrate MockCatalogRepository with comprehensive operations" started.
🔧 TEST CONFIG: FlameworkerTests running in mock-only mode
🔧 All repositories should be Mock* implementations
🔧 No Core Data operations should occur
✅ TEST CONFIG: No Core Data leakage detected
✔ Test "Should integrate MockCatalogRepository with comprehensive operations" passed after 0.001 seconds.
◇ Test "Should integrate mock repositories with proper isolation" started.
🔧 TEST CONFIG: FlameworkerTests running in mock-only mode
🔧 All repositories should be Mock* implementations
🔧 No Core Data operations should occur
✅ INTEGRATION TEST: Mock services integrated successfully without Core Data
✔ Test "Should integrate mock repositories with proper isolation" passed after 0.001 seconds.
◇ Test "Should integrate repository pattern with UI state management" started.
🔧 TEST CONFIG: FlameworkerTests running in mock-only mode
🔧 All repositories should be Mock* implementations
🔧 No Core Data operations should occur
✔ Test "Should integrate repository pattern with UI state management" passed after 0.002 seconds.
◇ Test "Should integrate repository pattern with SearchUtilities" started.
✔ Test "Should integrate repository pattern with SearchUtilities" passed after 0.001 seconds.
◇ Test "Should integrate repository pattern with ImageHelpers" started.
✔ Test "Should integrate repository pattern with ImageHelpers" passed after 0.001 seconds.
◇ Test "Should integrate repository pattern with form validation workflows" started.
✔ Test "Should integrate repository pattern with form validation workflows" passed after 0.001 seconds.
◇ Test "Should support coordinated workflow using repository pattern" started.
✔ Test "Should support coordinated workflow using repository pattern" passed after 0.001 seconds.
◇ Test "Should achieve good performance with repository pattern integration" started.
✔ Test "Should achieve good performance with repository pattern integration" passed after 0.001 seconds.
◇ Test "Should handle errors gracefully with repository pattern" started.
✔ Test "Should handle errors gracefully with repository pattern" passed after 0.001 seconds.
◇ Test "Should handle complex state transitions with repository pattern" started.
✔ Test "Should handle complex state transitions with repository pattern" passed after 0.001 seconds.
✔ Suite "Integration Tests - Mock-Only Repository Pattern Architecture" passed after 0.006 seconds.
◇ Suite "InventoryDetailView Tests" started.
◇ Test "Display single inventory type" started.
✔ Test "Display single inventory type" passed after 0.001 seconds.
◇ Test "Display multiple inventory types" started.
✔ Test "Display multiple inventory types" passed after 0.001 seconds.
◇ Test "Display empty inventory state" started.
✔ Test "Display empty inventory state" passed after 0.001 seconds.
◇ Test "Aggregate quantities for same type" started.
✔ Test "Aggregate quantities for same type" passed after 0.001 seconds.
◇ Test "Display inventory with subtype" started.
✔ Test "Display inventory with subtype" passed after 0.001 seconds.
◇ Test "Display inventory with dimensions" started.
✔ Test "Display inventory with dimensions" passed after 0.001 seconds.
◇ Test "Display complex inventory with mixed subtypes and dimensions" started.
✔ Test "Display complex inventory with mixed subtypes and dimensions" passed after 0.001 seconds.
◇ Test "Display inventory without dimensions" started.
✔ Test "Display inventory without dimensions" passed after 0.001 seconds.
◇ Test "Display location distribution" started.
✔ Test "Display location distribution" passed after 0.001 seconds.
◇ Test "Display empty location list" started.
✔ Test "Display empty location list" passed after 0.001 seconds.
◇ Test "Calculate location distribution percentages" started.
✔ Test "Calculate location distribution percentages" passed after 0.001 seconds.
◇ Test "View should present shopping list options sheet" started.
✔ Test "View should present shopping list options sheet" passed after 0.001 seconds.
◇ Test "ShoppingListOptionsView initializes with item" started.
✔ Test "ShoppingListOptionsView initializes with item" passed after 0.001 seconds.
◇ Test "Shopping list validates positive quantity" started.
✔ Test "Shopping list validates positive quantity" passed after 0.001 seconds.
◇ Test "View initializes edit state from first inventory" started.
✔ Test "View initializes edit state from first inventory" passed after 0.001 seconds.
◇ Test "View handles empty inventory for edit state" started.
✔ Test "View handles empty inventory for edit state" passed after 0.001 seconds.
◇ Test "Add inventory sheet presents with prefilled natural key" started.
✔ Test "Add inventory sheet presents with prefilled natural key" passed after 0.001 seconds.
◇ Test "Add inventory uses inventory tracking service" started.
✔ Test "Add inventory uses inventory tracking service" passed after 0.001 seconds.
◇ Test "Display user tags" started.
✔ Test "Display user tags" passed after 0.001 seconds.
◇ Test "Display empty user tags" started.
✔ Test "Display empty user tags" passed after 0.001 seconds.
◇ Test "User tags editor integration" started.
✔ Test "User tags editor integration" passed after 0.001 seconds.
◇ Test "ExpandableSection initializes correctly" started.
✔ Test "ExpandableSection initializes correctly" passed after 0.001 seconds.
◇ Test "Multiple expandable sections can coexist" started.
✔ Test "Multiple expandable sections can coexist" passed after 0.001 seconds.
◇ Test "InventoryDetailTypeRow displays type correctly" started.
✔ Test "InventoryDetailTypeRow displays type correctly" passed after 0.001 seconds.
◇ Test "InventoryDetailTypeRow handles multiple subtypes" started.
✔ Test "InventoryDetailTypeRow handles multiple subtypes" passed after 0.007 seconds.
◇ Test "InventoryDetailTypeRow shows dimensions summary" started.
✔ Test "InventoryDetailTypeRow shows dimensions summary" passed after 0.001 seconds.
◇ Test "View handles missing inventory tracking service" started.
✔ Test "View handles missing inventory tracking service" passed after 0.001 seconds.
◇ Test "View handles data loading on appear" started.
✔ Test "View handles data loading on appear" passed after 0.001 seconds.
◇ Test "LocationDetailView initializes correctly" started.
✔ Test "LocationDetailView initializes correctly" passed after 0.001 seconds.
◇ Test "Format whole number quantities" started.
✔ Test "Format whole number quantities" passed after 0.001 seconds.
◇ Test "Format decimal quantities" started.
✔ Test "Format decimal quantities" passed after 0.001 seconds.
◇ Test "Header displays GlassItemCard" started.
✔ Test "Header displays GlassItemCard" passed after 0.001 seconds.
◇ Test "Manufacturer notes display when present" started.
✔ Test "Manufacturer notes display when present" passed after 0.001 seconds.
◇ Test "Manufacturer notes should be hidden when nil" started.
✔ Test "Manufacturer notes should be hidden when nil" passed after 0.001 seconds.
◇ Test "Manufacturer notes should be hidden when empty string" started.
✔ Test "Manufacturer notes should be hidden when empty string" passed after 0.001 seconds.
◇ Test "Manufacturer notes with multiline content" started.
✔ Test "Manufacturer notes with multiline content" passed after 0.001 seconds.
◇ Test "Glass Item Details section expanded by default" started.
✔ Test "Glass Item Details section expanded by default" passed after 0.001 seconds.
◇ Test "Manufacturer description field maps from JSON to model to view" started.
✅ Data pipeline test passed: manufacturer_description → mfr_notes → view display
✅ Identifier verification passed: stable_id correctly used as primary key
✔ Test "Manufacturer description field maps from JSON to model to view" passed after 0.001 seconds.
◇ Test "JSON with mfr_notes field should fail to decode or result in nil notes" started.
✅ Negative test passed: incorrect field name 'mfr_notes' correctly ignored
✔ Test "JSON with mfr_notes field should fail to decode or result in nil notes" passed after 0.001 seconds.
✔ Suite "InventoryDetailView Tests" passed after 0.037 seconds.
◇ Suite "InventoryDetailView User Notes Tests" started.
◇ Test "InventoryDetailView should accept UserNotesRepository for managing notes" started.
✔ Test "InventoryDetailView should accept UserNotesRepository for managing notes" passed after 0.001 seconds.
◇ Test "InventoryDetailView should show 'Add a note' button when no notes exist" started.
✔ Test "InventoryDetailView should show 'Add a note' button when no notes exist" passed after 0.001 seconds.
◇ Test "InventoryDetailView should handle notes with special characters" started.
✔ Test "InventoryDetailView should handle notes with special characters" passed after 0.001 seconds.
◇ Test "InventoryDetailView should handle very long notes" started.
✔ Test "InventoryDetailView should handle very long notes" passed after 0.001 seconds.
◇ Test "InventoryDetailView should handle empty notes string" started.
✔ Test "InventoryDetailView should handle empty notes string" passed after 0.001 seconds.
◇ Test "InventoryDetailView should allow editing existing notes" started.
✔ Test "InventoryDetailView should allow editing existing notes" passed after 0.001 seconds.
◇ Test "InventoryDetailView should show notes in expandable section" started.
✔ Test "InventoryDetailView should show notes in expandable section" passed after 0.001 seconds.
◇ Test "InventoryDetailView should preserve notes styling consistency" started.
✔ Test "InventoryDetailView should preserve notes styling consistency" passed after 0.001 seconds.
◇ Test "InventoryDetailView should reload notes after editing" started.
✔ Test "InventoryDetailView should reload notes after editing" passed after 0.002 seconds.
◇ Test "InventoryDetailView should handle notes loading errors gracefully" started.
✔ Test "InventoryDetailView should handle notes loading errors gracefully" passed after 0.001 seconds.
✔ Suite "InventoryDetailView User Notes Tests" passed after 0.007 seconds.
◇ Suite "InventoryDetailView Repository Pattern Tests" started.
◇ Test "InventoryDetailView should accept CompleteInventoryItemModel instead of Core Data entity" started.
✔ Test "InventoryDetailView should accept CompleteInventoryItemModel instead of Core Data entity" passed after 0.001 seconds.
◇ Test "InventoryDetailView should not require Core Data context when using business models" started.
✔ Test "InventoryDetailView should not require Core Data context when using business models" passed after 0.001 seconds.
◇ Test "InventoryDetailView should accept InventoryTrackingService for repository operations" started.
✔ Test "InventoryDetailView should accept InventoryTrackingService for repository operations" passed after 0.001 seconds.
◇ Test "InventoryDetailView should handle invalid URLs gracefully without crashing" started.
✔ Test "InventoryDetailView should handle invalid URLs gracefully without crashing" passed after 0.004 seconds.
◇ Test "InventoryDetailView should handle empty URL strings gracefully" started.
✔ Test "InventoryDetailView should handle empty URL strings gracefully" passed after 0.001 seconds.
◇ Test "InventoryDetailView should handle nil URL gracefully" started.
✔ Test "InventoryDetailView should handle nil URL gracefully" passed after 0.001 seconds.
◇ Test "InventoryDetailView should use ProductImageDetail with sku field" started.
✔ Test "InventoryDetailView should use ProductImageDetail with sku field" passed after 0.001 seconds.
◇ Test "InventoryDetailView should handle items without images gracefully" started.
✔ Test "InventoryDetailView should handle items without images gracefully" passed after 0.001 seconds.
◇ Test "InventoryDetailView should use sku not natural_key for images" started.
✔ Test "InventoryDetailView should use sku not natural_key for images" passed after 0.001 seconds.
◇ Test "InventoryDetailView should have expandable manufacturer notes with 4-line limit" started.
✔ Test "InventoryDetailView should have expandable manufacturer notes with 4-line limit" passed after 0.001 seconds.
◇ Test "InventoryDetailView should handle short manufacturer notes without expand button" started.
✔ Test "InventoryDetailView should handle short manufacturer notes without expand button" passed after 0.001 seconds.
◇ Test "InventoryDetailView should handle items without manufacturer notes" started.
✔ Test "InventoryDetailView should handle items without manufacturer notes" passed after 0.001 seconds.
◇ Test "InventoryDetailView should handle empty manufacturer notes" started.
✔ Test "InventoryDetailView should handle empty manufacturer notes" passed after 0.001 seconds.
✔ Suite "InventoryDetailView Repository Pattern Tests" passed after 0.005 seconds.
◇ Suite "Inventory Location Tests" started.
◇ Test "InventoryModel initializes with location" started.
✔ Test "InventoryModel initializes with location" passed after 0.001 seconds.
◇ Test "InventoryModel cleans location name" started.
✔ Test "InventoryModel cleans location name" passed after 0.001 seconds.
◇ Test "InventoryModel accepts nil location" started.
✔ Test "InventoryModel accepts nil location" passed after 0.001 seconds.
◇ Test "InventoryModel with empty location becomes nil" started.
✔ Test "InventoryModel with empty location becomes nil" passed after 0.001 seconds.
◇ Test "CompleteInventoryItemModel extracts unique locations" started.
✔ Test "CompleteInventoryItemModel extracts unique locations" passed after 0.001 seconds.
◇ Test "CompleteInventoryItemModel inventoryByLocation groups correctly" started.
✔ Test "CompleteInventoryItemModel inventoryByLocation groups correctly" passed after 0.001 seconds.
◇ Test "CompleteInventoryItemModel with no locations" started.
✔ Test "CompleteInventoryItemModel with no locations" passed after 0.001 seconds.
✔ Suite "Inventory Location Tests" passed after 0.001 seconds.
◇ Suite "Inventory Repository Location Tests" started.
◇ Test "fetchInventory(atLocation:) returns inventory at specific location" started.
✔ Test "fetchInventory(atLocation:) returns inventory at specific location" passed after 0.001 seconds.
◇ Test "fetchInventory(atLocation:) handles whitespace normalization" started.
✔ Test "fetchInventory(atLocation:) handles whitespace normalization" passed after 0.001 seconds.
◇ Test "getDistinctLocations returns unique location names" started.
✔ Test "getDistinctLocations returns unique location names" passed after 0.015 seconds.
◇ Test "getLocationNames(withPrefix:) filters by prefix" started.
✔ Test "getLocationNames(withPrefix:) filters by prefix" passed after 0.001 seconds.
◇ Test "getLocationNames(withPrefix:) is case-insensitive" started.
✔ Test "getLocationNames(withPrefix:) is case-insensitive" passed after 0.001 seconds.
◇ Test "getLocationUtilization(for:) calculates quantities per item" started.
✔ Test "getLocationUtilization(for:) calculates quantities per item" passed after 0.001 seconds.
◇ Test "getAllLocationUtilization returns totals for all locations" started.
✔ Test "getAllLocationUtilization returns totals for all locations" passed after 0.001 seconds.
◇ Test "createInventory preserves location field" started.
✔ Test "createInventory preserves location field" passed after 0.001 seconds.
◇ Test "updateInventory preserves location field" started.
✔ Test "updateInventory preserves location field" passed after 0.001 seconds.
◇ Test "Multiple inventory records for same item at different locations" started.
✔ Test "Multiple inventory records for same item at different locations" passed after 0.001 seconds.
◇ Test "Multiple inventory records for same item/location with different types" started.
✔ Test "Multiple inventory records for same item/location with different types" passed after 0.001 seconds.
✔ Suite "Inventory Repository Location Tests" passed after 0.026 seconds.
◇ Suite "Inventory Search Suggestions Tests - Complex Algorithm" started.
◇ Test "Should return suggestions for valid queries" started.
✔ Test "Should return suggestions for valid queries" passed after 0.001 seconds.
◇ Test "Should exclude items already in inventory by matching name" started.
✔ Test "Should exclude items already in inventory by matching name" passed after 0.001 seconds.
◇ Test "Should exclude items with case-insensitive natural key matching" started.
✔ Test "Should exclude items with case-insensitive natural key matching" passed after 0.001 seconds.
◇ Test "Should handle multiple exclusion patterns" started.
✔ Test "Should handle multiple exclusion patterns" passed after 0.001 seconds.
◇ Test "Should handle empty and whitespace queries" started.
✔ Test "Should handle empty and whitespace queries" passed after 0.001 seconds.
◇ Test "Should handle empty inventory models" started.
✔ Test "Should handle empty inventory models" passed after 0.001 seconds.
◇ Test "Should test deprecated method returns empty" started.
✔ Test "Should test deprecated method returns empty" passed after 0.001 seconds.
✔ Suite "Inventory Search Suggestions Tests - Complex Algorithm" passed after 0.001 seconds.
◇ Suite "Inventory Service Tests - Service Layer Testing" started.
◇ Test "Should create InventoryService successfully" started.
🔧 TEST CONFIG: FlameworkerTests running in mock-only mode
🔧 All repositories should be Mock* implementations
🔧 No Core Data operations should occur
✅ InventoryService created successfully
✔ Test "Should create InventoryService successfully" passed after 0.001 seconds.
◇ Test "Should search items by text correctly - CRITICAL BUG TEST" started.
🔧 TEST CONFIG: FlameworkerTests running in mock-only mode
🔧 All repositories should be Mock* implementations
🔧 No Core Data operations should occur
✅ Test environment setup: 5 items, 3 with inventory, all with tags
🔍 TESTING: InventoryService.searchItems() - This is where the bug is!
DEBUG: Repository direct search for 'clear': 2 results
  - Repository: 'Clear' (key: 0CMkEx)
  - Repository: 'Bullseye Clear Rod 5mm' (key: 5EM4Nb)
DEBUG: InventoryService search for 'clear': 2 results
  - Service: 'Clear' (key: 0CMkEx)
  - Service: 'Bullseye Clear Rod 5mm' (key: 5EM4Nb)
✔ Test "Should search items by text correctly - CRITICAL BUG TEST" passed after 0.009 seconds.
◇ Test "Should search items with different text variations" started.
🔧 TEST CONFIG: FlameworkerTests running in mock-only mode
🔧 All repositories should be Mock* implementations
🔧 No Core Data operations should occur
✅ Test environment setup: 5 items, 3 with inventory, all with tags
DEBUG: Search for 'clear': 2 results
  Expected 2 clear items, got 2
DEBUG: Search for 'Clear': 2 results
  Expected 2 clear items, got 2
DEBUG: Search for 'CLEAR': 2 results
  Expected 2 clear items, got 2
DEBUG: Search for 'red': 1 results
DEBUG: Search for 'Red': 1 results
DEBUG: Search for 'blue': 1 results
DEBUG: Search for 'Blue': 1 results
✔ Test "Should search items with different text variations" passed after 0.001 seconds.
◇ Test "Should filter by inventory correctly" started.
🔧 TEST CONFIG: FlameworkerTests running in mock-only mode
🔧 All repositories should be Mock* implementations
🔧 No Core Data operations should occur
✅ Test environment setup: 5 items, 3 with inventory, all with tags
DEBUG: Search with hasInventory=true: 3 results
  - 'Red' (key: 09UAbu)
  - 'Clear' (key: 0CMkEx)
  - 'Bullseye Clear Rod 5mm' (key: 5EM4Nb)
DEBUG: Search with hasInventory=false: 5 results
✔ Test "Should filter by inventory correctly" passed after 0.001 seconds.
◇ Test "Should filter by tags correctly" started.
🔧 TEST CONFIG: FlameworkerTests running in mock-only mode
🔧 All repositories should be Mock* implementations
🔧 No Core Data operations should occur
✅ Test environment setup: 5 items, 3 with inventory, all with tags
DEBUG: Search with tags=['clear']: 2 results
  - 'Clear' (key: 0CMkEx)
  - 'Bullseye Clear Rod 5mm' (key: 5EM4Nb)
DEBUG: Search with tags=['coe90']: 2 results
DEBUG: Search with tags=['clear', 'coe90']: 1 results
✔ Test "Should filter by tags correctly" passed after 0.003 seconds.
◇ Test "Should filter by inventory types correctly" started.
🔧 TEST CONFIG: FlameworkerTests running in mock-only mode
🔧 All repositories should be Mock* implementations
🔧 No Core Data operations should occur
✅ Test environment setup: 5 items, 3 with inventory, all with tags
DEBUG: Search with inventoryTypes=['inventory']: 3 results
  - 'Red' (key: 09UAbu)
  - 'Clear' (key: 0CMkEx)
  - 'Bullseye Clear Rod 5mm' (key: 5EM4Nb)
✔ Test "Should filter by inventory types correctly" passed after 0.001 seconds.
◇ Test "Should handle combined search filters correctly" started.
🔧 TEST CONFIG: FlameworkerTests running in mock-only mode
🔧 All repositories should be Mock* implementations
🔧 No Core Data operations should occur
✅ Test environment setup: 5 items, 3 with inventory, all with tags
DEBUG: Combined search (text='clear', tags=['coe90'], hasInventory=true): 1 results
  - 'Bullseye Clear Rod 5mm' (key: 5EM4Nb)
✔ Test "Should handle combined search filters correctly" passed after 0.002 seconds.
◇ Test "Should handle edge cases gracefully" started.
🔧 TEST CONFIG: FlameworkerTests running in mock-only mode
🔧 All repositories should be Mock* implementations
🔧 No Core Data operations should occur
✅ Test environment setup: 5 items, 3 with inventory, all with tags
DEBUG: Empty search: 5 results
DEBUG: Non-existent search: 0 results
DEBUG: Non-existent tag search: 0 results
✔ Test "Should handle edge cases gracefully" passed after 0.001 seconds.
◇ Test "Should perform searches efficiently" started.
🔧 TEST CONFIG: FlameworkerTests running in mock-only mode
🔧 All repositories should be Mock* implementations
🔧 No Core Data operations should occur
✅ Test environment setup: 5 items, 3 with inventory, all with tags
DEBUG: 10 searches completed in 0.001s
✔ Test "Should perform searches efficiently" passed after 0.001 seconds.
◇ Test "Should integrate properly with repository layer" started.
🔧 TEST CONFIG: FlameworkerTests running in mock-only mode
🔧 All repositories should be Mock* implementations
🔧 No Core Data operations should occur
✅ Test environment setup: 5 items, 3 with inventory, all with tags
DEBUG: Repository has 5 items, Service finds 5 items
✔ Test "Should integrate properly with repository layer" passed after 0.001 seconds.
◇ Test "BUG REPORT: Document the exact search bug for fixing" started.
🔧 TEST CONFIG: FlameworkerTests running in mock-only mode
🔧 All repositories should be Mock* implementations
🔧 No Core Data operations should occur
✅ Test environment setup: 5 items, 3 with inventory, all with tags
🐛 BUG DOCUMENTATION TEST
==================================================
EXPECTED BEHAVIOR:
  Repository.searchItems('clear') finds: 2 items
    1. 'Clear' (key: 0CMkEx)
    2. 'Bullseye Clear Rod 5mm' (key: 5EM4Nb)

ACTUAL BEHAVIOR:
  InventoryService.searchItems('clear', [], false, []) finds: 2 items
    1. 'Clear' (key: 0CMkEx)
    2. 'Bullseye Clear Rod 5mm' (key: 5EM4Nb)
==================================================
✅ No bug detected - service and repository results match
✔ Test "BUG REPORT: Document the exact search bug for fixing" passed after 0.001 seconds.
✔ Suite "Inventory Service Tests - Service Layer Testing" passed after 0.023 seconds.
◇ Suite "Inventory Tracking Service Location Tests" started.
◇ Test "addInventory creates inventory with location" started.
✔ Test "addInventory creates inventory with location" passed after 0.001 seconds.
◇ Test "addInventory creates inventory without location" started.
✔ Test "addInventory creates inventory without location" passed after 0.001 seconds.
◇ Test "createCompleteItem with initial inventory including locations" started.
✔ Test "createCompleteItem with initial inventory including locations" passed after 0.001 seconds.
◇ Test "getCompleteItem includes location information" started.
✔ Test "getCompleteItem includes location information" passed after 0.001 seconds.
◇ Test "getInventorySummary includes location details" started.
✔ Test "getInventorySummary includes location details" passed after 0.001 seconds.
◇ Test "Multiple locations for same item and type" started.
✔ Test "Multiple locations for same item and type" passed after 0.001 seconds.
◇ Test "validateInventoryConsistency checks for negative quantities" started.
✔ Test "validateInventoryConsistency checks for negative quantities" passed after 0.001 seconds.
◇ Test "Inventory without location is valid" started.
✔ Test "Inventory without location is valid" passed after 0.001 seconds.
✔ Suite "Inventory Tracking Service Location Tests" passed after 0.001 seconds.
◇ Suite "InventoryTrackingService Workflow Tests" started.
◇ Test "Create complete item with all fields" started.
✔ Test "Create complete item with all fields" passed after 0.001 seconds.
◇ Test "Create complete item with minimal fields" started.
✔ Test "Create complete item with minimal fields" passed after 0.001 seconds.
◇ Test "Create complete item with empty inventory array" started.
✔ Test "Create complete item with empty inventory array" passed after 0.001 seconds.
◇ Test "Add inventory with location distribution" started.
✔ Test "Add inventory with location distribution" passed after 0.001 seconds.
◇ Test "Add inventory without locations" started.
✔ Test "Add inventory without locations" passed after 0.001 seconds.
◇ Test "Add inventory to non-existent item throws error" started.
✔ Test "Add inventory to non-existent item throws error" passed after 0.002 seconds.
◇ Test "Add multiple inventory types to same item" started.
✔ Test "Add multiple inventory types to same item" passed after 0.001 seconds.
◇ Test "Update inventory across multiple types" started.
✔ Test "Update inventory across multiple types" passed after 0.001 seconds.
◇ Test "Get complete item with all data" started.
✔ Test "Get complete item with all data" passed after 0.001 seconds.
◇ Test "Get complete item returns nil for non-existent item" started.
✔ Test "Get complete item returns nil for non-existent item" passed after 0.001 seconds.
◇ Test "Update complete item updates glass item and tags" started.
✔ Test "Update complete item updates glass item and tags" passed after 0.001 seconds.
◇ Test "Update complete item without changing tags" started.
✔ Test "Update complete item without changing tags" passed after 0.001 seconds.
◇ Test "Get inventory summary with locations" started.
✔ Test "Get inventory summary with locations" passed after 0.001 seconds.
◇ Test "Get inventory summary returns nil for non-existent item" started.
✔ Test "Get inventory summary returns nil for non-existent item" passed after 0.001 seconds.
◇ Test "Search items by text" started.
✔ Test "Search items by text" passed after 0.001 seconds.
◇ Test "Search items with tag filter" started.
✔ Test "Search items with tag filter" passed after 0.001 seconds.
◇ Test "Search items with inventory filter" started.
✔ Test "Search items with inventory filter" passed after 0.001 seconds.
◇ Test "Get low stock items below threshold" started.
✔ Test "Get low stock items below threshold" passed after 0.001 seconds.
◇ Test "Low stock items are sorted by quantity" started.
✔ Test "Low stock items are sorted by quantity" passed after 0.001 seconds.
◇ Test "Validate inventory consistency for valid item" started.
✔ Test "Validate inventory consistency for valid item" passed after 0.001 seconds.
◇ Test "Validate inventory consistency for non-existent item" started.
✔ Test "Validate inventory consistency for non-existent item" passed after 0.001 seconds.
◇ Test "Create item with duplicate tags removes duplicates" started.
✔ Test "Create item with duplicate tags removes duplicates" passed after 0.001 seconds.
◇ Test "Add zero quantity inventory" started.
✔ Test "Add zero quantity inventory" passed after 0.001 seconds.
◇ Test "Search with empty text returns results" started.
✔ Test "Search with empty text returns results" passed after 0.001 seconds.
✔ Suite "InventoryTrackingService Workflow Tests" passed after 0.030 seconds.
◇ Suite "Inventory View Components Tests - SwiftUI Components" started.
◇ Test "Should create status indicators with correct properties" started.
✔ Test "Should create status indicators with correct properties" passed after 0.001 seconds.
◇ Test "Should handle status indicator state combinations" started.
✔ Test "Should handle status indicator state combinations" passed after 0.001 seconds.
◇ Test "Should handle count units view in editing mode" started.
✔ Test "Should handle count units view in editing mode" passed after 0.001 seconds.
◇ Test "Should handle count units view in display mode" started.
✔ Test "Should handle count units view in display mode" passed after 0.001 seconds.
◇ Test "Should handle different inventory item types" started.
✔ Test "Should handle different inventory item types" passed after 0.001 seconds.
◇ Test "Should handle zero and negative counts" started.
✔ Test "Should handle zero and negative counts" passed after 0.001 seconds.
◇ Test "Should handle notes view in editing mode" started.
✔ Test "Should handle notes view in editing mode" passed after 0.001 seconds.
◇ Test "Should handle notes view in display mode with notes" started.
✔ Test "Should handle notes view in display mode with notes" passed after 0.001 seconds.
◇ Test "Should handle notes view in display mode with nil notes" started.
✔ Test "Should handle notes view in display mode with nil notes" passed after 0.001 seconds.
◇ Test "Should handle notes view with empty and whitespace notes" started.
✔ Test "Should handle notes view with empty and whitespace notes" passed after 0.001 seconds.
◇ Test "Should handle notes view mode transitions" started.
✔ Test "Should handle notes view mode transitions" passed after 0.001 seconds.
◇ Test "Should work together - status indicators and count view" started.
✔ Test "Should work together - status indicators and count view" passed after 0.001 seconds.
◇ Test "Should handle component state consistency" started.
✔ Test "Should handle component state consistency" passed after 0.001 seconds.
◇ Test "Should handle component property variations" started.
✔ Test "Should handle component property variations" passed after 0.001 seconds.
◇ Test "Should handle extreme component values" started.
✔ Test "Should handle extreme component values" passed after 0.001 seconds.
◇ Test "Should maintain component immutability" started.
✔ Test "Should maintain component immutability" passed after 0.001 seconds.
✔ Suite "Inventory View Components Tests - SwiftUI Components" passed after 0.013 seconds.
◇ Suite "ItemShoppingModel Tests" started.
◇ Test "Create with all fields" started.
✔ Test "Create with all fields" passed after 0.001 seconds.
◇ Test "Create with minimal fields" started.
✔ Test "Create with minimal fields" passed after 0.001 seconds.
◇ Test "Create with explicit ID" started.
✔ Test "Create with explicit ID" passed after 0.001 seconds.
◇ Test "Create with explicit date" started.
✔ Test "Create with explicit date" passed after 0.001 seconds.
◇ Test "Trims whitespace from natural key" started.
✔ Test "Trims whitespace from natural key" passed after 0.001 seconds.
◇ Test "Trims whitespace from store" started.
✔ Test "Trims whitespace from store" passed after 0.001 seconds.
◇ Test "Trims whitespace from type/subtype/subsubtype" started.
✔ Test "Trims whitespace from type/subtype/subsubtype" passed after 0.001 seconds.
◇ Test "Clamps negative quantity to zero" started.
✔ Test "Clamps negative quantity to zero" passed after 0.001 seconds.
◇ Test "Allows zero quantity" started.
✔ Test "Allows zero quantity" passed after 0.001 seconds.
◇ Test "Allows positive quantity" started.
✔ Test "Allows positive quantity" passed after 0.001 seconds.
◇ Test "isForStore - exact match" started.
✔ Test "isForStore - exact match" passed after 0.001 seconds.
◇ Test "isForStore - case insensitive match" started.
✔ Test "isForStore - case insensitive match" passed after 0.001 seconds.
◇ Test "isForStore - no match" started.
✔ Test "isForStore - no match" passed after 0.001 seconds.
◇ Test "isForStore - nil store returns false" started.
✔ Test "isForStore - nil store returns false" passed after 0.001 seconds.
◇ Test "matchesSearchText - natural key match" started.
✔ Test "matchesSearchText - natural key match" passed after 0.001 seconds.
◇ Test "matchesSearchText - store match" started.
✔ Test "matchesSearchText - store match" passed after 0.001 seconds.
◇ Test "matchesSearchText - no match" started.
✔ Test "matchesSearchText - no match" passed after 0.001 seconds.
◇ Test "matchesSearchText - empty search returns false" started.
✔ Test "matchesSearchText - empty search returns false" passed after 0.001 seconds.
◇ Test "withQuantity - creates copy with new quantity" started.
✔ Test "withQuantity - creates copy with new quantity" passed after 0.001 seconds.
◇ Test "withQuantity - clamps negative to zero" started.
✔ Test "withQuantity - clamps negative to zero" passed after 0.001 seconds.
◇ Test "withStore - creates copy with new store" started.
✔ Test "withStore - creates copy with new store" passed after 0.001 seconds.
◇ Test "withStore - can set to nil" started.
✔ Test "withStore - can set to nil" passed after 0.001 seconds.
◇ Test "hasValidQuantity - zero is invalid" started.
✔ Test "hasValidQuantity - zero is invalid" passed after 0.001 seconds.
◇ Test "hasValidQuantity - positive is valid" started.
✔ Test "hasValidQuantity - positive is valid" passed after 0.001 seconds.
◇ Test "isValid - valid item" started.
✔ Test "isValid - valid item" passed after 0.001 seconds.
◇ Test "isValid - empty natural key is invalid" started.
✔ Test "isValid - empty natural key is invalid" passed after 0.001 seconds.
◇ Test "isValid - whitespace-only natural key is invalid" started.
✔ Test "isValid - whitespace-only natural key is invalid" passed after 0.001 seconds.
◇ Test "isValid - zero quantity is invalid" started.
✔ Test "isValid - zero quantity is invalid" passed after 0.001 seconds.
◇ Test "validationErrors - valid item has no errors" started.
✔ Test "validationErrors - valid item has no errors" passed after 0.001 seconds.
◇ Test "validationErrors - empty natural key" started.
✔ Test "validationErrors - empty natural key" passed after 0.001 seconds.
◇ Test "validationErrors - zero quantity" started.
✔ Test "validationErrors - zero quantity" passed after 0.001 seconds.
◇ Test "validationErrors - multiple errors" started.
✔ Test "validationErrors - multiple errors" passed after 0.001 seconds.
◇ Test "formattedQuantity - whole number" started.
✔ Test "formattedQuantity - whole number" passed after 0.001 seconds.
◇ Test "formattedQuantity - decimal number" started.
✔ Test "formattedQuantity - decimal number" passed after 0.001 seconds.
◇ Test "formattedQuantity - rounds to 2 decimals" started.
✔ Test "formattedQuantity - rounds to 2 decimals" passed after 0.001 seconds.
◇ Test "formattedQuantity - zero" started.
✔ Test "formattedQuantity - zero" passed after 0.001 seconds.
◇ Test "hasChanges - no changes" started.
✔ Test "hasChanges - no changes" passed after 0.001 seconds.
◇ Test "hasChanges - natural key changed" started.
✔ Test "hasChanges - natural key changed" passed after 0.001 seconds.
◇ Test "hasChanges - quantity changed" started.
✔ Test "hasChanges - quantity changed" passed after 0.001 seconds.
◇ Test "hasChanges - store changed" started.
✔ Test "hasChanges - store changed" passed after 0.001 seconds.
◇ Test "hasChanges - store nil to value" started.
✔ Test "hasChanges - store nil to value" passed after 0.001 seconds.
◇ Test "Equatable - same values are equal" started.
✔ Test "Equatable - same values are equal" passed after 0.001 seconds.
◇ Test "Equatable - different IDs are not equal" started.
✔ Test "Equatable - different IDs are not equal" passed after 0.001 seconds.
◇ Test "Codable - encode and decode with all fields" started.
✔ Test "Codable - encode and decode with all fields" passed after 0.002 seconds.
◇ Test "Codable - encode and decode with minimal fields" started.
✔ Test "Codable - encode and decode with minimal fields" passed after 0.001 seconds.
◇ Test "from(dictionary:) - valid dictionary" started.
✔ Test "from(dictionary:) - valid dictionary" passed after 0.001 seconds.
◇ Test "from(dictionary:) - minimal dictionary" started.
✔ Test "from(dictionary:) - minimal dictionary" passed after 0.001 seconds.
◇ Test "from(dictionary:) - missing natural key returns nil" started.
✔ Test "from(dictionary:) - missing natural key returns nil" passed after 0.001 seconds.
◇ Test "from(dictionary:) - missing quantity returns nil" started.
✔ Test "from(dictionary:) - missing quantity returns nil" passed after 0.001 seconds.
◇ Test "toDictionary - all fields" started.
✔ Test "toDictionary - all fields" passed after 0.001 seconds.
◇ Test "toDictionary - minimal fields" started.
✔ Test "toDictionary - minimal fields" passed after 0.001 seconds.
◇ Test "toDictionary and back - round trip" started.
✔ Test "toDictionary and back - round trip" passed after 0.001 seconds.
◇ Test "CommonStore has expected values" started.
✔ Test "CommonStore has expected values" passed after 0.001 seconds.
◇ Test "CommonStore allCommonStores contains all stores" started.
✔ Test "CommonStore allCommonStores contains all stores" passed after 0.001 seconds.
✔ Suite "ItemShoppingModel Tests" passed after 0.037 seconds.
◇ Suite "JSON Data Loader Tests" started.
◇ Test "Should parse simple resource names correctly" started.
✔ Test "Should parse simple resource names correctly" passed after 0.001 seconds.
◇ Test "Should handle subdirectory resource paths" started.
✔ Test "Should handle subdirectory resource paths" passed after 0.001 seconds.
◇ Test "Should decode nested JSON structure successfully" started.
2025-11-08 10:29:20.987642-0800 Molten[2528:16491171] [JSONDataLoader] Decoded glass items JSON structure with 1 items
2025-11-08 10:29:20.987761-0800 Molten[2528:16491171] [JSONDataLoader] Version: 1.0, Generated: 2025-01-15T10:30:00Z
2025-11-08 10:29:20.987859-0800 Molten[2528:16491171] [JSONDataLoader] Stored glass catalog metadata: version=1.0, generated=2025-01-15T10:30:00Z
✔ Test "Should decode nested JSON structure successfully" passed after 0.002 seconds.
◇ Test "Should decode dictionary JSON structure successfully" started.
2025-11-08 10:29:20.988148-0800 Molten[2528:16491171] [JSONDataLoader] Decoded glass items JSON structure with 1 items
2025-11-08 10:29:20.988180-0800 Molten[2528:16491171] [JSONDataLoader] Version: 1.0, Generated: 2025-01-15T10:30:00Z
2025-11-08 10:29:20.988232-0800 Molten[2528:16491171] [JSONDataLoader] Stored glass catalog metadata: version=1.0, generated=2025-01-15T10:30:00Z
✔ Test "Should decode dictionary JSON structure successfully" passed after 0.001 seconds.
◇ Test "Should decode array JSON structure successfully" started.
2025-11-08 10:29:21.011015-0800 Molten[2528:16491142] [JSONDataLoader] Decoded glass items JSON structure with 1 items
2025-11-08 10:29:21.011105-0800 Molten[2528:16491142] [JSONDataLoader] Version: 1.0, Generated: 2025-01-15T10:30:00Z
2025-11-08 10:29:21.011217-0800 Molten[2528:16491142] [JSONDataLoader] Stored glass catalog metadata: version=1.0, generated=2025-01-15T10:30:00Z
✔ Test "Should decode array JSON structure successfully" passed after 0.022 seconds.
◇ Test "Should handle multiple date formats with fallback" started.
2025-11-08 10:29:21.011497-0800 Molten[2528:16491029] [JSONDataLoader] Failed to decode JSON. First 500 characters: [{
    "code": "TEST-DATE",
    "name": "Date Test Item",
    "manufacturer": "Test Manufacturer",
    "lastUpdated": "2024-01-15"
}]
2025-11-08 10:29:21.012200-0800 Molten[2528:16491029] [JSONDataLoader] Failed to decode JSON. First 500 characters: [{
    "code": "TEST-DATE",
    "name": "Date Test Item",
    "manufacturer": "Test Manufacturer",
    "lastUpdated": "01/15/2024"
}]
2025-11-08 10:29:21.031571-0800 Molten[2528:16491029] [JSONDataLoader] Failed to decode JSON. First 500 characters: [{
    "code": "TEST-DATE",
    "name": "Date Test Item",
    "manufacturer": "Test Manufacturer",
    "lastUpdated": "2024-01-15T10:30:00"
}]
2025-11-08 10:29:21.031665-0800 Molten[2528:16491029] [JSONDataLoader] Failed to decode JSON. First 500 characters: [{
    "code": "TEST-DATE",
    "name": "Date Test Item",
    "manufacturer": "Test Manufacturer",
    "lastUpdated": "2024-01-15T10:30:00Z"
}]
✔ Test "Should handle multiple date formats with fallback" passed after 0.020 seconds.
◇ Test "Should throw appropriate error for malformed JSON" started.
2025-11-08 10:29:21.031920-0800 Molten[2528:16491142] [JSONDataLoader] Failed to decode JSON. First 500 characters: {
    "version": "1.0",
    "generated": "2025-01-15T10:30:00Z",
    "glassitems": [
        {
            "code": "TEST-001",
            "name": "Test Item"
            // Missing comma and closing brace
✔ Test "Should throw appropriate error for malformed JSON" passed after 0.002 seconds.
◇ Test "Should throw appropriate error for empty data" started.
2025-11-08 10:29:21.034495-0800 Molten[2528:16491171] [JSONDataLoader] Failed to decode JSON. First 500 characters:
✔ Test "Should throw appropriate error for empty data" passed after 0.001 seconds.
◇ Test "Should handle invalid UTF-8 data gracefully" started.
✔ Test "Should handle invalid UTF-8 data gracefully" passed after 0.001 seconds.
◇ Test "Should provide meaningful error messages" started.
2025-11-08 10:29:21.035208-0800 Molten[2528:16491171] [JSONDataLoader] Failed to decode JSON. First 500 characters: {
    "version": "1.0",
    "generated": "2025-01-15T10:30:00Z",
    "glassitems": [
        {
            "code": "TEST-001",
            "name": "Test Item"
            // Missing comma and closing brace
✔ Test "Should provide meaningful error messages" passed after 0.001 seconds.
◇ Test "Should handle file not found scenarios appropriately" started.
2025-11-08 10:29:21.052086-0800 Molten[2528:16491171] [JSONDataLoader] Successfully loaded glassitems.json, size: 3241275 bytes
✔ Test "Should handle file not found scenarios appropriately" passed after 0.003 seconds.
◇ Test "Should validate expected resource candidate patterns" started.
✔ Test "Should validate expected resource candidate patterns" passed after 0.001 seconds.
◇ Test "Should handle complex nested JSON structures" started.
2025-11-08 10:29:21.052513-0800 Molten[2528:16491142] [JSONDataLoader] Decoded glass items JSON structure with 1 items
2025-11-08 10:29:21.052555-0800 Molten[2528:16491142] [JSONDataLoader] Version: 1.0, Generated: 2025-01-15T10:30:00Z
2025-11-08 10:29:21.052627-0800 Molten[2528:16491142] [JSONDataLoader] Stored glass catalog metadata: version=1.0, generated=2025-01-15T10:30:00Z
✔ Test "Should handle complex nested JSON structures" passed after 0.001 seconds.
◇ Test "Should handle multiple items in various formats" started.
2025-11-08 10:29:21.052901-0800 Molten[2528:16491171] [JSONDataLoader] Decoded glass items JSON structure with 3 items
2025-11-08 10:29:21.055682-0800 Molten[2528:16491171] [JSONDataLoader] Version: 1.0, Generated: 2025-01-15T10:30:00Z
2025-11-08 10:29:21.055741-0800 Molten[2528:16491171] [JSONDataLoader] Stored glass catalog metadata: version=1.0, generated=2025-01-15T10:30:00Z
✔ Test "Should handle multiple items in various formats" passed after 0.003 seconds.
◇ Test "Should handle large JSON datasets efficiently" started.
2025-11-08 10:29:21.058259-0800 Molten[2528:16491029] [JSONDataLoader] Decoded glass items JSON structure with 100 items
2025-11-08 10:29:21.058296-0800 Molten[2528:16491029] [JSONDataLoader] Version: 1.0, Generated: 2025-01-15T10:30:00Z
2025-11-08 10:29:21.058367-0800 Molten[2528:16491029] [JSONDataLoader] Stored glass catalog metadata: version=1.0, generated=2025-01-15T10:30:00Z
✔ Test "Should handle large JSON datasets efficiently" passed after 0.002 seconds.
◇ Test "Should handle memory efficiently during processing" started.
2025-11-08 10:29:21.058823-0800 Molten[2528:16491029] [JSONDataLoader] Decoded glass items JSON structure with 1 items
2025-11-08 10:29:21.058857-0800 Molten[2528:16491029] [JSONDataLoader] Version: 1.0, Generated: 2025-01-15T10:30:00Z
2025-11-08 10:29:21.058903-0800 Molten[2528:16491029] [JSONDataLoader] Stored glass catalog metadata: version=1.0, generated=2025-01-15T10:30:00Z
2025-11-08 10:29:21.060694-0800 Molten[2528:16491029] [JSONDataLoader] Decoded glass items JSON structure with 1 items
2025-11-08 10:29:21.060736-0800 Molten[2528:16491029] [JSONDataLoader] Version: 1.0, Generated: 2025-01-15T10:30:00Z
2025-11-08 10:29:21.060799-0800 Molten[2528:16491029] [JSONDataLoader] Stored glass catalog metadata: version=1.0, generated=2025-01-15T10:30:00Z
2025-11-08 10:29:21.060892-0800 Molten[2528:16491029] [JSONDataLoader] Decoded glass items JSON structure with 1 items
2025-11-08 10:29:21.060921-0800 Molten[2528:16491029] [JSONDataLoader] Version: 1.0, Generated: 2025-01-15T10:30:00Z
2025-11-08 10:29:21.060961-0800 Molten[2528:16491029] [JSONDataLoader] Stored glass catalog metadata: version=1.0, generated=2025-01-15T10:30:00Z
2025-11-08 10:29:21.061039-0800 Molten[2528:16491029] [JSONDataLoader] Decoded glass items JSON structure with 1 items
2025-11-08 10:29:21.061067-0800 Molten[2528:16491029] [JSONDataLoader] Version: 1.0, Generated: 2025-01-15T10:30:00Z
2025-11-08 10:29:21.061106-0800 Molten[2528:16491029] [JSONDataLoader] Stored glass catalog metadata: version=1.0, generated=2025-01-15T10:30:00Z
2025-11-08 10:29:21.061199-0800 Molten[2528:16491029] [JSONDataLoader] Decoded glass items JSON structure with 1 items
2025-11-08 10:29:21.061228-0800 Molten[2528:16491029] [JSONDataLoader] Version: 1.0, Generated: 2025-01-15T10:30:00Z
2025-11-08 10:29:21.061271-0800 Molten[2528:16491029] [JSONDataLoader] Stored glass catalog metadata: version=1.0, generated=2025-01-15T10:30:00Z
2025-11-08 10:29:21.061370-0800 Molten[2528:16491029] [JSONDataLoader] Decoded glass items JSON structure with 1 items
2025-11-08 10:29:21.061392-0800 Molten[2528:16491029] [JSONDataLoader] Version: 1.0, Generated: 2025-01-15T10:30:00Z
2025-11-08 10:29:21.061432-0800 Molten[2528:16491029] [JSONDataLoader] Stored glass catalog metadata: version=1.0, generated=2025-01-15T10:30:00Z
2025-11-08 10:29:21.061492-0800 Molten[2528:16491029] [JSONDataLoader] Decoded glass items JSON structure with 1 items
2025-11-08 10:29:21.063304-0800 Molten[2528:16491029] [JSONDataLoader] Version: 1.0, Generated: 2025-01-15T10:30:00Z
2025-11-08 10:29:21.063397-0800 Molten[2528:16491029] [JSONDataLoader] Stored glass catalog metadata: version=1.0, generated=2025-01-15T10:30:00Z
2025-11-08 10:29:21.063549-0800 Molten[2528:16491029] [JSONDataLoader] Decoded glass items JSON structure with 1 items
2025-11-08 10:29:21.063582-0800 Molten[2528:16491029] [JSONDataLoader] Version: 1.0, Generated: 2025-01-15T10:30:00Z
2025-11-08 10:29:21.063638-0800 Molten[2528:16491029] [JSONDataLoader] Stored glass catalog metadata: version=1.0, generated=2025-01-15T10:30:00Z
2025-11-08 10:29:21.063770-0800 Molten[2528:16491029] [JSONDataLoader] Decoded glass items JSON structure with 1 items
2025-11-08 10:29:21.063797-0800 Molten[2528:16491029] [JSONDataLoader] Version: 1.0, Generated: 2025-01-15T10:30:00Z
2025-11-08 10:29:21.063834-0800 Molten[2528:16491029] [JSONDataLoader] Stored glass catalog metadata: version=1.0, generated=2025-01-15T10:30:00Z
2025-11-08 10:29:21.063910-0800 Molten[2528:16491029] [JSONDataLoader] Decoded glass items JSON structure with 1 items
2025-11-08 10:29:21.063942-0800 Molten[2528:16491029] [JSONDataLoader] Version: 1.0, Generated: 2025-01-15T10:30:00Z
2025-11-08 10:29:21.063976-0800 Molten[2528:16491029] [JSONDataLoader] Stored glass catalog metadata: version=1.0, generated=2025-01-15T10:30:00Z
✔ Test "Should handle memory efficiently during processing" passed after 0.005 seconds.
◇ Test "Should handle Unicode and special characters in JSON" started.
2025-11-08 10:29:21.064194-0800 Molten[2528:16491034] [JSONDataLoader] Decoded glass items JSON structure with 1 items
2025-11-08 10:29:21.064221-0800 Molten[2528:16491034] [JSONDataLoader] Version: 1.0, Generated: 2025-01-15T10:30:00Z
2025-11-08 10:29:21.064260-0800 Molten[2528:16491034] [JSONDataLoader] Stored glass catalog metadata: version=1.0, generated=2025-01-15T10:30:00Z
✔ Test "Should handle Unicode and special characters in JSON" passed after 0.001 seconds.
◇ Test "Should provide debug information for troubleshooting" started.
2025-11-08 10:29:21.064497-0800 Molten[2528:16491142] [JSONDataLoader] Failed to decode JSON. First 500 characters: {
    "version": "1.0",
    "generated": "2025-01-15T10:30:00Z",
    "glassitems": [
        {
            "code": "TEST-001",
            "name": "Test Item"
            // Missing comma and closing brace
✔ Test "Should provide debug information for troubleshooting" passed after 0.001 seconds.
✔ Suite "JSON Data Loader Tests" passed after 0.079 seconds.
◇ Suite "Kiln Schedule Model Tests" started.
◇ Test "Should create ramp segment with rate" started.
✔ Test "Should create ramp segment with rate" passed after 0.001 seconds.
◇ Test "Should create segment with hold time" started.
✔ Test "Should create segment with hold time" passed after 0.001 seconds.
◇ Test "Should calculate ramp segment duration" started.
✔ Test "Should calculate ramp segment duration" passed after 0.001 seconds.
◇ Test "Should calculate hold segment duration" started.
✔ Test "Should calculate hold segment duration" passed after 0.001 seconds.
◇ Test "Should calculate duration with both ramp and hold" started.
✔ Test "Should calculate duration with both ramp and hold" passed after 0.001 seconds.
◇ Test "Should use configured kiln rate when rate is 9999" started.
✔ Test "Should use configured kiln rate when rate is 9999" passed after 0.001 seconds.
◇ Test "Should create basic kiln schedule" started.
✔ Test "Should create basic kiln schedule" passed after 0.001 seconds.
◇ Test "Should create schedule with segments" started.
✔ Test "Should create schedule with segments" passed after 0.001 seconds.
◇ Test "Should calculate total schedule duration" started.
✔ Test "Should calculate total schedule duration" passed after 0.001 seconds.
◇ Test "Should handle schedule with no segments" started.
✔ Test "Should handle schedule with no segments" passed after 0.001 seconds.
◇ Test "Should format duration as readable time" started.
✔ Test "Should format duration as readable time" passed after 0.001 seconds.
◇ Test "Should have correct technique display names" started.
✔ Test "Should have correct technique display names" passed after 0.001 seconds.
◇ Test "Should have correct temperature unit symbols" started.
✔ Test "Should have correct temperature unit symbols" passed after 0.001 seconds.
◇ Test "Should encode and decode KilnSegment" started.
✔ Test "Should encode and decode KilnSegment" passed after 0.002 seconds.
◇ Test "Should encode and decode KilnSchedule" started.
✔ Test "Should encode and decode KilnSchedule" passed after 0.004 seconds.
✔ Suite "Kiln Schedule Model Tests" passed after 0.009 seconds.
◇ Suite "Kiln Schedule Service Tests" started.
◇ Test "Should create service with repository" started.
✔ Test "Should create service with repository" passed after 0.001 seconds.
◇ Test "Should create schedule through service" started.
✔ Test "Should create schedule through service" passed after 0.001 seconds.
◇ Test "Should get schedule by ID through service" started.
✔ Test "Should get schedule by ID through service" passed after 0.001 seconds.
◇ Test "Should get all schedules through service" started.
✔ Test "Should get all schedules through service" passed after 0.001 seconds.
◇ Test "Should update schedule through service" started.
✔ Test "Should update schedule through service" passed after 0.008 seconds.
◇ Test "Should delete schedule through service" started.
✔ Test "Should delete schedule through service" passed after 0.001 seconds.
◇ Test "Should get schedules by technique through service" started.
✔ Test "Should get schedules by technique through service" passed after 0.001 seconds.
◇ Test "Should get schedules sorted by name through service" started.
✔ Test "Should get schedules sorted by name through service" passed after 0.001 seconds.
◇ Test "Should search schedules through service" started.
✔ Test "Should search schedules through service" passed after 0.001 seconds.
◇ Test "Should return empty array for no search matches" started.
✔ Test "Should return empty array for no search matches" passed after 0.001 seconds.
✔ Suite "Kiln Schedule Service Tests" passed after 0.009 seconds.
◇ Suite "LabelData - Owner Field" started.
◇ Test "LabelData can be created with owner" started.
✔ Test "LabelData can be created with owner" passed after 0.001 seconds.
◇ Test "LabelData owner can be nil" started.
✔ Test "LabelData owner can be nil" passed after 0.001 seconds.
◇ Test "LabelData owner field is independent of location" started.
✔ Test "LabelData owner field is independent of location" passed after 0.001 seconds.
◇ Test "LabelData with empty owner string" started.
✔ Test "LabelData with empty owner string" passed after 0.001 seconds.
◇ Test "LabelData owner supports long names" started.
✔ Test "LabelData owner supports long names" passed after 0.001 seconds.
◇ Test "LabelData owner supports special characters" started.
✔ Test "LabelData owner supports special characters" passed after 0.001 seconds.
◇ Test "LabelData owner supports Unicode" started.
✔ Test "LabelData owner supports Unicode" passed after 0.001 seconds.
◇ Test "Multiple LabelData instances with different owners" started.
✔ Test "Multiple LabelData instances with different owners" passed after 0.001 seconds.
✔ Suite "LabelData - Owner Field" passed after 0.001 seconds.
◇ Suite "Label Printing - Owner Display" started.
◇ Test "Label config can include owner field" started.
✔ Test "Label config can include owner field" passed after 0.001 seconds.
◇ Test "Label config validates layout with owner field" started.
✔ Test "Label config validates layout with owner field" passed after 0.001 seconds.
◇ Test "Owner field increases estimated text height" started.
✔ Test "Owner field increases estimated text height" passed after 0.001 seconds.
◇ Test "Small labels with many fields including owner show warnings" started.
✔ Test "Small labels with many fields including owner show warnings" passed after 0.001 seconds.
◇ Test "Large labels with owner field validate without warnings" started.
✔ Test "Large labels with owner field validate without warnings" passed after 0.001 seconds.
◇ Test "Owner field works with different font scales" started.
✔ Test "Owner field works with different font scales" passed after 0.001 seconds.
◇ Test "Preset configurations default to excluding owner" started.
✔ Test "Preset configurations default to excluding owner" passed after 0.001 seconds.
◇ Test "Legacy templates default to owner excluded" started.
✔ Test "Legacy templates default to owner excluded" passed after 0.001 seconds.
◇ Test "Owner field can be combined with all other fields" started.
✔ Test "Owner field can be combined with all other fields" passed after 0.001 seconds.
◇ Test "Owner field can be used alone" started.
✔ Test "Owner field can be used alone" passed after 0.001 seconds.
◇ Test "Owner field order matters in config" started.
✔ Test "Owner field order matters in config" passed after 0.001 seconds.
◇ Test "Owner field validation with no QR code" started.
✔ Test "Owner field validation with no QR code" passed after 0.001 seconds.
◇ Test "Owner field validation with dual QR codes" started.
✔ Test "Owner field validation with dual QR codes" passed after 0.001 seconds.
✔ Suite "Label Printing - Owner Display" passed after 0.012 seconds.
◇ Suite "LabelPrintingService Tests" started.
◇ Test "Generate QR code with valid stable_id" started.
2025-11-08 10:29:21.174606-0800 Molten[2528:16490826] The filter 'CIPortraitEffectSpillCorrection' is not implemented in the bundle at /Library/Developer/CoreSimulator/Volumes/iOS_23A343/Library/Developer/CoreSimulator/Profiles/Runtimes/iOS 26.0.simruntime/Contents/Resources/RuntimeRoot/System/Library/CoreImage/PortraitFilters.cifilter.
✅ LabelPrintingService: Logo overlay applied to QR code
✔ Test "Generate QR code with valid stable_id" passed after 0.123 seconds.
◇ Test "QR code contains correct deep link format" started.
✅ LabelPrintingService: Logo overlay applied to QR code
✔ Test "QR code contains correct deep link format" passed after 0.014 seconds.
◇ Test "QR code size is correct" started.
✅ LabelPrintingService: Logo overlay applied to QR code
✔ Test "QR code size is correct" passed after 0.014 seconds.
◇ Test "Generate QR for various stable_id formats" started.
✅ LabelPrintingService: Logo overlay applied to QR code
✅ LabelPrintingService: Logo overlay applied to QR code
✅ LabelPrintingService: Logo overlay applied to QR code
✅ LabelPrintingService: Logo overlay applied to QR code
✅ LabelPrintingService: Logo overlay applied to QR code
✔ Test "Generate QR for various stable_id formats" passed after 0.081 seconds.
◇ Test "Generate QR with empty stable_id" started.
✅ LabelPrintingService: Logo overlay applied to QR code
✔ Test "Generate QR with empty stable_id" passed after 0.015 seconds.
◇ Test "Generate QR with special characters in stable_id" started.
✅ LabelPrintingService: Logo overlay applied to QR code
✔ Test "Generate QR with special characters in stable_id" passed after 0.015 seconds.
◇ Test "LabelBuilderConfig default configuration" started.
✔ Test "LabelBuilderConfig default configuration" passed after 0.001 seconds.
◇ Test "LabelBuilderConfig preset: Information Dense" started.
✔ Test "LabelBuilderConfig preset: Information Dense" passed after 0.001 seconds.
◇ Test "LabelBuilderConfig preset: QR Focused" started.
✔ Test "LabelBuilderConfig preset: QR Focused" passed after 0.001 seconds.
◇ Test "LabelBuilderConfig preset: Dual QR" started.
✔ Test "LabelBuilderConfig preset: Dual QR" passed after 0.001 seconds.
◇ Test "LabelBuilderConfig preset: Location Labels" started.
✔ Test "LabelBuilderConfig preset: Location Labels" passed after 0.001 seconds.
◇ Test "LabelBuilderConfig QR position left" started.
✔ Test "LabelBuilderConfig QR position left" passed after 0.001 seconds.
◇ Test "LabelBuilderConfig QR position right" started.
✔ Test "LabelBuilderConfig QR position right" passed after 0.001 seconds.
◇ Test "LabelBuilderConfig QR position both" started.
✔ Test "LabelBuilderConfig QR position both" passed after 0.001 seconds.
◇ Test "LabelBuilderConfig QR position none" started.
✔ Test "LabelBuilderConfig QR position none" passed after 0.001 seconds.
◇ Test "LabelBuilderConfig text alignment left" started.
✔ Test "LabelBuilderConfig text alignment left" passed after 0.001 seconds.
◇ Test "LabelBuilderConfig text alignment center" started.
✔ Test "LabelBuilderConfig text alignment center" passed after 0.001 seconds.
◇ Test "LabelBuilderConfig text alignment right" started.
✔ Test "LabelBuilderConfig text alignment right" passed after 0.001 seconds.
◇ Test "LabelBuilderConfig text field selection" started.
✔ Test "LabelBuilderConfig text field selection" passed after 0.001 seconds.
◇ Test "LabelBuilderConfig text field ordering" started.
✔ Test "LabelBuilderConfig text field ordering" passed after 0.001 seconds.
◇ Test "Convert LabelBuilderConfig to legacy template" started.
✔ Test "Convert LabelBuilderConfig to legacy template" passed after 0.001 seconds.
◇ Test "Validate layout for Avery 5160" started.
✔ Test "Validate layout for Avery 5160" passed after 0.001 seconds.
◇ Test "Validate layout for Avery 5163" started.
✔ Test "Validate layout for Avery 5163" passed after 0.001 seconds.
◇ Test "Validate layout for Avery 5167" started.
✔ Test "Validate layout for Avery 5167" passed after 0.001 seconds.
◇ Test "Validate layout for Mr-Label MR184" started.
✔ Test "Validate layout for Mr-Label MR184" passed after 0.001 seconds.
◇ Test "Detect text overflow warning" started.
✔ Test "Detect text overflow warning" passed after 0.001 seconds.
◇ Test "Detect narrow text area warning" started.
✔ Test "Detect narrow text area warning" passed after 0.001 seconds.
◇ Test "Detect too many fields warning" started.
✔ Test "Detect too many fields warning" passed after 0.001 seconds.
◇ Test "Font scale impact on layout validation" started.
✔ Test "Font scale impact on layout validation" passed after 0.001 seconds.
◇ Test "Avery 5160 dimensions" started.
✔ Test "Avery 5160 dimensions" passed after 0.001 seconds.
◇ Test "Avery 5163 dimensions" started.
✔ Test "Avery 5163 dimensions" passed after 0.001 seconds.
◇ Test "Avery 5167 dimensions" started.
✔ Test "Avery 5167 dimensions" passed after 0.001 seconds.
◇ Test "Save preset to manager" started.
✔ Test "Save preset to manager" passed after 0.011 seconds.
◇ Test "Delete preset from manager" started.
✔ Test "Delete preset from manager" passed after 0.002 seconds.
◇ Test "Export preset to JSON" started.
✔ Test "Export preset to JSON" passed after 0.001 seconds.
◇ Test "Import preset from JSON" started.
✔ Test "Import preset from JSON" passed after 0.001 seconds.
◇ Test "Get all presets includes built-in and user presets" started.
✔ Test "Get all presets includes built-in and user presets" passed after 0.001 seconds.
◇ Test "Generate single-page PDF with labels" started.
✅ LabelPrintingService: Logo overlay applied to QR code
✔ Test "Generate single-page PDF with labels" passed after 0.027 seconds.
◇ Test "Generate multi-page PDF" started.
✅ LabelPrintingService: Logo overlay applied to QR code
✅ LabelPrintingService: Logo overlay applied to QR code
✅ LabelPrintingService: Logo overlay applied to QR code
✅ LabelPrintingService: Logo overlay applied to QR code
✅ LabelPrintingService: Logo overlay applied to QR code
✅ LabelPrintingService: Logo overlay applied to QR code
✅ LabelPrintingService: Logo overlay applied to QR code
✅ LabelPrintingService: Logo overlay applied to QR code
✅ LabelPrintingService: Logo overlay applied to QR code
✅ LabelPrintingService: Logo overlay applied to QR code
✅ LabelPrintingService: Logo overlay applied to QR code
✅ LabelPrintingService: Logo overlay applied to QR code
✅ LabelPrintingService: Logo overlay applied to QR code
✅ LabelPrintingService: Logo overlay applied to QR code
✅ LabelPrintingService: Logo overlay applied to QR code
✅ LabelPrintingService: Logo overlay applied to QR code
✅ LabelPrintingService: Logo overlay applied to QR code
✅ LabelPrintingService: Logo overlay applied to QR code
✅ LabelPrintingService: Logo overlay applied to QR code
✅ LabelPrintingService: Logo overlay applied to QR code
✅ LabelPrintingService: Logo overlay applied to QR code
✅ LabelPrintingService: Logo overlay applied to QR code
✅ LabelPrintingService: Logo overlay applied to QR code
✅ LabelPrintingService: Logo overlay applied to QR code
✅ LabelPrintingService: Logo overlay applied to QR code
✅ LabelPrintingService: Logo overlay applied to QR code
✅ LabelPrintingService: Logo overlay applied to QR code
✅ LabelPrintingService: Logo overlay applied to QR code
✅ LabelPrintingService: Logo overlay applied to QR code
✅ LabelPrintingService: Logo overlay applied to QR code
✅ LabelPrintingService: Logo overlay applied to QR code
✅ LabelPrintingService: Logo overlay applied to QR code
✅ LabelPrintingService: Logo overlay applied to QR code
✅ LabelPrintingService: Logo overlay applied to QR code
✅ LabelPrintingService: Logo overlay applied to QR code
✔ Test "Generate multi-page PDF" passed after 0.755 seconds.
◇ Test "Generate PDF with partial sheet printing" started.
✅ LabelPrintingService: Logo overlay applied to QR code
✔ Test "Generate PDF with partial sheet printing" passed after 0.024 seconds.
◇ Test "Generate PDF with font scaling" started.
✅ LabelPrintingService: Logo overlay applied to QR code
✔ Test "Generate PDF with font scaling" passed after 0.021 seconds.
◇ Test "Generate PDF with offset adjustments" started.
✅ LabelPrintingService: Logo overlay applied to QR code
✔ Test "Generate PDF with offset adjustments" passed after 0.023 seconds.
◇ Test "Generate PDF with empty label data" started.
✅ LabelPrintingService: Logo overlay applied to QR code
✔ Test "Generate PDF with empty label data" passed after 0.020 seconds.
◇ Test "Generate PDF with all label fields populated" started.
✅ LabelPrintingService: Logo overlay applied to QR code
✔ Test "Generate PDF with all label fields populated" passed after 0.062 seconds.
◇ Test "Manufacturer de-duplication when SKU starts with manufacturer" started.
✅ LabelPrintingService: Logo overlay applied to QR code
✔ Test "Manufacturer de-duplication when SKU starts with manufacturer" passed after 0.023 seconds.
◇ Test "Generate labels with no QR code" started.
✔ Test "Generate labels with no QR code" passed after 0.001 seconds.
◇ Test "Generate labels with dual QR codes" started.
✅ LabelPrintingService: Logo overlay applied to QR code
✔ Test "Generate labels with dual QR codes" passed after 0.020 seconds.
✔ Suite "LabelPrintingService Tests" passed after 1.278 seconds.
◇ Suite "Label Text Alignment" started.
◇ Test "LabelTextAlignment has all expected cases" started.
✔ Test "LabelTextAlignment has all expected cases" passed after 0.001 seconds.
◇ Test "LabelTextAlignment cases have correct raw values" started.
✔ Test "LabelTextAlignment cases have correct raw values" passed after 0.001 seconds.
◇ Test "LabelBuilderConfig can be created with left alignment" started.
✔ Test "LabelBuilderConfig can be created with left alignment" passed after 0.001 seconds.
◇ Test "LabelBuilderConfig can be created with center alignment" started.
✔ Test "LabelBuilderConfig can be created with center alignment" passed after 0.001 seconds.
◇ Test "LabelBuilderConfig can be created with right alignment" started.
✔ Test "LabelBuilderConfig can be created with right alignment" passed after 0.001 seconds.
◇ Test "Default LabelBuilderConfig has left alignment" started.
✔ Test "Default LabelBuilderConfig has left alignment" passed after 0.001 seconds.
◇ Test "Information Dense preset has left alignment" started.
✔ Test "Information Dense preset has left alignment" passed after 0.001 seconds.
◇ Test "QR Focused preset has left alignment" started.
✔ Test "QR Focused preset has left alignment" passed after 0.001 seconds.
◇ Test "Dual QR preset has center alignment" started.
✔ Test "Dual QR preset has center alignment" passed after 0.001 seconds.
◇ Test "Location Labels preset has left alignment" started.
✔ Test "Location Labels preset has left alignment" passed after 0.001 seconds.
◇ Test "Text alignment works with all QR positions" started.
✔ Test "Text alignment works with all QR positions" passed after 0.001 seconds.
◇ Test "Legacy template conversion defaults to left alignment" started.
✔ Test "Legacy template conversion defaults to left alignment" passed after 0.001 seconds.
◇ Test "LabelBuilderConfig equality includes text alignment" started.
✔ Test "LabelBuilderConfig equality includes text alignment" passed after 0.001 seconds.
◇ Test "LabelBuilderConfig is Codable with text alignment" started.
✔ Test "LabelBuilderConfig is Codable with text alignment" passed after 0.001 seconds.
◇ Test "Text alignment is independent of QR position" started.
✔ Test "Text alignment is independent of QR position" passed after 0.001 seconds.
◇ Test "All presets have valid text alignment" started.
✔ Test "All presets have valid text alignment" passed after 0.001 seconds.
◇ Test "LabelTextAlignment is Codable" started.
✔ Test "LabelTextAlignment is Codable" passed after 0.001 seconds.
✔ Suite "Label Text Alignment" passed after 0.001 seconds.
◇ Suite "LabelTextField - Owner Enum" started.
◇ Test "LabelTextField includes owner case" started.
✔ Test "LabelTextField includes owner case" passed after 0.007 seconds.
◇ Test "Owner field has correct raw value" started.
✔ Test "Owner field has correct raw value" passed after 0.001 seconds.
◇ Test "Owner field has correct estimated height" started.
✔ Test "Owner field has correct estimated height" passed after 0.001 seconds.
◇ Test "Owner can be included in label builder config" started.
✔ Test "Owner can be included in label builder config" passed after 0.001 seconds.
◇ Test "Owner can be excluded from label builder config" started.
✔ Test "Owner can be excluded from label builder config" passed after 0.001 seconds.
◇ Test "Owner field can be in any position in textFields array" started.
✔ Test "Owner field can be in any position in textFields array" passed after 0.001 seconds.
◇ Test "Legacy template can include owner" started.
✔ Test "Legacy template can include owner" passed after 0.001 seconds.
◇ Test "Legacy template conversion to builder config includes owner" started.
✔ Test "Legacy template conversion to builder config includes owner" passed after 0.001 seconds.
◇ Test "Builder config conversion to legacy template includes owner" started.
✔ Test "Builder config conversion to legacy template includes owner" passed after 0.001 seconds.
◇ Test "Builder config without owner converts to legacy template correctly" started.
✔ Test "Builder config without owner converts to legacy template correctly" passed after 0.001 seconds.
◇ Test "All LabelTextField cases are accounted for" started.
✔ Test "All LabelTextField cases are accounted for" passed after 0.001 seconds.
◇ Test "Owner field works with all QR positions" started.
✔ Test "Owner field works with all QR positions" passed after 0.001 seconds.
✔ Suite "LabelTextField - Owner Enum" passed after 0.008 seconds.
◇ Suite "LocationAutoCompleteField Repository Pattern Tests" started.
◇ Test "LocationAutoCompleteField should accept LocationRepository via dependency injection" started.
2025-11-08 10:29:22.386098-0800 Molten[2528:16491021] [SwiftUI] Accessing State's value outside of being installed on a View. This will result in a constant Binding of the initial value and will not update.
✔ Test "LocationAutoCompleteField should accept LocationRepository via dependency injection" passed after 0.001 seconds.
◇ Test "LocationAutoCompleteField should work with RepositoryFactory pattern" started.
2025-11-08 10:29:22.387091-0800 Molten[2528:16491172] [SwiftUI] Accessing State's value outside of being installed on a View. This will result in a constant Binding of the initial value and will not update.
✔ Test "LocationAutoCompleteField should work with RepositoryFactory pattern" passed after 0.001 seconds.
◇ Test "LocationAutoCompleteField should use repository pattern for location data" started.
2025-11-08 10:29:22.387351-0800 Molten[2528:16491172] [SwiftUI] Accessing State's value outside of being installed on a View. This will result in a constant Binding of the initial value and will not update.
✔ Test "LocationAutoCompleteField should use repository pattern for location data" passed after 0.001 seconds.
◇ Test "LocationAutoCompleteField should provide location suggestions from repository" started.
✔ Test "LocationAutoCompleteField should provide location suggestions from repository" passed after 0.001 seconds.
◇ Test "LocationAutoCompleteField should support prefix-based location search" started.
✔ Test "LocationAutoCompleteField should support prefix-based location search" passed after 0.001 seconds.
◇ Test "LocationAutoCompleteField should handle empty search gracefully" started.
✔ Test "LocationAutoCompleteField should handle empty search gracefully" passed after 0.001 seconds.
✔ Suite "LocationAutoCompleteField Repository Pattern Tests" passed after 0.023 seconds.
◇ Suite "LocationDetailView Tests" started.
◇ Test "Group inventory records by location" started.
✔ Test "Group inventory records by location" passed after 0.001 seconds.
◇ Test "Calculate total quantity for location" started.
✔ Test "Calculate total quantity for location" passed after 0.001 seconds.
◇ Test "Calculate total quantity across all locations" started.
✔ Test "Calculate total quantity across all locations" passed after 0.001 seconds.
◇ Test "Filter records by type" started.
✔ Test "Filter records by type" passed after 0.001 seconds.
◇ Test "Remove record from grouped list" started.
✔ Test "Remove record from grouped list" passed after 0.001 seconds.
◇ Test "Regroup after deletion" started.
✔ Test "Regroup after deletion" passed after 0.001 seconds.
◇ Test "Empty location after deleting all records" started.
✔ Test "Empty location after deleting all records" passed after 0.001 seconds.
◇ Test "Handle nil location as 'No location'" started.
✔ Test "Handle nil location as 'No location'" passed after 0.001 seconds.
◇ Test "Sort location keys alphabetically" started.
✔ Test "Sort location keys alphabetically" passed after 0.001 seconds.
✔ Suite "LocationDetailView Tests" passed after 0.001 seconds.
◇ Suite "Location Repository Pattern Tests" started.
◇ Test "LocationRepository should support basic CRUD operations" started.
✔ Test "LocationRepository should support basic CRUD operations" passed after 0.001 seconds.
◇ Test "InventoryTrackingService should coordinate location operations" started.
✔ Test "InventoryTrackingService should coordinate location operations" passed after 0.001 seconds.
◇ Test "LocationRepository should provide location discovery operations" started.
✔ Test "LocationRepository should provide location discovery operations" passed after 0.001 seconds.
◇ Test "LocationRepository should support location search and filtering" started.
✔ Test "LocationRepository should support location search and filtering" passed after 0.001 seconds.
◇ Test "LocationRepository should handle quantity operations" started.
✔ Test "LocationRepository should handle quantity operations" passed after 0.001 seconds.
◇ Test "LocationRepository should support batch location operations" started.
✔ Test "LocationRepository should support batch location operations" passed after 0.001 seconds.
◇ Test "LocationRepository should support moving quantities between locations" started.
✔ Test "LocationRepository should support moving quantities between locations" passed after 0.001 seconds.
◇ Test "LocationRepository should validate location quantities" started.
✔ Test "LocationRepository should validate location quantities" passed after 0.001 seconds.
✔ Suite "Location Repository Pattern Tests" passed after 0.001 seconds.
◇ Suite "LogbookModel Tests" started.
◇ Test "LogbookModel initializes with multiple project IDs" started.
✔ Test "LogbookModel initializes with multiple project IDs" passed after 0.001 seconds.
◇ Test "LogbookModel initializes with empty project IDs array by default" started.
✔ Test "LogbookModel initializes with empty project IDs array by default" passed after 0.001 seconds.
◇ Test "LogbookModel stores start and completion dates separately" started.
✔ Test "LogbookModel stores start and completion dates separately" passed after 0.001 seconds.
◇ Test "LogbookModel can have start date without completion date" started.
✔ Test "LogbookModel can have start date without completion date" passed after 0.001 seconds.
◇ Test "LogbookModel can have completion date without start date" started.
✔ Test "LogbookModel can have completion date without start date" passed after 0.001 seconds.
◇ Test "LogbookModel defaults COE to numeric value" started.
✔ Test "LogbookModel defaults COE to numeric value" passed after 0.001 seconds.
◇ Test "LogbookModel is Codable" started.
✔ Test "LogbookModel is Codable" passed after 0.006 seconds.
◇ Test "LogbookModel is Hashable" started.
✔ Test "LogbookModel is Hashable" passed after 0.001 seconds.
✔ Suite "LogbookModel Tests" passed after 0.007 seconds.
◇ Suite "LogbookView Tests" started.
◇ Test "LogbookView should be created successfully" started.
✔ Test "LogbookView should be created successfully" passed after 0.001 seconds.
◇ Test "LogbookView should start with empty log entries" started.
✔ Test "LogbookView should start with empty log entries" passed after 0.001 seconds.
◇ Test "LogbookView should not be loading initially" started.
✔ Test "LogbookView should not be loading initially" passed after 0.001 seconds.
◇ Test "LogbookView should use NavigationStack" started.
✔ Test "LogbookView should use NavigationStack" passed after 0.001 seconds.
◇ Test "LogbookView should show empty state when there are no entries" started.
✔ Test "LogbookView should show empty state when there are no entries" passed after 0.001 seconds.
◇ Test "LogbookView should have toolbar content" started.
✔ Test "LogbookView should have toolbar content" passed after 0.001 seconds.
◇ Test "LogbookView should have alert capability" started.
✔ Test "LogbookView should have alert capability" passed after 0.001 seconds.
✔ Suite "LogbookView Tests" passed after 0.001 seconds.
◇ Suite "MainTabView Repository Pattern Tests" started.
◇ Test "MainTabView should accept pre-configured catalog service via dependency injection" started.
✔ Test "MainTabView should accept pre-configured catalog service via dependency injection" passed after 0.001 seconds.
◇ Test "MainTabView should accept pre-configured purchase service via dependency injection" started.
✔ Test "MainTabView should accept pre-configured purchase service via dependency injection" passed after 0.001 seconds.
◇ Test "MainTabView should not require Core Data context when using dependency injection" started.
✔ Test "MainTabView should not require Core Data context when using dependency injection" passed after 0.001 seconds.
◇ Test "MainTabView should create services using RepositoryFactory" started.
✔ Test "MainTabView should create services using RepositoryFactory" passed after 0.001 seconds.
✔ Suite "MainTabView Repository Pattern Tests" passed after 0.001 seconds.
◇ Suite "MockLogbookRepository Tests" started.
◇ Test "Create and retrieve log with multiple project IDs" started.
✔ Test "Create and retrieve log with multiple project IDs" passed after 0.001 seconds.
◇ Test "Date range query includes logs with start date in range" started.
✔ Test "Date range query includes logs with start date in range" passed after 0.001 seconds.
◇ Test "Date range query includes logs with completion date in range" started.
✔ Test "Date range query includes logs with completion date in range" passed after 0.001 seconds.
◇ Test "Date range query includes logs with either date in range" started.
✔ Test "Date range query includes logs with either date in range" passed after 0.001 seconds.
◇ Test "Date range query excludes logs outside range" started.
✔ Test "Date range query excludes logs outside range" passed after 0.001 seconds.
◇ Test "Date range query uses created date when start and completion are nil" started.
✔ Test "Date range query uses created date when start and completion are nil" passed after 0.001 seconds.
◇ Test "Date range query sorts by completion, then start, then created" started.
✔ Test "Date range query sorts by completion, then start, then created" passed after 0.001 seconds.
◇ Test "Update log with new project IDs" started.
✔ Test "Update log with new project IDs" passed after 0.001 seconds.
◇ Test "Delete log removes it from repository" started.
✔ Test "Delete log removes it from repository" passed after 0.001 seconds.
◇ Test "Get logs by status filters correctly" started.
✔ Test "Get logs by status filters correctly" passed after 0.001 seconds.
✔ Suite "MockLogbookRepository Tests" passed after 0.001 seconds.
◇ Suite "Mock Repository Debug Test" started.
◇ Test "Debug: Test basic mock repository operations step by step" started.
🔍 MOCK REPOSITORY DEBUG: Testing basic operations
📊 Repository created
📊 Data cleared
📊 Initial count: 0
📝 Created test item model: 41kBq8
📝 Calling createItem...
✅ createItem returned: Debug Test Item
📊 Count after createItem: 1
✅ Count increased correctly
📝 Calling fetchItems...
📊 fetchItems returned 1 items
✅ fetchItems returned data:
  - Debug Test Item (41kBq8)
📝 Calling fetchItem by stable ID...
✅ fetchItem by stable ID returned: Debug Test Item
🎯 MOCK REPOSITORY DEBUG: Test completed
✔ Test "Debug: Test basic mock repository operations step by step" passed after 0.001 seconds.
◇ Test "Debug: Test TestConfiguration setup" started.
🔍 TEST CONFIGURATION DEBUG: Testing TestConfiguration setup
🔧 TEST CONFIG: FlameworkerTests running in mock-only mode
🔧 All repositories should be Mock* implementations
🔧 No Core Data operations should occur
📊 TestConfiguration created repositories
📊 Initial count from TestConfiguration: 0
📝 Adding item through TestConfiguration repository...
✅ Item created: Config Test Item
📊 Final count: 1
📊 Fetched items: 1
✅ TestConfiguration repositories working correctly
🎯 TEST CONFIGURATION DEBUG: Test completed
✔ Test "Debug: Test TestConfiguration setup" passed after 0.001 seconds.
✔ Suite "Mock Repository Debug Test" passed after 0.001 seconds.
◇ Suite "MockUserImageRepository Tests" started.
◇ Test "Save and load image" started.
✔ Test "Save and load image" passed after 0.001 seconds.
◇ Test "Get primary image" started.
✔ Test "Get primary image" passed after 0.001 seconds.
◇ Test "Get all images for item" started.
✔ Test "Get all images for item" passed after 0.001 seconds.
◇ Test "Delete image" started.
✔ Test "Delete image" passed after 0.001 seconds.
◇ Test "Delete all images for item" started.
✔ Test "Delete all images for item" passed after 0.001 seconds.
◇ Test "Update image type" started.
✔ Test "Update image type" passed after 0.001 seconds.
◇ Test "Multiple items isolation" started.
✔ Test "Multiple items isolation" passed after 0.001 seconds.
◇ Test "Load nonexistent image returns nil" started.
✔ Test "Load nonexistent image returns nil" passed after 0.001 seconds.
◇ Test "Delete nonexistent image throws error" started.
✔ Test "Delete nonexistent image throws error" passed after 0.002 seconds.
◇ Test "Update type of nonexistent image throws error" started.
✔ Test "Update type of nonexistent image throws error" passed after 0.001 seconds.
✔ Suite "MockUserImageRepository Tests" passed after 0.005 seconds.
◇ Suite "Multi-User Scenario Tests" started.
◇ Test "Should handle multiple users performing concurrent inventory operations" started.
👥 Testing concurrent inventory operations with multiple users...
Setup complete: 10 catalog items, 5 inventory items
All concurrent operations completed. Verifying final state...
✅ Concurrent multi-user operations successful!
📊 Final State Summary:
   • Final inventory records: 17
   • Final catalog items: 10
   • Data consistency maintained across all users
✔ Test "Should handle multiple users performing concurrent inventory operations" passed after 1.212 seconds.
◇ Test "Should handle concurrent catalog updates with inventory references" started.
📚 Testing concurrent catalog-inventory coordination...
Testing concurrent catalog updates with active inventory references...
Verifying catalog-inventory consistency after concurrent updates...
✅ Concurrent catalog-inventory coordination successful!
📊 Coordination Summary:
   • Final catalog items: 13
   • Final inventory items: 5
   • All inventory references valid
   • No referential integrity issues
✔ Test "Should handle concurrent catalog updates with inventory references" passed after 1.516 seconds.
◇ Test "Should maintain performance under high concurrent load" started.
🚀 Testing performance under high concurrent load...
High load test completed in 0.527s
✅ High concurrent load test successful!
📊 Load Test Summary:
   • Users: 5
   • Operations per user: 10
   • Total load time: 0.527s
   • Post-load stability: 0.000s
   • Load test records: 10
   • System remained stable and responsive
✔ Test "Should maintain performance under high concurrent load" passed after 0.529 seconds.
◇ Test "Should handle user conflict resolution gracefully" started.
⚡ Testing user conflict resolution scenarios...
Testing conflict scenarios with shared resources...
Verifying conflict resolution...
✅ User conflict resolution successful!
📊 Conflict Resolution Summary:
   • Conflicting users: 3
   • Target item: 2qcMV3
   • Final records for item: 4
   • System handled conflicts gracefully
   • Search functionality intact after conflicts
✔ Test "Should handle user conflict resolution gracefully" passed after 0.102 seconds.
✔ Suite "Multi-User Scenario Tests" passed after 3.361 seconds.
◇ Suite "Network Simulation Tests" started.
◇ Test "Should handle network timeout scenarios" started.
2025-11-08 10:29:26.023213-0800 Molten[2528:16491174] [Default] Task <BFBB7953-CB36-443F-B549-952BE2C9DFF1>.<1> finished with error [-1001] Error Domain=NSURLErrorDomain Code=-1001 "The request timed out." UserInfo={_kCFStreamErrorCodeKey=-2102, NSUnderlyingError=0x600000c2cf30 {Error Domain=kCFErrorDomainCFNetwork Code=-1001 "(null)" UserInfo={_kCFStreamErrorCodeKey=-2102, _kCFStreamErrorDomainKey=4}}, _NSURLErrorFailingURLSessionTaskErrorKey=LocalDataTask <BFBB7953-CB36-443F-B549-952BE2C9DFF1>.<1>, _NSURLErrorRelatedURLSessionTaskErrorKey=(
    "LocalDataTask <BFBB7953-CB36-443F-B549-952BE2C9DFF1>.<1>"
), NSLocalizedDescription=The request timed out., NSErrorFailingURLStringKey=https://httpbin.org/delay/1, NSErrorFailingURLKey=https://httpbin.org/delay/1, _kCFStreamErrorDomainKey=4}
✔ Test "Should handle network timeout scenarios" passed after 0.234 seconds.
◇ Test "Should simulate poor network conditions with retries" started.
✔ Test "Should simulate poor network conditions with retries" passed after 0.320 seconds.
◇ Test "Should handle connection drops and recovery" started.
✔ Test "Should handle connection drops and recovery" passed after 0.056 seconds.
◇ Test "Should handle offline to online state transitions" started.
✔ Test "Should handle offline to online state transitions" passed after 0.001 seconds.
◇ Test "Should queue operations during offline periods" started.
✔ Test "Should queue operations during offline periods" passed after 0.001 seconds.
◇ Test "Should implement circuit breaker pattern for failing services" started.
✔ Test "Should implement circuit breaker pattern for failing services" passed after 0.001 seconds.
◇ Test "Should maintain performance under concurrent network load" started.
✔ Test "Should maintain performance under concurrent network load" passed after 0.620 seconds.
◇ Test "Should handle network resource exhaustion gracefully" started.
✔ Test "Should handle network resource exhaustion gracefully" passed after 0.002 seconds.
✔ Suite "Network Simulation Tests" passed after 1.235 seconds.
◇ Suite "Your Test Suite Name Here" started.
◇ Test "Your test description here" started.
🔧 TEST CONFIG: FlameworkerTests running in mock-only mode
🔧 All repositories should be Mock* implementations
🔧 No Core Data operations should occur
✅ TEST CONFIG: No Core Data leakage detected
✔ Test "Your test description here" passed after 0.001 seconds.
◇ Test "Another test example" started.
🔧 TEST CONFIG: FlameworkerTests running in mock-only mode
🔧 All repositories should be Mock* implementations
🔧 No Core Data operations should occur
✔ Test "Another test example" passed after 0.001 seconds.
✔ Suite "Your Test Suite Name Here" passed after 0.001 seconds.
◇ Suite "Project Detail View - Technique Type Support" started.
◇ Test "ProjectModel includes techniqueType field" started.
✔ Test "ProjectModel includes techniqueType field" passed after 0.001 seconds.
◇ Test "ProjectModel supports nil techniqueType" started.
✔ Test "ProjectModel supports nil techniqueType" passed after 0.001 seconds.
◇ Test "TechniqueType enum has all expected cases" started.
✔ Test "TechniqueType enum has all expected cases" passed after 0.001 seconds.
◇ Test "TechniqueType has correct display names" started.
✔ Test "TechniqueType has correct display names" passed after 0.001 seconds.
◇ Test "TechniqueType has correct raw values" started.
✔ Test "TechniqueType has correct raw values" passed after 0.001 seconds.
◇ Test "ProjectModel preserves techniqueType when creating updated version" started.
✔ Test "ProjectModel preserves techniqueType when creating updated version" passed after 0.001 seconds.
◇ Test "ProjectModel can update techniqueType" started.
✔ Test "ProjectModel can update techniqueType" passed after 0.001 seconds.
◇ Test "ProjectModel can clear techniqueType" started.
✔ Test "ProjectModel can clear techniqueType" passed after 0.001 seconds.
✔ Suite "Project Detail View - Technique Type Support" passed after 0.032 seconds.
◇ Suite "Project Detail View - Field Reorganization" started.
◇ Test "Project has all required fields for reorganized view" started.
✔ Test "Project has all required fields for reorganized view" passed after 0.001 seconds.
◇ Test "COE is optional and can be 'any'" started.
✔ Test "COE is optional and can be 'any'" passed after 0.001 seconds.
◇ Test "COE supports standard values" started.
✔ Test "COE supports standard values" passed after 0.001 seconds.
✔ Suite "Project Detail View - Field Reorganization" passed after 0.001 seconds.
◇ Suite "Project Plan Export Service Tests" started.
◇ Test "Export creates a valid .molten file" started.
✔ Test "Export creates a valid .molten file" passed after 0.025 seconds.
◇ Test "Export quality affects file size" started.
✔ Test "Export quality affects file size" passed after 0.785 seconds.
◇ Test "File size estimation is reasonable" started.
✔ Test "File size estimation is reasonable" passed after 0.003 seconds.
◇ Test "Formatted size string is human-readable" started.
✔ Test "Formatted size string is human-readable" passed after 0.001 seconds.
◇ Test "Export handles sanitized filenames" started.
✔ Test "Export handles sanitized filenames" passed after 0.003 seconds.
◇ Test "Export includes all plan data in JSON" started.
✔ Test "Export includes all plan data in JSON" passed after 0.010 seconds.
◇ Test "Quality presets have correct values" started.
✔ Test "Quality presets have correct values" passed after 0.001 seconds.
◇ Test "ImageProcessor resizes images correctly" started.
✔ Test "ImageProcessor resizes images correctly" passed after 1.139 seconds.
✔ Suite "Project Plan Export Service Tests" passed after 1.970 seconds.
◇ Suite "ProjectGlassItem Tests" started.
◇ Test "Initialize with all properties" started.
✔ Test "Initialize with all properties" passed after 0.001 seconds.
◇ Test "Initialize with defaults" started.
✔ Test "Initialize with defaults" passed after 0.001 seconds.
◇ Test "Supports fractional quantities" started.
✔ Test "Supports fractional quantities" passed after 0.001 seconds.
◇ Test "Codable encode and decode" started.
✔ Test "Codable encode and decode" passed after 0.003 seconds.
◇ Test "Codable with array of items" started.
✔ Test "Codable with array of items" passed after 0.001 seconds.
◇ Test "Different units supported" started.
✔ Test "Different units supported" passed after 0.001 seconds.
◇ Test "Identifiable protocol conformance" started.
✔ Test "Identifiable protocol conformance" passed after 0.001 seconds.
◇ Test "Zero quantity is valid" started.
✔ Test "Zero quantity is valid" passed after 0.001 seconds.
◇ Test "Very precise decimal quantities" started.
✔ Test "Very precise decimal quantities" passed after 0.001 seconds.
✔ Suite "ProjectGlassItem Tests" passed after 0.006 seconds.
◇ Suite "Project Import Service Tests" started.
◇ Test "Import service can preview a plan file" started.
✔ Test "Import service can preview a plan file" passed after 0.011 seconds.
◇ Test "Import service can import a plan file" started.
✔ Test "Import service can import a plan file" passed after 0.003 seconds.
◇ Test "Import preserves all plan steps" started.
✔ Test "Import preserves all plan steps" passed after 0.002 seconds.
◇ Test "Import preserves reference URLs" started.
✔ Test "Import preserves reference URLs" passed after 0.003 seconds.
◇ Test "Import preserves glass items" started.
✔ Test "Import preserves glass items" passed after 0.002 seconds.
◇ Test "Import handles images correctly" started.
✔ Test "Import handles images correctly" passed after 0.022 seconds.
◇ Test "Import resets usage tracking" started.
✔ Test "Import resets usage tracking" passed after 0.002 seconds.
◇ Test "Import fails gracefully with invalid file" started.
⚠️ ZIP extraction requires manual handling on iOS
✔ Test "Import fails gracefully with invalid file" passed after 0.005 seconds.
◇ Test "Round-trip export/import preserves data" started.
✔ Test "Round-trip export/import preserves data" passed after 0.005 seconds.
✔ Suite "Project Import Service Tests" passed after 0.059 seconds.
◇ Suite "ProjectModel Tests" started.
◇ Test "Initialize with minimal properties" started.
✔ Test "Initialize with minimal properties" passed after 0.001 seconds.
◇ Test "Initialize with full properties" started.
✔ Test "Initialize with full properties" passed after 0.001 seconds.
◇ Test "Plan types are distinct" started.
✔ Test "Plan types are distinct" passed after 0.001 seconds.
◇ Test "Difficulty levels are distinct" started.
✔ Test "Difficulty levels are distinct" passed after 0.001 seconds.
◇ Test "Each plan has unique ID" started.
✔ Test "Each plan has unique ID" passed after 0.001 seconds.
◇ Test "Archive defaults to false" started.
✔ Test "Archive defaults to false" passed after 0.001 seconds.
◇ Test "Times used defaults to zero" started.
✔ Test "Times used defaults to zero" passed after 0.001 seconds.
◇ Test "Can have multiple glass items" started.
✔ Test "Can have multiple glass items" passed after 0.001 seconds.
◇ Test "Can have multiple reference URLs" started.
✔ Test "Can have multiple reference URLs" passed after 0.001 seconds.
◇ Test "Price range is optional" started.
✔ Test "Price range is optional" passed after 0.001 seconds.
✔ Suite "ProjectModel Tests" passed after 0.002 seconds.
◇ Suite "ProjectStepModel Tests" started.
◇ Test "Initialize with minimal properties" started.
✔ Test "Initialize with minimal properties" passed after 0.001 seconds.
◇ Test "Initialize with full properties" started.
✔ Test "Initialize with full properties" passed after 0.001 seconds.
◇ Test "Each step has unique ID" started.
✔ Test "Each step has unique ID" passed after 0.001 seconds.
◇ Test "Steps can be ordered" started.
✔ Test "Steps can be ordered" passed after 0.001 seconds.
◇ Test "Glass items needed is optional" started.
✔ Test "Glass items needed is optional" passed after 0.001 seconds.
✔ Suite "ProjectStepModel Tests" passed after 0.001 seconds.
◇ Suite "PriceRange Tests" started.
◇ Test "Initialize with min and max" started.
✔ Test "Initialize with min and max" passed after 0.001 seconds.
◇ Test "Initialize with defaults" started.
✔ Test "Initialize with defaults" passed after 0.001 seconds.
◇ Test "Codable encode and decode" started.
✔ Test "Codable encode and decode" passed after 0.001 seconds.
◇ Test "Min and max are optional" started.
✔ Test "Min and max are optional" passed after 0.001 seconds.
✔ Suite "PriceRange Tests" passed after 0.001 seconds.
◇ Suite "ProjectReferenceUrl Tests" started.
◇ Test "Initialize with all properties" started.
✔ Test "Initialize with all properties" passed after 0.001 seconds.
◇ Test "Initialize with defaults" started.
✔ Test "Initialize with defaults" passed after 0.001 seconds.
◇ Test "Codable encode and decode" started.
✔ Test "Codable encode and decode" passed after 0.001 seconds.
◇ Test "Codable with array of URLs" started.
✔ Test "Codable with array of URLs" passed after 0.001 seconds.
◇ Test "Identifiable protocol conformance" started.
✔ Test "Identifiable protocol conformance" passed after 0.001 seconds.
◇ Test "Different URL formats" started.
✔ Test "Different URL formats" passed after 0.001 seconds.
◇ Test "Optional fields can be nil" started.
✔ Test "Optional fields can be nil" passed after 0.001 seconds.
◇ Test "Both optional fields can be set" started.
✔ Test "Both optional fields can be set" passed after 0.001 seconds.
✔ Suite "ProjectReferenceUrl Tests" passed after 0.001 seconds.
◇ Suite "ProjectService Tests" started.
◇ Test "Create a new project plan" started.
✔ Test "Create a new project plan" passed after 0.001 seconds.
◇ Test "Update an existing plan" started.
✔ Test "Update an existing plan" passed after 0.001 seconds.
◇ Test "Delete a plan" started.
✔ Test "Delete a plan" passed after 0.001 seconds.
◇ Test "Archive and unarchive a plan" started.
✔ Test "Archive and unarchive a plan" passed after 0.001 seconds.
◇ Test "Get active plans excludes archived plans" started.
✔ Test "Get active plans excludes archived plans" passed after 0.001 seconds.
◇ Test "Get archived plans only returns archived plans" started.
✔ Test "Get archived plans only returns archived plans" passed after 0.001 seconds.
◇ Test "Record plan usage increments timesUsed" started.
✔ Test "Record plan usage increments timesUsed" passed after 0.001 seconds.
◇ Test "Get most used plans returns sorted by usage" started.
✔ Test "Get most used plans returns sorted by usage" passed after 0.001 seconds.
◇ Test "Get unused plans returns only plans never used" started.
✔ Test "Get unused plans returns only plans never used" passed after 0.001 seconds.
◇ Test "Add step to a plan" started.
✔ Test "Add step to a plan" passed after 0.013 seconds.
◇ Test "Update a step" started.
✔ Test "Update a step" passed after 0.001 seconds.
◇ Test "Delete a step" started.
✔ Test "Delete a step" passed after 0.001 seconds.
◇ Test "Reorder steps in a plan" started.
✔ Test "Reorder steps in a plan" passed after 0.001 seconds.
◇ Test "Add reference URL to a plan" started.
✔ Test "Add reference URL to a plan" passed after 0.001 seconds.
◇ Test "Update reference URL" started.
✔ Test "Update reference URL" passed after 0.001 seconds.
◇ Test "Delete reference URL" started.
✔ Test "Delete reference URL" passed after 0.001 seconds.
◇ Test "Create a new project log" started.
✔ Test "Create a new project log" passed after 0.001 seconds.
◇ Test "Create log from plan" started.
✔ Test "Create log from plan" passed after 0.001 seconds.
◇ Test "Create log from plan with custom title" started.
✔ Test "Create log from plan with custom title" passed after 0.001 seconds.
◇ Test "Update an existing log" started.
✔ Test "Update an existing log" passed after 0.001 seconds.
◇ Test "Delete a log" started.
✔ Test "Delete a log" passed after 0.001 seconds.
◇ Test "Get logs by status" started.
✔ Test "Get logs by status" passed after 0.001 seconds.
◇ Test "Get logs by date range" started.
✔ Test "Get logs by date range" passed after 0.001 seconds.
◇ Test "Get logs based on a specific plan" started.
✔ Test "Get logs based on a specific plan" passed after 0.001 seconds.
◇ Test "Calculate total revenue from sold projects" started.
✔ Test "Calculate total revenue from sold projects" passed after 0.001 seconds.
◇ Test "Calculate revenue for date range" started.
✔ Test "Calculate revenue for date range" passed after 0.001 seconds.
◇ Test "Get project statistics" started.
✔ Test "Get project statistics" passed after 0.001 seconds.
◇ Test "Project statistics calculates completion rate" started.
✔ Test "Project statistics calculates completion rate" passed after 0.001 seconds.
◇ Test "Project statistics calculates average revenue per sale" started.
✔ Test "Project statistics calculates average revenue per sale" passed after 0.001 seconds.
◇ Test "Create plan with glass items data" started.
✔ Test "Create plan with glass items data" passed after 0.001 seconds.
◇ Test "Create log from plan preserves glass items" started.
✔ Test "Create log from plan preserves glass items" passed after 0.001 seconds.
◇ Test "Create log from non-existent plan throws error" started.
✔ Test "Create log from non-existent plan throws error" passed after 0.002 seconds.
◇ Test "Record usage for non-existent plan throws error" started.
✔ Test "Record usage for non-existent plan throws error" passed after 0.001 seconds.
◇ Test "Get unused plans when all plans are used" started.
✔ Test "Get unused plans when all plans are used" passed after 0.001 seconds.
◇ Test "Get most used plans with limit" started.
✔ Test "Get most used plans with limit" passed after 0.001 seconds.
✔ Suite "ProjectService Tests" passed after 0.037 seconds.
◇ Suite "PurchaseRecordService Tests" started.
◇ Test "Create purchase record successfully" started.
✔ Test "Create purchase record successfully" passed after 0.001 seconds.
◇ Test "Get record by ID when record exists" started.
✔ Test "Get record by ID when record exists" passed after 0.001 seconds.
◇ Test "Get record by ID returns nil when record not found" started.
✔ Test "Get record by ID returns nil when record not found" passed after 0.008 seconds.
◇ Test "Update purchase record successfully" started.
✔ Test "Update purchase record successfully" passed after 0.001 seconds.
◇ Test "Delete purchase record successfully" started.
✔ Test "Delete purchase record successfully" passed after 0.001 seconds.
◇ Test "Get all records returns all created records" started.
✔ Test "Get all records returns all created records" passed after 0.001 seconds.
◇ Test "Get records within date range" started.
✔ Test "Get records within date range" passed after 0.001 seconds.
◇ Test "Get records with no matches in date range returns empty" started.
✔ Test "Get records with no matches in date range returns empty" passed after 0.001 seconds.
◇ Test "Search records by text finds matching records" started.
✔ Test "Search records by text finds matching records" passed after 0.001 seconds.
◇ Test "Search records with no matches returns empty" started.
✔ Test "Search records with no matches returns empty" passed after 0.001 seconds.
◇ Test "Filter records by supplier" started.
✔ Test "Filter records by supplier" passed after 0.001 seconds.
◇ Test "Filter records by supplier with no matches returns empty" started.
✔ Test "Filter records by supplier with no matches returns empty" passed after 0.001 seconds.
◇ Test "Calculate total spending for date range" started.
✔ Test "Calculate total spending for date range" passed after 0.001 seconds.
◇ Test "Get distinct suppliers returns unique supplier names" started.
✔ Test "Get distinct suppliers returns unique supplier names" passed after 0.001 seconds.
◇ Test "Get spending by supplier calculates correctly" started.
✔ Test "Get spending by supplier calculates correctly" passed after 0.001 seconds.
◇ Test "Get spending by supplier with empty data returns empty dictionary" started.
✔ Test "Get spending by supplier with empty data returns empty dictionary" passed after 0.001 seconds.
◇ Test "Get purchase history for glass item" started.
✔ Test "Get purchase history for glass item" passed after 0.001 seconds.
◇ Test "Get total purchased quantity for glass item" started.
✔ Test "Get total purchased quantity for glass item" passed after 0.001 seconds.
◇ Test "Get total purchased with no records returns zero" started.
✔ Test "Get total purchased with no records returns zero" passed after 0.001 seconds.
◇ Test "Handle purchase record with nil notes" started.
✔ Test "Handle purchase record with nil notes" passed after 0.001 seconds.
◇ Test "Handle purchase record with nil subtotal" started.
✔ Test "Handle purchase record with nil subtotal" passed after 0.001 seconds.
◇ Test "Handle empty supplier list gracefully" started.
✔ Test "Handle empty supplier list gracefully" passed after 0.001 seconds.
◇ Test "Handle zero spending calculations" started.
✔ Test "Handle zero spending calculations" passed after 0.001 seconds.
✔ Suite "PurchaseRecordService Tests" passed after 0.012 seconds.
◇ Suite "ReportingService Tests" started.
◇ Test "Generate comprehensive report with data" started.
✔ Test "Generate comprehensive report with data" passed after 0.001 seconds.
◇ Test "Generate comprehensive report with empty data" started.
✔ Test "Generate comprehensive report with empty data" passed after 0.001 seconds.
◇ Test "Generate comprehensive report with date range filtering" started.
✔ Test "Generate comprehensive report with date range filtering" passed after 0.001 seconds.
◇ Test "Comprehensive report calculates totals correctly" started.
✔ Test "Comprehensive report calculates totals correctly" passed after 0.014 seconds.
◇ Test "Generate inventory report" started.
✔ Test "Generate inventory report" passed after 0.001 seconds.
◇ Test "Inventory report includes inventory by type statistics" started.
✔ Test "Inventory report includes inventory by type statistics" passed after 0.001 seconds.
◇ Test "Inventory report includes low stock items" started.
✔ Test "Inventory report includes low stock items" passed after 0.001 seconds.
◇ Test "Inventory report calculates total quantity correctly" started.
✔ Test "Inventory report calculates total quantity correctly" passed after 0.001 seconds.
◇ Test "Generate manufacturer report" started.
✔ Test "Generate manufacturer report" passed after 0.001 seconds.
◇ Test "Manufacturer report includes statistics" started.
✔ Test "Manufacturer report includes statistics" passed after 0.001 seconds.
◇ Test "Manufacturer report calculates unique COEs" started.
✔ Test "Manufacturer report calculates unique COEs" passed after 0.001 seconds.
◇ Test "Manufacturer statistics sorted by item count" started.
✔ Test "Manufacturer statistics sorted by item count" passed after 0.007 seconds.
◇ Test "Generate tag report" started.
✔ Test "Generate tag report" passed after 0.001 seconds.
◇ Test "Tag report calculates statistics correctly" started.
✔ Test "Tag report calculates statistics correctly" passed after 0.001 seconds.
◇ Test "Tag statistics sorted by count" started.
✔ Test "Tag statistics sorted by count" passed after 0.001 seconds.
◇ Test "Generate shopping list report when service available" started.
✔ Test "Generate shopping list report when service available" passed after 0.001 seconds.
◇ Test "Generate shopping list report handles missing service" started.
✔ Test "Generate shopping list report handles missing service" passed after 0.001 seconds.
◇ Test "Calculate inventory by type statistics" started.
✔ Test "Calculate inventory by type statistics" passed after 0.001 seconds.
◇ Test "Calculate COE distribution statistics" started.
✔ Test "Calculate COE distribution statistics" passed after 0.001 seconds.
◇ Test "Calculate tag analysis with averages" started.
✔ Test "Calculate tag analysis with averages" passed after 0.001 seconds.
◇ Test "Handle reports with items without inventory" started.
✔ Test "Handle reports with items without inventory" passed after 0.001 seconds.
◇ Test "Handle reports with items without tags" started.
✔ Test "Handle reports with items without tags" passed after 0.001 seconds.
◇ Test "Comprehensive report with low stock items" started.
✔ Test "Comprehensive report with low stock items" passed after 0.001 seconds.
◇ Test "Report generated date is recent" started.
✔ Test "Report generated date is recent" passed after 0.001 seconds.
◇ Test "Multiple report types can be generated simultaneously" started.
✔ Test "Multiple report types can be generated simultaneously" passed after 0.001 seconds.
✔ Suite "ReportingService Tests" passed after 0.036 seconds.
◇ Suite "Repository Identity Test - Catch Core Data Leaks" started.
◇ Test "Test repository instance identity" started.
🔍 IDENTITY TEST: Verifying repository instances are the same
🔧 TEST CONFIG: FlameworkerTests running in mock-only mode
🔧 All repositories should be Mock* implementations
🔧 No Core Data operations should occur
🔍 Adding marker item to mock repository
📊 Created marker with stable_id: 19J6Ex
📊 Direct check - items in mock: 1
📊 Marker found in mock: true
🔍 Checking if catalog service sees marker item
📊 Service items count: 1
📊 Service found marker: true
✅ Repository identity test passed - services use injected mocks
✔ Test "Test repository instance identity" passed after 0.001 seconds.
◇ Test "Test multiple operations on same repository instance" started.
🔍 MULTIPLE OPERATIONS TEST: Testing repository consistency
🔧 TEST CONFIG: FlameworkerTests running in mock-only mode
🔧 All repositories should be Mock* implementations
🔧 No Core Data operations should occur
📊 After adding item 1: count = 1
📊 After adding item 2: count = 2
📊 After adding item 3: count = 3
📊 Final items: 3
  - Test Item 2 (0UqZxR)
  - Test Item 3 (1156BC)
  - Test Item 1 (1THExB)
✔ Test "Test multiple operations on same repository instance" passed after 0.001 seconds.
◇ Test "Test async timing and repository consistency" started.
🔍 ASYNC TIMING TEST: Testing for async/timing issues
🔧 TEST CONFIG: FlameworkerTests running in mock-only mode
🔧 All repositories should be Mock* implementations
🔧 No Core Data operations should occur
🔍 Adding item...
📊 Created item: Timing Test Item
📊 Immediate count: 1
📊 Delayed count: 1
📊 Fetched items count: 1
✅ Async timing test passed - no timing issues detected
✔ Test "Test async timing and repository consistency" passed after 0.101 seconds.
✔ Suite "Repository Identity Test - Catch Core Data Leaks" passed after 0.107 seconds.
◇ Suite "SearchTextParser Tests" started.
◇ Test "Empty search text should not be meaningful" started.
✔ Test "Empty search text should not be meaningful" passed after 0.001 seconds.
◇ Test "Single quote character should not be meaningful" started.
✔ Test "Single quote character should not be meaningful" passed after 0.001 seconds.
◇ Test "Curly quote characters should not be meaningful" started.
✔ Test "Curly quote characters should not be meaningful" passed after 0.001 seconds.
◇ Test "Text with content should be meaningful" started.
✔ Test "Text with content should be meaningful" passed after 0.001 seconds.
◇ Test "Should parse single term without quotes" started.
✔ Test "Should parse single term without quotes" passed after 0.001 seconds.
◇ Test "Should parse single term with whitespace" started.
✔ Test "Should parse single term with whitespace" passed after 0.001 seconds.
◇ Test "Should parse multiple terms as AND search" started.
✔ Test "Should parse multiple terms as AND search" passed after 0.001 seconds.
◇ Test "Should parse multiple terms with extra whitespace" started.
✔ Test "Should parse multiple terms with extra whitespace" passed after 0.001 seconds.
◇ Test "Should parse three or more terms" started.
✔ Test "Should parse three or more terms" passed after 0.001 seconds.
◇ Test "Should parse exact phrase with straight double quotes on both sides" started.
✔ Test "Should parse exact phrase with straight double quotes on both sides" passed after 0.001 seconds.
◇ Test "Should parse exact phrase with quote at start only" started.
✔ Test "Should parse exact phrase with quote at start only" passed after 0.001 seconds.
◇ Test "Should parse exact phrase with quote at end only" started.
✔ Test "Should parse exact phrase with quote at end only" passed after 0.001 seconds.
◇ Test "Should parse exact phrase with left curly quote" started.
✔ Test "Should parse exact phrase with left curly quote" passed after 0.001 seconds.
◇ Test "Should parse exact phrase with right curly quote" started.
✔ Test "Should parse exact phrase with right curly quote" passed after 0.001 seconds.
◇ Test "Should parse exact phrase with both curly quotes" started.
✔ Test "Should parse exact phrase with both curly quotes" passed after 0.001 seconds.
◇ Test "Should parse exact phrase with curly single quotes" started.
✔ Test "Should parse exact phrase with curly single quotes" passed after 0.001 seconds.
◇ Test "Single term should match field containing term" started.
✔ Test "Single term should match field containing term" passed after 0.001 seconds.
◇ Test "Multiple terms should require ALL terms to match" started.
✔ Test "Multiple terms should require ALL terms to match" passed after 0.001 seconds.
◇ Test "Multiple terms should be case insensitive" started.
✔ Test "Multiple terms should be case insensitive" passed after 0.001 seconds.
◇ Test "Exact phrase should match phrase in field" started.
✔ Test "Exact phrase should match phrase in field" passed after 0.001 seconds.
◇ Test "Exact phrase should be case insensitive" started.
✔ Test "Exact phrase should be case insensitive" passed after 0.001 seconds.
◇ Test "Should match if any field matches" started.
✔ Test "Should match if any field matches" passed after 0.001 seconds.
◇ Test "Should not match if no fields match" started.
✔ Test "Should not match if no fields match" passed after 0.001 seconds.
◇ Test "Should handle nil values in fields array" started.
✔ Test "Should handle nil values in fields array" passed after 0.001 seconds.
◇ Test "Should not match if all fields are nil" started.
✔ Test "Should not match if all fields are nil" passed after 0.001 seconds.
◇ Test "End-to-end: Quote stripping and matching" started.
✔ Test "End-to-end: Quote stripping and matching" passed after 0.001 seconds.
◇ Test "End-to-end: Multi-term AND search" started.
✔ Test "End-to-end: Multi-term AND search" passed after 0.001 seconds.
◇ Test "End-to-end: Curly quotes from iOS" started.
✔ Test "End-to-end: Curly quotes from iOS" passed after 0.001 seconds.
◇ Test "Non-quoted single term should only match name field" started.
✔ Test "Non-quoted single term should only match name field" passed after 0.001 seconds.
◇ Test "Non-quoted multiple terms should only match name field" started.
✔ Test "Non-quoted multiple terms should only match name field" passed after 0.001 seconds.
◇ Test "Quoted exact phrase should search all fields" started.
✔ Test "Quoted exact phrase should search all fields" passed after 0.001 seconds.
◇ Test "Quoted phrase should also match name field" started.
✔ Test "Quoted phrase should also match name field" passed after 0.001 seconds.
◇ Test "matchesName helper should work correctly" started.
✔ Test "matchesName helper should work correctly" passed after 0.001 seconds.
◇ Test "Field strategy integration: manufacturer in notes but not name" started.
✔ Test "Field strategy integration: manufacturer in notes but not name" passed after 0.001 seconds.
◇ Test "Field strategy integration: quoted manufacturer search" started.
✔ Test "Field strategy integration: quoted manufacturer search" passed after 0.013 seconds.
◇ Test "Field strategy integration: SKU search requires quotes" started.
✔ Test "Field strategy integration: SKU search requires quotes" passed after 0.001 seconds.
◇ Test "Field strategy with nil name field" started.
✔ Test "Field strategy with nil name field" passed after 0.001 seconds.
◇ Test "Field strategy with empty name field" started.
✔ Test "Field strategy with empty name field" passed after 0.001 seconds.
◇ Test "Searching 'grey' should match items containing 'gray'" started.
✔ Test "Searching 'grey' should match items containing 'gray'" passed after 0.001 seconds.
◇ Test "Searching 'gray' should match items containing 'grey'" started.
✔ Test "Searching 'gray' should match items containing 'grey'" passed after 0.001 seconds.
◇ Test "Grey/gray synonyms should work with case variations" started.
✔ Test "Grey/gray synonyms should work with case variations" passed after 0.004 seconds.
◇ Test "Grey/gray synonyms should work in multiple term searches" started.
✔ Test "Grey/gray synonyms should work in multiple term searches" passed after 0.001 seconds.
◇ Test "Grey/gray synonyms should work in exact phrase searches" started.
✔ Test "Grey/gray synonyms should work in exact phrase searches" passed after 0.001 seconds.
◇ Test "Grey/gray synonyms integration with field strategy" started.
✔ Test "Grey/gray synonyms integration with field strategy" passed after 0.001 seconds.
◇ Test "Should handle empty string search" started.
✔ Test "Should handle empty string search" passed after 0.001 seconds.
◇ Test "Should handle very long search strings" started.
✔ Test "Should handle very long search strings" passed after 0.001 seconds.
◇ Test "Should handle special characters in search" started.
✔ Test "Should handle special characters in search" passed after 0.003 seconds.
✔ Suite "SearchTextParser Tests" passed after 0.035 seconds.
◇ Suite "Search Utilities Configuration Tests" started.
◇ Test "Should provide correct default search configuration" started.
✔ Test "Should provide correct default search configuration" passed after 0.001 seconds.
◇ Test "Should provide correct fuzzy search configuration" started.
✔ Test "Should provide correct fuzzy search configuration" passed after 0.001 seconds.
◇ Test "Should provide correct exact search configuration" started.
✔ Test "Should provide correct exact search configuration" passed after 0.001 seconds.
◇ Test "Should parse simple search terms correctly" started.
✔ Test "Should parse simple search terms correctly" passed after 0.001 seconds.
◇ Test "Should parse quoted phrases correctly" started.
✔ Test "Should parse quoted phrases correctly" passed after 0.003 seconds.
◇ Test "Should handle malformed quotes gracefully" started.
✔ Test "Should handle malformed quotes gracefully" passed after 0.001 seconds.
◇ Test "Should perform case insensitive search by default" started.
✔ Test "Should perform case insensitive search by default" passed after 0.001 seconds.
◇ Test "Should perform case sensitive search when configured" started.
✔ Test "Should perform case sensitive search when configured" passed after 0.001 seconds.
◇ Test "Should perform exact match search when configured" started.
✔ Test "Should perform exact match search when configured" passed after 0.001 seconds.
◇ Test "Should handle multiple search terms with AND logic" started.
✔ Test "Should handle multiple search terms with AND logic" passed after 0.001 seconds.
◇ Test "Should handle quoted phrases in multi-term search" started.
✔ Test "Should handle quoted phrases in multi-term search" passed after 0.002 seconds.
◇ Test "Should perform fuzzy search with tolerance" started.
✔ Test "Should perform fuzzy search with tolerance" passed after 0.005 seconds.
◇ Test "Should calculate Levenshtein distance correctly" started.
✔ Test "Should calculate Levenshtein distance correctly" passed after 0.001 seconds.
◇ Test "Should perform weighted search with relevance scoring" started.
✔ Test "Should perform weighted search with relevance scoring" passed after 0.001 seconds.
◇ Test "Should apply field weights correctly in scoring" started.
✔ Test "Should apply field weights correctly in scoring" passed after 0.001 seconds.
◇ Test "Should handle empty search text in weighted search" started.
✔ Test "Should handle empty search text in weighted search" passed after 0.001 seconds.
◇ Test "Should validate search configuration combinations" started.
✔ Test "Should validate search configuration combinations" passed after 0.001 seconds.
◇ Test "Should handle large datasets efficiently" started.
✔ Test "Should handle large datasets efficiently" passed after 0.002 seconds.
◇ Test "Should handle weighted search performance on large datasets" started.
✔ Test "Should handle weighted search performance on large datasets" passed after 0.001 seconds.
◇ Test "Should handle special characters in search" started.
✔ Test "Should handle special characters in search" passed after 0.001 seconds.
◇ Test "Should handle empty and nil inputs gracefully" started.
✔ Test "Should handle empty and nil inputs gracefully" passed after 0.001 seconds.
◇ Test "Should handle boundary conditions correctly" started.
✔ Test "Should handle boundary conditions correctly" passed after 0.001 seconds.
✔ Suite "Search Utilities Configuration Tests" passed after 0.020 seconds.
◇ Suite "SearchUtilities Tests" started.
◇ Test "Should parse simple search terms correctly" started.
✔ Test "Should parse simple search terms correctly" passed after 0.001 seconds.
◇ Test "Should parse quoted phrases as single terms" started.
✔ Test "Should parse quoted phrases as single terms" passed after 0.001 seconds.
◇ Test "Should filter searchable items with basic search" started.
✔ Test "Should filter searchable items with basic search" passed after 0.001 seconds.
◇ Test "Should handle edge cases for search filtering" started.
✔ Test "Should handle edge cases for search filtering" passed after 0.001 seconds.
◇ Test "Should handle advanced edge cases for malformed quote parsing" started.
✔ Test "Should handle advanced edge cases for malformed quote parsing" passed after 0.001 seconds.
◇ Test "Should handle extreme memory pressure scenarios" started.
✔ Test "Should handle extreme memory pressure scenarios" passed after 0.004 seconds.
◇ Test "Should handle unicode and special character edge cases" started.
✔ Test "Should handle unicode and special character edge cases" passed after 0.001 seconds.
✔ Suite "SearchUtilities Tests" passed after 0.006 seconds.
◇ Suite "Service Coordination Tests" started.
◇ Test "Should coordinate inventory updates with catalog changes" started.
✔ Test "Should coordinate inventory updates with catalog changes" passed after 0.001 seconds.
◇ Test "Should handle catalog item updates with inventory references" started.
✔ Test "Should handle catalog item updates with inventory references" passed after 0.001 seconds.
◇ Test "Should cascade delete inventory items when catalog item is deleted" started.
✔ Test "Should cascade delete inventory items when catalog item is deleted" passed after 0.001 seconds.
◇ Test "Should handle catalog deletion when no inventory service is configured" started.
✔ Test "Should handle catalog deletion when no inventory service is configured" passed after 0.001 seconds.
◇ Test "Should maintain consistency across multiple service operations" started.
✔ Test "Should maintain consistency across multiple service operations" passed after 0.001 seconds.
◇ Test "Should handle partial failure scenarios gracefully" started.
✔ Test "Should handle partial failure scenarios gracefully" passed after 0.001 seconds.
◇ Test "Should handle concurrent cross-service operations" started.
✔ Test "Should handle concurrent cross-service operations" passed after 0.101 seconds.
◇ Test "Should handle workflow error recovery" started.
✔ Test "Should handle workflow error recovery" passed after 0.001 seconds.
✔ Suite "Service Coordination Tests" passed after 0.103 seconds.
◇ Suite "Share Extension - Image Handling" started.
◇ Test "New project sets first image as hero image" started.
✔ Test "New project sets first image as hero image" passed after 0.019 seconds.
◇ Test "New project with single image sets it as hero" started.
✔ Test "New project with single image sets it as hero" passed after 0.003 seconds.
◇ Test "Adding images to existing project preserves original hero image" started.
✔ Test "Adding images to existing project preserves original hero image" passed after 0.004 seconds.
◇ Test "Existing project without hero image gets hero from first new image" started.
✔ Test "Existing project without hero image gets hero from first new image" passed after 0.003 seconds.
◇ Test "Adding single image to existing project preserves original hero" started.
✔ Test "Adding single image to existing project preserves original hero" passed after 0.003 seconds.
◇ Test "Adding multiple images in sequence preserves hero" started.
✔ Test "Adding multiple images in sequence preserves hero" passed after 0.004 seconds.
◇ Test "Empty project receives hero from first image addition" started.
✔ Test "Empty project receives hero from first image addition" passed after 0.004 seconds.
✔ Suite "Share Extension - Image Handling" passed after 0.043 seconds.
◇ Suite "Share Extension - Project Creation Without Tags" started.
◇ Test "Project can be created without tags" started.
✔ Test "Project can be created without tags" passed after 0.002 seconds.
◇ Test "Project can be created without technique type" started.
✔ Test "Project can be created without technique type" passed after 0.002 seconds.
◇ Test "Project with minimal fields saves successfully" started.
✔ Test "Project with minimal fields saves successfully" passed after 0.002 seconds.
✔ Suite "Share Extension - Project Creation Without Tags" passed after 0.008 seconds.
◇ Suite "Share Extension - Callback Signature" started.
◇ Test "Callback signature includes all required parameters" started.
✔ Test "Callback signature includes all required parameters" passed after 0.001 seconds.
◇ Test "Callback works with empty notes" started.
✔ Test "Callback works with empty notes" passed after 0.001 seconds.
◇ Test "Callback works with all project types" started.
✔ Test "Callback works with all project types" passed after 0.001 seconds.
◇ Test "Callback works with existing project ID for adding to existing" started.
✔ Test "Callback works with existing project ID for adding to existing" passed after 0.001 seconds.
◇ Test "Callback works with new project creation" started.
✔ Test "Callback works with new project creation" passed after 0.001 seconds.
✔ Suite "Share Extension - Callback Signature" passed after 0.001 seconds.
◇ Suite "Share Extension - Project Type Integration" started.
◇ Test "Share extension project types match ProjectType enum" started.
✔ Test "Share extension project types match ProjectType enum" passed after 0.001 seconds.
◇ Test "All ProjectType cases are supported in share extension" started.
✔ Test "All ProjectType cases are supported in share extension" passed after 0.001 seconds.
✔ Suite "Share Extension - Project Type Integration" passed after 0.001 seconds.
◇ Suite "Share Extension - Complete Save Flow" started.
◇ Test "New project with images saves successfully" started.
✔ Test "New project with images saves successfully" passed after 0.003 seconds.
◇ Test "Adding images to existing project works" started.
✔ Test "Adding images to existing project works" passed after 0.004 seconds.
◇ Test "Empty notes do not cause save failure" started.
✔ Test "Empty notes do not cause save failure" passed after 0.002 seconds.
◇ Test "Auto-generated title works when user provides empty title" started.
✔ Test "Auto-generated title works when user provides empty title" passed after 0.001 seconds.
◇ Test "Project without images saves successfully" started.
✔ Test "Project without images saves successfully" passed after 0.002 seconds.
◇ Test "Multiple projects can be created in sequence" started.
✔ Test "Multiple projects can be created in sequence" passed after 0.003 seconds.
✔ Suite "Share Extension - Complete Save Flow" passed after 0.019 seconds.
◇ Suite "Shopping List Item Creation Tests" started.
◇ Test "Create shopping list item with minimal fields" started.
✔ Test "Create shopping list item with minimal fields" passed after 0.001 seconds.
◇ Test "Create shopping list item with all optional fields" started.
✔ Test "Create shopping list item with all optional fields" passed after 0.001 seconds.
◇ Test "Create shopping list item with type and subtype" started.
✔ Test "Create shopping list item with type and subtype" passed after 0.001 seconds.
◇ Test "Create multiple shopping list items for same glass item" started.
✔ Test "Create multiple shopping list items for same glass item" passed after 0.001 seconds.
◇ Test "Create shopping list item validates quantity" started.
✔ Test "Create shopping list item validates quantity" passed after 0.001 seconds.
◇ Test "Retrieve shopping list items by store" started.
✔ Test "Retrieve shopping list items by store" passed after 0.001 seconds.
◇ Test "Type and subtype consistency" started.
✔ Test "Type and subtype consistency" passed after 0.001 seconds.
✔ Suite "Shopping List Item Creation Tests" passed after 0.001 seconds.
◇ Suite "ShoppingListOptionsView Tests" started.
◇ Test "Should reject empty quantity" started.
✔ Test "Should reject empty quantity" passed after 0.001 seconds.
◇ Test "Should reject non-numeric quantity" started.
✔ Test "Should reject non-numeric quantity" passed after 0.001 seconds.
◇ Test "Should reject zero quantity" started.
✔ Test "Should reject zero quantity" passed after 0.001 seconds.
◇ Test "Should reject negative quantity" started.
✔ Test "Should reject negative quantity" passed after 0.001 seconds.
◇ Test "Should accept valid integer quantity" started.
✔ Test "Should accept valid integer quantity" passed after 0.001 seconds.
◇ Test "Should accept valid decimal quantity" started.
✔ Test "Should accept valid decimal quantity" passed after 0.001 seconds.
◇ Test "Should trim whitespace from store name" started.
✔ Test "Should trim whitespace from store name" passed after 0.001 seconds.
◇ Test "Should convert empty store to nil" started.
✔ Test "Should convert empty store to nil" passed after 0.001 seconds.
◇ Test "Should convert whitespace-only store to nil" started.
✔ Test "Should convert whitespace-only store to nil" passed after 0.001 seconds.
◇ Test "Should preserve valid store name" started.
✔ Test "Should preserve valid store name" passed after 0.001 seconds.
◇ Test "Should add item to shopping list with quantity only" started.
✔ Test "Should add item to shopping list with quantity only" passed after 0.043 seconds.
◇ Test "Should add item to shopping list with quantity and store" started.
✔ Test "Should add item to shopping list with quantity and store" passed after 0.001 seconds.
◇ Test "Should update existing item quantity" started.
✔ Test "Should update existing item quantity" passed after 0.001 seconds.
◇ Test "Should create separate entries for different stores" started.
✔ Test "Should create separate entries for different stores" passed after 0.001 seconds.
◇ Test "Should handle very large quantities" started.
✔ Test "Should handle very large quantities" passed after 0.001 seconds.
◇ Test "Should handle very small decimal quantities" started.
✔ Test "Should handle very small decimal quantities" passed after 0.001 seconds.
◇ Test "Should handle store names with special characters" started.
✔ Test "Should handle store names with special characters" passed after 0.001 seconds.
◇ Test "Should handle long store names" started.
✔ Test "Should handle long store names" passed after 0.001 seconds.
◇ Test "ItemShoppingModel should validate quantity > 0" started.
✔ Test "ItemShoppingModel should validate quantity > 0" passed after 0.001 seconds.
◇ Test "ItemShoppingModel should reject negative quantity" started.
✔ Test "ItemShoppingModel should reject negative quantity" passed after 0.001 seconds.
◇ Test "ItemShoppingModel should trim natural key" started.
✔ Test "ItemShoppingModel should trim natural key" passed after 0.001 seconds.
◇ Test "ItemShoppingModel should trim store name" started.
✔ Test "ItemShoppingModel should trim store name" passed after 0.001 seconds.
✔ Suite "ShoppingListOptionsView Tests" passed after 0.047 seconds.
◇ Suite "Shopping List Repository Tests" started.
◇ Test "Create shopping list item successfully" started.
✔ Test "Create shopping list item successfully" passed after 0.001 seconds.
◇ Test "Create item with invalid data should fail" started.
✔ Test "Create item with invalid data should fail" passed after 0.001 seconds.
◇ Test "Create duplicate item should fail" started.
✔ Test "Create duplicate item should fail" passed after 0.001 seconds.
◇ Test "Fetch item by ID" started.
✔ Test "Fetch item by ID" passed after 0.001 seconds.
◇ Test "Fetch item by natural key" started.
✔ Test "Fetch item by natural key" passed after 0.001 seconds.
◇ Test "Fetch non-existent item returns nil" started.
✔ Test "Fetch non-existent item returns nil" passed after 0.001 seconds.
◇ Test "Fetch all items" started.
✔ Test "Fetch all items" passed after 0.001 seconds.
◇ Test "Update shopping list item" started.
✔ Test "Update shopping list item" passed after 0.001 seconds.
◇ Test "Update non-existent item should fail" started.
✔ Test "Update non-existent item should fail" passed after 0.001 seconds.
◇ Test "Delete item by ID" started.
✔ Test "Delete item by ID" passed after 0.001 seconds.
◇ Test "Delete item by natural key" started.
✔ Test "Delete item by natural key" passed after 0.001 seconds.
◇ Test "Delete all items" started.
✔ Test "Delete all items" passed after 0.001 seconds.
◇ Test "Update quantity for existing item" started.
✔ Test "Update quantity for existing item" passed after 0.001 seconds.
◇ Test "Update quantity for non-existent item should fail" started.
✔ Test "Update quantity for non-existent item should fail" passed after 0.001 seconds.
◇ Test "Add quantity to existing item" started.
✔ Test "Add quantity to existing item" passed after 0.001 seconds.
◇ Test "Add quantity creates new item if not exists" started.
✔ Test "Add quantity creates new item if not exists" passed after 0.001 seconds.
◇ Test "Update store for item" started.
✔ Test "Update store for item" passed after 0.001 seconds.
◇ Test "Fetch items by store" started.
✔ Test "Fetch items by store" passed after 0.001 seconds.
◇ Test "Get distinct stores" started.
✔ Test "Get distinct stores" passed after 0.001 seconds.
◇ Test "Get item count by store" started.
✔ Test "Get item count by store" passed after 0.001 seconds.
◇ Test "Check if item is in list" started.
✔ Test "Check if item is in list" passed after 0.001 seconds.
◇ Test "Get total item count" started.
✔ Test "Get total item count" passed after 0.001 seconds.
◇ Test "Get item count for specific store" started.
✔ Test "Get item count for specific store" passed after 0.001 seconds.
◇ Test "Get items sorted by date ascending" started.
✔ Test "Get items sorted by date ascending" passed after 0.001 seconds.
◇ Test "Get items sorted by date descending" started.
✔ Test "Get items sorted by date descending" passed after 0.001 seconds.
◇ Test "Get items sorted by quantity ascending" started.
✔ Test "Get items sorted by quantity ascending" passed after 0.001 seconds.
◇ Test "Get items sorted by quantity descending" started.
✔ Test "Get items sorted by quantity descending" passed after 0.001 seconds.
◇ Test "Add multiple items in batch" started.
✔ Test "Add multiple items in batch" passed after 0.001 seconds.
◇ Test "Delete multiple items by IDs" started.
✔ Test "Delete multiple items by IDs" passed after 0.001 seconds.
◇ Test "Delete all items for specific store" started.
✔ Test "Delete all items for specific store" passed after 0.001 seconds.
◇ Test "Handle zero quantity" started.
✔ Test "Handle zero quantity" passed after 0.001 seconds.
◇ Test "Handle negative quantity" started.
✔ Test "Handle negative quantity" passed after 0.001 seconds.
◇ Test "Handle whitespace in natural key" started.
✔ Test "Handle whitespace in natural key" passed after 0.001 seconds.
◇ Test "Handle empty store name" started.
✔ Test "Handle empty store name" passed after 0.001 seconds.
◇ Test "Concurrent operations are thread-safe" started.
✔ Test "Concurrent operations are thread-safe" passed after 0.001 seconds.
✔ Suite "Shopping List Repository Tests" passed after 0.026 seconds.
◇ Suite "ShoppingListService Integration Tests" started.
◇ Test "Generate empty shopping list when no items below minimum and no manual items" started.
✔ Test "Generate empty shopping list when no items below minimum and no manual items" passed after 0.001 seconds.
◇ Test "Generate shopping list from ItemMinimum only" started.
✔ Test "Generate shopping list from ItemMinimum only" passed after 0.001 seconds.
◇ Test "Generate shopping list from ItemShopping only" started.
✔ Test "Generate shopping list from ItemShopping only" passed after 0.001 seconds.
◇ Test "Combine items from both ItemMinimum and ItemShopping" started.
✔ Test "Combine items from both ItemMinimum and ItemShopping" passed after 0.001 seconds.
◇ Test "Merge duplicate items with higher needed quantity" started.
✔ Test "Merge duplicate items with higher needed quantity" passed after 0.001 seconds.
◇ Test "Items from different stores are kept separate" started.
✔ Test "Items from different stores are kept separate" passed after 0.001 seconds.
◇ Test "Manual items without store go to 'Other' store" started.
✔ Test "Manual items without store go to 'Other' store" passed after 0.001 seconds.
◇ Test "Items with zero inventory and minimum are included" started.
✔ Test "Items with zero inventory and minimum are included" passed after 0.001 seconds.
◇ Test "Items at or above minimum are excluded from shopping list" started.
✔ Test "Items at or above minimum are excluded from shopping list" passed after 0.001 seconds.
◇ Test "Shopping list includes tags from items" started.
✔ Test "Shopping list includes tags from items" passed after 0.001 seconds.
◇ Test "completeItem creates valid CompleteInventoryItemModel" started.
✔ Test "completeItem creates valid CompleteInventoryItemModel" passed after 0.001 seconds.
◇ Test "completeItem combines system and user tags" started.
✔ Test "completeItem combines system and user tags" passed after 0.001 seconds.
◇ Test "completeItem is Hashable and Identifiable" started.
✔ Test "completeItem is Hashable and Identifiable" passed after 0.001 seconds.
✔ Suite "ShoppingListService Integration Tests" passed after 0.021 seconds.
◇ Suite "ShoppingListView Tests" started.
◇ Test "ShoppingListView initializes with default state" started.
✔ Test "ShoppingListView initializes with default state" passed after 0.001 seconds.
◇ Test "Sort options are available" started.
✔ Test "Sort options are available" passed after 0.001 seconds.
◇ Test "Sorting by needed quantity orders items correctly" started.
✔ Test "Sorting by needed quantity orders items correctly" passed after 0.001 seconds.
◇ Test "Sorting by item name orders items alphabetically" started.
✔ Test "Sorting by item name orders items alphabetically" passed after 0.001 seconds.
◇ Test "Sorting by store orders items alphabetically by store" started.
✔ Test "Sorting by store orders items alphabetically by store" passed after 0.001 seconds.
◇ Test "Items are grouped by store when sort option is store" started.
✔ Test "Items are grouped by store when sort option is store" passed after 0.001 seconds.
◇ Test "Filter by store filters items correctly" started.
✔ Test "Filter by store filters items correctly" passed after 0.001 seconds.
◇ Test "Filter by COE filters items correctly" started.
✔ Test "Filter by COE filters items correctly" passed after 0.001 seconds.
◇ Test "Filter by tags filters items correctly" started.
✔ Test "Filter by tags filters items correctly" passed after 0.001 seconds.
◇ Test "Filter by search text filters items correctly" started.
✔ Test "Filter by search text filters items correctly" passed after 0.001 seconds.
◇ Test "Multiple filters combine correctly" started.
✔ Test "Multiple filters combine correctly" passed after 0.001 seconds.
◇ Test "Available stores are extracted from shopping list items" started.
✔ Test "Available stores are extracted from shopping list items" passed after 0.001 seconds.
◇ Test "Store selection filters items correctly" started.
✔ Test "Store selection filters items correctly" passed after 0.001 seconds.
◇ Test "Shopping list handles empty service response" started.
✔ Test "Shopping list handles empty service response" passed after 0.001 seconds.
◇ Test "Search text parser identifies meaningful search" started.
✔ Test "Search text parser identifies meaningful search" passed after 0.001 seconds.
◇ Test "Search text parser identifies single term" started.
✔ Test "Search text parser identifies single term" passed after 0.001 seconds.
◇ Test "Search text parser identifies multiple terms" started.
✔ Test "Search text parser identifies multiple terms" passed after 0.001 seconds.
◇ Test "Handles items with zero needed quantity" started.
✔ Test "Handles items with zero needed quantity" passed after 0.001 seconds.
◇ Test "Handles items with very large needed quantities" started.
✔ Test "Handles items with very large needed quantities" passed after 0.001 seconds.
◇ Test "Handles items with empty store names" started.
✔ Test "Handles items with empty store names" passed after 0.001 seconds.
◇ Test "Handles items with no tags" started.
✔ Test "Handles items with no tags" passed after 0.001 seconds.
◇ Test "Handles items with special characters in names" started.
✔ Test "Handles items with special characters in names" passed after 0.001 seconds.
◇ Suite "Checkout Notification Tests" started.
◇ Test "Checkout posts inventory notification when adding to inventory" started.
✔ Test "Checkout posts inventory notification when adding to inventory" passed after 0.101 seconds.
◇ Test "Checkout does not post inventory notification when not adding to inventory" started.
✔ Test "Checkout does not post inventory notification when not adding to inventory" passed after 0.101 seconds.
✔ Suite "Checkout Notification Tests" passed after 0.202 seconds.
✔ Suite "ShoppingListView Tests" passed after 0.223 seconds.
◇ Suite "Shopping Mode Checkout Tests" started.
◇ Test "Can add basket items to inventory" started.
✔ Test "Can add basket items to inventory" passed after 0.001 seconds.
◇ Test "Can add multiple basket items to inventory in batch" started.
✔ Test "Can add multiple basket items to inventory in batch" passed after 0.001 seconds.
◇ Test "Can remove item from shopping list" started.
✔ Test "Can remove item from shopping list" passed after 0.001 seconds.
◇ Test "Can remove multiple items from shopping list" started.
✔ Test "Can remove multiple items from shopping list" passed after 0.001 seconds.
◇ Test "Complete checkout flow: add to inventory and remove from list" started.
✔ Test "Complete checkout flow: add to inventory and remove from list" passed after 0.001 seconds.
◇ Test "Checkout with partial quantity (user bought less than needed)" started.
✔ Test "Checkout with partial quantity (user bought less than needed)" passed after 0.001 seconds.
◇ Test "Checkout with extra quantity (user bought more than needed)" started.
✔ Test "Checkout with extra quantity (user bought more than needed)" passed after 0.001 seconds.
✔ Suite "Shopping Mode Checkout Tests" passed after 0.004 seconds.
◇ Suite "Shopping Mode State Tests" started.
◇ Test "Shopping mode starts disabled by default" started.
✔ Test "Shopping mode starts disabled by default" passed after 0.002 seconds.
◇ Test "Can enable shopping mode" started.
✔ Test "Can enable shopping mode" passed after 0.001 seconds.
◇ Test "Can disable shopping mode" started.
✔ Test "Can disable shopping mode" passed after 0.001 seconds.
◇ Test "Basket starts empty" started.
✔ Test "Basket starts empty" passed after 0.001 seconds.
◇ Test "Can add item to basket" started.
✔ Test "Can add item to basket" passed after 0.001 seconds.
◇ Test "Can remove item from basket" started.
✔ Test "Can remove item from basket" passed after 0.001 seconds.
◇ Test "Can toggle item in basket" started.
✔ Test "Can toggle item in basket" passed after 0.001 seconds.
◇ Test "Can add multiple items to basket" started.
✔ Test "Can add multiple items to basket" passed after 0.002 seconds.
◇ Test "Adding duplicate item doesn't increase count" started.
✔ Test "Adding duplicate item doesn't increase count" passed after 0.001 seconds.
◇ Test "Can clear all basket items" started.
✔ Test "Can clear all basket items" passed after 0.001 seconds.
◇ Test "Basket state persists across instances" started.
✔ Test "Basket state persists across instances" passed after 0.002 seconds.
◇ Test "Shopping mode state persists" started.
✔ Test "Shopping mode state persists" passed after 0.001 seconds.
◇ Test "Clear all removes persisted state" started.
✔ Test "Clear all removes persisted state" passed after 0.001 seconds.
◇ Test "Can get basket items for specific store" started.
✔ Test "Can get basket items for specific store" passed after 0.001 seconds.
✔ Suite "Shopping Mode State Tests" passed after 0.025 seconds.
◇ Suite "Simple Isolated Test - Find Core Data Leak" started.
◇ Test "Ultra simple test - just mock repository" started.
🔍 ULTRA SIMPLE TEST: Testing pure mock repository
📊 Mock repository items: 1
  - Ultra Simple Test Item (34AJTF) by test
✅ Ultra simple mock repository test passed
✔ Test "Ultra simple test - just mock repository" passed after 0.001 seconds.
◇ Test "Simple service test - minimal dependencies" started.
🔍 SIMPLE SERVICE TEST: Testing CatalogService with explicit mocks
📊 Initial mock glass item count: 0
🔍 Adding item directly to mock repository
📊 Repository items: 1
📊 Service items: 1
✅ Service correctly uses injected mock repository
✅ Simple service test passed
✔ Test "Simple service test - minimal dependencies" passed after 0.001 seconds.
✔ Suite "Simple Isolated Test - Find Core Data Leak" passed after 0.001 seconds.
◇ Suite "SortUtilities GlassItem Architecture Tests" started.
◇ Test "SortUtilities should sort GlassItemModel by different criteria" started.
✔ Test "SortUtilities should sort GlassItemModel by different criteria" passed after 0.001 seconds.
◇ Test "SortUtilities should sort InventoryModel by different criteria" started.
✔ Test "SortUtilities should sort InventoryModel by different criteria" passed after 0.001 seconds.
◇ Test "SortUtilities should sort CompleteInventoryItemModel by glass item criteria" started.
✔ Test "SortUtilities should sort CompleteInventoryItemModel by glass item criteria" passed after 0.001 seconds.
◇ Test "SortUtilities should work with protocol-based generic sorting" started.
✔ Test "SortUtilities should work with protocol-based generic sorting" passed after 0.001 seconds.
◇ Test "SortUtilities deprecated methods should return unsorted arrays" started.
✔ Test "SortUtilities deprecated methods should return unsorted arrays" passed after 0.001 seconds.
✔ Suite "SortUtilities GlassItem Architecture Tests" passed after 0.003 seconds.
◇ Suite "StoreAutoCompleteField Tests" started.
◇ Test "Should fetch distinct stores from repository" started.
✔ Test "Should fetch distinct stores from repository" passed after 0.001 seconds.
◇ Test "Should return empty array when no stores exist" started.
✔ Test "Should return empty array when no stores exist" passed after 0.001 seconds.
◇ Test "Should filter stores by prefix (case-insensitive)" started.
✔ Test "Should filter stores by prefix (case-insensitive)" passed after 0.001 seconds.
◇ Test "Should handle case-insensitive store matching" started.
✔ Test "Should handle case-insensitive store matching" passed after 0.001 seconds.
◇ Test "Should return all stores for empty search" started.
✔ Test "Should return all stores for empty search" passed after 0.001 seconds.
◇ Test "Should handle special characters in store names" started.
✔ Test "Should handle special characters in store names" passed after 0.001 seconds.
◇ Test "Should trim whitespace from store names" started.
✔ Test "Should trim whitespace from store names" passed after 0.001 seconds.
◇ Test "Should limit suggestions to 5 items" started.
✔ Test "Should limit suggestions to 5 items" passed after 0.001 seconds.
✔ Suite "StoreAutoCompleteField Tests" passed after 0.006 seconds.
◇ Suite "String Extensions Tests" started.
◇ Test "Truncate SKU longer than max length" started.
✔ Test "Truncate SKU longer than max length" passed after 0.001 seconds.
◇ Test "SKU equal to max length is not truncated" started.
✔ Test "SKU equal to max length is not truncated" passed after 0.001 seconds.
◇ Test "SKU shorter than max length is not truncated" started.
✔ Test "SKU shorter than max length is not truncated" passed after 0.001 seconds.
◇ Test "Truncate SKU with default max length" started.
✔ Test "Truncate SKU with default max length" passed after 0.001 seconds.
◇ Test "Truncate empty SKU" started.
✔ Test "Truncate empty SKU" passed after 0.001 seconds.
◇ Test "Truncate SKU with max length of 1" started.
✔ Test "Truncate SKU with max length of 1" passed after 0.001 seconds.
◇ Test "Truncate SKU with max length of 0" started.
✔ Test "Truncate SKU with max length of 0" passed after 0.001 seconds.
◇ Test "Truncate SKU preserves special characters" started.
✔ Test "Truncate SKU preserves special characters" passed after 0.001 seconds.
◇ Test "Truncate SKU with unicode characters" started.
✔ Test "Truncate SKU with unicode characters" passed after 0.001 seconds.
◇ Test "Truncate SKU with very large max length" started.
✔ Test "Truncate SKU with very large max length" passed after 0.001 seconds.
◇ Test "Truncate SKU with custom max length 3" started.
✔ Test "Truncate SKU with custom max length 3" passed after 0.001 seconds.
◇ Test "Truncate SKU with custom max length 15" started.
✔ Test "Truncate SKU with custom max length 15" passed after 0.009 seconds.
◇ Test "Truncate single character SKU with max length 1" started.
✔ Test "Truncate single character SKU with max length 1" passed after 0.001 seconds.
◇ Test "Truncate SKU with whitespace" started.
✔ Test "Truncate SKU with whitespace" passed after 0.001 seconds.
◇ Test "Truncate numeric SKU" started.
✔ Test "Truncate numeric SKU" passed after 0.001 seconds.
✔ Suite "String Extensions Tests" passed after 0.010 seconds.
◇ Suite "TabConfiguration Tests" started.
◇ Test "allAvailableTabs should include Plans, Logbook, and Settings" started.
✔ Test "allAvailableTabs should include Plans, Logbook, and Settings" passed after 0.001 seconds.
◇ Test "Logbook tab should have correct display name" started.
✔ Test "Logbook tab should have correct display name" passed after 0.001 seconds.
◇ Test "allAvailableTabs should exclude legacy Projects tab" started.
✔ Test "allAvailableTabs should exclude legacy Projects tab" passed after 0.001 seconds.
◇ Test "allAvailableTabs should include core tabs" started.
✔ Test "allAvailableTabs should include core tabs" passed after 0.001 seconds.
◇ Test "defaultTabOrder should return all available tabs in preferred order" started.
✔ Test "defaultTabOrder should return all available tabs in preferred order" passed after 0.001 seconds.
◇ Test "defaultTabOrder should put common tabs first" started.
✔ Test "defaultTabOrder should put common tabs first" passed after 0.001 seconds.
◇ Test "defaultMaxVisibleTabs should return reasonable values" started.
✔ Test "defaultMaxVisibleTabs should return reasonable values" passed after 0.001 seconds.
◇ Test "tabBarTabs should return first N tabs" started.
✔ Test "tabBarTabs should return first N tabs" passed after 0.001 seconds.
◇ Test "moreTabs should return remaining tabs after maxVisibleTabs" started.
✔ Test "moreTabs should return remaining tabs after maxVisibleTabs" passed after 0.001 seconds.
◇ Test "needsMoreTab should be true when tabs exceed maxVisibleTabs" started.
✔ Test "needsMoreTab should be true when tabs exceed maxVisibleTabs" passed after 0.001 seconds.
◇ Test "needsMoreTab should be false when tabs equal maxVisibleTabs" started.
✔ Test "needsMoreTab should be false when tabs equal maxVisibleTabs" passed after 0.001 seconds.
◇ Test "needsMoreTab should be false when tabs less than maxVisibleTabs" started.
✔ Test "needsMoreTab should be false when tabs less than maxVisibleTabs" passed after 0.001 seconds.
◇ Test "moveTabs should reorder tabs correctly" started.
✔ Test "moveTabs should reorder tabs correctly" passed after 0.002 seconds.
◇ Test "moveTabs should maintain all tabs" started.
✔ Test "moveTabs should maintain all tabs" passed after 0.001 seconds.
◇ Test "resetToDefaults should restore default configuration" started.
✔ Test "resetToDefaults should restore default configuration" passed after 0.002 seconds.
◇ Test "maxVisibleTabs should affect tabBarTabs count" started.
✔ Test "maxVisibleTabs should affect tabBarTabs count" passed after 0.002 seconds.
◇ Test "maxVisibleTabs should affect moreTabs count" started.
✔ Test "maxVisibleTabs should affect moreTabs count" passed after 0.001 seconds.
✔ Suite "TabConfiguration Tests" passed after 0.026 seconds.
◇ Suite "Tab Navigation Tests" started.
◇ Test "Notification names are defined" started.
✔ Test "Notification names are defined" passed after 0.001 seconds.
◇ Test "Inventory navigation reset notification is posted" started.
✔ Test "Inventory navigation reset notification is posted" passed after 0.101 seconds.
◇ Test "Catalog navigation reset notification is posted" started.
2025-11-08 10:29:30.047768-0800 Molten[2528:16491688] [SwiftUI] Publishing changes from background threads is not allowed; make sure to publish values from the main thread (via operators like receive(on:)) on model updates.
✔ Test "Catalog navigation reset notification is posted" passed after 0.101 seconds.
◇ Test "Purchases navigation reset notification is posted" started.
✔ Test "Purchases navigation reset notification is posted" passed after 0.100 seconds.
◇ Test "DefaultTab cases include inventory" started.
✔ Test "DefaultTab cases include inventory" passed after 0.001 seconds.
◇ Test "Available tabs include inventory" started.
✔ Test "Available tabs include inventory" passed after 0.001 seconds.
✔ Suite "Tab Navigation Tests" passed after 0.304 seconds.
◇ Suite "Technique Type Tests" started.
◇ Test "TechniqueType enum has all expected cases" started.
✔ Test "TechniqueType enum has all expected cases" passed after 0.001 seconds.
◇ Test "TechniqueType display names are correct" started.
✔ Test "TechniqueType display names are correct" passed after 0.001 seconds.
◇ Test "TechniqueType raw values are correct" started.
✔ Test "TechniqueType raw values are correct" passed after 0.001 seconds.
◇ Test "TechniqueType can be initialized from raw value" started.
✔ Test "TechniqueType can be initialized from raw value" passed after 0.001 seconds.
◇ Test "ProjectModel can be created with techniqueType" started.
✔ Test "ProjectModel can be created with techniqueType" passed after 0.021 seconds.
◇ Test "ProjectModel techniqueType is optional" started.
✔ Test "ProjectModel techniqueType is optional" passed after 0.001 seconds.
◇ Test "ProjectModel with all technique types" started.
✔ Test "ProjectModel with all technique types" passed after 0.001 seconds.
◇ Test "LogbookModel can be created with techniqueType" started.
✔ Test "LogbookModel can be created with techniqueType" passed after 0.001 seconds.
◇ Test "LogbookModel techniqueType is optional" started.
✔ Test "LogbookModel techniqueType is optional" passed after 0.001 seconds.
◇ Test "LogbookModel with all technique types" started.
✔ Test "LogbookModel with all technique types" passed after 0.001 seconds.
◇ Test "Project repository can save and load techniqueType" started.
✔ Test "Project repository can save and load techniqueType" passed after 0.001 seconds.
◇ Test "Project repository preserves nil techniqueType" started.
✔ Test "Project repository preserves nil techniqueType" passed after 0.006 seconds.
◇ Test "Project repository can update techniqueType" started.
✔ Test "Project repository can update techniqueType" passed after 0.001 seconds.
◇ Test "Logbook repository can save and load techniqueType" started.
✔ Test "Logbook repository can save and load techniqueType" passed after 0.001 seconds.
◇ Test "Logbook repository preserves nil techniqueType" started.
✔ Test "Logbook repository preserves nil techniqueType" passed after 0.001 seconds.
◇ Test "Logbook repository can update techniqueType" started.
✔ Test "Logbook repository can update techniqueType" passed after 0.001 seconds.
◇ Test "TechniqueType is Codable" started.
✔ Test "TechniqueType is Codable" passed after 0.001 seconds.
◇ Test "ProjectModel with techniqueType is Codable" started.
✔ Test "ProjectModel with techniqueType is Codable" passed after 0.001 seconds.
◇ Test "LogbookModel with techniqueType is Codable" started.
✔ Test "LogbookModel with techniqueType is Codable" passed after 0.001 seconds.
✔ Suite "Technique Type Tests" passed after 0.031 seconds.
◇ Suite "ToolItemDataLoadingService Tests" started.
◇ Test "Decode tools JSON data" started.
✔ Test "Decode tools JSON data" passed after 0.002 seconds.
◇ Test "Create tool from JSON data" started.
✔ Test "Create tool from JSON data" passed after 0.001 seconds.
◇ Test "Compare items - detect new item" started.
✔ Test "Compare items - detect new item" passed after 0.001 seconds.
◇ Test "Compare items - detect update" started.
✔ Test "Compare items - detect update" passed after 0.007 seconds.
◇ Test "Loading result merge" started.
✔ Test "Loading result merge" passed after 0.001 seconds.
◇ Test "Success rate calculation" started.
✔ Test "Success rate calculation" passed after 0.001 seconds.
◇ Test "Success rate - no items processed" started.
✔ Test "Success rate - no items processed" passed after 0.001 seconds.
✔ Suite "ToolItemDataLoadingService Tests" passed after 0.010 seconds.
◇ Suite "UI State Management Tests" started.
◇ Test "Should manage basic loading state correctly" started.
✔ Test "Should manage basic loading state correctly" passed after 0.001 seconds.
◇ Test "Should prevent duplicate operations" started.
✔ Test "Should prevent duplicate operations" passed after 0.001 seconds.
◇ Test "Should handle loading state with error scenarios" started.
✔ Test "Should handle loading state with error scenarios" passed after 0.005 seconds.
◇ Test "Should manage selection state with sets correctly" started.
✔ Test "Should manage selection state with sets correctly" passed after 0.001 seconds.
◇ Test "Should manage filter state with active filter detection" started.
✔ Test "Should manage filter state with active filter detection" passed after 0.001 seconds.
✔ Suite "UI State Management Tests" passed after 0.007 seconds.
◇ Suite "UserImageRepository - Mock Implementation" started.
◇ Test "Save primary image for glass item" started.
✔ Test "Save primary image for glass item" passed after 0.001 seconds.
◇ Test "Save alternate image for glass item" started.
✔ Test "Save alternate image for glass item" passed after 0.001 seconds.
◇ Test "Save primary image demotes existing primary" started.
✔ Test "Save primary image demotes existing primary" passed after 0.001 seconds.
◇ Test "Save image for project plan" started.
✔ Test "Save image for project plan" passed after 0.001 seconds.
◇ Test "Save standalone image" started.
✔ Test "Save standalone image" passed after 0.001 seconds.
◇ Test "Get all images for owner" started.
✔ Test "Get all images for owner" passed after 0.001 seconds.
◇ Test "Get images returns empty for non-existent owner" started.
✔ Test "Get images returns empty for non-existent owner" passed after 0.001 seconds.
◇ Test "Get images sorted by date created descending" started.
✔ Test "Get images sorted by date created descending" passed after 0.022 seconds.
◇ Test "Get images filters by owner type and ID" started.
✔ Test "Get images filters by owner type and ID" passed after 0.001 seconds.
◇ Test "Get primary image returns correct image" started.
✔ Test "Get primary image returns correct image" passed after 0.001 seconds.
◇ Test "Get primary image returns nil when none exists" started.
✔ Test "Get primary image returns nil when none exists" passed after 0.001 seconds.
◇ Test "Get standalone images returns only standalone" started.
✔ Test "Get standalone images returns only standalone" passed after 0.001 seconds.
◇ Test "Delete image by ID" started.
✔ Test "Delete image by ID" passed after 0.001 seconds.
◇ Test "Delete non-existent image throws error" started.
✔ Test "Delete non-existent image throws error" passed after 0.001 seconds.
◇ Test "Delete all images for owner" started.
✔ Test "Delete all images for owner" passed after 0.001 seconds.
◇ Test "Update image type from alternate to primary" started.
✔ Test "Update image type from alternate to primary" passed after 0.001 seconds.
◇ Test "Update to primary demotes existing primary" started.
✔ Test "Update to primary demotes existing primary" passed after 0.001 seconds.
◇ Test "Update non-existent image throws error" started.
✔ Test "Update non-existent image throws error" passed after 0.001 seconds.
◇ Test "Load image returns correct image data" started.
✔ Test "Load image returns correct image data" passed after 0.001 seconds.
◇ Test "Load image for non-existent model returns nil" started.
✔ Test "Load image for non-existent model returns nil" passed after 0.001 seconds.
◇ Test "Reset clears all images" started.
✔ Test "Reset clears all images" passed after 0.001 seconds.
◇ Test "Multiple items with their own primary images" started.
✔ Test "Multiple items with their own primary images" passed after 0.001 seconds.
◇ Test "Item with mixed primary and alternate images" started.
✔ Test "Item with mixed primary and alternate images" passed after 0.001 seconds.
✔ Suite "UserImageRepository - Mock Implementation" passed after 0.028 seconds.
◇ Suite "UserNotesEditor Tests" started.
◇ Test "UserNotesEditor should accept CompleteInventoryItemModel" started.
✔ Test "UserNotesEditor should accept CompleteInventoryItemModel" passed after 0.001 seconds.
◇ Test "UserNotesEditor should accept UserNotesRepository via dependency injection" started.
✔ Test "UserNotesEditor should accept UserNotesRepository via dependency injection" passed after 0.001 seconds.
◇ Test "UserNotesEditor should handle creating new notes" started.
✔ Test "UserNotesEditor should handle creating new notes" passed after 0.007 seconds.
◇ Test "UserNotesEditor should handle editing existing notes" started.
✔ Test "UserNotesEditor should handle editing existing notes" passed after 0.001 seconds.
◇ Test "UserNotesEditor should handle very long notes input" started.
✔ Test "UserNotesEditor should handle very long notes input" passed after 0.001 seconds.
◇ Test "UserNotesEditor should handle multiline notes" started.
✔ Test "UserNotesEditor should handle multiline notes" passed after 0.001 seconds.
◇ Test "UserNotesEditor should validate notes before saving" started.
✔ Test "UserNotesEditor should validate notes before saving" passed after 0.001 seconds.
◇ Test "UserNotesEditor should handle special characters in notes" started.
✔ Test "UserNotesEditor should handle special characters in notes" passed after 0.001 seconds.
◇ Test "UserNotesEditor should handle save errors gracefully" started.
✔ Test "UserNotesEditor should handle save errors gracefully" passed after 0.004 seconds.
◇ Test "UserNotesEditor should support canceling without saving" started.
✔ Test "UserNotesEditor should support canceling without saving" passed after 0.001 seconds.
◇ Test "UserNotesEditor should display item information in header" started.
✔ Test "UserNotesEditor should display item information in header" passed after 0.001 seconds.
✔ Suite "UserNotesEditor Tests" passed after 0.013 seconds.
◇ Suite "UserSettings - Inventory Owner" started.
◇ Test "Inventory owner defaults to nil" started.
✔ Test "Inventory owner defaults to nil" passed after 0.001 seconds.
◇ Test "Inventory owner can be set and retrieved" started.
✔ Test "Inventory owner can be set and retrieved" passed after 0.001 seconds.
◇ Test "Inventory owner can be cleared" started.
✔ Test "Inventory owner can be cleared" passed after 0.001 seconds.
◇ Test "Inventory owner persists across UserSettings instances" started.
✔ Test "Inventory owner persists across UserSettings instances" passed after 0.001 seconds.
◇ Test "Reset to defaults clears inventory owner" started.
✔ Test "Reset to defaults clears inventory owner" passed after 0.001 seconds.
◇ Test "Inventory owner supports empty string" started.
✔ Test "Inventory owner supports empty string" passed after 0.001 seconds.
◇ Test "Inventory owner supports special characters" started.
✔ Test "Inventory owner supports special characters" passed after 0.001 seconds.
◇ Test "Inventory owner supports Unicode characters" started.
✔ Test "Inventory owner supports Unicode characters" passed after 0.001 seconds.
✔ Suite "UserSettings - Inventory Owner" passed after 0.012 seconds.
◇ Suite "UserSettings Tests - User Preferences" started.
◇ Test "Should have false as default value for manufacturer description expansion" started.
✔ Test "Should have false as default value for manufacturer description expansion" passed after 0.001 seconds.
◇ Test "Should return false when UserDefaults key doesn't exist" started.
✔ Test "Should return false when UserDefaults key doesn't exist" passed after 0.001 seconds.
◇ Test "Should persist setting when changed to true" started.
✔ Test "Should persist setting when changed to true" passed after 0.001 seconds.
◇ Test "Should persist setting when changed to false" started.
✔ Test "Should persist setting when changed to false" passed after 0.001 seconds.
◇ Test "Should toggle setting correctly" started.
✔ Test "Should toggle setting correctly" passed after 0.002 seconds.
◇ Test "Should persist across multiple accesses" started.
✔ Test "Should persist across multiple accesses" passed after 0.001 seconds.
◇ Test "Should use singleton pattern correctly" started.
✔ Test "Should use singleton pattern correctly" passed after 0.001 seconds.
◇ Test "Should reset to default value when resetToDefaults is called" started.
✔ Test "Should reset to default value when resetToDefaults is called" passed after 0.001 seconds.
◇ Test "Should reset when value was already at default" started.
✔ Test "Should reset when value was already at default" passed after 0.001 seconds.
◇ Test "Should use correct UserDefaults key" started.
✔ Test "Should use correct UserDefaults key" passed after 0.001 seconds.
◇ Test "Should handle rapid successive changes" started.
✔ Test "Should handle rapid successive changes" passed after 0.014 seconds.
◇ Test "Should have false as default value for user notes expansion" started.
✔ Test "Should have false as default value for user notes expansion" passed after 0.001 seconds.
◇ Test "Should persist user notes expansion setting" started.
✔ Test "Should persist user notes expansion setting" passed after 0.001 seconds.
◇ Test "Should reset both expansion settings when resetToDefaults is called" started.
✔ Test "Should reset both expansion settings when resetToDefaults is called" passed after 0.001 seconds.
◇ Test "Should manage user notes setting independently from manufacturer notes" started.
✔ Test "Should manage user notes setting independently from manufacturer notes" passed after 0.002 seconds.
✔ Suite "UserSettings Tests - User Preferences" passed after 0.036 seconds.
◇ Suite "User Tags Integration Tests" started.
◇ Test "CompleteInventoryItemModel combines manufacturer and user tags correctly" started.
✔ Test "CompleteInventoryItemModel combines manufacturer and user tags correctly" passed after 0.001 seconds.
◇ Test "DetailedShoppingListItemModel combines manufacturer and user tags correctly" started.
✔ Test "DetailedShoppingListItemModel combines manufacturer and user tags correctly" passed after 0.001 seconds.
◇ Test "CatalogService fetches both manufacturer and user tags" started.
✔ Test "CatalogService fetches both manufacturer and user tags" passed after 0.001 seconds.
◇ Test "ShoppingListService includes user tags in shopping lists" started.
✔ Test "ShoppingListService includes user tags in shopping lists" passed after 0.001 seconds.
◇ Test "CatalogView filters items using both manufacturer and user tags" started.
✔ Test "CatalogView filters items using both manufacturer and user tags" passed after 0.001 seconds.
◇ Test "InventoryView displays user tags in item rows" started.
✔ Test "InventoryView displays user tags in item rows" passed after 0.001 seconds.
◇ Test "ShoppingListView displays user tags in item rows" started.
✔ Test "ShoppingListView displays user tags in item rows" passed after 0.001 seconds.
◇ Test "TagSelectionSheet shows visual distinction for user tags" started.
✔ Test "TagSelectionSheet shows visual distinction for user tags" passed after 0.006 seconds.
◇ Test "CatalogService batch fetches user tags efficiently" started.
✔ Test "CatalogService batch fetches user tags efficiently" passed after 0.001 seconds.
✔ Suite "User Tags Integration Tests" passed after 0.007 seconds.
◇ Suite "ValidationUtilities Tests" started.
◇ Test "validateNonEmptyString should return success for valid strings" started.
✔ Test "validateNonEmptyString should return success for valid strings" passed after 0.001 seconds.
◇ Test "validateNonEmptyString should trim whitespace and return success" started.
✔ Test "validateNonEmptyString should trim whitespace and return success" passed after 0.001 seconds.
◇ Test "validateNonEmptyString should return failure for empty strings" started.
✔ Test "validateNonEmptyString should return failure for empty strings" passed after 0.001 seconds.
◇ Test "validateNonEmptyString should return failure for whitespace-only strings" started.
✔ Test "validateNonEmptyString should return failure for whitespace-only strings" passed after 0.005 seconds.
◇ Test "validateMinimumLength should return success for strings meeting minimum length" started.
✔ Test "validateMinimumLength should return success for strings meeting minimum length" passed after 0.001 seconds.
◇ Test "validateMinimumLength should return failure for strings too short" started.
✔ Test "validateMinimumLength should return failure for strings too short" passed after 0.001 seconds.
◇ Test "validateDouble should return success for valid numbers" started.
✔ Test "validateDouble should return success for valid numbers" passed after 0.001 seconds.
◇ Test "validateDouble should return failure for invalid numbers" started.
✔ Test "validateDouble should return failure for invalid numbers" passed after 0.001 seconds.
◇ Test "validatePositiveDouble should return success for positive numbers" started.
✔ Test "validatePositiveDouble should return success for positive numbers" passed after 0.001 seconds.
◇ Test "validatePositiveDouble should return failure for zero and negative numbers" started.
✔ Test "validatePositiveDouble should return failure for zero and negative numbers" passed after 0.001 seconds.
◇ Test "validateSupplierName should return success for valid supplier names" started.
✔ Test "validateSupplierName should return success for valid supplier names" passed after 0.001 seconds.
◇ Test "validateSupplierName should return failure for names too short" started.
✔ Test "validateSupplierName should return failure for names too short" passed after 0.001 seconds.
✔ Suite "ValidationUtilities Tests" passed after 0.007 seconds.
◇ Suite "View Repository Integration Tests" started.
◇ Test "Should support InventoryViewModel with GlassItem architecture" started.
✔ Test "Should support InventoryViewModel with GlassItem architecture" passed after 0.011 seconds.
◇ Test "Should handle search functionality through repository pattern" started.
✔ Test "Should handle search functionality through repository pattern" passed after 0.001 seconds.
◇ Test "Should support filter operations through repository pattern" started.
✔ Test "Should support filter operations through repository pattern" passed after 0.001 seconds.
◇ Test "Should integrate with current GlassItem and InventoryModel architecture" started.
✔ Test "Should integrate with current GlassItem and InventoryModel architecture" passed after 0.001 seconds.
◇ Test "Should work with repository pattern dependencies" started.
✔ Test "Should work with repository pattern dependencies" passed after 0.001 seconds.
✔ Suite "View Repository Integration Tests" passed after 0.012 seconds.
◇ Suite "ViewUtilities Tests" started.
◇ Test "Should manage loading state during async operation" started.
✅ Test Operation A56BD0CF-CB2F-4449-9398-0977325C9F3D completed successfully
✔ Test "Should manage loading state during async operation" passed after 0.052 seconds.
◇ Test "BundleUtilities should return bundle contents as string array" started.
📁 Bundle found 3592 items
📄 JSON files found: ["locations.json", "coatings.json", "cgbeads_tools.json", "sample-colors.json", "mikepeterson_tools.json", "tools.json", "test_app_export.json", "test_output_fixed.json", "test_export.json", "glassitems.json", "taglia_tools.json", "coatings_database.json", "glass_database_export.json", "glassitems_export.json", "test_glassitems.json", "color_tag_suggestions.json", "color_tag_approvals.json", "glass_database.json", "ennion_tools.json", "firebug_tools.json", "leonardo_tools.json", "tools_new.json", "glass_catalog.json"]
✔ Test "BundleUtilities should return bundle contents as string array" passed after 0.005 seconds.
◇ Test "AlertBuilders should create deletion confirmation alert with proper configuration" started.
✔ Test "AlertBuilders should create deletion confirmation alert with proper configuration" passed after 0.001 seconds.
◇ Test "FeatureDescription should initialize with title and icon" started.
✔ Test "FeatureDescription should initialize with title and icon" passed after 0.001 seconds.
◇ Test "FeatureListView should handle empty and populated feature arrays" started.
✔ Test "FeatureListView should handle empty and populated feature arrays" passed after 0.001 seconds.
◇ Test "EmptyStateView should initialize with required parameters" started.
✔ Test "EmptyStateView should initialize with required parameters" passed after 0.001 seconds.
◇ Test "EmptyStateView should initialize with optional button parameters" started.
✔ Test "EmptyStateView should initialize with optional button parameters" passed after 0.001 seconds.
◇ Test "LoadingOverlay should handle loading state properly" started.
✔ Test "LoadingOverlay should handle loading state properly" passed after 0.001 seconds.
◇ Test "SearchEmptyStateView should initialize with search text" started.
✔ Test "SearchEmptyStateView should initialize with search text" passed after 0.001 seconds.
◇ Test "View extension standardListNavigation should configure navigation properly" started.
✔ Test "View extension standardListNavigation should configure navigation properly" passed after 0.001 seconds.
◇ Test "View extension loadingOverlay should apply overlay modifier correctly" started.
✔ Test "View extension loadingOverlay should apply overlay modifier correctly" passed after 0.001 seconds.
◇ Test "Should handle complex async operation chains with proper state management" started.
✅ Complex Multi-Step Operation completed successfully
✔ Test "Should handle complex async operation chains with proper state management" passed after 0.033 seconds.
◇ Test "Should handle rapid state changes without conflicts" started.
⚠️ Already loading data, skipping Rapid Operation 2 request
⚠️ Already loading data, skipping Rapid Operation 3 request
⚠️ Already loading data, skipping Rapid Operation 4 request
⚠️ Already loading data, skipping Rapid Operation 5 request
✅ Rapid Operation 1 completed successfully
✔ Test "Should handle rapid state changes without conflicts" passed after 0.012 seconds.
◇ Test "Should handle memory pressure during UI state changes" started.
✔ Test "Should handle memory pressure during UI state changes" passed after 0.096 seconds.
◇ Test "Should handle gesture-based interactions" started.
✔ Test "Should handle gesture-based interactions" passed after 0.001 seconds.
◇ Test "Should provide proper accessibility labels for UI components" started.
✔ Test "Should provide proper accessibility labels for UI components" passed after 0.001 seconds.
◇ Test "Should support dynamic type scaling" started.
✔ Test "Should support dynamic type scaling" passed after 0.001 seconds.
◇ Test "Should handle VoiceOver navigation patterns" started.
✔ Test "Should handle VoiceOver navigation patterns" passed after 0.001 seconds.
◇ Test "Should handle multi-step wizard UI states" started.
✔ Test "Should handle multi-step wizard UI states" passed after 0.001 seconds.
◇ Test "Should handle conditional UI rendering based on state" started.
✔ Test "Should handle conditional UI rendering based on state" passed after 0.001 seconds.
◇ Test "Should handle UI animation state transitions" started.
✔ Test "Should handle UI animation state transitions" passed after 0.021 seconds.
✔ Suite "ViewUtilities Tests" passed after 0.228 seconds.
◇ Suite "Weight Unit Tests - Simplified Working Version" started.
◇ Test "Should have correct display names" started.
✔ Test "Should have correct display names" passed after 0.001 seconds.
◇ Test "Should have correct symbols" started.
✔ Test "Should have correct symbols" passed after 0.001 seconds.
◇ Test "Should have correct system image" started.
✔ Test "Should have correct system image" passed after 0.001 seconds.
◇ Test "Should have correct identifiers" started.
✔ Test "Should have correct identifiers" passed after 0.001 seconds.
◇ Test "Should include all cases in CaseIterable" started.
✔ Test "Should include all cases in CaseIterable" passed after 0.001 seconds.
◇ Test "Should convert pounds to kilograms correctly" started.
✔ Test "Should convert pounds to kilograms correctly" passed after 0.001 seconds.
◇ Test "Should convert kilograms to pounds correctly" started.
✔ Test "Should convert kilograms to pounds correctly" passed after 0.001 seconds.
◇ Test "Should return same value for same unit conversion" started.
✔ Test "Should return same value for same unit conversion" passed after 0.001 seconds.
◇ Test "Should handle edge case conversions" started.
✔ Test "Should handle edge case conversions" passed after 0.001 seconds.
◇ Test "Should have round-trip conversion accuracy" started.
✔ Test "Should have round-trip conversion accuracy" passed after 0.001 seconds.
◇ Test "Should have a current preference" started.
✔ Test "Should have a current preference" passed after 0.001 seconds.
◇ Test "Should handle UserDefaults setup" started.
✔ Test "Should handle UserDefaults setup" passed after 0.001 seconds.
◇ Test "Should display catalog units correctly" started.
✔ Test "Should display catalog units correctly" passed after 0.001 seconds.
◇ Test "Should handle all catalog units" started.
✔ Test "Should handle all catalog units" passed after 0.001 seconds.
◇ Test "Should provide consistent display names" started.
✔ Test "Should provide consistent display names" passed after 0.001 seconds.
◇ Test "Should work together - WeightUnit and UnitsDisplayHelper" started.
✔ Test "Should work together - WeightUnit and UnitsDisplayHelper" passed after 0.001 seconds.
◇ Test "Should have working storage key" started.
✔ Test "Should have working storage key" passed after 0.001 seconds.
◇ Test "Should handle mathematical edge cases" started.
✔ Test "Should handle mathematical edge cases" passed after 0.001 seconds.
◇ Test "Should maintain precision with repeated operations" started.
✔ Test "Should maintain precision with repeated operations" passed after 0.001 seconds.
✔ Suite "Weight Unit Tests - Simplified Working Version" passed after 0.025 seconds.
✔ Test run with 1512 tests in 115 suites passed after 15.556 seconds.
2025-11-08 10:29:47.708 xcodebuild[2005:16485048] [MT] IDETestOperationsObserverDebug: 63.557 elapsed -- Testing started completed.
2025-11-08 10:29:47.708 xcodebuild[2005:16485048] [MT] IDETestOperationsObserverDebug: 0.000 sec, +0.000 sec -- start
2025-11-08 10:29:47.708 xcodebuild[2005:16485048] [MT] IDETestOperationsObserverDebug: 63.557 sec, +63.557 sec -- end

Test session results, code coverage, and logs:
	/Users/binde/Library/Developer/Xcode/DerivedData/Molten-dwnouowhlxjhigdgjryrxxsdqnmu/Logs/Test/Test-Molten-2025.11.08_10-28-05--0800.xcresult

** TEST SUCCEEDED **

Testing started
