======================================================================
SCRAPER RUN: 2025-10-26
======================================================================

SUMMARY:
  Total products in database: 2782
  New: 5
  Updated: 347
  Discontinued: 0
  Reactivated: 1
  Unchanged: 2424

NEW PRODUCTS (5):
----------------------------------------------------------------------
  + GA - Aquatic Carnival (GA-LOC-489)
  + GA - Dandelion (GA-TTL-DLion)
  + GA - Halo (GA-TTL-Halo)
  + GA - Light Marigold (GA-TTL-LM)
  + GA - Lite Sienna (GA-LOC-864-R)

REACTIVATED PRODUCTS (1):
----------------------------------------------------------------------
  ↻ DH - Oracle-754.opl (DH-247913)

DISCONTINUED PRODUCTS (0):
----------------------------------------------------------------------

UPDATED PRODUCTS (347):
----------------------------------------------------------------------
  ✎ DH - SKX-952 (1/4 lb) (DH-SKX-952)
      image_url:
        OLD: https://doublehelixglassworks.com/wp-content/uploads/2023/SKX-952-300x300.jpg
        NEW: https://doublehelixglassworks.com/wp-content/uploads/2025/SKX-952-400x400.jpg
  ✎ DH - THX-943 (1/4 lb) (DH-THX-943)
      image_url:
        OLD: https://doublehelixglassworks.com/wp-content/uploads/2023/THX-943-300x300.jpg
        NEW: https://doublehelixglassworks.com/wp-content/uploads/2025/THX-943-400x400.jpg
  ✎ DH - Zephyr 8 mm (zephyr)
      image_url:
        OLD: https://doublehelixglassworks.com/wp-content/uploads/2023/Zephyr-300x300.jpg
        NEW: https://doublehelixglassworks.com/wp-content/uploads/2025/Zephyr-400x400.jpg
  ✎ DH - SRX-947 (1/4 lb) (DH-SRX-947)
      image_url:
        OLD: https://doublehelixglassworks.com/wp-content/uploads/2023/SRX-947-300x300.jpg
        NEW: https://doublehelixglassworks.com/wp-content/uploads/2025/SRX-947-400x400.jpg
  ✎ DH - White (DH-901)
      image_url:
        OLD: https://doublehelixglassworks.com/wp-content/uploads/2023/901-White-300x300.jpg
        NEW: https://doublehelixglassworks.com/wp-content/uploads/2025/901-White-400x400.jpg
  ✎ DH - Oracle Celadon Pastel (DH-oracleceladonpastel)
      image_url:
        OLD: https://doublehelixglassworks.com/wp-content/uploads/2023/Oracle-Celadon-Pastel-300x300.jpg
        NEW: https://doublehelixglassworks.com/wp-content/uploads/2025/Oracle-Celadon-Pastel-400x400.jpg
  ✎ DH - Elpis 2 (DH-elpis2)
      image_url:
        OLD: https://doublehelixglassworks.com/wp-content/uploads/2023/Elpis-2-300x300.jpg
        NEW: https://doublehelixglassworks.com/wp-content/uploads/2025/Elpis-2-400x400.jpg
  ✎ DH - YP-861 (1/4 lb) (DH-YP-861)
      image_url:
        OLD: https://doublehelixglassworks.com/wp-content/uploads/2023/YP-861-300x300.jpg
        NEW: https://doublehelixglassworks.com/wp-content/uploads/2025/YP-861-400x400.jpg
  ✎ DH - Hyperborea (DH-hyperborea)
      image_url:
        OLD: https://doublehelixglassworks.com/wp-content/uploads/2023/Hyperborea-300x300.jpg
        NEW: https://doublehelixglassworks.com/wp-content/uploads/2025/Hyperborea-400x400.jpg
  ✎ DH - Okeanos 2 (DH-okeanos2)
      image_url:
        OLD: https://doublehelixglassworks.com/wp-content/uploads/2023/Okeanos-2-300x300.jpg
        NEW: https://doublehelixglassworks.com/wp-content/uploads/2025/Okeanos-2-400x400.jpg
  ✎ DH - Rhea Light (DH-090624)
      image_url:
        OLD: https://doublehelixglassworks.com/wp-content/uploads/2023/Rhea-Light-300x300.jpg
        NEW: https://doublehelixglassworks.com/wp-content/uploads/2025/Rhea-Light-400x400.jpg
  ✎ DH - Phoebe (DH-phoebe)
      image_url:
        OLD: https://doublehelixglassworks.com/wp-content/uploads/2023/Phoebe-300x300.jpg
        NEW: https://doublehelixglassworks.com/wp-content/uploads/2025/Phoebe-400x400.jpg
  ✎ DH - Oracle Black (DH-oracleblack)
      image_url:
        OLD: https://doublehelixglassworks.com/wp-content/uploads/2023/Oracle-Black-300x300.jpg
        NEW: https://doublehelixglassworks.com/wp-content/uploads/2025/Oracle-Black-400x400.jpg
  ✎ DH - Hyperion (DH-hyperion)
      image_url:
        OLD: https://doublehelixglassworks.com/wp-content/uploads/2023/Hyperion-300x300.jpg
        NEW: https://doublehelixglassworks.com/wp-content/uploads/2025/Hyperion-400x400.jpg
  ✎ DH - Aurae Light (DH-auraelight)
      image_url:
        OLD: https://doublehelixglassworks.com/wp-content/uploads/2023/Aurae-Light-300x300.jpg
        NEW: https://doublehelixglassworks.com/wp-content/uploads/2025/Aurae-Light-400x400.jpg
  ✎ DH - Aurae (DH-aurae)
      image_url:
        OLD: https://doublehelixglassworks.com/wp-content/uploads/2023/Aurae-300x300.jpg
        NEW: https://doublehelixglassworks.com/wp-content/uploads/2025/Aurae-400x400.jpg
  ✎ DH - Psyche (DH-psyche)
      image_url:
        OLD: https://doublehelixglassworks.com/wp-content/uploads/2023/Psyche-300x300.jpg
        NEW: https://doublehelixglassworks.com/wp-content/uploads/2025/Psyche-400x400.jpg
  ✎ EF - Super Clear Transparent Glass (EF-591006)
      manufacturer_url:
        OLD: https://www.frantzartglass.com/products/super-clear-transparent-effetre-glass-rod
        NEW: https://www.frantzartglass.com/products/super-clear-transparent-effetre-glass-rod?_pos=1&_fid=09fdb37fd...
  ✎ EF - White Pastel Glass (EF-591204)
      manufacturer_url:
        OLD: https://www.frantzartglass.com/products/white-pastel-effetre-glass
        NEW: https://www.frantzartglass.com/products/white-pastel-effetre-glass?_pos=2&_fid=09fdb37fd&_ss=c&vari...
  ✎ EF - Black Transparent Glass (EF-591064)
      manufacturer_url:
        OLD: https://www.frantzartglass.com/products/black-transparent-effetre-glass-rod-1
        NEW: https://www.frantzartglass.com/products/black-transparent-effetre-glass-rod-1?_pos=3&_fid=09fdb37f...

[... 327 more Effetre/Vetrofond URL updates truncated for brevity ...]

======================================================================

NOTE: This is a sample log showing the new format. Future scraper runs will
automatically generate logs like this with full before/after deltas for all
updated fields. This helps identify scraper bugs when fields change unexpectedly.
